    Finished `dev` profile [unoptimized + debuginfo] target(s) in 0.00s
     Running `xtask/target/debug/xtask test`
[INFO  xtask::test] Generating .gpuconfig file based on gpus on the system
    Finished `dev` profile [unoptimized + debuginfo] target(s) in 0.14s
     Running `target/debug/wgpu-info --json -o .gpuconfig`
[INFO  xtask::test] Found 3 gpus
[INFO  xtask::test] Running cargo tests
    Finished `test` profile [unoptimized + debuginfo] target(s) in 0.16s
────────────
 Nextest run ID 46bf3b90-76c2-4b86-bfda-1e205f7265d9 with nextest profile: default
    Starting 980 tests across 29 binaries
        PASS [   0.005s] naga back::pipeline_constants::test_map_value_to_literal
        PASS [   0.005s] naga back::msl::test_error_size
        PASS [   0.005s] naga arena::tests::fetch_or_append_non_unique
        PASS [   0.005s] naga arena::tests::append_unique
        PASS [   0.005s] naga back::spv::layout::test_logical_layout_in_words
        PASS [   0.005s] naga arena::tests::append_non_unique
        PASS [   0.005s] naga back::spv::layout::test_physical_layout_in_words
        PASS [   0.005s] naga back::spv::writer::test_write_physical_layout
        PASS [   0.005s] naga compact::array_length_override
        PASS [   0.005s] naga compact::array_length_expression
        PASS [   0.005s] naga arena::tests::fetch_or_append_unique
        PASS [   0.006s] naga back::msl::writer::test_stack_size
        PASS [   0.004s] naga front::glsl::lex::tests::lex_tokens
        PASS [   0.005s] naga compact::type_expression_interdependence
        PASS [   0.005s] naga compact::unnamed_constant_type
        PASS [   0.004s] naga compact::global_expression_override
        PASS [   0.004s] naga front::glsl::parser_tests::constants
        PASS [   0.005s] naga compact::unnamed_override_type
        PASS [   0.005s] naga compact::local_expression_override
        PASS [   0.005s] naga compact::array_length_override_mutual
        PASS [   0.006s] naga front::glsl::parser_tests::expressions
        PASS [   0.006s] naga front::glsl::parser_tests::control_flow
        PASS [   0.005s] naga front::glsl::parser_tests::function_overloading
        PASS [   0.006s] naga front::glsl::parser_tests::declarations
        PASS [   0.004s] naga front::spv::test::parse
        PASS [   0.004s] naga front::wgsl::error::test_error_size
        PASS [   0.005s] naga front::glsl::parser_tests::swizzles
        PASS [   0.005s] naga front::glsl::parser_tests::structs
        PASS [   0.005s] naga front::glsl::parser_tests::implicit_conversions
        PASS [   0.004s] naga front::wgsl::parse::lexer::test_numbers
        PASS [   0.006s] naga front::glsl::parser_tests::textures
        PASS [   0.005s] naga front::glsl::parser_tests::version
        PASS [   0.005s] naga front::wgsl::parse::lexer::double_floats
        PASS [   0.006s] naga front::glsl::parser_tests::functions
        PASS [   0.005s] naga front::wgsl::parse::lexer::test_tokens
        PASS [   0.005s] naga front::wgsl::parse::directive::test::directive_after_global_decl
        PASS [   0.004s] naga front::wgsl::parse::lexer::test_variable_decl
        PASS [   0.005s] naga front::wgsl::tests::diagnostic_filter::attribute_conflict::unknown_rules
        PASS [   0.004s] naga front::wgsl::tests::diagnostic_filter::intended_global_directive
        PASS [   0.005s] naga front::wgsl::tests::diagnostic_filter::directive_conflict::unknown_rules
        PASS [   0.005s] naga front::wgsl::tests::diagnostic_filter::parse_sites_not_yet_supported::unknown_rules
        PASS [   0.005s] naga front::wgsl::tests::parse_alias
        PASS [   0.006s] naga front::wgsl::tests::diagnostic_filter::directive_conflict::user_rules
        PASS [   0.006s] naga front::wgsl::tests::diagnostic_filter::attribute_conflict::user_rules
        PASS [   0.005s] naga front::wgsl::tests::parse_array_length
        PASS [   0.006s] naga front::wgsl::tests::diagnostic_filter::parse_sites_not_yet_supported::user_rules
        PASS [   0.007s] naga front::wgsl::tests::binary_expression_mixed_scalar_and_vector_operands
        PASS [   0.006s] naga front::wgsl::tests::parse_assignment_statements
        PASS [   0.004s] naga front::wgsl::tests::parse_comment
        PASS [   0.005s] naga front::wgsl::tests::parse_expressions
        PASS [   0.005s] naga front::wgsl::tests::parse_if
        PASS [   0.005s] naga front::wgsl::tests::parse_loop
        PASS [   0.005s] naga front::wgsl::tests::parse_missing_workgroup_size
        PASS [   0.005s] naga front::wgsl::tests::parse_parentheses_switch
        PASS [   0.004s] naga front::wgsl::tests::parse_repeated_attributes
        PASS [   0.004s] naga front::wgsl::tests::parse_standard_fun
        PASS [   0.005s] naga front::wgsl::tests::parse_parentheses_if
        PASS [   0.005s] naga front::wgsl::tests::parse_pointers
        PASS [   0.006s] naga front::wgsl::tests::parse_postfix
        PASS [   0.006s] naga front::wgsl::tests::parse_statement
        PASS [   0.005s] naga front::wgsl::tests::parse_struct
        PASS [   0.005s] naga front::wgsl::tests::parse_storage_buffers
        PASS [   0.005s] naga front::wgsl::tests::parse_struct_instantiation
        PASS [   0.005s] naga front::wgsl::tests::parse_switch
        PASS [   0.004s] naga front::wgsl::tests::parse_texture_query
        PASS [   0.005s] naga front::wgsl::tests::parse_switch_optional_colon_in_case
        PASS [   0.005s] naga front::wgsl::tests::parse_texture_load_store_expecting_four_args
        PASS [   0.005s] naga front::wgsl::tests::parse_texture_load
        PASS [   0.005s] naga front::wgsl::tests::parse_switch_default_in_case
        PASS [   0.006s] naga front::wgsl::tests::parse_texture_store
        PASS [   0.005s] naga front::wgsl::tests::parse_type_coercion
        PASS [   0.005s] naga front::wgsl::tests::parse_type_inference
        PASS [   0.006s] naga front::wgsl::tests::parse_types
        PASS [   0.004s] naga front::wgsl::to_wgsl::tests::to_wgsl
        PASS [   0.004s] naga proc::constant_evaluator::first_leading_bit_smoke
        PASS [   0.005s] naga non_max_u32::size
        PASS [   0.004s] naga proc::constant_evaluator::first_trailing_bit_smoke
        PASS [   0.004s] naga proc::constant_evaluator::tests::access
        PASS [   0.005s] naga proc::constant_evaluator::tests::cast
        PASS [   0.005s] naga proc::constant_evaluator::tests::compose_of_constants
        PASS [   0.009s] naga front::wgsl::tests::parse_type_cast
        PASS [   0.004s] naga proc::constant_evaluator::tests::splat_of_constant
        PASS [   0.004s] naga proc::constant_evaluator::tests::unary_op
        PASS [   0.004s] naga proc::constant_evaluator::tests::splat_of_zero_value
        PASS [   0.004s] naga proc::namer::test
        PASS [   0.004s] naga proc::test_matrix_size
        PASS [   0.004s] naga proc::typifier::test_error_size
        PASS [   0.004s] naga span::span_location
        PASS [   0.004s] naga valid::expression::f64_runtime_literals
        PASS [   0.004s] naga valid::handles::array_size_override
        PASS [   0.005s] naga valid::expression::f64_const_literals
        PASS [   0.005s] naga valid::handles::array_size_deps
        PASS [   0.006s] naga valid::analyzer::uniform_control_flow
        PASS [   0.006s] naga valid::handles::constant_deps
        PASS [   0.005s] naga valid::handles::override_init_deps
        PASS [   0.006s] naga::naga-test spirv_capabilities::float64
        PASS [   0.005s] naga::naga-test spirv_capabilities::geometry
        PASS [   0.006s] naga::naga-test spirv_capabilities::int64
        PASS [   0.007s] naga::naga-test spirv_capabilities::image_queries
        PASS [   0.009s] naga::naga-test spirv_capabilities::cube_array
        PASS [   0.006s] naga::naga-test spirv_capabilities::storage1d
        PASS [   0.006s] naga::naga-test spirv_capabilities::sampler1d
        PASS [   0.007s] naga::naga-test spirv_capabilities::sample_rate_shading
        PASS [   0.006s] naga::naga-test spirv_capabilities::storage_image_formats
        PASS [   0.006s] naga::naga-test validation::bad_cross_builtin_args
        PASS [   0.006s] naga::naga-test validation::binding_arrays_cannot_hold_arrays
        PASS [   0.007s] naga::naga-test validation::binding_arrays_cannot_hold_scalars
        PASS [   0.006s] naga::naga-test validation::binding_arrays_hold_structs
        PASS [   0.006s] naga::naga-test validation::emit_workgroup_uniform_load_result
        PASS [   0.005s] naga::naga-test validation::populate_atomic_result
        PASS [   0.008s] naga::naga-test validation::incompatible_interpolation_and_sampling_types
        PASS [   0.005s] naga::naga-test validation::populate_call_result
        PASS [   0.011s] naga::naga-test validation::no_flat_first_in_glsl
        PASS [   0.006s] naga::naga-test wgsl_errors::assign_to_let
        PASS [   0.007s] naga::naga-test wgsl_errors::assign_to_expr
        PASS [   0.008s] naga::naga-test validation::validation_error_messages
        PASS [   0.006s] naga::naga-test wgsl_errors::bad_for_initializer
        PASS [   0.006s] naga::naga-test wgsl_errors::bad_texture_sample_type
        PASS [   0.006s] naga::naga-test wgsl_errors::bad_texture
        PASS [   0.005s] naga::naga-test wgsl_errors::binary_statement
        PASS [   0.005s] naga::naga-test wgsl_errors::binding_array_local
        PASS [   0.006s] naga::naga-test wgsl_errors::binding_array_private
        PASS [   0.006s] naga::naga-test wgsl_errors::binding_array_non_struct
        PASS [   0.005s] naga::naga-test wgsl_errors::break_if_bad_condition
        PASS [   0.005s] naga::naga-test wgsl_errors::compaction_preserves_spans
        PASS [   0.005s] naga::naga-test wgsl_errors::const_assert_failed
        PASS [   0.011s] naga::naga-test wgsl_errors::bad_type_cast
        PASS [   0.005s] naga::naga-test wgsl_errors::const_assert_must_be_const
        PASS [   0.005s] naga::naga-test wgsl_errors::constructor_parameter_type_mismatch
        PASS [   0.007s] naga::naga-test wgsl_errors::const_assert_must_be_bool
        PASS [   0.006s] naga::naga-test wgsl_errors::discard_in_wrong_stage
        PASS [   0.007s] naga::naga-test wgsl_errors::cyclic_function
        PASS [   0.007s] naga::naga-test wgsl_errors::constructor_type_error_span
        PASS [   0.007s] naga::naga-test wgsl_errors::dead_code
        PASS [   0.006s] naga::naga-test wgsl_errors::function_must_return_value
        PASS [   0.005s] naga::naga-test wgsl_errors::function_must_use_returns_void
        PASS [   0.006s] naga::naga-test wgsl_errors::function_must_use_repeated
        PASS [   0.005s] naga::naga-test wgsl_errors::function_param_redefinition_as_local
        PASS [   0.005s] naga::naga-test wgsl_errors::function_without_identifier
        PASS [   0.007s] naga::naga-test wgsl_errors::function_must_use_unused
        PASS [   0.006s] naga::naga-test wgsl_errors::function_param_redefinition_as_param
        PASS [   0.005s] naga::naga-test wgsl_errors::global_initialization_type_mismatch
        PASS [   0.006s] naga::naga-test wgsl_errors::function_returns_void
        PASS [   0.006s] naga::naga-test wgsl_errors::inconsistent_binding
        PASS [   0.006s] naga::naga-test wgsl_errors::int64_capability
        PASS [   0.006s] naga::naga-test wgsl_errors::invalid_float
        PASS [   0.010s] naga::naga-test wgsl_errors::host_shareable_types
        PASS [   0.008s] naga::naga-test wgsl_errors::invalid_arrays
        PASS [   0.007s] naga::naga-test wgsl_errors::invalid_access
        PASS [   0.009s] naga::naga-test wgsl_errors::invalid_blend_src
        PASS [   0.006s] naga::naga-test wgsl_errors::invalid_integer
        PASS [   0.009s] naga::naga-test wgsl_errors::invalid_functions
        PASS [   0.006s] naga::naga-test wgsl_errors::invalid_local_vars
        PASS [   0.006s] naga::naga-test wgsl_errors::invalid_runtime_sized_arrays
        PASS [   0.006s] naga::naga-test wgsl_errors::invalid_texture_sample_type
        PASS [   0.006s] naga::naga-test wgsl_errors::invalid_structs
        PASS [   0.006s] naga::naga-test wgsl_errors::let_type_mismatch
        PASS [   0.006s] naga::naga-test wgsl_errors::local_const_from_global_var
        PASS [   0.008s] naga::naga-test wgsl_errors::local_const_from_let
        PASS [   0.007s] naga::naga-test wgsl_errors::local_const_from_override
        PASS [   0.005s] naga::naga-test wgsl_errors::local_const_wrong_type
        PASS [   0.010s] naga::naga-test wgsl_errors::limit_braced_statement_nesting
        PASS [   0.007s] naga::naga-test wgsl_errors::local_const_from_var
        PASS [   0.006s] naga::naga-test wgsl_errors::local_var_missing_type
        PASS [   0.013s] naga::naga-test wgsl_errors::io_shareable_types
        PASS [   0.006s] naga::naga-test wgsl_errors::matrix_constructor_inferred
        PASS [   0.005s] naga::naga-test wgsl_errors::matrix_with_bad_type
        PASS [   0.005s] naga::naga-test wgsl_errors::misplaced_break_if
        PASS [   0.007s] naga::naga-test wgsl_errors::missing_bindings
        PASS [   0.006s] naga::naga-test wgsl_errors::missing_default_case
        PASS [   0.006s] naga::naga-test wgsl_errors::only_one_swizzle_type
        PASS [   0.006s] naga::naga-test wgsl_errors::missing_bindings2
        PASS [   0.008s] naga::naga-test wgsl_errors::module_scope_identifier_redefinition
        PASS [   0.005s] naga::naga-test wgsl_errors::recursive_function
        PASS [   0.007s] naga::naga-test wgsl_errors::pointer_type_equivalence
        PASS [   0.072s] naga::naga-test example_wgsl::parse_example_wgsl
        PASS [   0.006s] naga::naga-test wgsl_errors::reject_utf8_bom
        PASS [   0.005s] naga::naga-test wgsl_errors::reserved_identifier_prefix
        PASS [   0.005s] naga::naga-test wgsl_errors::reserved_keyword
        PASS [   0.005s] naga::naga-test wgsl_errors::struct_member_align_too_low
        PASS [   0.006s] naga::naga-test wgsl_errors::select
        PASS [   0.005s] naga::naga-test wgsl_errors::struct_member_must_use
        PASS [   0.005s] naga::naga-test wgsl_errors::struct_member_non_po2_align
        PASS [   0.005s] naga::naga-test wgsl_errors::struct_member_redefinition
        PASS [   0.006s] naga::naga-test wgsl_errors::switch_invalid_type
        PASS [   0.007s] naga::naga-test wgsl_errors::struct_member_size_too_low
        PASS [   0.006s] naga::naga-test wgsl_errors::switch_non_const_case
        PASS [   0.006s] naga::naga-test wgsl_errors::switch_signed_unsigned_mismatch
        PASS [   0.006s] naga::naga-test wgsl_errors::swizzle_assignment
        PASS [   0.005s] naga::naga-test wgsl_errors::type_not_inferable
        PASS [   0.006s] naga::naga-test wgsl_errors::unexpected_constructor_parameters
        PASS [   0.007s] naga::naga-test wgsl_errors::type_not_constructible
        PASS [   0.005s] naga::naga-test wgsl_errors::unknown_attribute
        PASS [   0.006s] naga::naga-test wgsl_errors::unknown_access
        PASS [   0.008s] naga::naga-test wgsl_errors::too_many_unclosed_loops
        PASS [   0.005s] naga::naga-test wgsl_errors::unknown_built_in
        PASS [   0.005s] naga::naga-test wgsl_errors::unknown_ident
        PASS [   0.006s] naga::naga-test wgsl_errors::unknown_conservative_depth
        PASS [   0.007s] naga::naga-test wgsl_errors::unknown_identifier
        PASS [   0.005s] naga::naga-test wgsl_errors::unknown_scalar_type
        PASS [   0.005s] naga::naga-test wgsl_errors::unknown_storage_class
        PASS [   0.006s] naga::naga-test wgsl_errors::unknown_local_function
        PASS [   0.005s] naga::naga-test wgsl_errors::unknown_storage_format
        PASS [   0.006s] naga::naga-test wgsl_errors::unknown_type
        PASS [   0.005s] naga::naga-test wgsl_errors::var_init
        PASS [   0.005s] naga::naga-test wgsl_errors::var_type_mismatch
        PASS [   0.007s] naga::naga-test wgsl_errors::valid_access
        PASS [   0.004s] wgpu api::buffer::tests::check_buffer_bounds_panics_for_end_over_size
        PASS [   0.005s] wgpu api::buffer::tests::check_buffer_bounds_panics_for_end_wraparound
        PASS [   0.007s] naga::naga-test wgsl_errors::very_negative_integers
        PASS [   0.007s] naga::naga-test wgsl_errors::wrong_access_mode
        PASS [   0.004s] wgpu api::buffer::tests::check_buffer_bounds_panics_for_offset_at_size
        PASS [   0.004s] wgpu api::buffer::tests::range_to_offset_size_panics_for_empty_range
        PASS [   0.005s] wgpu api::buffer::tests::check_buffer_bounds_works_for_end_in_range
        PASS [   0.004s] wgpu api::buffer::tests::range_to_offset_size_panics_for_unbounded_empty_range
        PASS [   0.004s] wgpu api::buffer::tests::range_to_offset_size_works
        PASS [   0.005s] wgpu macros::test_vertex_attr_array
        PASS [   0.118s] naga::naga-test snapshots::convert_snapshots_spv
        PASS [   0.127s] naga::naga-test snapshots::convert_snapshots_glsl
        PASS [   0.694s] naga::naga-test snapshots::convert_snapshots_wgsl
        PASS [   2.146s] wgpu-benchmark::bench/wgpu-benchmark Bind Group Creation/5 Element Bind Group
        PASS [   2.211s] wgpu-benchmark::bench/wgpu-benchmark Computepass: Bindless/8 dispatch
        PASS [   2.734s] wgpu-benchmark::bench/wgpu-benchmark Computepass: Empty Submit with 48 Resources
        PASS [   2.993s] wgpu-benchmark::bench/wgpu-benchmark Computepass: Multi Threaded/2 threads x 4 dispatch
        PASS [   3.215s] wgpu-benchmark::bench/wgpu-benchmark Computepass: Single Threaded/2 computepasses x 4 dispatches (Computepass Time)
        PASS [   0.453s] wgpu-benchmark::bench/wgpu-benchmark back/shader: glsl-out multiple entrypoints
        PASS [   3.539s] wgpu-benchmark::bench/wgpu-benchmark Renderpass: Bindless/8 draws
        PASS [   3.615s] wgpu-benchmark::bench/wgpu-benchmark Computepass: Single Threaded/2 computepasses x 4 dispatches (Submit Time)
        PASS [   3.654s] wgpu-benchmark::bench/wgpu-benchmark Renderpass: Empty Submit with 72 Resources
        PASS [   3.190s] wgpu-benchmark::bench/wgpu-benchmark Renderpass: Multi Threaded/2 threads x 4 draws
        PASS [   0.701s] wgpu-benchmark::bench/wgpu-benchmark back/shader: hlsl-out
        PASS [   0.593s] wgpu-benchmark::bench/wgpu-benchmark back/shader: msl-out
        PASS [   1.928s] wgpu-benchmark::bench/wgpu-benchmark Renderpass: Single Threaded/2 renderpasses x 4 draws (Submit Time)
        PASS [   2.028s] wgpu-benchmark::bench/wgpu-benchmark Renderpass: Single Threaded/2 renderpasses x 4 draws (Renderpass Time)
        PASS [   0.004s] wgpu-core id::test_id
        PASS [   0.004s] wgpu-core identity::test_epoch_end_of_life
        PASS [   0.003s] wgpu-core init_tracker::test::check_for_drained_tracker
        PASS [   0.004s] wgpu-core init_tracker::test::check_for_newly_created_tracker
        PASS [   0.003s] wgpu-core init_tracker::test::check_for_partially_filled_tracker
        PASS [   0.004s] wgpu-core init_tracker::test::discard_adds_range_on_cleared
        PASS [   0.004s] wgpu-core init_tracker::test::discard_does_nothing_on_uncleared
        PASS [   0.003s] wgpu-core init_tracker::test::discard_extends_ranges
        PASS [   0.003s] wgpu-core init_tracker::test::discard_merges_ranges
        PASS [   0.003s] wgpu-core init_tracker::test::drain_already_drained
        PASS [   0.003s] wgpu-core init_tracker::test::drain_never_returns_ranges_twice_for_same_range
        PASS [   0.003s] wgpu-core init_tracker::test::drain_splits_ranges_correctly
        PASS [   0.003s] wgpu-core instance::downlevel_default_limits_less_than_default_limits
        PASS [   0.003s] wgpu-core lock::ranked::forbidden_skip
        PASS [   0.003s] wgpu-core lock::ranked::forbidden_unrelated
        PASS [   0.003s] wgpu-core lock::ranked::non_stack_like
        PASS [   0.003s] wgpu-core lock::ranked::permitted
        PASS [   0.003s] wgpu-core lock::ranked::stack_like
        PASS [   0.003s] wgpu-core pipeline_cache::tests::invalid_magic
        PASS [   0.003s] wgpu-core pipeline_cache::tests::not_no_data
        PASS [   0.003s] wgpu-core pipeline_cache::tests::too_little_data
        PASS [   0.003s] wgpu-core pipeline_cache::tests::too_much_data
        PASS [   0.003s] wgpu-core pipeline_cache::tests::valid_data
        PASS [   0.003s] wgpu-core pipeline_cache::tests::written_header
        PASS [   0.003s] wgpu-core pipeline_cache::tests::wrong_abi
        PASS [   0.003s] wgpu-core pipeline_cache::tests::wrong_adapter
        PASS [   0.003s] wgpu-core pipeline_cache::tests::wrong_backend
        PASS [   0.003s] wgpu-core pipeline_cache::tests::wrong_hash
        PASS [   0.003s] wgpu-core pipeline_cache::tests::wrong_validation
        PASS [   0.004s] wgpu-core pipeline_cache::tests::wrong_version
        PASS [   1.528s] wgpu-benchmark::bench/wgpu-benchmark Resource Creation: Large Buffer/2 threads x 4 resource
        PASS [   1.010s] wgpu-benchmark::bench/wgpu-benchmark back/shader: spv-out
        PASS [   0.254s] wgpu-core pool::tests::concurrent_creation_2_threads
        PASS [   0.004s] wgpu-core pool::tests::deduplication
        PASS [   0.004s] wgpu-core tests::test_gcd
        PASS [   0.004s] wgpu-core tests::test_lcd
        PASS [   0.012s] wgpu-core registry::tests::simultaneous_registration
        PASS [   0.003s] wgpu-core track::range::test::coalesce
        PASS [   0.004s] wgpu-core track::range::test::isolate
        PASS [   0.003s] wgpu-core track::range::test::sane_empty
        PASS [   0.004s] wgpu-core track::range::test::sane_good
        PASS [   0.003s] wgpu-core track::range::test::sane_intersect
        PASS [   0.254s] wgpu-core pool::tests::create_while_drop_2_threads
        PASS [   1.260s] wgpu-benchmark::bench/wgpu-benchmark back/shader: spv-out multiple entrypoints
        PASS [   1.308s] wgpu-benchmark::bench/wgpu-benchmark back/shader: wgsl-out
        FAIL [   0.284s] wgpu-examples [Executed Flaky Failure: ALWAYS] [Gl/NVIDIA GeForce RTX 3060/PCIe/SSE2/2] wgpu_examples::timestamp_queries::tests::timestamps_passes
──── STDOUT:             wgpu-examples [Executed Flaky Failure: ALWAYS] [Gl/NVIDIA GeForce RTX 3060/PCIe/SSE2/2] wgpu_examples::timestamp_queries::tests::timestamps_passes

running 1 test
test [Executed Flaky Failure: ALWAYS] [Gl/NVIDIA GeForce RTX 3060/PCIe/SSE2/2] wgpu_examples::timestamp_queries::tests::timestamps_passes ... FAILED

failures:

---- [Executed Flaky Failure: ALWAYS] [Gl/NVIDIA GeForce RTX 3060/PCIe/SSE2/2] wgpu_examples::timestamp_queries::tests::timestamps_passes ----
test panicked: Failed to initialize device: Parent device is lost


failures:
    [Executed Flaky Failure: ALWAYS] [Gl/NVIDIA GeForce RTX 3060/PCIe/SSE2/2] wgpu_examples::timestamp_queries::tests::timestamps_passes

test result: FAILED. 0 passed; 1 failed; 0 ignored; 0 measured; 92 filtered out; finished in 0.25s

──── STDERR:             wgpu-examples [Executed Flaky Failure: ALWAYS] [Gl/NVIDIA GeForce RTX 3060/PCIe/SSE2/2] wgpu_examples::timestamp_queries::tests::timestamps_passes
[2025-03-15T23:07:26Z ERROR wgpu_core::device::resource] indirect-validation error: ComputePipeline(Internal("The selected version doesn't support Features(BUFFER_STORAGE | COMPUTE_SHADER | DYNAMIC_ARRAY_SIZE)"))

thread '<unnamed>' panicked at tests/src/init.rs:156:19:
Failed to initialize device: Parent device is lost
note: run with `RUST_BACKTRACE=1` environment variable to display a backtrace

        FAIL [   0.300s] wgpu-examples [Executed Flaky Failure: ALWAYS] [Gl/NVIDIA GeForce RTX 3060/PCIe/SSE2/2] wgpu_examples::timestamp_queries::tests::timestamps_encoder
──── STDOUT:             wgpu-examples [Executed Flaky Failure: ALWAYS] [Gl/NVIDIA GeForce RTX 3060/PCIe/SSE2/2] wgpu_examples::timestamp_queries::tests::timestamps_encoder

running 1 test
test [Executed Flaky Failure: ALWAYS] [Gl/NVIDIA GeForce RTX 3060/PCIe/SSE2/2] wgpu_examples::timestamp_queries::tests::timestamps_encoder ... FAILED

failures:

---- [Executed Flaky Failure: ALWAYS] [Gl/NVIDIA GeForce RTX 3060/PCIe/SSE2/2] wgpu_examples::timestamp_queries::tests::timestamps_encoder ----
test panicked: Failed to initialize device: Parent device is lost


failures:
    [Executed Flaky Failure: ALWAYS] [Gl/NVIDIA GeForce RTX 3060/PCIe/SSE2/2] wgpu_examples::timestamp_queries::tests::timestamps_encoder

test result: FAILED. 0 passed; 1 failed; 0 ignored; 0 measured; 92 filtered out; finished in 0.26s

──── STDERR:             wgpu-examples [Executed Flaky Failure: ALWAYS] [Gl/NVIDIA GeForce RTX 3060/PCIe/SSE2/2] wgpu_examples::timestamp_queries::tests::timestamps_encoder
[2025-03-15T23:07:26Z ERROR wgpu_core::device::resource] indirect-validation error: ComputePipeline(Internal("The selected version doesn't support Features(BUFFER_STORAGE | COMPUTE_SHADER | DYNAMIC_ARRAY_SIZE)"))

thread '<unnamed>' panicked at tests/src/init.rs:156:19:
Failed to initialize device: Parent device is lost
note: run with `RUST_BACKTRACE=1` environment variable to display a backtrace

        PASS [   1.391s] wgpu-benchmark::bench/wgpu-benchmark front/shader: glsl-in
        PASS [   0.198s] wgpu-examples [Executed Flaky Failure: ALWAYS] [Vulkan/llvmpipe (LLVM 19.1.1, 256 bits)/1] wgpu_examples::timestamp_queries::tests::timestamps_encoder
        PASS [   1.507s] wgpu-benchmark::bench/wgpu-benchmark front/shader: naga module bincode decode
        PASS [   0.200s] wgpu-examples [Executed Flaky Failure: ALWAYS] [Vulkan/llvmpipe (LLVM 19.1.1, 256 bits)/1] wgpu_examples::timestamp_queries::tests::timestamps_passes
        PASS [   1.509s] wgpu-benchmark::bench/wgpu-benchmark front/shader: spv-in
        PASS [   0.656s] wgpu-examples [Executed Flaky Failure: ALWAYS] [Vulkan/NVIDIA GeForce RTX 3060/0] wgpu_examples::timestamp_queries::tests::timestamps_encoder
        FAIL [   0.390s] wgpu-examples [Executed] [Gl/NVIDIA GeForce RTX 3060/PCIe/SSE2/2] boids
──── STDOUT:             wgpu-examples [Executed] [Gl/NVIDIA GeForce RTX 3060/PCIe/SSE2/2] boids

running 1 test
test [Executed] [Gl/NVIDIA GeForce RTX 3060/PCIe/SSE2/2] boids ... FAILED

failures:

---- [Executed] [Gl/NVIDIA GeForce RTX 3060/PCIe/SSE2/2] boids ----
test panicked: Failed to initialize device: Parent device is lost


failures:
    [Executed] [Gl/NVIDIA GeForce RTX 3060/PCIe/SSE2/2] boids

test result: FAILED. 0 passed; 1 failed; 0 ignored; 0 measured; 92 filtered out; finished in 0.35s

──── STDERR:             wgpu-examples [Executed] [Gl/NVIDIA GeForce RTX 3060/PCIe/SSE2/2] boids
[2025-03-15T23:07:26Z ERROR wgpu_core::device::resource] indirect-validation error: ComputePipeline(Internal("The selected version doesn't support Features(BUFFER_STORAGE | COMPUTE_SHADER | DYNAMIC_ARRAY_SIZE)"))

thread '<unnamed>' panicked at tests/src/init.rs:156:19:
Failed to initialize device: Parent device is lost
note: run with `RUST_BACKTRACE=1` environment variable to display a backtrace

        PASS [   1.535s] wgpu-benchmark::bench/wgpu-benchmark front/shader: wgsl-in
        PASS [   1.529s] wgpu-benchmark::bench/wgpu-benchmark validate/shader: validation
        PASS [   0.711s] wgpu-examples [Executed Flaky Failure: ALWAYS] [Vulkan/NVIDIA GeForce RTX 3060/0] wgpu_examples::timestamp_queries::tests::timestamps_passes
        FAIL [   0.418s] wgpu-examples [Executed] [Gl/NVIDIA GeForce RTX 3060/PCIe/SSE2/2] bunnymark
──── STDOUT:             wgpu-examples [Executed] [Gl/NVIDIA GeForce RTX 3060/PCIe/SSE2/2] bunnymark

running 1 test
test [Executed] [Gl/NVIDIA GeForce RTX 3060/PCIe/SSE2/2] bunnymark ... FAILED

failures:

---- [Executed] [Gl/NVIDIA GeForce RTX 3060/PCIe/SSE2/2] bunnymark ----
test panicked: Failed to initialize device: Parent device is lost


failures:
    [Executed] [Gl/NVIDIA GeForce RTX 3060/PCIe/SSE2/2] bunnymark

test result: FAILED. 0 passed; 1 failed; 0 ignored; 0 measured; 92 filtered out; finished in 0.39s

──── STDERR:             wgpu-examples [Executed] [Gl/NVIDIA GeForce RTX 3060/PCIe/SSE2/2] bunnymark
[2025-03-15T23:07:27Z ERROR wgpu_core::device::resource] indirect-validation error: ComputePipeline(Internal("The selected version doesn't support Features(BUFFER_STORAGE | COMPUTE_SHADER | DYNAMIC_ARRAY_SIZE)"))

thread '<unnamed>' panicked at tests/src/init.rs:156:19:
Failed to initialize device: Parent device is lost
note: run with `RUST_BACKTRACE=1` environment variable to display a backtrace

        FAIL [   0.504s] wgpu-examples [Executed] [Gl/NVIDIA GeForce RTX 3060/PCIe/SSE2/2] cube-lines
──── STDOUT:             wgpu-examples [Executed] [Gl/NVIDIA GeForce RTX 3060/PCIe/SSE2/2] cube-lines

running 1 test
test [Executed] [Gl/NVIDIA GeForce RTX 3060/PCIe/SSE2/2] cube-lines ... FAILED

failures:

---- [Executed] [Gl/NVIDIA GeForce RTX 3060/PCIe/SSE2/2] cube-lines ----
test panicked: Failed to initialize device: Parent device is lost


failures:
    [Executed] [Gl/NVIDIA GeForce RTX 3060/PCIe/SSE2/2] cube-lines

test result: FAILED. 0 passed; 1 failed; 0 ignored; 0 measured; 92 filtered out; finished in 0.47s

──── STDERR:             wgpu-examples [Executed] [Gl/NVIDIA GeForce RTX 3060/PCIe/SSE2/2] cube-lines
[2025-03-15T23:07:27Z ERROR wgpu_core::device::resource] indirect-validation error: ComputePipeline(Internal("The selected version doesn't support Features(BUFFER_STORAGE | COMPUTE_SHADER | DYNAMIC_ARRAY_SIZE)"))

thread '<unnamed>' panicked at tests/src/init.rs:156:19:
Failed to initialize device: Parent device is lost
note: run with `RUST_BACKTRACE=1` environment variable to display a backtrace

        FAIL [   0.547s] wgpu-examples [Executed] [Gl/NVIDIA GeForce RTX 3060/PCIe/SSE2/2] cube
──── STDOUT:             wgpu-examples [Executed] [Gl/NVIDIA GeForce RTX 3060/PCIe/SSE2/2] cube

running 1 test
test [Executed] [Gl/NVIDIA GeForce RTX 3060/PCIe/SSE2/2] cube ... FAILED

failures:

---- [Executed] [Gl/NVIDIA GeForce RTX 3060/PCIe/SSE2/2] cube ----
test panicked: Failed to initialize device: Parent device is lost


failures:
    [Executed] [Gl/NVIDIA GeForce RTX 3060/PCIe/SSE2/2] cube

test result: FAILED. 0 passed; 1 failed; 0 ignored; 0 measured; 92 filtered out; finished in 0.52s

──── STDERR:             wgpu-examples [Executed] [Gl/NVIDIA GeForce RTX 3060/PCIe/SSE2/2] cube
[2025-03-15T23:07:27Z ERROR wgpu_core::device::resource] indirect-validation error: ComputePipeline(Internal("The selected version doesn't support Features(BUFFER_STORAGE | COMPUTE_SHADER | DYNAMIC_ARRAY_SIZE)"))

thread '<unnamed>' panicked at tests/src/init.rs:156:19:
Failed to initialize device: Parent device is lost
note: run with `RUST_BACKTRACE=1` environment variable to display a backtrace

        FAIL [   0.483s] wgpu-examples [Executed] [Gl/NVIDIA GeForce RTX 3060/PCIe/SSE2/2] mipmap
──── STDOUT:             wgpu-examples [Executed] [Gl/NVIDIA GeForce RTX 3060/PCIe/SSE2/2] mipmap

running 1 test
test [Executed] [Gl/NVIDIA GeForce RTX 3060/PCIe/SSE2/2] mipmap ... FAILED

failures:

---- [Executed] [Gl/NVIDIA GeForce RTX 3060/PCIe/SSE2/2] mipmap ----
test panicked: Failed to initialize device: Parent device is lost


failures:
    [Executed] [Gl/NVIDIA GeForce RTX 3060/PCIe/SSE2/2] mipmap

test result: FAILED. 0 passed; 1 failed; 0 ignored; 0 measured; 92 filtered out; finished in 0.45s

──── STDERR:             wgpu-examples [Executed] [Gl/NVIDIA GeForce RTX 3060/PCIe/SSE2/2] mipmap
[2025-03-15T23:07:27Z ERROR wgpu_core::device::resource] indirect-validation error: ComputePipeline(Internal("The selected version doesn't support Features(BUFFER_STORAGE | COMPUTE_SHADER | DYNAMIC_ARRAY_SIZE)"))

thread '<unnamed>' panicked at tests/src/init.rs:156:19:
Failed to initialize device: Parent device is lost
note: run with `RUST_BACKTRACE=1` environment variable to display a backtrace

        PASS [   1.213s] wgpu-examples [Executed Failure: BACKEND] [Vulkan/llvmpipe (LLVM 19.1.1, 256 bits)/1] water
        FAIL [   0.587s] wgpu-examples [Executed] [Gl/NVIDIA GeForce RTX 3060/PCIe/SSE2/2] msaa-line
──── STDOUT:             wgpu-examples [Executed] [Gl/NVIDIA GeForce RTX 3060/PCIe/SSE2/2] msaa-line

running 1 test
test [Executed] [Gl/NVIDIA GeForce RTX 3060/PCIe/SSE2/2] msaa-line ... FAILED

failures:

---- [Executed] [Gl/NVIDIA GeForce RTX 3060/PCIe/SSE2/2] msaa-line ----
test panicked: Failed to initialize device: Parent device is lost


failures:
    [Executed] [Gl/NVIDIA GeForce RTX 3060/PCIe/SSE2/2] msaa-line

test result: FAILED. 0 passed; 1 failed; 0 ignored; 0 measured; 92 filtered out; finished in 0.55s

──── STDERR:             wgpu-examples [Executed] [Gl/NVIDIA GeForce RTX 3060/PCIe/SSE2/2] msaa-line
[2025-03-15T23:07:27Z ERROR wgpu_core::device::resource] indirect-validation error: ComputePipeline(Internal("The selected version doesn't support Features(BUFFER_STORAGE | COMPUTE_SHADER | DYNAMIC_ARRAY_SIZE)"))

thread '<unnamed>' panicked at tests/src/init.rs:156:19:
Failed to initialize device: Parent device is lost
note: run with `RUST_BACKTRACE=1` environment variable to display a backtrace

        FAIL [   0.562s] wgpu-examples [Executed] [Gl/NVIDIA GeForce RTX 3060/PCIe/SSE2/2] shadow
──── STDOUT:             wgpu-examples [Executed] [Gl/NVIDIA GeForce RTX 3060/PCIe/SSE2/2] shadow

running 1 test
test [Executed] [Gl/NVIDIA GeForce RTX 3060/PCIe/SSE2/2] shadow ... FAILED

failures:

---- [Executed] [Gl/NVIDIA GeForce RTX 3060/PCIe/SSE2/2] shadow ----
test panicked: Failed to initialize device: Parent device is lost


failures:
    [Executed] [Gl/NVIDIA GeForce RTX 3060/PCIe/SSE2/2] shadow

test result: FAILED. 0 passed; 1 failed; 0 ignored; 0 measured; 92 filtered out; finished in 0.52s

──── STDERR:             wgpu-examples [Executed] [Gl/NVIDIA GeForce RTX 3060/PCIe/SSE2/2] shadow
[2025-03-15T23:07:27Z ERROR wgpu_core::device::resource] indirect-validation error: ComputePipeline(Internal("The selected version doesn't support Features(BUFFER_STORAGE | COMPUTE_SHADER | DYNAMIC_ARRAY_SIZE)"))

thread '<unnamed>' panicked at tests/src/init.rs:156:19:
Failed to initialize device: Parent device is lost
note: run with `RUST_BACKTRACE=1` environment variable to display a backtrace

        FAIL [   0.600s] wgpu-examples [Executed] [Gl/NVIDIA GeForce RTX 3060/PCIe/SSE2/2] multiple_render_targets
──── STDOUT:             wgpu-examples [Executed] [Gl/NVIDIA GeForce RTX 3060/PCIe/SSE2/2] multiple_render_targets

running 1 test
test [Executed] [Gl/NVIDIA GeForce RTX 3060/PCIe/SSE2/2] multiple_render_targets ... FAILED

failures:

---- [Executed] [Gl/NVIDIA GeForce RTX 3060/PCIe/SSE2/2] multiple_render_targets ----
test panicked: Failed to initialize device: Parent device is lost


failures:
    [Executed] [Gl/NVIDIA GeForce RTX 3060/PCIe/SSE2/2] multiple_render_targets

test result: FAILED. 0 passed; 1 failed; 0 ignored; 0 measured; 92 filtered out; finished in 0.56s

──── STDERR:             wgpu-examples [Executed] [Gl/NVIDIA GeForce RTX 3060/PCIe/SSE2/2] multiple_render_targets
[2025-03-15T23:07:27Z ERROR wgpu_core::device::resource] indirect-validation error: ComputePipeline(Internal("The selected version doesn't support Features(BUFFER_STORAGE | COMPUTE_SHADER | DYNAMIC_ARRAY_SIZE)"))

thread '<unnamed>' panicked at tests/src/init.rs:156:19:
Failed to initialize device: Parent device is lost
note: run with `RUST_BACKTRACE=1` environment variable to display a backtrace

        FAIL [   0.565s] wgpu-examples [Executed] [Gl/NVIDIA GeForce RTX 3060/PCIe/SSE2/2] skybox-bc7
──── STDOUT:             wgpu-examples [Executed] [Gl/NVIDIA GeForce RTX 3060/PCIe/SSE2/2] skybox-bc7

running 1 test
test [Executed] [Gl/NVIDIA GeForce RTX 3060/PCIe/SSE2/2] skybox-bc7 ... FAILED

failures:

---- [Executed] [Gl/NVIDIA GeForce RTX 3060/PCIe/SSE2/2] skybox-bc7 ----
test panicked: Failed to initialize device: Parent device is lost


failures:
    [Executed] [Gl/NVIDIA GeForce RTX 3060/PCIe/SSE2/2] skybox-bc7

test result: FAILED. 0 passed; 1 failed; 0 ignored; 0 measured; 92 filtered out; finished in 0.53s

──── STDERR:             wgpu-examples [Executed] [Gl/NVIDIA GeForce RTX 3060/PCIe/SSE2/2] skybox-bc7
[2025-03-15T23:07:27Z ERROR wgpu_core::device::resource] indirect-validation error: ComputePipeline(Internal("The selected version doesn't support Features(BUFFER_STORAGE | COMPUTE_SHADER | DYNAMIC_ARRAY_SIZE)"))

thread '<unnamed>' panicked at tests/src/init.rs:156:19:
Failed to initialize device: Parent device is lost
note: run with `RUST_BACKTRACE=1` environment variable to display a backtrace

        FAIL [   0.599s] wgpu-examples [Executed] [Gl/NVIDIA GeForce RTX 3060/PCIe/SSE2/2] skybox-etc2
──── STDOUT:             wgpu-examples [Executed] [Gl/NVIDIA GeForce RTX 3060/PCIe/SSE2/2] skybox-etc2

running 1 test
test [Executed] [Gl/NVIDIA GeForce RTX 3060/PCIe/SSE2/2] skybox-etc2 ... FAILED

failures:

---- [Executed] [Gl/NVIDIA GeForce RTX 3060/PCIe/SSE2/2] skybox-etc2 ----
test panicked: Failed to initialize device: Parent device is lost


failures:
    [Executed] [Gl/NVIDIA GeForce RTX 3060/PCIe/SSE2/2] skybox-etc2

test result: FAILED. 0 passed; 1 failed; 0 ignored; 0 measured; 92 filtered out; finished in 0.56s

──── STDERR:             wgpu-examples [Executed] [Gl/NVIDIA GeForce RTX 3060/PCIe/SSE2/2] skybox-etc2
[2025-03-15T23:07:27Z ERROR wgpu_core::device::resource] indirect-validation error: ComputePipeline(Internal("The selected version doesn't support Features(BUFFER_STORAGE | COMPUTE_SHADER | DYNAMIC_ARRAY_SIZE)"))

thread '<unnamed>' panicked at tests/src/init.rs:156:19:
Failed to initialize device: Parent device is lost
note: run with `RUST_BACKTRACE=1` environment variable to display a backtrace

        FAIL [   0.662s] wgpu-examples [Executed] [Gl/NVIDIA GeForce RTX 3060/PCIe/SSE2/2] skybox
──── STDOUT:             wgpu-examples [Executed] [Gl/NVIDIA GeForce RTX 3060/PCIe/SSE2/2] skybox

running 1 test
test [Executed] [Gl/NVIDIA GeForce RTX 3060/PCIe/SSE2/2] skybox ... FAILED

failures:

---- [Executed] [Gl/NVIDIA GeForce RTX 3060/PCIe/SSE2/2] skybox ----
test panicked: Failed to initialize device: Parent device is lost


failures:
    [Executed] [Gl/NVIDIA GeForce RTX 3060/PCIe/SSE2/2] skybox

test result: FAILED. 0 passed; 1 failed; 0 ignored; 0 measured; 92 filtered out; finished in 0.60s

──── STDERR:             wgpu-examples [Executed] [Gl/NVIDIA GeForce RTX 3060/PCIe/SSE2/2] skybox
[2025-03-15T23:07:27Z ERROR wgpu_core::device::resource] indirect-validation error: ComputePipeline(Internal("The selected version doesn't support Features(BUFFER_STORAGE | COMPUTE_SHADER | DYNAMIC_ARRAY_SIZE)"))

thread '<unnamed>' panicked at tests/src/init.rs:156:19:
Failed to initialize device: Parent device is lost
note: run with `RUST_BACKTRACE=1` environment variable to display a backtrace

        PASS [   1.730s] wgpu-examples [Executed Failure: BACKEND] [Vulkan/NVIDIA GeForce RTX 3060/0] water
        FAIL [   0.717s] wgpu-examples [Executed] [Gl/NVIDIA GeForce RTX 3060/PCIe/SSE2/2] srgb-blend-srg
──── STDOUT:             wgpu-examples [Executed] [Gl/NVIDIA GeForce RTX 3060/PCIe/SSE2/2] srgb-blend-srg

running 1 test
test [Executed] [Gl/NVIDIA GeForce RTX 3060/PCIe/SSE2/2] srgb-blend-srg ... FAILED

failures:

---- [Executed] [Gl/NVIDIA GeForce RTX 3060/PCIe/SSE2/2] srgb-blend-srg ----
test panicked: Failed to initialize device: Parent device is lost


failures:
    [Executed] [Gl/NVIDIA GeForce RTX 3060/PCIe/SSE2/2] srgb-blend-srg

test result: FAILED. 0 passed; 1 failed; 0 ignored; 0 measured; 92 filtered out; finished in 0.69s

──── STDERR:             wgpu-examples [Executed] [Gl/NVIDIA GeForce RTX 3060/PCIe/SSE2/2] srgb-blend-srg
[2025-03-15T23:07:27Z ERROR wgpu_core::device::resource] indirect-validation error: ComputePipeline(Internal("The selected version doesn't support Features(BUFFER_STORAGE | COMPUTE_SHADER | DYNAMIC_ARRAY_SIZE)"))

thread '<unnamed>' panicked at tests/src/init.rs:156:19:
Failed to initialize device: Parent device is lost
note: run with `RUST_BACKTRACE=1` environment variable to display a backtrace

        FAIL [   0.794s] wgpu-examples [Executed] [Gl/NVIDIA GeForce RTX 3060/PCIe/SSE2/2] srgb-blend-linear
──── STDOUT:             wgpu-examples [Executed] [Gl/NVIDIA GeForce RTX 3060/PCIe/SSE2/2] srgb-blend-linear

running 1 test
test [Executed] [Gl/NVIDIA GeForce RTX 3060/PCIe/SSE2/2] srgb-blend-linear ... FAILED

failures:

---- [Executed] [Gl/NVIDIA GeForce RTX 3060/PCIe/SSE2/2] srgb-blend-linear ----
test panicked: Failed to initialize device: Parent device is lost


failures:
    [Executed] [Gl/NVIDIA GeForce RTX 3060/PCIe/SSE2/2] srgb-blend-linear

test result: FAILED. 0 passed; 1 failed; 0 ignored; 0 measured; 92 filtered out; finished in 0.75s

──── STDERR:             wgpu-examples [Executed] [Gl/NVIDIA GeForce RTX 3060/PCIe/SSE2/2] srgb-blend-linear
[2025-03-15T23:07:27Z ERROR wgpu_core::device::resource] indirect-validation error: ComputePipeline(Internal("The selected version doesn't support Features(BUFFER_STORAGE | COMPUTE_SHADER | DYNAMIC_ARRAY_SIZE)"))

thread '<unnamed>' panicked at tests/src/init.rs:156:19:
Failed to initialize device: Parent device is lost
note: run with `RUST_BACKTRACE=1` environment variable to display a backtrace

        FAIL [   0.717s] wgpu-examples [Executed] [Gl/NVIDIA GeForce RTX 3060/PCIe/SSE2/2] stencil-triangles
──── STDOUT:             wgpu-examples [Executed] [Gl/NVIDIA GeForce RTX 3060/PCIe/SSE2/2] stencil-triangles

running 1 test
test [Executed] [Gl/NVIDIA GeForce RTX 3060/PCIe/SSE2/2] stencil-triangles ... FAILED

failures:

---- [Executed] [Gl/NVIDIA GeForce RTX 3060/PCIe/SSE2/2] stencil-triangles ----
test panicked: Failed to initialize device: Parent device is lost


failures:
    [Executed] [Gl/NVIDIA GeForce RTX 3060/PCIe/SSE2/2] stencil-triangles

test result: FAILED. 0 passed; 1 failed; 0 ignored; 0 measured; 92 filtered out; finished in 0.67s

──── STDERR:             wgpu-examples [Executed] [Gl/NVIDIA GeForce RTX 3060/PCIe/SSE2/2] stencil-triangles
[2025-03-15T23:07:27Z ERROR wgpu_core::device::resource] indirect-validation error: ComputePipeline(Internal("The selected version doesn't support Features(BUFFER_STORAGE | COMPUTE_SHADER | DYNAMIC_ARRAY_SIZE)"))

thread '<unnamed>' panicked at tests/src/init.rs:156:19:
Failed to initialize device: Parent device is lost
note: run with `RUST_BACKTRACE=1` environment variable to display a backtrace

        FAIL [   0.909s] wgpu-examples [Executed] [Gl/NVIDIA GeForce RTX 3060/PCIe/SSE2/2] wgpu_examples::hello_synchronization::tests::sync
──── STDOUT:             wgpu-examples [Executed] [Gl/NVIDIA GeForce RTX 3060/PCIe/SSE2/2] wgpu_examples::hello_synchronization::tests::sync

running 1 test
test [Executed] [Gl/NVIDIA GeForce RTX 3060/PCIe/SSE2/2] wgpu_examples::hello_synchronization::tests::sync ... FAILED

failures:

---- [Executed] [Gl/NVIDIA GeForce RTX 3060/PCIe/SSE2/2] wgpu_examples::hello_synchronization::tests::sync ----
test panicked: Failed to initialize device: Parent device is lost


failures:
    [Executed] [Gl/NVIDIA GeForce RTX 3060/PCIe/SSE2/2] wgpu_examples::hello_synchronization::tests::sync

test result: FAILED. 0 passed; 1 failed; 0 ignored; 0 measured; 92 filtered out; finished in 0.86s

──── STDERR:             wgpu-examples [Executed] [Gl/NVIDIA GeForce RTX 3060/PCIe/SSE2/2] wgpu_examples::hello_synchronization::tests::sync
[2025-03-15T23:07:28Z ERROR wgpu_core::device::resource] indirect-validation error: ComputePipeline(Internal("The selected version doesn't support Features(BUFFER_STORAGE | COMPUTE_SHADER | DYNAMIC_ARRAY_SIZE)"))

thread '<unnamed>' panicked at tests/src/init.rs:156:19:
Failed to initialize device: Parent device is lost
note: run with `RUST_BACKTRACE=1` environment variable to display a backtrace

        FAIL [   0.870s] wgpu-examples [Executed] [Gl/NVIDIA GeForce RTX 3060/PCIe/SSE2/2] wgpu_examples::timestamp_queries::tests::timestamps_pass_boundaries
──── STDOUT:             wgpu-examples [Executed] [Gl/NVIDIA GeForce RTX 3060/PCIe/SSE2/2] wgpu_examples::timestamp_queries::tests::timestamps_pass_boundaries

running 1 test
test [Executed] [Gl/NVIDIA GeForce RTX 3060/PCIe/SSE2/2] wgpu_examples::timestamp_queries::tests::timestamps_pass_boundaries ... FAILED

failures:

---- [Executed] [Gl/NVIDIA GeForce RTX 3060/PCIe/SSE2/2] wgpu_examples::timestamp_queries::tests::timestamps_pass_boundaries ----
test panicked: Failed to initialize device: Parent device is lost


failures:
    [Executed] [Gl/NVIDIA GeForce RTX 3060/PCIe/SSE2/2] wgpu_examples::timestamp_queries::tests::timestamps_pass_boundaries

test result: FAILED. 0 passed; 1 failed; 0 ignored; 0 measured; 92 filtered out; finished in 0.84s

──── STDERR:             wgpu-examples [Executed] [Gl/NVIDIA GeForce RTX 3060/PCIe/SSE2/2] wgpu_examples::timestamp_queries::tests::timestamps_pass_boundaries
[2025-03-15T23:07:28Z ERROR wgpu_core::device::resource] indirect-validation error: ComputePipeline(Internal("The selected version doesn't support Features(BUFFER_STORAGE | COMPUTE_SHADER | DYNAMIC_ARRAY_SIZE)"))

thread '<unnamed>' panicked at tests/src/init.rs:156:19:
Failed to initialize device: Parent device is lost
note: run with `RUST_BACKTRACE=1` environment variable to display a backtrace

        FAIL [   7.470s] player::player-test test_api
──── STDOUT:             player::player-test test_api

running 1 test
Corpus "/home/supa/Code/Code Workspaces/graphics-rs/wgpu/player/tests/data/all.ron"
Test '"bind-group.ron"'
Backend Vulkan
Running...
Mapping...
Waiting...
Test '"buffer-copy.ron"'
Backend Vulkan
Running...
Mapping...
Waiting...
Checking basic
Test '"clear-buffer-texture.ron"'
Backend Vulkan
Running...
Mapping...
Waiting...
Checking Quad
Checking buffer clear
Test '"pipeline-statistics-query.ron"'
Backend Vulkan
Running...
Mapping...
Waiting...
Checking Queried number of compute invocations is correct
Test '"quad.ron"'
Backend Vulkan
Running...
Mapping...
Waiting...
Checking Quad
Test '"zero-init-buffer.ron"'
Backend Vulkan
Running...
Mapping...
Waiting...
Checking mapped_at_creation: false, with MAP_WRITE
Checking mapped_at_creation: false, without MAP_WRITE
Checking partially written buffer
Checking buffer has correct values
Test '"zero-init-texture-binding.ron"'
Backend Vulkan
Running...
Mapping...
Waiting...
Checking Sampled Texture
Checking Storage Texture
Test '"zero-init-texture-copytobuffer.ron"'
Backend Vulkan
Running...
Mapping...
Waiting...
Checking Copy to Buffer
Test '"zero-init-texture-rendertarget.ron"'
Backend Vulkan
Running...
Mapping...
Waiting...
Checking Render Target
Test '"bind-group.ron"'
Test '"buffer-copy.ron"'
Test '"clear-buffer-texture.ron"'
Test '"pipeline-statistics-query.ron"'
Test '"quad.ron"'
Test '"zero-init-buffer.ron"'
Test '"zero-init-texture-binding.ron"'
Test '"zero-init-texture-copytobuffer.ron"'
Test '"zero-init-texture-rendertarget.ron"'
Test '"bind-group.ron"'
Test '"buffer-copy.ron"'
Test '"clear-buffer-texture.ron"'
Test '"pipeline-statistics-query.ron"'
Test '"quad.ron"'
Test '"zero-init-buffer.ron"'
Test '"zero-init-texture-binding.ron"'
Test '"zero-init-texture-copytobuffer.ron"'
Test '"zero-init-texture-rendertarget.ron"'
Test '"bind-group.ron"'
Backend Gl
test test_api ... FAILED

failures:

failures:
    test_api

test result: FAILED. 0 passed; 1 failed; 0 ignored; 0 measured; 0 filtered out; finished in 7.44s

──── STDERR:             player::player-test test_api
[2025-03-15T23:07:28Z ERROR wgpu_core::device::resource] indirect-validation error: ComputePipeline(Internal("The selected version doesn't support Features(BUFFER_STORAGE | COMPUTE_SHADER | DYNAMIC_ARRAY_SIZE)"))

thread 'test_api' panicked at player/tests/root.rs:104:13:
Device(Lost)
note: run with `RUST_BACKTRACE=1` environment variable to display a backtrace

        FAIL [   0.829s] wgpu-examples [Executed] [Vulkan/NVIDIA GeForce RTX 3060/0] ray_cube_normals
──── STDOUT:             wgpu-examples [Executed] [Vulkan/NVIDIA GeForce RTX 3060/0] ray_cube_normals

running 1 test
test [Executed] [Vulkan/NVIDIA GeForce RTX 3060/0] ray_cube_normals ... FAILED

failures:

---- [Executed] [Vulkan/NVIDIA GeForce RTX 3060/0] ray_cube_normals ----
test panicked: examples/features/src/framework.rs:508:9: test "ray_cube_normals" did not behave as expected


failures:
    [Executed] [Vulkan/NVIDIA GeForce RTX 3060/0] ray_cube_normals

test result: FAILED. 0 passed; 1 failed; 0 ignored; 0 measured; 92 filtered out; finished in 0.77s

──── STDERR:             wgpu-examples [Executed] [Vulkan/NVIDIA GeForce RTX 3060/0] ray_cube_normals
[examples/features/src/framework.rs:603:21] env!("CARGO_MANIFEST_DIR").to_string() + "/../../" + params.image_path = "/home/supa/Code/Code Workspaces/graphics-rs/wgpu/examples/features/../..//examples/src/ray_cube_normals/screenshot.png"

thread '<unnamed>' panicked at /home/supa/Code/Code Workspaces/graphics-rs/wgpu/tests/src/image.rs:56:68:
called `Result::unwrap()` on an `Err` value: Os { code: 2, kind: NotFound, message: "No such file or directory" }
note: run with `RUST_BACKTRACE=1` environment variable to display a backtrace
[2025-03-15T23:07:29Z ERROR wgpu_test::expectations] Panic: called `Result::unwrap()` on an `Err` value: Os { code: 2, kind: NotFound, message: "No such file or directory" }

thread '<unnamed>' panicked at tests/src/run.rs:120:9:
examples/features/src/framework.rs:508:9: test "ray_cube_normals" did not behave as expected

        PASS [   2.512s] wgpu-examples [Executed] [Vulkan/NVIDIA GeForce RTX 3060/0] boids
        PASS [   2.439s] wgpu-examples [Executed] [Vulkan/NVIDIA GeForce RTX 3060/0] conservative-raster
        PASS [   2.598s] wgpu-examples [Executed] [Vulkan/NVIDIA GeForce RTX 3060/0] cube-lines
        PASS [   2.709s] wgpu-examples [Executed] [Vulkan/NVIDIA GeForce RTX 3060/0] cube
        PASS [   2.863s] wgpu-examples [Executed] [Vulkan/NVIDIA GeForce RTX 3060/0] bunnymark
        PASS [   2.688s] wgpu-examples [Executed] [Vulkan/NVIDIA GeForce RTX 3060/0] msaa-line
        PASS [   2.727s] wgpu-examples [Executed] [Vulkan/NVIDIA GeForce RTX 3060/0] multiple_render_targets
        PASS [   2.996s] wgpu-examples [Executed] [Vulkan/NVIDIA GeForce RTX 3060/0] mipmap-query
        PASS [   2.618s] wgpu-examples [Executed] [Vulkan/NVIDIA GeForce RTX 3060/0] ray_cube_fragment
        PASS [   3.090s] wgpu-examples [Executed] [Vulkan/NVIDIA GeForce RTX 3060/0] mipmap
        PASS [   2.744s] wgpu-examples [Executed] [Vulkan/NVIDIA GeForce RTX 3060/0] ray_cube_compute
        PASS [   1.819s] wgpu-examples [Executed] [Vulkan/NVIDIA GeForce RTX 3060/0] ray_cube_shadows
        PASS [   1.136s] wgpu-examples [Executed] [Vulkan/NVIDIA GeForce RTX 3060/0] srgb-blend-linear
        PASS [   1.155s] wgpu-examples [Executed] [Vulkan/NVIDIA GeForce RTX 3060/0] srgb-blend-srg
        PASS [   1.982s] wgpu-examples [Executed] [Vulkan/NVIDIA GeForce RTX 3060/0] ray_scene
        PASS [   2.057s] wgpu-examples [Executed] [Vulkan/NVIDIA GeForce RTX 3060/0] ray_traced_triangle
        PASS [   1.937s] wgpu-examples [Executed] [Vulkan/NVIDIA GeForce RTX 3060/0] shadow
        PASS [   0.835s] wgpu-examples [Executed] [Vulkan/NVIDIA GeForce RTX 3060/0] wgpu_examples::hello_synchronization::tests::sync
        PASS [   0.610s] wgpu-examples [Executed] [Vulkan/NVIDIA GeForce RTX 3060/0] wgpu_examples::timestamp_queries::tests::timestamps_pass_boundaries
        FAIL [   2.197s] wgpu-examples [Executed] [Vulkan/NVIDIA GeForce RTX 3060/0] skybox
──── STDOUT:             wgpu-examples [Executed] [Vulkan/NVIDIA GeForce RTX 3060/0] skybox

running 1 test
Starting image comparison test with reference image "/home/supa/Code/Code Workspaces/graphics-rs/wgpu/examples/features/../..//examples/features/src/skybox/screenshot.png"
Mean: 0.015046
Min Value: 0.000000
      25%: 0.013535
      50%: 0.017339
      75%: 0.021430
      95%: 0.029680
      99%: 0.038181
Max Value: 0.188481
Expected Mean (0.015046) to be under expected maximum (0.015): FAIL
test [Executed] [Vulkan/NVIDIA GeForce RTX 3060/0] skybox ... FAILED

failures:

---- [Executed] [Vulkan/NVIDIA GeForce RTX 3060/0] skybox ----
test panicked: examples/features/src/framework.rs:508:9: test "skybox" did not behave as expected


failures:
    [Executed] [Vulkan/NVIDIA GeForce RTX 3060/0] skybox

test result: FAILED. 0 passed; 1 failed; 0 ignored; 0 measured; 92 filtered out; finished in 2.17s

──── STDERR:             wgpu-examples [Executed] [Vulkan/NVIDIA GeForce RTX 3060/0] skybox
[examples/features/src/framework.rs:603:21] env!("CARGO_MANIFEST_DIR").to_string() + "/../../" + params.image_path = "/home/supa/Code/Code Workspaces/graphics-rs/wgpu/examples/features/../..//examples/features/src/skybox/screenshot.png"

thread '<unnamed>' panicked at /home/supa/Code/Code Workspaces/graphics-rs/wgpu/tests/src/image.rs:249:9:
Image data mismatch: /home/supa/Code/Code Workspaces/graphics-rs/wgpu/examples/features/../..//examples/features/src/skybox/screenshot-vulkan-NVIDIA_GeForce_RTX_3060-NVIDIA-difference.png
note: run with `RUST_BACKTRACE=1` environment variable to display a backtrace
[2025-03-15T23:07:32Z ERROR wgpu_test::expectations] Panic: Image data mismatch: /home/supa/Code/Code Workspaces/graphics-rs/wgpu/examples/features/../..//examples/features/src/skybox/screenshot-vulkan-NVIDIA_GeForce_RTX_3060-NVIDIA-difference.png

thread '<unnamed>' panicked at tests/src/run.rs:120:9:
examples/features/src/framework.rs:508:9: test "skybox" did not behave as expected

        PASS [   2.201s] wgpu-examples [Executed] [Vulkan/NVIDIA GeForce RTX 3060/0] skybox-bc7
        PASS [   2.261s] wgpu-examples [Executed] [Vulkan/NVIDIA GeForce RTX 3060/0] stencil-triangles
        PASS [   2.206s] wgpu-examples [Executed] [Vulkan/NVIDIA GeForce RTX 3060/0] texture-arrays-uniform
        PASS [   2.295s] wgpu-examples [Executed] [Vulkan/NVIDIA GeForce RTX 3060/0] texture-arrays
        PASS [   2.494s] wgpu-examples [Executed] [Vulkan/NVIDIA GeForce RTX 3060/0] texture-arrays-non-uniform
        PASS [   1.717s] wgpu-examples [Executed] [Vulkan/llvmpipe (LLVM 19.1.1, 256 bits)/1] boids
        FAIL [   0.402s] wgpu-examples [Executed] [Vulkan/llvmpipe (LLVM 19.1.1, 256 bits)/1] ray_cube_normals
──── STDOUT:             wgpu-examples [Executed] [Vulkan/llvmpipe (LLVM 19.1.1, 256 bits)/1] ray_cube_normals

running 1 test
test [Executed] [Vulkan/llvmpipe (LLVM 19.1.1, 256 bits)/1] ray_cube_normals ... FAILED

failures:

---- [Executed] [Vulkan/llvmpipe (LLVM 19.1.1, 256 bits)/1] ray_cube_normals ----
test panicked: examples/features/src/framework.rs:508:9: test "ray_cube_normals" did not behave as expected


failures:
    [Executed] [Vulkan/llvmpipe (LLVM 19.1.1, 256 bits)/1] ray_cube_normals

test result: FAILED. 0 passed; 1 failed; 0 ignored; 0 measured; 92 filtered out; finished in 0.38s

──── STDERR:             wgpu-examples [Executed] [Vulkan/llvmpipe (LLVM 19.1.1, 256 bits)/1] ray_cube_normals
[examples/features/src/framework.rs:603:21] env!("CARGO_MANIFEST_DIR").to_string() + "/../../" + params.image_path = "/home/supa/Code/Code Workspaces/graphics-rs/wgpu/examples/features/../..//examples/src/ray_cube_normals/screenshot.png"

thread '<unnamed>' panicked at /home/supa/Code/Code Workspaces/graphics-rs/wgpu/tests/src/image.rs:56:68:
called `Result::unwrap()` on an `Err` value: Os { code: 2, kind: NotFound, message: "No such file or directory" }
note: run with `RUST_BACKTRACE=1` environment variable to display a backtrace
[2025-03-15T23:07:33Z ERROR wgpu_test::expectations] Panic: called `Result::unwrap()` on an `Err` value: Os { code: 2, kind: NotFound, message: "No such file or directory" }

thread '<unnamed>' panicked at tests/src/run.rs:120:9:
examples/features/src/framework.rs:508:9: test "ray_cube_normals" did not behave as expected

        PASS [   1.716s] wgpu-examples [Executed] [Vulkan/llvmpipe (LLVM 19.1.1, 256 bits)/1] cube
        PASS [   1.895s] wgpu-examples [Executed] [Vulkan/llvmpipe (LLVM 19.1.1, 256 bits)/1] bunnymark
        PASS [   1.755s] wgpu-examples [Executed] [Vulkan/llvmpipe (LLVM 19.1.1, 256 bits)/1] cube-lines
        PASS [   2.008s] wgpu-examples [Executed] [Vulkan/llvmpipe (LLVM 19.1.1, 256 bits)/1] mipmap
        PASS [   1.797s] wgpu-examples [Executed] [Vulkan/llvmpipe (LLVM 19.1.1, 256 bits)/1] msaa-line
        PASS [   1.824s] wgpu-examples [Executed] [Vulkan/llvmpipe (LLVM 19.1.1, 256 bits)/1] multiple_render_targets
        PASS [   0.296s] wgpu-examples [Executed] [Vulkan/llvmpipe (LLVM 19.1.1, 256 bits)/1] srgb-blend-linear
        PASS [   2.229s] wgpu-examples [Executed] [Vulkan/llvmpipe (LLVM 19.1.1, 256 bits)/1] mipmap-query
        PASS [   0.259s] wgpu-examples [Executed] [Vulkan/llvmpipe (LLVM 19.1.1, 256 bits)/1] srgb-blend-srg
        PASS [   1.793s] wgpu-examples [Executed] [Vulkan/llvmpipe (LLVM 19.1.1, 256 bits)/1] ray_cube_fragment
        PASS [   1.926s] wgpu-examples [Executed] [Vulkan/llvmpipe (LLVM 19.1.1, 256 bits)/1] ray_cube_compute
        PASS [   1.713s] wgpu-examples [Executed] [Vulkan/llvmpipe (LLVM 19.1.1, 256 bits)/1] ray_cube_shadows
        PASS [   0.170s] wgpu-examples [Executed] [Vulkan/llvmpipe (LLVM 19.1.1, 256 bits)/1] wgpu_examples::hello_synchronization::tests::sync
        PASS [   0.020s] wgpu-examples [Unsupported: Downlevel Flags] [Gl/NVIDIA GeForce RTX 3060/PCIe/SSE2/2] water
        PASS [   0.014s] wgpu-examples [Unsupported: Features | Downlevel Flags] [Gl/NVIDIA GeForce RTX 3060/PCIe/SSE2/2] ray_cube_compute
        PASS [   0.017s] wgpu-examples [Unsupported: Features | Downlevel Flags] [Gl/NVIDIA GeForce RTX 3060/PCIe/SSE2/2] ray_cube_fragment
        PASS [   0.016s] wgpu-examples [Unsupported: Features | Downlevel Flags] [Gl/NVIDIA GeForce RTX 3060/PCIe/SSE2/2] ray_cube_normals
        PASS [   0.023s] wgpu-examples [Unsupported: Features | Downlevel Flags] [Gl/NVIDIA GeForce RTX 3060/PCIe/SSE2/2] ray_cube_shadows
        PASS [   0.016s] wgpu-examples [Unsupported: Features | Downlevel Flags] [Gl/NVIDIA GeForce RTX 3060/PCIe/SSE2/2] ray_scene
        PASS [   0.025s] wgpu-examples [Unsupported: Features | Limits] [Gl/NVIDIA GeForce RTX 3060/PCIe/SSE2/2] texture-arrays-non-uniform
        PASS [   0.029s] wgpu-examples [Unsupported: Features | Limits] [Gl/NVIDIA GeForce RTX 3060/PCIe/SSE2/2] texture-arrays
        PASS [   0.017s] wgpu-examples [Unsupported: Features | Limits] [Gl/NVIDIA GeForce RTX 3060/PCIe/SSE2/2] texture-arrays-uniform
        PASS [   0.022s] wgpu-examples [Unsupported: Features] [Gl/NVIDIA GeForce RTX 3060/PCIe/SSE2/2] conservative-raster
        PASS [   0.026s] wgpu-examples [Unsupported: Features] [Gl/NVIDIA GeForce RTX 3060/PCIe/SSE2/2] mipmap-query
        PASS [   0.023s] wgpu-examples [Unsupported: Features] [Gl/NVIDIA GeForce RTX 3060/PCIe/SSE2/2] ray_traced_triangle
        PASS [   0.212s] wgpu-examples [Executed] [Vulkan/llvmpipe (LLVM 19.1.1, 256 bits)/1] wgpu_examples::timestamp_queries::tests::timestamps_pass_boundaries
        PASS [   0.014s] wgpu-examples [Unsupported: Features] [Gl/NVIDIA GeForce RTX 3060/PCIe/SSE2/2] skybox-astc
        PASS [   0.015s] wgpu-examples [Unsupported: Features] [Vulkan/NVIDIA GeForce RTX 3060/0] skybox-astc
        PASS [   0.016s] wgpu-examples [Unsupported: Features] [Vulkan/NVIDIA GeForce RTX 3060/0] skybox-etc2
        PASS [   0.016s] wgpu-examples [Unsupported: Features] [Vulkan/llvmpipe (LLVM 19.1.1, 256 bits)/1] conservative-raster
        PASS [   0.008s] wgpu-hal gles::adapter::tests::test_version_parse
        PASS [   0.019s] wgpu-examples [Unsupported: Features] [Vulkan/llvmpipe (LLVM 19.1.1, 256 bits)/1] skybox-astc
        PASS [   0.005s] wgpu-hal test_default_limits
        PASS [   0.027s] wgpu-examples [Unsupported: Features] [Vulkan/llvmpipe (LLVM 19.1.1, 256 bits)/1] skybox-etc2
        PASS [   0.007s] wgpu-info::bin/wgpu-info texture::test_uniqueness_in_texture_format_list
        PASS [   0.010s] wgpu-hal vulkan::command::check_dst_image_layout
        PASS [   0.010s] wgpu-test expectations::test::ignore_flaky
        PASS [   0.009s] wgpu-test expectations::test::multi_reason_error
        PASS [   0.015s] wgpu-test expectations::test::matches_multiple_errors
        PASS [   0.008s] wgpu-test expectations::test::simple_match
        PASS [   0.012s] wgpu-test expectations::test::substring_match
        PASS [   1.825s] wgpu-examples [Executed] [Vulkan/llvmpipe (LLVM 19.1.1, 256 bits)/1] ray_traced_triangle
        FAIL [   1.924s] wgpu-examples [Executed] [Vulkan/llvmpipe (LLVM 19.1.1, 256 bits)/1] ray_scene
──── STDOUT:             wgpu-examples [Executed] [Vulkan/llvmpipe (LLVM 19.1.1, 256 bits)/1] ray_scene

running 1 test
/home/supa/Code/Code Workspaces/graphics-rs/wgpu/examples/features/src/skybox/models/rustacean-3d.obj
/home/supa/Code/Code Workspaces/graphics-rs/wgpu/examples/features/src/ray_scene/cube.obj
Starting image comparison test with reference image "/home/supa/Code/Code Workspaces/graphics-rs/wgpu/examples/features/../..//examples/features/src/ray_scene/screenshot.png"
Mean: 0.050012
Min Value: 0.000000
      25%: 0.688270
      50%: 0.973480
      75%: 0.983975
      95%: 0.990432
      99%: 0.993608
Max Value: 0.999070
Expected Mean (0.050012) to be under expected maximum (0.02): FAIL
test [Executed] [Vulkan/llvmpipe (LLVM 19.1.1, 256 bits)/1] ray_scene ... FAILED

failures:

---- [Executed] [Vulkan/llvmpipe (LLVM 19.1.1, 256 bits)/1] ray_scene ----
test panicked: examples/features/src/framework.rs:508:9: test "ray_scene" did not behave as expected


failures:
    [Executed] [Vulkan/llvmpipe (LLVM 19.1.1, 256 bits)/1] ray_scene

test result: FAILED. 0 passed; 1 failed; 0 ignored; 0 measured; 92 filtered out; finished in 1.90s

──── STDERR:             wgpu-examples [Executed] [Vulkan/llvmpipe (LLVM 19.1.1, 256 bits)/1] ray_scene
[examples/features/src/framework.rs:603:21] env!("CARGO_MANIFEST_DIR").to_string() + "/../../" + params.image_path = "/home/supa/Code/Code Workspaces/graphics-rs/wgpu/examples/features/../..//examples/features/src/ray_scene/screenshot.png"

thread '<unnamed>' panicked at /home/supa/Code/Code Workspaces/graphics-rs/wgpu/tests/src/image.rs:249:9:
Image data mismatch: /home/supa/Code/Code Workspaces/graphics-rs/wgpu/examples/features/../..//examples/features/src/ray_scene/screenshot-vulkan-llvmpipe__LLVM_19_1_1__256_bits_-llvmpipe-difference.png
note: run with `RUST_BACKTRACE=1` environment variable to display a backtrace
[2025-03-15T23:07:35Z ERROR wgpu_test::expectations] Panic: Image data mismatch: /home/supa/Code/Code Workspaces/graphics-rs/wgpu/examples/features/../..//examples/features/src/ray_scene/screenshot-vulkan-llvmpipe__LLVM_19_1_1__256_bits_-llvmpipe-difference.png

thread '<unnamed>' panicked at tests/src/run.rs:120:9:
examples/features/src/framework.rs:508:9: test "ray_scene" did not behave as expected

        PASS [   1.676s] wgpu-examples [Executed] [Vulkan/llvmpipe (LLVM 19.1.1, 256 bits)/1] shadow
        PASS [   1.727s] wgpu-examples [Executed] [Vulkan/llvmpipe (LLVM 19.1.1, 256 bits)/1] skybox
        PASS [   1.389s] wgpu-examples [Executed] [Vulkan/llvmpipe (LLVM 19.1.1, 256 bits)/1] stencil-triangles
        PASS [   0.500s] wgpu-test::wgpu-dependency-test apple_with_angle_depends_on_glow_and_renderdoc_sys
        PASS [   1.296s] wgpu-examples [Executed] [Vulkan/llvmpipe (LLVM 19.1.1, 256 bits)/1] texture-arrays-uniform
        PASS [   1.955s] wgpu-examples [Executed] [Vulkan/llvmpipe (LLVM 19.1.1, 256 bits)/1] skybox-bc7
        PASS [   0.582s] wgpu-test::wgpu-dependency-test apple_with_gles_does_not_depend_on_glow
        PASS [   1.381s] wgpu-examples [Executed] [Vulkan/llvmpipe (LLVM 19.1.1, 256 bits)/1] texture-arrays-non-uniform
        PASS [   0.556s] wgpu-test::wgpu-dependency-test apple_with_no_features_does_not_depend_on_renderdoc_sys
        PASS [   1.454s] wgpu-examples [Executed] [Vulkan/llvmpipe (LLVM 19.1.1, 256 bits)/1] texture-arrays
        PASS [   0.613s] wgpu-test::wgpu-dependency-test apple_with_vulkan_does_not_depend_on_ash
        PASS [   0.620s] wgpu-test::wgpu-dependency-test apple_with_vulkan_portability_depends_on_ash_and_renderdoc_sys
        FAIL [   0.149s] wgpu-test::wgpu-gpu-test [Executed Failure: ALWAYS] [Gl/NVIDIA GeForce RTX 3060/PCIe/SSE2/2] wgpu_gpu_test::buffer::empty_buffer
──── STDOUT:             wgpu-test::wgpu-gpu-test [Executed Failure: ALWAYS] [Gl/NVIDIA GeForce RTX 3060/PCIe/SSE2/2] wgpu_gpu_test::buffer::empty_buffer

running 1 test
test [Executed Failure: ALWAYS] [Gl/NVIDIA GeForce RTX 3060/PCIe/SSE2/2] wgpu_gpu_test::buffer::empty_buffer ... FAILED

failures:

---- [Executed Failure: ALWAYS] [Gl/NVIDIA GeForce RTX 3060/PCIe/SSE2/2] wgpu_gpu_test::buffer::empty_buffer ----
test panicked: Failed to initialize device: Parent device is lost


failures:
    [Executed Failure: ALWAYS] [Gl/NVIDIA GeForce RTX 3060/PCIe/SSE2/2] wgpu_gpu_test::buffer::empty_buffer

test result: FAILED. 0 passed; 1 failed; 0 ignored; 0 measured; 554 filtered out; finished in 0.12s

──── STDERR:             wgpu-test::wgpu-gpu-test [Executed Failure: ALWAYS] [Gl/NVIDIA GeForce RTX 3060/PCIe/SSE2/2] wgpu_gpu_test::buffer::empty_buffer
[2025-03-15T23:07:36Z ERROR wgpu_core::device::resource] indirect-validation error: ComputePipeline(Internal("The selected version doesn't support Features(BUFFER_STORAGE | COMPUTE_SHADER | DYNAMIC_ARRAY_SIZE)"))

thread '<unnamed>' panicked at tests/src/init.rs:156:19:
Failed to initialize device: Parent device is lost
note: run with `RUST_BACKTRACE=1` environment variable to display a backtrace

        PASS [   0.669s] wgpu-test::wgpu-dependency-test emscripten_with_gles_depends_on_glow
        FAIL [   0.161s] wgpu-test::wgpu-gpu-test [Executed Failure: ALWAYS] [Gl/NVIDIA GeForce RTX 3060/PCIe/SSE2/2] wgpu_gpu_test::device::cross_device_bind_group_usage
──── STDOUT:             wgpu-test::wgpu-gpu-test [Executed Failure: ALWAYS] [Gl/NVIDIA GeForce RTX 3060/PCIe/SSE2/2] wgpu_gpu_test::device::cross_device_bind_group_usage

running 1 test
test [Executed Failure: ALWAYS] [Gl/NVIDIA GeForce RTX 3060/PCIe/SSE2/2] wgpu_gpu_test::device::cross_device_bind_group_usage ... FAILED

failures:

---- [Executed Failure: ALWAYS] [Gl/NVIDIA GeForce RTX 3060/PCIe/SSE2/2] wgpu_gpu_test::device::cross_device_bind_group_usage ----
test panicked: Failed to initialize device: Parent device is lost


failures:
    [Executed Failure: ALWAYS] [Gl/NVIDIA GeForce RTX 3060/PCIe/SSE2/2] wgpu_gpu_test::device::cross_device_bind_group_usage

test result: FAILED. 0 passed; 1 failed; 0 ignored; 0 measured; 554 filtered out; finished in 0.13s

──── STDERR:             wgpu-test::wgpu-gpu-test [Executed Failure: ALWAYS] [Gl/NVIDIA GeForce RTX 3060/PCIe/SSE2/2] wgpu_gpu_test::device::cross_device_bind_group_usage
[2025-03-15T23:07:36Z ERROR wgpu_core::device::resource] indirect-validation error: ComputePipeline(Internal("The selected version doesn't support Features(BUFFER_STORAGE | COMPUTE_SHADER | DYNAMIC_ARRAY_SIZE)"))

thread '<unnamed>' panicked at tests/src/init.rs:156:19:
Failed to initialize device: Parent device is lost
note: run with `RUST_BACKTRACE=1` environment variable to display a backtrace

        FAIL [   0.172s] wgpu-test::wgpu-gpu-test [Executed Failure: ALWAYS] [Gl/NVIDIA GeForce RTX 3060/PCIe/SSE2/2] wgpu_gpu_test::encoder::drop_queue_before_creating_command_encoder
──── STDOUT:             wgpu-test::wgpu-gpu-test [Executed Failure: ALWAYS] [Gl/NVIDIA GeForce RTX 3060/PCIe/SSE2/2] wgpu_gpu_test::encoder::drop_queue_before_creating_command_encoder

running 1 test
test [Executed Failure: ALWAYS] [Gl/NVIDIA GeForce RTX 3060/PCIe/SSE2/2] wgpu_gpu_test::encoder::drop_queue_before_creating_command_encoder ... FAILED

failures:

---- [Executed Failure: ALWAYS] [Gl/NVIDIA GeForce RTX 3060/PCIe/SSE2/2] wgpu_gpu_test::encoder::drop_queue_before_creating_command_encoder ----
test panicked: Failed to initialize device: Parent device is lost


failures:
    [Executed Failure: ALWAYS] [Gl/NVIDIA GeForce RTX 3060/PCIe/SSE2/2] wgpu_gpu_test::encoder::drop_queue_before_creating_command_encoder

test result: FAILED. 0 passed; 1 failed; 0 ignored; 0 measured; 554 filtered out; finished in 0.13s

──── STDERR:             wgpu-test::wgpu-gpu-test [Executed Failure: ALWAYS] [Gl/NVIDIA GeForce RTX 3060/PCIe/SSE2/2] wgpu_gpu_test::encoder::drop_queue_before_creating_command_encoder
[2025-03-15T23:07:36Z ERROR wgpu_core::device::resource] indirect-validation error: ComputePipeline(Internal("The selected version doesn't support Features(BUFFER_STORAGE | COMPUTE_SHADER | DYNAMIC_ARRAY_SIZE)"))

thread '<unnamed>' panicked at tests/src/init.rs:156:19:
Failed to initialize device: Parent device is lost
note: run with `RUST_BACKTRACE=1` environment variable to display a backtrace

        PASS [   0.812s] wgpu-test::wgpu-dependency-test emscripten_with_webgl_does_not_depend_on_glow
        PASS [   0.765s] wgpu-test::wgpu-dependency-test ppc32_does_depend_on_portable_atomic
        PASS [   0.743s] wgpu-test::wgpu-dependency-test wasm32_with_webgl_depends_on_glow
        PASS [   0.741s] wgpu-test::wgpu-dependency-test wasm32_with_webgpu_and_wgsl_does_not_depend_on_naga
        PASS [   0.763s] wgpu-test::wgpu-dependency-test wasm32_without_webgl_or_noop_does_not_depend_on_wgpu_core
        PASS [   0.729s] wgpu-test::wgpu-dependency-test windows_with_no_features_depends_on_renderdoc_sys
        PASS [   0.700s] wgpu-test::wgpu-dependency-test windows_with_no_features_does_not_depend_on_glow_windows_or_ash
        PASS [   0.697s] wgpu-test::wgpu-dependency-test windows_with_webgl_does_not_depend_on_glow
        PASS [   0.648s] wgpu-test::wgpu-dependency-test x86_64_does_not_depend_on_portable_atomic
        PASS [   0.152s] wgpu-test::wgpu-gpu-test [Executed Failure: ALWAYS] [Vulkan/llvmpipe (LLVM 19.1.1, 256 bits)/1] wgpu_gpu_test::buffer::empty_buffer
        PASS [   0.156s] wgpu-test::wgpu-gpu-test [Executed Failure: ALWAYS] [Vulkan/llvmpipe (LLVM 19.1.1, 256 bits)/1] wgpu_gpu_test::encoder::drop_queue_before_creating_command_encoder
        PASS [   1.467s] wgpu-test::wgpu-compile-test compile_fail
        PASS [   0.178s] wgpu-test::wgpu-gpu-test [Executed Failure: ALWAYS] [Vulkan/llvmpipe (LLVM 19.1.1, 256 bits)/1] wgpu_gpu_test::device::cross_device_bind_group_usage
        PASS [   0.430s] wgpu-test::wgpu-gpu-test [Executed Failure: ALWAYS] [Vulkan/NVIDIA GeForce RTX 3060/0] wgpu_gpu_test::buffer::empty_buffer
        PASS [   0.337s] wgpu-test::wgpu-gpu-test [Executed Failure: BACKEND] [Vulkan/llvmpipe (LLVM 19.1.1, 256 bits)/1] wgpu_gpu_test::shader::struct_layout::uniform_input
        FAIL [   0.559s] wgpu-test::wgpu-gpu-test [Executed Failure: BACKEND] [Gl/NVIDIA GeForce RTX 3060/PCIe/SSE2/2] wgpu_gpu_test::clear_texture::clear_texture_compressed_bcn
──── STDOUT:             wgpu-test::wgpu-gpu-test [Executed Failure: BACKEND] [Gl/NVIDIA GeForce RTX 3060/PCIe/SSE2/2] wgpu_gpu_test::clear_texture::clear_texture_compressed_bcn

running 1 test
test [Executed Failure: BACKEND] [Gl/NVIDIA GeForce RTX 3060/PCIe/SSE2/2] wgpu_gpu_test::clear_texture::clear_texture_compressed_bcn ... FAILED

failures:

---- [Executed Failure: BACKEND] [Gl/NVIDIA GeForce RTX 3060/PCIe/SSE2/2] wgpu_gpu_test::clear_texture::clear_texture_compressed_bcn ----
test panicked: Failed to initialize device: Parent device is lost


failures:
    [Executed Failure: BACKEND] [Gl/NVIDIA GeForce RTX 3060/PCIe/SSE2/2] wgpu_gpu_test::clear_texture::clear_texture_compressed_bcn

test result: FAILED. 0 passed; 1 failed; 0 ignored; 0 measured; 554 filtered out; finished in 0.50s

──── STDERR:             wgpu-test::wgpu-gpu-test [Executed Failure: BACKEND] [Gl/NVIDIA GeForce RTX 3060/PCIe/SSE2/2] wgpu_gpu_test::clear_texture::clear_texture_compressed_bcn
[2025-03-15T23:07:37Z ERROR wgpu_core::device::resource] indirect-validation error: ComputePipeline(Internal("The selected version doesn't support Features(BUFFER_STORAGE | COMPUTE_SHADER | DYNAMIC_ARRAY_SIZE)"))

thread '<unnamed>' panicked at tests/src/init.rs:156:19:
Failed to initialize device: Parent device is lost
note: run with `RUST_BACKTRACE=1` environment variable to display a backtrace

        PASS [   0.804s] wgpu-test::wgpu-gpu-test [Executed Failure: ALWAYS] [Vulkan/NVIDIA GeForce RTX 3060/0] wgpu_gpu_test::encoder::drop_queue_before_creating_command_encoder
        FAIL [   0.784s] wgpu-test::wgpu-gpu-test [Executed Failure: BACKEND] [Gl/NVIDIA GeForce RTX 3060/PCIe/SSE2/2] wgpu_gpu_test::clear_texture::clear_texture_compressed_etc2
──── STDOUT:             wgpu-test::wgpu-gpu-test [Executed Failure: BACKEND] [Gl/NVIDIA GeForce RTX 3060/PCIe/SSE2/2] wgpu_gpu_test::clear_texture::clear_texture_compressed_etc2

running 1 test
test [Executed Failure: BACKEND] [Gl/NVIDIA GeForce RTX 3060/PCIe/SSE2/2] wgpu_gpu_test::clear_texture::clear_texture_compressed_etc2 ... FAILED

failures:

---- [Executed Failure: BACKEND] [Gl/NVIDIA GeForce RTX 3060/PCIe/SSE2/2] wgpu_gpu_test::clear_texture::clear_texture_compressed_etc2 ----
test panicked: Failed to initialize device: Parent device is lost


failures:
    [Executed Failure: BACKEND] [Gl/NVIDIA GeForce RTX 3060/PCIe/SSE2/2] wgpu_gpu_test::clear_texture::clear_texture_compressed_etc2

test result: FAILED. 0 passed; 1 failed; 0 ignored; 0 measured; 554 filtered out; finished in 0.74s

──── STDERR:             wgpu-test::wgpu-gpu-test [Executed Failure: BACKEND] [Gl/NVIDIA GeForce RTX 3060/PCIe/SSE2/2] wgpu_gpu_test::clear_texture::clear_texture_compressed_etc2
[2025-03-15T23:07:37Z ERROR wgpu_core::device::resource] indirect-validation error: ComputePipeline(Internal("The selected version doesn't support Features(BUFFER_STORAGE | COMPUTE_SHADER | DYNAMIC_ARRAY_SIZE)"))

thread '<unnamed>' panicked at tests/src/init.rs:156:19:
Failed to initialize device: Parent device is lost
note: run with `RUST_BACKTRACE=1` environment variable to display a backtrace

        FAIL [   0.805s] wgpu-test::wgpu-gpu-test [Executed Failure: BACKEND] [Gl/NVIDIA GeForce RTX 3060/PCIe/SSE2/2] wgpu_gpu_test::clear_texture::clear_texture_uncompressed
──── STDOUT:             wgpu-test::wgpu-gpu-test [Executed Failure: BACKEND] [Gl/NVIDIA GeForce RTX 3060/PCIe/SSE2/2] wgpu_gpu_test::clear_texture::clear_texture_uncompressed

running 1 test
test [Executed Failure: BACKEND] [Gl/NVIDIA GeForce RTX 3060/PCIe/SSE2/2] wgpu_gpu_test::clear_texture::clear_texture_uncompressed ... FAILED

failures:

---- [Executed Failure: BACKEND] [Gl/NVIDIA GeForce RTX 3060/PCIe/SSE2/2] wgpu_gpu_test::clear_texture::clear_texture_uncompressed ----
test panicked: Failed to initialize device: Parent device is lost


failures:
    [Executed Failure: BACKEND] [Gl/NVIDIA GeForce RTX 3060/PCIe/SSE2/2] wgpu_gpu_test::clear_texture::clear_texture_uncompressed

test result: FAILED. 0 passed; 1 failed; 0 ignored; 0 measured; 554 filtered out; finished in 0.77s

──── STDERR:             wgpu-test::wgpu-gpu-test [Executed Failure: BACKEND] [Gl/NVIDIA GeForce RTX 3060/PCIe/SSE2/2] wgpu_gpu_test::clear_texture::clear_texture_uncompressed
[2025-03-15T23:07:37Z ERROR wgpu_core::device::resource] indirect-validation error: ComputePipeline(Internal("The selected version doesn't support Features(BUFFER_STORAGE | COMPUTE_SHADER | DYNAMIC_ARRAY_SIZE)"))

thread '<unnamed>' panicked at tests/src/init.rs:156:19:
Failed to initialize device: Parent device is lost
note: run with `RUST_BACKTRACE=1` environment variable to display a backtrace

        PASS [   1.112s] wgpu-test::wgpu-gpu-test [Executed Failure: ALWAYS] [Vulkan/NVIDIA GeForce RTX 3060/0] wgpu_gpu_test::device::cross_device_bind_group_usage
        FAIL [   0.751s] wgpu-test::wgpu-gpu-test [Executed] [Gl/NVIDIA GeForce RTX 3060/PCIe/SSE2/2] wgpu_gpu_test::bind_group_layout_dedup::bind_group_layout_deduplication_derived
──── STDOUT:             wgpu-test::wgpu-gpu-test [Executed] [Gl/NVIDIA GeForce RTX 3060/PCIe/SSE2/2] wgpu_gpu_test::bind_group_layout_dedup::bind_group_layout_deduplication_derived

running 1 test
test [Executed] [Gl/NVIDIA GeForce RTX 3060/PCIe/SSE2/2] wgpu_gpu_test::bind_group_layout_dedup::bind_group_layout_deduplication_derived ... FAILED

failures:

---- [Executed] [Gl/NVIDIA GeForce RTX 3060/PCIe/SSE2/2] wgpu_gpu_test::bind_group_layout_dedup::bind_group_layout_deduplication_derived ----
test panicked: Failed to initialize device: Parent device is lost


failures:
    [Executed] [Gl/NVIDIA GeForce RTX 3060/PCIe/SSE2/2] wgpu_gpu_test::bind_group_layout_dedup::bind_group_layout_deduplication_derived

test result: FAILED. 0 passed; 1 failed; 0 ignored; 0 measured; 554 filtered out; finished in 0.72s

──── STDERR:             wgpu-test::wgpu-gpu-test [Executed] [Gl/NVIDIA GeForce RTX 3060/PCIe/SSE2/2] wgpu_gpu_test::bind_group_layout_dedup::bind_group_layout_deduplication_derived
[2025-03-15T23:07:37Z ERROR wgpu_core::device::resource] indirect-validation error: ComputePipeline(Internal("The selected version doesn't support Features(BUFFER_STORAGE | COMPUTE_SHADER | DYNAMIC_ARRAY_SIZE)"))

thread '<unnamed>' panicked at tests/src/init.rs:156:19:
Failed to initialize device: Parent device is lost
note: run with `RUST_BACKTRACE=1` environment variable to display a backtrace

        FAIL [   0.792s] wgpu-test::wgpu-gpu-test [Executed] [Gl/NVIDIA GeForce RTX 3060/PCIe/SSE2/2] wgpu_gpu_test::bind_group_layout_dedup::bind_group_layout_deduplication
──── STDOUT:             wgpu-test::wgpu-gpu-test [Executed] [Gl/NVIDIA GeForce RTX 3060/PCIe/SSE2/2] wgpu_gpu_test::bind_group_layout_dedup::bind_group_layout_deduplication

running 1 test
test [Executed] [Gl/NVIDIA GeForce RTX 3060/PCIe/SSE2/2] wgpu_gpu_test::bind_group_layout_dedup::bind_group_layout_deduplication ... FAILED

failures:

---- [Executed] [Gl/NVIDIA GeForce RTX 3060/PCIe/SSE2/2] wgpu_gpu_test::bind_group_layout_dedup::bind_group_layout_deduplication ----
test panicked: Failed to initialize device: Parent device is lost


failures:
    [Executed] [Gl/NVIDIA GeForce RTX 3060/PCIe/SSE2/2] wgpu_gpu_test::bind_group_layout_dedup::bind_group_layout_deduplication

test result: FAILED. 0 passed; 1 failed; 0 ignored; 0 measured; 554 filtered out; finished in 0.74s

──── STDERR:             wgpu-test::wgpu-gpu-test [Executed] [Gl/NVIDIA GeForce RTX 3060/PCIe/SSE2/2] wgpu_gpu_test::bind_group_layout_dedup::bind_group_layout_deduplication
[2025-03-15T23:07:37Z ERROR wgpu_core::device::resource] indirect-validation error: ComputePipeline(Internal("The selected version doesn't support Features(BUFFER_STORAGE | COMPUTE_SHADER | DYNAMIC_ARRAY_SIZE)"))

thread '<unnamed>' panicked at tests/src/init.rs:156:19:
Failed to initialize device: Parent device is lost
note: run with `RUST_BACKTRACE=1` environment variable to display a backtrace

        FAIL [   0.880s] wgpu-test::wgpu-gpu-test [Executed Failure: BACKEND] [Gl/NVIDIA GeForce RTX 3060/PCIe/SSE2/2] wgpu_gpu_test::vertex_formats::vertex_formats_10_10_10_2
──── STDOUT:             wgpu-test::wgpu-gpu-test [Executed Failure: BACKEND] [Gl/NVIDIA GeForce RTX 3060/PCIe/SSE2/2] wgpu_gpu_test::vertex_formats::vertex_formats_10_10_10_2

running 1 test
test [Executed Failure: BACKEND] [Gl/NVIDIA GeForce RTX 3060/PCIe/SSE2/2] wgpu_gpu_test::vertex_formats::vertex_formats_10_10_10_2 ... FAILED

failures:

---- [Executed Failure: BACKEND] [Gl/NVIDIA GeForce RTX 3060/PCIe/SSE2/2] wgpu_gpu_test::vertex_formats::vertex_formats_10_10_10_2 ----
test panicked: Failed to initialize device: Parent device is lost


failures:
    [Executed Failure: BACKEND] [Gl/NVIDIA GeForce RTX 3060/PCIe/SSE2/2] wgpu_gpu_test::vertex_formats::vertex_formats_10_10_10_2

test result: FAILED. 0 passed; 1 failed; 0 ignored; 0 measured; 554 filtered out; finished in 0.81s

──── STDERR:             wgpu-test::wgpu-gpu-test [Executed Failure: BACKEND] [Gl/NVIDIA GeForce RTX 3060/PCIe/SSE2/2] wgpu_gpu_test::vertex_formats::vertex_formats_10_10_10_2
[2025-03-15T23:07:37Z ERROR wgpu_core::device::resource] indirect-validation error: ComputePipeline(Internal("The selected version doesn't support Features(BUFFER_STORAGE | COMPUTE_SHADER | DYNAMIC_ARRAY_SIZE)"))

thread '<unnamed>' panicked at tests/src/init.rs:156:19:
Failed to initialize device: Parent device is lost
note: run with `RUST_BACKTRACE=1` environment variable to display a backtrace

        FAIL [   0.819s] wgpu-test::wgpu-gpu-test [Executed] [Gl/NVIDIA GeForce RTX 3060/PCIe/SSE2/2] wgpu_gpu_test::bind_group_layout_dedup::bind_group_layout_deduplication_with_dropped_user_handle
──── STDOUT:             wgpu-test::wgpu-gpu-test [Executed] [Gl/NVIDIA GeForce RTX 3060/PCIe/SSE2/2] wgpu_gpu_test::bind_group_layout_dedup::bind_group_layout_deduplication_with_dropped_user_handle

running 1 test
test [Executed] [Gl/NVIDIA GeForce RTX 3060/PCIe/SSE2/2] wgpu_gpu_test::bind_group_layout_dedup::bind_group_layout_deduplication_with_dropped_user_handle ... FAILED

failures:

---- [Executed] [Gl/NVIDIA GeForce RTX 3060/PCIe/SSE2/2] wgpu_gpu_test::bind_group_layout_dedup::bind_group_layout_deduplication_with_dropped_user_handle ----
test panicked: Failed to initialize device: Parent device is lost


failures:
    [Executed] [Gl/NVIDIA GeForce RTX 3060/PCIe/SSE2/2] wgpu_gpu_test::bind_group_layout_dedup::bind_group_layout_deduplication_with_dropped_user_handle

test result: FAILED. 0 passed; 1 failed; 0 ignored; 0 measured; 554 filtered out; finished in 0.75s

──── STDERR:             wgpu-test::wgpu-gpu-test [Executed] [Gl/NVIDIA GeForce RTX 3060/PCIe/SSE2/2] wgpu_gpu_test::bind_group_layout_dedup::bind_group_layout_deduplication_with_dropped_user_handle
[2025-03-15T23:07:37Z ERROR wgpu_core::device::resource] indirect-validation error: ComputePipeline(Internal("The selected version doesn't support Features(BUFFER_STORAGE | COMPUTE_SHADER | DYNAMIC_ARRAY_SIZE)"))

thread '<unnamed>' panicked at tests/src/init.rs:156:19:
Failed to initialize device: Parent device is lost
note: run with `RUST_BACKTRACE=1` environment variable to display a backtrace

        FAIL [   0.878s] wgpu-test::wgpu-gpu-test [Executed] [Gl/NVIDIA GeForce RTX 3060/PCIe/SSE2/2] wgpu_gpu_test::bind_group_layout_dedup::derived_bgls_incompatible_with_regular_bgls
──── STDOUT:             wgpu-test::wgpu-gpu-test [Executed] [Gl/NVIDIA GeForce RTX 3060/PCIe/SSE2/2] wgpu_gpu_test::bind_group_layout_dedup::derived_bgls_incompatible_with_regular_bgls

running 1 test
test [Executed] [Gl/NVIDIA GeForce RTX 3060/PCIe/SSE2/2] wgpu_gpu_test::bind_group_layout_dedup::derived_bgls_incompatible_with_regular_bgls ... FAILED

failures:

---- [Executed] [Gl/NVIDIA GeForce RTX 3060/PCIe/SSE2/2] wgpu_gpu_test::bind_group_layout_dedup::derived_bgls_incompatible_with_regular_bgls ----
test panicked: Failed to initialize device: Parent device is lost


failures:
    [Executed] [Gl/NVIDIA GeForce RTX 3060/PCIe/SSE2/2] wgpu_gpu_test::bind_group_layout_dedup::derived_bgls_incompatible_with_regular_bgls

test result: FAILED. 0 passed; 1 failed; 0 ignored; 0 measured; 554 filtered out; finished in 0.84s

──── STDERR:             wgpu-test::wgpu-gpu-test [Executed] [Gl/NVIDIA GeForce RTX 3060/PCIe/SSE2/2] wgpu_gpu_test::bind_group_layout_dedup::derived_bgls_incompatible_with_regular_bgls
[2025-03-15T23:07:37Z ERROR wgpu_core::device::resource] indirect-validation error: ComputePipeline(Internal("The selected version doesn't support Features(BUFFER_STORAGE | COMPUTE_SHADER | DYNAMIC_ARRAY_SIZE)"))

thread '<unnamed>' panicked at tests/src/init.rs:156:19:
Failed to initialize device: Parent device is lost
note: run with `RUST_BACKTRACE=1` environment variable to display a backtrace

        FAIL [   0.759s] wgpu-test::wgpu-gpu-test [Executed] [Gl/NVIDIA GeForce RTX 3060/PCIe/SSE2/2] wgpu_gpu_test::bind_group_layout_dedup::get_derived_bgl
──── STDOUT:             wgpu-test::wgpu-gpu-test [Executed] [Gl/NVIDIA GeForce RTX 3060/PCIe/SSE2/2] wgpu_gpu_test::bind_group_layout_dedup::get_derived_bgl

running 1 test
test [Executed] [Gl/NVIDIA GeForce RTX 3060/PCIe/SSE2/2] wgpu_gpu_test::bind_group_layout_dedup::get_derived_bgl ... FAILED

failures:

---- [Executed] [Gl/NVIDIA GeForce RTX 3060/PCIe/SSE2/2] wgpu_gpu_test::bind_group_layout_dedup::get_derived_bgl ----
test panicked: Failed to initialize device: Parent device is lost


failures:
    [Executed] [Gl/NVIDIA GeForce RTX 3060/PCIe/SSE2/2] wgpu_gpu_test::bind_group_layout_dedup::get_derived_bgl

test result: FAILED. 0 passed; 1 failed; 0 ignored; 0 measured; 554 filtered out; finished in 0.72s

──── STDERR:             wgpu-test::wgpu-gpu-test [Executed] [Gl/NVIDIA GeForce RTX 3060/PCIe/SSE2/2] wgpu_gpu_test::bind_group_layout_dedup::get_derived_bgl
[2025-03-15T23:07:37Z ERROR wgpu_core::device::resource] indirect-validation error: ComputePipeline(Internal("The selected version doesn't support Features(BUFFER_STORAGE | COMPUTE_SHADER | DYNAMIC_ARRAY_SIZE)"))

thread '<unnamed>' panicked at tests/src/init.rs:156:19:
Failed to initialize device: Parent device is lost
note: run with `RUST_BACKTRACE=1` environment variable to display a backtrace

        FAIL [   0.687s] wgpu-test::wgpu-gpu-test [Executed] [Gl/NVIDIA GeForce RTX 3060/PCIe/SSE2/2] wgpu_gpu_test::bind_group_layout_dedup::separate_pipelines_have_incompatible_derived_bgls
──── STDOUT:             wgpu-test::wgpu-gpu-test [Executed] [Gl/NVIDIA GeForce RTX 3060/PCIe/SSE2/2] wgpu_gpu_test::bind_group_layout_dedup::separate_pipelines_have_incompatible_derived_bgls

running 1 test
test [Executed] [Gl/NVIDIA GeForce RTX 3060/PCIe/SSE2/2] wgpu_gpu_test::bind_group_layout_dedup::separate_pipelines_have_incompatible_derived_bgls ... FAILED

failures:

---- [Executed] [Gl/NVIDIA GeForce RTX 3060/PCIe/SSE2/2] wgpu_gpu_test::bind_group_layout_dedup::separate_pipelines_have_incompatible_derived_bgls ----
test panicked: Failed to initialize device: Parent device is lost


failures:
    [Executed] [Gl/NVIDIA GeForce RTX 3060/PCIe/SSE2/2] wgpu_gpu_test::bind_group_layout_dedup::separate_pipelines_have_incompatible_derived_bgls

test result: FAILED. 0 passed; 1 failed; 0 ignored; 0 measured; 554 filtered out; finished in 0.65s

──── STDERR:             wgpu-test::wgpu-gpu-test [Executed] [Gl/NVIDIA GeForce RTX 3060/PCIe/SSE2/2] wgpu_gpu_test::bind_group_layout_dedup::separate_pipelines_have_incompatible_derived_bgls
[2025-03-15T23:07:37Z ERROR wgpu_core::device::resource] indirect-validation error: ComputePipeline(Internal("The selected version doesn't support Features(BUFFER_STORAGE | COMPUTE_SHADER | DYNAMIC_ARRAY_SIZE)"))

thread '<unnamed>' panicked at tests/src/init.rs:156:19:
Failed to initialize device: Parent device is lost
note: run with `RUST_BACKTRACE=1` environment variable to display a backtrace

        FAIL [   0.630s] wgpu-test::wgpu-gpu-test [Executed] [Gl/NVIDIA GeForce RTX 3060/PCIe/SSE2/2] wgpu_gpu_test::bind_groups::bind_group_nonfiltering_layout_min_sampler
──── STDOUT:             wgpu-test::wgpu-gpu-test [Executed] [Gl/NVIDIA GeForce RTX 3060/PCIe/SSE2/2] wgpu_gpu_test::bind_groups::bind_group_nonfiltering_layout_min_sampler

running 1 test
test [Executed] [Gl/NVIDIA GeForce RTX 3060/PCIe/SSE2/2] wgpu_gpu_test::bind_groups::bind_group_nonfiltering_layout_min_sampler ... FAILED

failures:

---- [Executed] [Gl/NVIDIA GeForce RTX 3060/PCIe/SSE2/2] wgpu_gpu_test::bind_groups::bind_group_nonfiltering_layout_min_sampler ----
test panicked: Failed to initialize device: Parent device is lost


failures:
    [Executed] [Gl/NVIDIA GeForce RTX 3060/PCIe/SSE2/2] wgpu_gpu_test::bind_groups::bind_group_nonfiltering_layout_min_sampler

test result: FAILED. 0 passed; 1 failed; 0 ignored; 0 measured; 554 filtered out; finished in 0.59s

──── STDERR:             wgpu-test::wgpu-gpu-test [Executed] [Gl/NVIDIA GeForce RTX 3060/PCIe/SSE2/2] wgpu_gpu_test::bind_groups::bind_group_nonfiltering_layout_min_sampler
[2025-03-15T23:07:38Z ERROR wgpu_core::device::resource] indirect-validation error: ComputePipeline(Internal("The selected version doesn't support Features(BUFFER_STORAGE | COMPUTE_SHADER | DYNAMIC_ARRAY_SIZE)"))

thread '<unnamed>' panicked at tests/src/init.rs:156:19:
Failed to initialize device: Parent device is lost
note: run with `RUST_BACKTRACE=1` environment variable to display a backtrace

        FAIL [   0.772s] wgpu-test::wgpu-gpu-test [Executed] [Gl/NVIDIA GeForce RTX 3060/PCIe/SSE2/2] wgpu_gpu_test::bind_groups::bind_group_nonfiltering_layout_mag_sampler
──── STDOUT:             wgpu-test::wgpu-gpu-test [Executed] [Gl/NVIDIA GeForce RTX 3060/PCIe/SSE2/2] wgpu_gpu_test::bind_groups::bind_group_nonfiltering_layout_mag_sampler

running 1 test
test [Executed] [Gl/NVIDIA GeForce RTX 3060/PCIe/SSE2/2] wgpu_gpu_test::bind_groups::bind_group_nonfiltering_layout_mag_sampler ... FAILED

failures:

---- [Executed] [Gl/NVIDIA GeForce RTX 3060/PCIe/SSE2/2] wgpu_gpu_test::bind_groups::bind_group_nonfiltering_layout_mag_sampler ----
test panicked: Failed to initialize device: Parent device is lost


failures:
    [Executed] [Gl/NVIDIA GeForce RTX 3060/PCIe/SSE2/2] wgpu_gpu_test::bind_groups::bind_group_nonfiltering_layout_mag_sampler

test result: FAILED. 0 passed; 1 failed; 0 ignored; 0 measured; 554 filtered out; finished in 0.72s

──── STDERR:             wgpu-test::wgpu-gpu-test [Executed] [Gl/NVIDIA GeForce RTX 3060/PCIe/SSE2/2] wgpu_gpu_test::bind_groups::bind_group_nonfiltering_layout_mag_sampler
[2025-03-15T23:07:38Z ERROR wgpu_core::device::resource] indirect-validation error: ComputePipeline(Internal("The selected version doesn't support Features(BUFFER_STORAGE | COMPUTE_SHADER | DYNAMIC_ARRAY_SIZE)"))

thread '<unnamed>' panicked at tests/src/init.rs:156:19:
Failed to initialize device: Parent device is lost
note: run with `RUST_BACKTRACE=1` environment variable to display a backtrace

        FAIL [   0.650s] wgpu-test::wgpu-gpu-test [Executed] [Gl/NVIDIA GeForce RTX 3060/PCIe/SSE2/2] wgpu_gpu_test::buffer::clear_offset_outside_resource_bounds
──── STDOUT:             wgpu-test::wgpu-gpu-test [Executed] [Gl/NVIDIA GeForce RTX 3060/PCIe/SSE2/2] wgpu_gpu_test::buffer::clear_offset_outside_resource_bounds

running 1 test
test [Executed] [Gl/NVIDIA GeForce RTX 3060/PCIe/SSE2/2] wgpu_gpu_test::buffer::clear_offset_outside_resource_bounds ... FAILED

failures:

---- [Executed] [Gl/NVIDIA GeForce RTX 3060/PCIe/SSE2/2] wgpu_gpu_test::buffer::clear_offset_outside_resource_bounds ----
test panicked: Failed to initialize device: Parent device is lost


failures:
    [Executed] [Gl/NVIDIA GeForce RTX 3060/PCIe/SSE2/2] wgpu_gpu_test::buffer::clear_offset_outside_resource_bounds

test result: FAILED. 0 passed; 1 failed; 0 ignored; 0 measured; 554 filtered out; finished in 0.61s

──── STDERR:             wgpu-test::wgpu-gpu-test [Executed] [Gl/NVIDIA GeForce RTX 3060/PCIe/SSE2/2] wgpu_gpu_test::buffer::clear_offset_outside_resource_bounds
[2025-03-15T23:07:38Z ERROR wgpu_core::device::resource] indirect-validation error: ComputePipeline(Internal("The selected version doesn't support Features(BUFFER_STORAGE | COMPUTE_SHADER | DYNAMIC_ARRAY_SIZE)"))

thread '<unnamed>' panicked at tests/src/init.rs:156:19:
Failed to initialize device: Parent device is lost
note: run with `RUST_BACKTRACE=1` environment variable to display a backtrace

        FAIL [   0.755s] wgpu-test::wgpu-gpu-test [Executed] [Gl/NVIDIA GeForce RTX 3060/PCIe/SSE2/2] wgpu_gpu_test::bind_groups::bind_group_nonfiltering_layout_mipmap_sampler
──── STDOUT:             wgpu-test::wgpu-gpu-test [Executed] [Gl/NVIDIA GeForce RTX 3060/PCIe/SSE2/2] wgpu_gpu_test::bind_groups::bind_group_nonfiltering_layout_mipmap_sampler

running 1 test
test [Executed] [Gl/NVIDIA GeForce RTX 3060/PCIe/SSE2/2] wgpu_gpu_test::bind_groups::bind_group_nonfiltering_layout_mipmap_sampler ... FAILED

failures:

---- [Executed] [Gl/NVIDIA GeForce RTX 3060/PCIe/SSE2/2] wgpu_gpu_test::bind_groups::bind_group_nonfiltering_layout_mipmap_sampler ----
test panicked: Failed to initialize device: Parent device is lost


failures:
    [Executed] [Gl/NVIDIA GeForce RTX 3060/PCIe/SSE2/2] wgpu_gpu_test::bind_groups::bind_group_nonfiltering_layout_mipmap_sampler

test result: FAILED. 0 passed; 1 failed; 0 ignored; 0 measured; 554 filtered out; finished in 0.71s

──── STDERR:             wgpu-test::wgpu-gpu-test [Executed] [Gl/NVIDIA GeForce RTX 3060/PCIe/SSE2/2] wgpu_gpu_test::bind_groups::bind_group_nonfiltering_layout_mipmap_sampler
[2025-03-15T23:07:38Z ERROR wgpu_core::device::resource] indirect-validation error: ComputePipeline(Internal("The selected version doesn't support Features(BUFFER_STORAGE | COMPUTE_SHADER | DYNAMIC_ARRAY_SIZE)"))

thread '<unnamed>' panicked at tests/src/init.rs:156:19:
Failed to initialize device: Parent device is lost
note: run with `RUST_BACKTRACE=1` environment variable to display a backtrace

        FAIL [   0.791s] wgpu-test::wgpu-gpu-test [Executed] [Gl/NVIDIA GeForce RTX 3060/PCIe/SSE2/2] wgpu_gpu_test::buffer::clear_offset_plus_size_outside_u64_bounds
──── STDOUT:             wgpu-test::wgpu-gpu-test [Executed] [Gl/NVIDIA GeForce RTX 3060/PCIe/SSE2/2] wgpu_gpu_test::buffer::clear_offset_plus_size_outside_u64_bounds

running 1 test
test [Executed] [Gl/NVIDIA GeForce RTX 3060/PCIe/SSE2/2] wgpu_gpu_test::buffer::clear_offset_plus_size_outside_u64_bounds ... FAILED

failures:

---- [Executed] [Gl/NVIDIA GeForce RTX 3060/PCIe/SSE2/2] wgpu_gpu_test::buffer::clear_offset_plus_size_outside_u64_bounds ----
test panicked: Failed to initialize device: Parent device is lost


failures:
    [Executed] [Gl/NVIDIA GeForce RTX 3060/PCIe/SSE2/2] wgpu_gpu_test::buffer::clear_offset_plus_size_outside_u64_bounds

test result: FAILED. 0 passed; 1 failed; 0 ignored; 0 measured; 554 filtered out; finished in 0.75s

──── STDERR:             wgpu-test::wgpu-gpu-test [Executed] [Gl/NVIDIA GeForce RTX 3060/PCIe/SSE2/2] wgpu_gpu_test::buffer::clear_offset_plus_size_outside_u64_bounds
[2025-03-15T23:07:38Z ERROR wgpu_core::device::resource] indirect-validation error: ComputePipeline(Internal("The selected version doesn't support Features(BUFFER_STORAGE | COMPUTE_SHADER | DYNAMIC_ARRAY_SIZE)"))

thread '<unnamed>' panicked at tests/src/init.rs:156:19:
Failed to initialize device: Parent device is lost
note: run with `RUST_BACKTRACE=1` environment variable to display a backtrace

        PASS [   1.660s] wgpu-test::wgpu-gpu-test [Executed Failure: BACKEND] [Vulkan/NVIDIA GeForce RTX 3060/0] wgpu_gpu_test::shader::struct_layout::uniform_input
        FAIL [   0.869s] wgpu-test::wgpu-gpu-test [Executed] [Gl/NVIDIA GeForce RTX 3060/PCIe/SSE2/2] wgpu_gpu_test::bind_groups::bind_group_nonfiltering_layout_nonfiltering_sampler
──── STDOUT:             wgpu-test::wgpu-gpu-test [Executed] [Gl/NVIDIA GeForce RTX 3060/PCIe/SSE2/2] wgpu_gpu_test::bind_groups::bind_group_nonfiltering_layout_nonfiltering_sampler

running 1 test
test [Executed] [Gl/NVIDIA GeForce RTX 3060/PCIe/SSE2/2] wgpu_gpu_test::bind_groups::bind_group_nonfiltering_layout_nonfiltering_sampler ... FAILED

failures:

---- [Executed] [Gl/NVIDIA GeForce RTX 3060/PCIe/SSE2/2] wgpu_gpu_test::bind_groups::bind_group_nonfiltering_layout_nonfiltering_sampler ----
test panicked: Failed to initialize device: Parent device is lost


failures:
    [Executed] [Gl/NVIDIA GeForce RTX 3060/PCIe/SSE2/2] wgpu_gpu_test::bind_groups::bind_group_nonfiltering_layout_nonfiltering_sampler

test result: FAILED. 0 passed; 1 failed; 0 ignored; 0 measured; 554 filtered out; finished in 0.81s

──── STDERR:             wgpu-test::wgpu-gpu-test [Executed] [Gl/NVIDIA GeForce RTX 3060/PCIe/SSE2/2] wgpu_gpu_test::bind_groups::bind_group_nonfiltering_layout_nonfiltering_sampler
[2025-03-15T23:07:38Z ERROR wgpu_core::device::resource] indirect-validation error: ComputePipeline(Internal("The selected version doesn't support Features(BUFFER_STORAGE | COMPUTE_SHADER | DYNAMIC_ARRAY_SIZE)"))

thread '<unnamed>' panicked at tests/src/init.rs:156:19:
Failed to initialize device: Parent device is lost
note: run with `RUST_BACKTRACE=1` environment variable to display a backtrace

        FAIL [   0.833s] wgpu-test::wgpu-gpu-test [Executed] [Gl/NVIDIA GeForce RTX 3060/PCIe/SSE2/2] wgpu_gpu_test::buffer::minimum_buffer_binding_size_dispatch
──── STDOUT:             wgpu-test::wgpu-gpu-test [Executed] [Gl/NVIDIA GeForce RTX 3060/PCIe/SSE2/2] wgpu_gpu_test::buffer::minimum_buffer_binding_size_dispatch

running 1 test
test [Executed] [Gl/NVIDIA GeForce RTX 3060/PCIe/SSE2/2] wgpu_gpu_test::buffer::minimum_buffer_binding_size_dispatch ... FAILED

failures:

---- [Executed] [Gl/NVIDIA GeForce RTX 3060/PCIe/SSE2/2] wgpu_gpu_test::buffer::minimum_buffer_binding_size_dispatch ----
test panicked: Failed to initialize device: Parent device is lost


failures:
    [Executed] [Gl/NVIDIA GeForce RTX 3060/PCIe/SSE2/2] wgpu_gpu_test::buffer::minimum_buffer_binding_size_dispatch

test result: FAILED. 0 passed; 1 failed; 0 ignored; 0 measured; 554 filtered out; finished in 0.79s

──── STDERR:             wgpu-test::wgpu-gpu-test [Executed] [Gl/NVIDIA GeForce RTX 3060/PCIe/SSE2/2] wgpu_gpu_test::buffer::minimum_buffer_binding_size_dispatch
[2025-03-15T23:07:38Z ERROR wgpu_core::device::resource] indirect-validation error: ComputePipeline(Internal("The selected version doesn't support Features(BUFFER_STORAGE | COMPUTE_SHADER | DYNAMIC_ARRAY_SIZE)"))

thread '<unnamed>' panicked at tests/src/init.rs:156:19:
Failed to initialize device: Parent device is lost
note: run with `RUST_BACKTRACE=1` environment variable to display a backtrace

        FAIL [   0.870s] wgpu-test::wgpu-gpu-test [Executed] [Gl/NVIDIA GeForce RTX 3060/PCIe/SSE2/2] wgpu_gpu_test::buffer::map_offset
──── STDOUT:             wgpu-test::wgpu-gpu-test [Executed] [Gl/NVIDIA GeForce RTX 3060/PCIe/SSE2/2] wgpu_gpu_test::buffer::map_offset

running 1 test
test [Executed] [Gl/NVIDIA GeForce RTX 3060/PCIe/SSE2/2] wgpu_gpu_test::buffer::map_offset ... FAILED

failures:

---- [Executed] [Gl/NVIDIA GeForce RTX 3060/PCIe/SSE2/2] wgpu_gpu_test::buffer::map_offset ----
test panicked: Failed to initialize device: Parent device is lost


failures:
    [Executed] [Gl/NVIDIA GeForce RTX 3060/PCIe/SSE2/2] wgpu_gpu_test::buffer::map_offset

test result: FAILED. 0 passed; 1 failed; 0 ignored; 0 measured; 554 filtered out; finished in 0.83s

──── STDERR:             wgpu-test::wgpu-gpu-test [Executed] [Gl/NVIDIA GeForce RTX 3060/PCIe/SSE2/2] wgpu_gpu_test::buffer::map_offset
[2025-03-15T23:07:38Z ERROR wgpu_core::device::resource] indirect-validation error: ComputePipeline(Internal("The selected version doesn't support Features(BUFFER_STORAGE | COMPUTE_SHADER | DYNAMIC_ARRAY_SIZE)"))

thread '<unnamed>' panicked at tests/src/init.rs:156:19:
Failed to initialize device: Parent device is lost
note: run with `RUST_BACKTRACE=1` environment variable to display a backtrace

        FAIL [   0.815s] wgpu-test::wgpu-gpu-test [Executed] [Gl/NVIDIA GeForce RTX 3060/PCIe/SSE2/2] wgpu_gpu_test::buffer::minimum_buffer_binding_size_layout
──── STDOUT:             wgpu-test::wgpu-gpu-test [Executed] [Gl/NVIDIA GeForce RTX 3060/PCIe/SSE2/2] wgpu_gpu_test::buffer::minimum_buffer_binding_size_layout

running 1 test
test [Executed] [Gl/NVIDIA GeForce RTX 3060/PCIe/SSE2/2] wgpu_gpu_test::buffer::minimum_buffer_binding_size_layout ... FAILED

failures:

---- [Executed] [Gl/NVIDIA GeForce RTX 3060/PCIe/SSE2/2] wgpu_gpu_test::buffer::minimum_buffer_binding_size_layout ----
test panicked: Failed to initialize device: Parent device is lost


failures:
    [Executed] [Gl/NVIDIA GeForce RTX 3060/PCIe/SSE2/2] wgpu_gpu_test::buffer::minimum_buffer_binding_size_layout

test result: FAILED. 0 passed; 1 failed; 0 ignored; 0 measured; 554 filtered out; finished in 0.78s

──── STDERR:             wgpu-test::wgpu-gpu-test [Executed] [Gl/NVIDIA GeForce RTX 3060/PCIe/SSE2/2] wgpu_gpu_test::buffer::minimum_buffer_binding_size_layout
[2025-03-15T23:07:38Z ERROR wgpu_core::device::resource] indirect-validation error: ComputePipeline(Internal("The selected version doesn't support Features(BUFFER_STORAGE | COMPUTE_SHADER | DYNAMIC_ARRAY_SIZE)"))

thread '<unnamed>' panicked at tests/src/init.rs:156:19:
Failed to initialize device: Parent device is lost
note: run with `RUST_BACKTRACE=1` environment variable to display a backtrace

        FAIL [   0.740s] wgpu-test::wgpu-gpu-test [Executed] [Gl/NVIDIA GeForce RTX 3060/PCIe/SSE2/2] wgpu_gpu_test::buffer_copy::copy_alignment
──── STDOUT:             wgpu-test::wgpu-gpu-test [Executed] [Gl/NVIDIA GeForce RTX 3060/PCIe/SSE2/2] wgpu_gpu_test::buffer_copy::copy_alignment

running 1 test
test [Executed] [Gl/NVIDIA GeForce RTX 3060/PCIe/SSE2/2] wgpu_gpu_test::buffer_copy::copy_alignment ... FAILED

failures:

---- [Executed] [Gl/NVIDIA GeForce RTX 3060/PCIe/SSE2/2] wgpu_gpu_test::buffer_copy::copy_alignment ----
test panicked: Failed to initialize device: Parent device is lost


failures:
    [Executed] [Gl/NVIDIA GeForce RTX 3060/PCIe/SSE2/2] wgpu_gpu_test::buffer_copy::copy_alignment

test result: FAILED. 0 passed; 1 failed; 0 ignored; 0 measured; 554 filtered out; finished in 0.70s

──── STDERR:             wgpu-test::wgpu-gpu-test [Executed] [Gl/NVIDIA GeForce RTX 3060/PCIe/SSE2/2] wgpu_gpu_test::buffer_copy::copy_alignment
[2025-03-15T23:07:38Z ERROR wgpu_core::device::resource] indirect-validation error: ComputePipeline(Internal("The selected version doesn't support Features(BUFFER_STORAGE | COMPUTE_SHADER | DYNAMIC_ARRAY_SIZE)"))

thread '<unnamed>' panicked at tests/src/init.rs:156:19:
Failed to initialize device: Parent device is lost
note: run with `RUST_BACKTRACE=1` environment variable to display a backtrace

        FAIL [   0.675s] wgpu-test::wgpu-gpu-test [Executed] [Gl/NVIDIA GeForce RTX 3060/PCIe/SSE2/2] wgpu_gpu_test::clear_texture::clear_texture_uncompressed_gles
──── STDOUT:             wgpu-test::wgpu-gpu-test [Executed] [Gl/NVIDIA GeForce RTX 3060/PCIe/SSE2/2] wgpu_gpu_test::clear_texture::clear_texture_uncompressed_gles

running 1 test
test [Executed] [Gl/NVIDIA GeForce RTX 3060/PCIe/SSE2/2] wgpu_gpu_test::clear_texture::clear_texture_uncompressed_gles ... FAILED

failures:

---- [Executed] [Gl/NVIDIA GeForce RTX 3060/PCIe/SSE2/2] wgpu_gpu_test::clear_texture::clear_texture_uncompressed_gles ----
test panicked: Failed to initialize device: Parent device is lost


failures:
    [Executed] [Gl/NVIDIA GeForce RTX 3060/PCIe/SSE2/2] wgpu_gpu_test::clear_texture::clear_texture_uncompressed_gles

test result: FAILED. 0 passed; 1 failed; 0 ignored; 0 measured; 554 filtered out; finished in 0.64s

──── STDERR:             wgpu-test::wgpu-gpu-test [Executed] [Gl/NVIDIA GeForce RTX 3060/PCIe/SSE2/2] wgpu_gpu_test::clear_texture::clear_texture_uncompressed_gles
[2025-03-15T23:07:38Z ERROR wgpu_core::device::resource] indirect-validation error: ComputePipeline(Internal("The selected version doesn't support Features(BUFFER_STORAGE | COMPUTE_SHADER | DYNAMIC_ARRAY_SIZE)"))

thread '<unnamed>' panicked at tests/src/init.rs:156:19:
Failed to initialize device: Parent device is lost
note: run with `RUST_BACKTRACE=1` environment variable to display a backtrace

        FAIL [   0.879s] wgpu-test::wgpu-gpu-test [Executed] [Gl/NVIDIA GeForce RTX 3060/PCIe/SSE2/2] wgpu_gpu_test::buffer_usages::buffer_usage
──── STDOUT:             wgpu-test::wgpu-gpu-test [Executed] [Gl/NVIDIA GeForce RTX 3060/PCIe/SSE2/2] wgpu_gpu_test::buffer_usages::buffer_usage

running 1 test
test [Executed] [Gl/NVIDIA GeForce RTX 3060/PCIe/SSE2/2] wgpu_gpu_test::buffer_usages::buffer_usage ... FAILED

failures:

---- [Executed] [Gl/NVIDIA GeForce RTX 3060/PCIe/SSE2/2] wgpu_gpu_test::buffer_usages::buffer_usage ----
test panicked: Failed to initialize device: Parent device is lost


failures:
    [Executed] [Gl/NVIDIA GeForce RTX 3060/PCIe/SSE2/2] wgpu_gpu_test::buffer_usages::buffer_usage

test result: FAILED. 0 passed; 1 failed; 0 ignored; 0 measured; 554 filtered out; finished in 0.84s

──── STDERR:             wgpu-test::wgpu-gpu-test [Executed] [Gl/NVIDIA GeForce RTX 3060/PCIe/SSE2/2] wgpu_gpu_test::buffer_usages::buffer_usage
[2025-03-15T23:07:38Z ERROR wgpu_core::device::resource] indirect-validation error: ComputePipeline(Internal("The selected version doesn't support Features(BUFFER_STORAGE | COMPUTE_SHADER | DYNAMIC_ARRAY_SIZE)"))

thread '<unnamed>' panicked at tests/src/init.rs:156:19:
Failed to initialize device: Parent device is lost
note: run with `RUST_BACKTRACE=1` environment variable to display a backtrace

        FAIL [   0.705s] wgpu-test::wgpu-gpu-test [Executed] [Gl/NVIDIA GeForce RTX 3060/PCIe/SSE2/2] wgpu_gpu_test::cloneable_types::cloneable_buffers
──── STDOUT:             wgpu-test::wgpu-gpu-test [Executed] [Gl/NVIDIA GeForce RTX 3060/PCIe/SSE2/2] wgpu_gpu_test::cloneable_types::cloneable_buffers

running 1 test
test [Executed] [Gl/NVIDIA GeForce RTX 3060/PCIe/SSE2/2] wgpu_gpu_test::cloneable_types::cloneable_buffers ... FAILED

failures:

---- [Executed] [Gl/NVIDIA GeForce RTX 3060/PCIe/SSE2/2] wgpu_gpu_test::cloneable_types::cloneable_buffers ----
test panicked: Failed to initialize device: Parent device is lost


failures:
    [Executed] [Gl/NVIDIA GeForce RTX 3060/PCIe/SSE2/2] wgpu_gpu_test::cloneable_types::cloneable_buffers

test result: FAILED. 0 passed; 1 failed; 0 ignored; 0 measured; 554 filtered out; finished in 0.65s

──── STDERR:             wgpu-test::wgpu-gpu-test [Executed] [Gl/NVIDIA GeForce RTX 3060/PCIe/SSE2/2] wgpu_gpu_test::cloneable_types::cloneable_buffers
[2025-03-15T23:07:38Z ERROR wgpu_core::device::resource] indirect-validation error: ComputePipeline(Internal("The selected version doesn't support Features(BUFFER_STORAGE | COMPUTE_SHADER | DYNAMIC_ARRAY_SIZE)"))

thread '<unnamed>' panicked at tests/src/init.rs:156:19:
Failed to initialize device: Parent device is lost
note: run with `RUST_BACKTRACE=1` environment variable to display a backtrace

        FAIL [   0.670s] wgpu-test::wgpu-gpu-test [Executed] [Gl/NVIDIA GeForce RTX 3060/PCIe/SSE2/2] wgpu_gpu_test::compute_pass_ownership::compute_pass_keep_encoder_alive
──── STDOUT:             wgpu-test::wgpu-gpu-test [Executed] [Gl/NVIDIA GeForce RTX 3060/PCIe/SSE2/2] wgpu_gpu_test::compute_pass_ownership::compute_pass_keep_encoder_alive

running 1 test
test [Executed] [Gl/NVIDIA GeForce RTX 3060/PCIe/SSE2/2] wgpu_gpu_test::compute_pass_ownership::compute_pass_keep_encoder_alive ... FAILED

failures:

---- [Executed] [Gl/NVIDIA GeForce RTX 3060/PCIe/SSE2/2] wgpu_gpu_test::compute_pass_ownership::compute_pass_keep_encoder_alive ----
test panicked: Failed to initialize device: Parent device is lost


failures:
    [Executed] [Gl/NVIDIA GeForce RTX 3060/PCIe/SSE2/2] wgpu_gpu_test::compute_pass_ownership::compute_pass_keep_encoder_alive

test result: FAILED. 0 passed; 1 failed; 0 ignored; 0 measured; 554 filtered out; finished in 0.60s

──── STDERR:             wgpu-test::wgpu-gpu-test [Executed] [Gl/NVIDIA GeForce RTX 3060/PCIe/SSE2/2] wgpu_gpu_test::compute_pass_ownership::compute_pass_keep_encoder_alive
[2025-03-15T23:07:38Z ERROR wgpu_core::device::resource] indirect-validation error: ComputePipeline(Internal("The selected version doesn't support Features(BUFFER_STORAGE | COMPUTE_SHADER | DYNAMIC_ARRAY_SIZE)"))

thread '<unnamed>' panicked at tests/src/init.rs:156:19:
Failed to initialize device: Parent device is lost
note: run with `RUST_BACKTRACE=1` environment variable to display a backtrace

        FAIL [   0.632s] wgpu-test::wgpu-gpu-test [Executed] [Gl/NVIDIA GeForce RTX 3060/PCIe/SSE2/2] wgpu_gpu_test::compute_pass_ownership::compute_pass_resource_ownership
──── STDOUT:             wgpu-test::wgpu-gpu-test [Executed] [Gl/NVIDIA GeForce RTX 3060/PCIe/SSE2/2] wgpu_gpu_test::compute_pass_ownership::compute_pass_resource_ownership

running 1 test
test [Executed] [Gl/NVIDIA GeForce RTX 3060/PCIe/SSE2/2] wgpu_gpu_test::compute_pass_ownership::compute_pass_resource_ownership ... FAILED

failures:

---- [Executed] [Gl/NVIDIA GeForce RTX 3060/PCIe/SSE2/2] wgpu_gpu_test::compute_pass_ownership::compute_pass_resource_ownership ----
test panicked: Failed to initialize device: Parent device is lost


failures:
    [Executed] [Gl/NVIDIA GeForce RTX 3060/PCIe/SSE2/2] wgpu_gpu_test::compute_pass_ownership::compute_pass_resource_ownership

test result: FAILED. 0 passed; 1 failed; 0 ignored; 0 measured; 554 filtered out; finished in 0.59s

──── STDERR:             wgpu-test::wgpu-gpu-test [Executed] [Gl/NVIDIA GeForce RTX 3060/PCIe/SSE2/2] wgpu_gpu_test::compute_pass_ownership::compute_pass_resource_ownership
[2025-03-15T23:07:39Z ERROR wgpu_core::device::resource] indirect-validation error: ComputePipeline(Internal("The selected version doesn't support Features(BUFFER_STORAGE | COMPUTE_SHADER | DYNAMIC_ARRAY_SIZE)"))

thread '<unnamed>' panicked at tests/src/init.rs:156:19:
Failed to initialize device: Parent device is lost
note: run with `RUST_BACKTRACE=1` environment variable to display a backtrace

        FAIL [   0.756s] wgpu-test::wgpu-gpu-test [Executed] [Gl/NVIDIA GeForce RTX 3060/PCIe/SSE2/2] wgpu_gpu_test::compute_pass_ownership::compute_pass_query_set_ownership_timestamps
──── STDOUT:             wgpu-test::wgpu-gpu-test [Executed] [Gl/NVIDIA GeForce RTX 3060/PCIe/SSE2/2] wgpu_gpu_test::compute_pass_ownership::compute_pass_query_set_ownership_timestamps

running 1 test
test [Executed] [Gl/NVIDIA GeForce RTX 3060/PCIe/SSE2/2] wgpu_gpu_test::compute_pass_ownership::compute_pass_query_set_ownership_timestamps ... FAILED

failures:

---- [Executed] [Gl/NVIDIA GeForce RTX 3060/PCIe/SSE2/2] wgpu_gpu_test::compute_pass_ownership::compute_pass_query_set_ownership_timestamps ----
test panicked: Failed to initialize device: Parent device is lost


failures:
    [Executed] [Gl/NVIDIA GeForce RTX 3060/PCIe/SSE2/2] wgpu_gpu_test::compute_pass_ownership::compute_pass_query_set_ownership_timestamps

test result: FAILED. 0 passed; 1 failed; 0 ignored; 0 measured; 554 filtered out; finished in 0.70s

──── STDERR:             wgpu-test::wgpu-gpu-test [Executed] [Gl/NVIDIA GeForce RTX 3060/PCIe/SSE2/2] wgpu_gpu_test::compute_pass_ownership::compute_pass_query_set_ownership_timestamps
[2025-03-15T23:07:39Z ERROR wgpu_core::device::resource] indirect-validation error: ComputePipeline(Internal("The selected version doesn't support Features(BUFFER_STORAGE | COMPUTE_SHADER | DYNAMIC_ARRAY_SIZE)"))

thread '<unnamed>' panicked at tests/src/init.rs:156:19:
Failed to initialize device: Parent device is lost
note: run with `RUST_BACKTRACE=1` environment variable to display a backtrace

        FAIL [   0.853s] wgpu-test::wgpu-gpu-test [Executed] [Gl/NVIDIA GeForce RTX 3060/PCIe/SSE2/2] wgpu_gpu_test::device::device_destroy_then_buffer_cleanup
──── STDOUT:             wgpu-test::wgpu-gpu-test [Executed] [Gl/NVIDIA GeForce RTX 3060/PCIe/SSE2/2] wgpu_gpu_test::device::device_destroy_then_buffer_cleanup

running 1 test
test [Executed] [Gl/NVIDIA GeForce RTX 3060/PCIe/SSE2/2] wgpu_gpu_test::device::device_destroy_then_buffer_cleanup ... FAILED

failures:

---- [Executed] [Gl/NVIDIA GeForce RTX 3060/PCIe/SSE2/2] wgpu_gpu_test::device::device_destroy_then_buffer_cleanup ----
test panicked: Failed to initialize device: Parent device is lost


failures:
    [Executed] [Gl/NVIDIA GeForce RTX 3060/PCIe/SSE2/2] wgpu_gpu_test::device::device_destroy_then_buffer_cleanup

test result: FAILED. 0 passed; 1 failed; 0 ignored; 0 measured; 554 filtered out; finished in 0.81s

──── STDERR:             wgpu-test::wgpu-gpu-test [Executed] [Gl/NVIDIA GeForce RTX 3060/PCIe/SSE2/2] wgpu_gpu_test::device::device_destroy_then_buffer_cleanup
[2025-03-15T23:07:39Z ERROR wgpu_core::device::resource] indirect-validation error: ComputePipeline(Internal("The selected version doesn't support Features(BUFFER_STORAGE | COMPUTE_SHADER | DYNAMIC_ARRAY_SIZE)"))

thread '<unnamed>' panicked at tests/src/init.rs:156:19:
Failed to initialize device: Parent device is lost
note: run with `RUST_BACKTRACE=1` environment variable to display a backtrace

        FAIL [   0.835s] wgpu-test::wgpu-gpu-test [Executed] [Gl/NVIDIA GeForce RTX 3060/PCIe/SSE2/2] wgpu_gpu_test::device::device_destroy_then_lost
──── STDOUT:             wgpu-test::wgpu-gpu-test [Executed] [Gl/NVIDIA GeForce RTX 3060/PCIe/SSE2/2] wgpu_gpu_test::device::device_destroy_then_lost

running 1 test
test [Executed] [Gl/NVIDIA GeForce RTX 3060/PCIe/SSE2/2] wgpu_gpu_test::device::device_destroy_then_lost ... FAILED

failures:

---- [Executed] [Gl/NVIDIA GeForce RTX 3060/PCIe/SSE2/2] wgpu_gpu_test::device::device_destroy_then_lost ----
test panicked: Failed to initialize device: Parent device is lost


failures:
    [Executed] [Gl/NVIDIA GeForce RTX 3060/PCIe/SSE2/2] wgpu_gpu_test::device::device_destroy_then_lost

test result: FAILED. 0 passed; 1 failed; 0 ignored; 0 measured; 554 filtered out; finished in 0.80s

──── STDERR:             wgpu-test::wgpu-gpu-test [Executed] [Gl/NVIDIA GeForce RTX 3060/PCIe/SSE2/2] wgpu_gpu_test::device::device_destroy_then_lost
[2025-03-15T23:07:39Z ERROR wgpu_core::device::resource] indirect-validation error: ComputePipeline(Internal("The selected version doesn't support Features(BUFFER_STORAGE | COMPUTE_SHADER | DYNAMIC_ARRAY_SIZE)"))

thread '<unnamed>' panicked at tests/src/init.rs:156:19:
Failed to initialize device: Parent device is lost
note: run with `RUST_BACKTRACE=1` environment variable to display a backtrace

        FAIL [   0.794s] wgpu-test::wgpu-gpu-test [Executed] [Gl/NVIDIA GeForce RTX 3060/PCIe/SSE2/2] wgpu_gpu_test::device::device_lifetime_check
──── STDOUT:             wgpu-test::wgpu-gpu-test [Executed] [Gl/NVIDIA GeForce RTX 3060/PCIe/SSE2/2] wgpu_gpu_test::device::device_lifetime_check

running 1 test
test [Executed] [Gl/NVIDIA GeForce RTX 3060/PCIe/SSE2/2] wgpu_gpu_test::device::device_lifetime_check ... FAILED

failures:

---- [Executed] [Gl/NVIDIA GeForce RTX 3060/PCIe/SSE2/2] wgpu_gpu_test::device::device_lifetime_check ----
test panicked: Failed to initialize device: Parent device is lost


failures:
    [Executed] [Gl/NVIDIA GeForce RTX 3060/PCIe/SSE2/2] wgpu_gpu_test::device::device_lifetime_check

test result: FAILED. 0 passed; 1 failed; 0 ignored; 0 measured; 554 filtered out; finished in 0.74s

──── STDERR:             wgpu-test::wgpu-gpu-test [Executed] [Gl/NVIDIA GeForce RTX 3060/PCIe/SSE2/2] wgpu_gpu_test::device::device_lifetime_check
[2025-03-15T23:07:39Z ERROR wgpu_core::device::resource] indirect-validation error: ComputePipeline(Internal("The selected version doesn't support Features(BUFFER_STORAGE | COMPUTE_SHADER | DYNAMIC_ARRAY_SIZE)"))

thread '<unnamed>' panicked at tests/src/init.rs:156:19:
Failed to initialize device: Parent device is lost
note: run with `RUST_BACKTRACE=1` environment variable to display a backtrace

        FAIL [   0.946s] wgpu-test::wgpu-gpu-test [Executed] [Gl/NVIDIA GeForce RTX 3060/PCIe/SSE2/2] wgpu_gpu_test::device::device_and_queue_have_different_ids
──── STDOUT:             wgpu-test::wgpu-gpu-test [Executed] [Gl/NVIDIA GeForce RTX 3060/PCIe/SSE2/2] wgpu_gpu_test::device::device_and_queue_have_different_ids

running 1 test
test [Executed] [Gl/NVIDIA GeForce RTX 3060/PCIe/SSE2/2] wgpu_gpu_test::device::device_and_queue_have_different_ids ... FAILED

failures:

---- [Executed] [Gl/NVIDIA GeForce RTX 3060/PCIe/SSE2/2] wgpu_gpu_test::device::device_and_queue_have_different_ids ----
test panicked: Failed to initialize device: Parent device is lost


failures:
    [Executed] [Gl/NVIDIA GeForce RTX 3060/PCIe/SSE2/2] wgpu_gpu_test::device::device_and_queue_have_different_ids

test result: FAILED. 0 passed; 1 failed; 0 ignored; 0 measured; 554 filtered out; finished in 0.87s

──── STDERR:             wgpu-test::wgpu-gpu-test [Executed] [Gl/NVIDIA GeForce RTX 3060/PCIe/SSE2/2] wgpu_gpu_test::device::device_and_queue_have_different_ids
[2025-03-15T23:07:39Z ERROR wgpu_core::device::resource] indirect-validation error: ComputePipeline(Internal("The selected version doesn't support Features(BUFFER_STORAGE | COMPUTE_SHADER | DYNAMIC_ARRAY_SIZE)"))

thread '<unnamed>' panicked at tests/src/init.rs:156:19:
Failed to initialize device: Parent device is lost
note: run with `RUST_BACKTRACE=1` environment variable to display a backtrace

        FAIL [   0.881s] wgpu-test::wgpu-gpu-test [Executed] [Gl/NVIDIA GeForce RTX 3060/PCIe/SSE2/2] wgpu_gpu_test::device::device_destroy_then_more
──── STDOUT:             wgpu-test::wgpu-gpu-test [Executed] [Gl/NVIDIA GeForce RTX 3060/PCIe/SSE2/2] wgpu_gpu_test::device::device_destroy_then_more

running 1 test
test [Executed] [Gl/NVIDIA GeForce RTX 3060/PCIe/SSE2/2] wgpu_gpu_test::device::device_destroy_then_more ... FAILED

failures:

---- [Executed] [Gl/NVIDIA GeForce RTX 3060/PCIe/SSE2/2] wgpu_gpu_test::device::device_destroy_then_more ----
test panicked: Failed to initialize device: Parent device is lost


failures:
    [Executed] [Gl/NVIDIA GeForce RTX 3060/PCIe/SSE2/2] wgpu_gpu_test::device::device_destroy_then_more

test result: FAILED. 0 passed; 1 failed; 0 ignored; 0 measured; 554 filtered out; finished in 0.83s

──── STDERR:             wgpu-test::wgpu-gpu-test [Executed] [Gl/NVIDIA GeForce RTX 3060/PCIe/SSE2/2] wgpu_gpu_test::device::device_destroy_then_more
[2025-03-15T23:07:39Z ERROR wgpu_core::device::resource] indirect-validation error: ComputePipeline(Internal("The selected version doesn't support Features(BUFFER_STORAGE | COMPUTE_SHADER | DYNAMIC_ARRAY_SIZE)"))

thread '<unnamed>' panicked at tests/src/init.rs:156:19:
Failed to initialize device: Parent device is lost
note: run with `RUST_BACKTRACE=1` environment variable to display a backtrace

        FAIL [   0.810s] wgpu-test::wgpu-gpu-test [Executed] [Gl/NVIDIA GeForce RTX 3060/PCIe/SSE2/2] wgpu_gpu_test::device::different_bgl_order_bw_shader_and_api
──── STDOUT:             wgpu-test::wgpu-gpu-test [Executed] [Gl/NVIDIA GeForce RTX 3060/PCIe/SSE2/2] wgpu_gpu_test::device::different_bgl_order_bw_shader_and_api

running 1 test
test [Executed] [Gl/NVIDIA GeForce RTX 3060/PCIe/SSE2/2] wgpu_gpu_test::device::different_bgl_order_bw_shader_and_api ... FAILED

failures:

---- [Executed] [Gl/NVIDIA GeForce RTX 3060/PCIe/SSE2/2] wgpu_gpu_test::device::different_bgl_order_bw_shader_and_api ----
test panicked: Failed to initialize device: Parent device is lost


failures:
    [Executed] [Gl/NVIDIA GeForce RTX 3060/PCIe/SSE2/2] wgpu_gpu_test::device::different_bgl_order_bw_shader_and_api

test result: FAILED. 0 passed; 1 failed; 0 ignored; 0 measured; 554 filtered out; finished in 0.77s

──── STDERR:             wgpu-test::wgpu-gpu-test [Executed] [Gl/NVIDIA GeForce RTX 3060/PCIe/SSE2/2] wgpu_gpu_test::device::different_bgl_order_bw_shader_and_api
[2025-03-15T23:07:39Z ERROR wgpu_core::device::resource] indirect-validation error: ComputePipeline(Internal("The selected version doesn't support Features(BUFFER_STORAGE | COMPUTE_SHADER | DYNAMIC_ARRAY_SIZE)"))

thread '<unnamed>' panicked at tests/src/init.rs:156:19:
Failed to initialize device: Parent device is lost
note: run with `RUST_BACKTRACE=1` environment variable to display a backtrace

        FAIL [   0.700s] wgpu-test::wgpu-gpu-test [Executed] [Gl/NVIDIA GeForce RTX 3060/PCIe/SSE2/2] wgpu_gpu_test::device::multiple_devices
──── STDOUT:             wgpu-test::wgpu-gpu-test [Executed] [Gl/NVIDIA GeForce RTX 3060/PCIe/SSE2/2] wgpu_gpu_test::device::multiple_devices

running 1 test
test [Executed] [Gl/NVIDIA GeForce RTX 3060/PCIe/SSE2/2] wgpu_gpu_test::device::multiple_devices ... FAILED

failures:

---- [Executed] [Gl/NVIDIA GeForce RTX 3060/PCIe/SSE2/2] wgpu_gpu_test::device::multiple_devices ----
test panicked: Failed to initialize device: Parent device is lost


failures:
    [Executed] [Gl/NVIDIA GeForce RTX 3060/PCIe/SSE2/2] wgpu_gpu_test::device::multiple_devices

test result: FAILED. 0 passed; 1 failed; 0 ignored; 0 measured; 554 filtered out; finished in 0.66s

──── STDERR:             wgpu-test::wgpu-gpu-test [Executed] [Gl/NVIDIA GeForce RTX 3060/PCIe/SSE2/2] wgpu_gpu_test::device::multiple_devices
[2025-03-15T23:07:39Z ERROR wgpu_core::device::resource] indirect-validation error: ComputePipeline(Internal("The selected version doesn't support Features(BUFFER_STORAGE | COMPUTE_SHADER | DYNAMIC_ARRAY_SIZE)"))

thread '<unnamed>' panicked at tests/src/init.rs:156:19:
Failed to initialize device: Parent device is lost
note: run with `RUST_BACKTRACE=1` environment variable to display a backtrace

        FAIL [   0.737s] wgpu-test::wgpu-gpu-test [Executed] [Gl/NVIDIA GeForce RTX 3060/PCIe/SSE2/2] wgpu_gpu_test::dispatch_workgroups_indirect::discard_dispatch
──── STDOUT:             wgpu-test::wgpu-gpu-test [Executed] [Gl/NVIDIA GeForce RTX 3060/PCIe/SSE2/2] wgpu_gpu_test::dispatch_workgroups_indirect::discard_dispatch

running 1 test
test [Executed] [Gl/NVIDIA GeForce RTX 3060/PCIe/SSE2/2] wgpu_gpu_test::dispatch_workgroups_indirect::discard_dispatch ... FAILED

failures:

---- [Executed] [Gl/NVIDIA GeForce RTX 3060/PCIe/SSE2/2] wgpu_gpu_test::dispatch_workgroups_indirect::discard_dispatch ----
test panicked: Failed to initialize device: Parent device is lost


failures:
    [Executed] [Gl/NVIDIA GeForce RTX 3060/PCIe/SSE2/2] wgpu_gpu_test::dispatch_workgroups_indirect::discard_dispatch

test result: FAILED. 0 passed; 1 failed; 0 ignored; 0 measured; 554 filtered out; finished in 0.70s

──── STDERR:             wgpu-test::wgpu-gpu-test [Executed] [Gl/NVIDIA GeForce RTX 3060/PCIe/SSE2/2] wgpu_gpu_test::dispatch_workgroups_indirect::discard_dispatch
[2025-03-15T23:07:39Z ERROR wgpu_core::device::resource] indirect-validation error: ComputePipeline(Internal("The selected version doesn't support Features(BUFFER_STORAGE | COMPUTE_SHADER | DYNAMIC_ARRAY_SIZE)"))

thread '<unnamed>' panicked at tests/src/init.rs:156:19:
Failed to initialize device: Parent device is lost
note: run with `RUST_BACKTRACE=1` environment variable to display a backtrace

        FAIL [   0.872s] wgpu-test::wgpu-gpu-test [Executed] [Gl/NVIDIA GeForce RTX 3060/PCIe/SSE2/2] wgpu_gpu_test::device::request_device_error_message_native
──── STDOUT:             wgpu-test::wgpu-gpu-test [Executed] [Gl/NVIDIA GeForce RTX 3060/PCIe/SSE2/2] wgpu_gpu_test::device::request_device_error_message_native

running 1 test
test [Executed] [Gl/NVIDIA GeForce RTX 3060/PCIe/SSE2/2] wgpu_gpu_test::device::request_device_error_message_native ... FAILED

failures:

---- [Executed] [Gl/NVIDIA GeForce RTX 3060/PCIe/SSE2/2] wgpu_gpu_test::device::request_device_error_message_native ----
test panicked: Failed to initialize device: Parent device is lost


failures:
    [Executed] [Gl/NVIDIA GeForce RTX 3060/PCIe/SSE2/2] wgpu_gpu_test::device::request_device_error_message_native

test result: FAILED. 0 passed; 1 failed; 0 ignored; 0 measured; 554 filtered out; finished in 0.83s

──── STDERR:             wgpu-test::wgpu-gpu-test [Executed] [Gl/NVIDIA GeForce RTX 3060/PCIe/SSE2/2] wgpu_gpu_test::device::request_device_error_message_native
[2025-03-15T23:07:39Z ERROR wgpu_core::device::resource] indirect-validation error: ComputePipeline(Internal("The selected version doesn't support Features(BUFFER_STORAGE | COMPUTE_SHADER | DYNAMIC_ARRAY_SIZE)"))

thread '<unnamed>' panicked at tests/src/init.rs:156:19:
Failed to initialize device: Parent device is lost
note: run with `RUST_BACKTRACE=1` environment variable to display a backtrace

        FAIL [   0.728s] wgpu-test::wgpu-gpu-test [Executed] [Gl/NVIDIA GeForce RTX 3060/PCIe/SSE2/2] wgpu_gpu_test::dispatch_workgroups_indirect::reset_bind_groups
──── STDOUT:             wgpu-test::wgpu-gpu-test [Executed] [Gl/NVIDIA GeForce RTX 3060/PCIe/SSE2/2] wgpu_gpu_test::dispatch_workgroups_indirect::reset_bind_groups

running 1 test
test [Executed] [Gl/NVIDIA GeForce RTX 3060/PCIe/SSE2/2] wgpu_gpu_test::dispatch_workgroups_indirect::reset_bind_groups ... FAILED

failures:

---- [Executed] [Gl/NVIDIA GeForce RTX 3060/PCIe/SSE2/2] wgpu_gpu_test::dispatch_workgroups_indirect::reset_bind_groups ----
test panicked: Failed to initialize device: Parent device is lost


failures:
    [Executed] [Gl/NVIDIA GeForce RTX 3060/PCIe/SSE2/2] wgpu_gpu_test::dispatch_workgroups_indirect::reset_bind_groups

test result: FAILED. 0 passed; 1 failed; 0 ignored; 0 measured; 554 filtered out; finished in 0.69s

──── STDERR:             wgpu-test::wgpu-gpu-test [Executed] [Gl/NVIDIA GeForce RTX 3060/PCIe/SSE2/2] wgpu_gpu_test::dispatch_workgroups_indirect::reset_bind_groups
[2025-03-15T23:07:39Z ERROR wgpu_core::device::resource] indirect-validation error: ComputePipeline(Internal("The selected version doesn't support Features(BUFFER_STORAGE | COMPUTE_SHADER | DYNAMIC_ARRAY_SIZE)"))

thread '<unnamed>' panicked at tests/src/init.rs:156:19:
Failed to initialize device: Parent device is lost
note: run with `RUST_BACKTRACE=1` environment variable to display a backtrace

        FAIL [   0.882s] wgpu-test::wgpu-gpu-test [Executed] [Gl/NVIDIA GeForce RTX 3060/PCIe/SSE2/2] wgpu_gpu_test::dispatch_workgroups_indirect::num_workgroups_builtin
──── STDOUT:             wgpu-test::wgpu-gpu-test [Executed] [Gl/NVIDIA GeForce RTX 3060/PCIe/SSE2/2] wgpu_gpu_test::dispatch_workgroups_indirect::num_workgroups_builtin

running 1 test
test [Executed] [Gl/NVIDIA GeForce RTX 3060/PCIe/SSE2/2] wgpu_gpu_test::dispatch_workgroups_indirect::num_workgroups_builtin ... FAILED

failures:

---- [Executed] [Gl/NVIDIA GeForce RTX 3060/PCIe/SSE2/2] wgpu_gpu_test::dispatch_workgroups_indirect::num_workgroups_builtin ----
test panicked: Failed to initialize device: Parent device is lost


failures:
    [Executed] [Gl/NVIDIA GeForce RTX 3060/PCIe/SSE2/2] wgpu_gpu_test::dispatch_workgroups_indirect::num_workgroups_builtin

test result: FAILED. 0 passed; 1 failed; 0 ignored; 0 measured; 554 filtered out; finished in 0.83s

──── STDERR:             wgpu-test::wgpu-gpu-test [Executed] [Gl/NVIDIA GeForce RTX 3060/PCIe/SSE2/2] wgpu_gpu_test::dispatch_workgroups_indirect::num_workgroups_builtin
[2025-03-15T23:07:39Z ERROR wgpu_core::device::resource] indirect-validation error: ComputePipeline(Internal("The selected version doesn't support Features(BUFFER_STORAGE | COMPUTE_SHADER | DYNAMIC_ARRAY_SIZE)"))

thread '<unnamed>' panicked at tests/src/init.rs:156:19:
Failed to initialize device: Parent device is lost
note: run with `RUST_BACKTRACE=1` environment variable to display a backtrace

        FAIL [   0.757s] wgpu-test::wgpu-gpu-test [Executed] [Gl/NVIDIA GeForce RTX 3060/PCIe/SSE2/2] wgpu_gpu_test::dispatch_workgroups_indirect::zero_sized_buffer
──── STDOUT:             wgpu-test::wgpu-gpu-test [Executed] [Gl/NVIDIA GeForce RTX 3060/PCIe/SSE2/2] wgpu_gpu_test::dispatch_workgroups_indirect::zero_sized_buffer

running 1 test
test [Executed] [Gl/NVIDIA GeForce RTX 3060/PCIe/SSE2/2] wgpu_gpu_test::dispatch_workgroups_indirect::zero_sized_buffer ... FAILED

failures:

---- [Executed] [Gl/NVIDIA GeForce RTX 3060/PCIe/SSE2/2] wgpu_gpu_test::dispatch_workgroups_indirect::zero_sized_buffer ----
test panicked: Failed to initialize device: Parent device is lost


failures:
    [Executed] [Gl/NVIDIA GeForce RTX 3060/PCIe/SSE2/2] wgpu_gpu_test::dispatch_workgroups_indirect::zero_sized_buffer

test result: FAILED. 0 passed; 1 failed; 0 ignored; 0 measured; 554 filtered out; finished in 0.71s

──── STDERR:             wgpu-test::wgpu-gpu-test [Executed] [Gl/NVIDIA GeForce RTX 3060/PCIe/SSE2/2] wgpu_gpu_test::dispatch_workgroups_indirect::zero_sized_buffer
[2025-03-15T23:07:39Z ERROR wgpu_core::device::resource] indirect-validation error: ComputePipeline(Internal("The selected version doesn't support Features(BUFFER_STORAGE | COMPUTE_SHADER | DYNAMIC_ARRAY_SIZE)"))

thread '<unnamed>' panicked at tests/src/init.rs:156:19:
Failed to initialize device: Parent device is lost
note: run with `RUST_BACKTRACE=1` environment variable to display a backtrace

        FAIL [   0.739s] wgpu-test::wgpu-gpu-test [Executed] [Gl/NVIDIA GeForce RTX 3060/PCIe/SSE2/2] wgpu_gpu_test::dual_source_blending::dual_source_blending_feature_disabled
──── STDOUT:             wgpu-test::wgpu-gpu-test [Executed] [Gl/NVIDIA GeForce RTX 3060/PCIe/SSE2/2] wgpu_gpu_test::dual_source_blending::dual_source_blending_feature_disabled

running 1 test
test [Executed] [Gl/NVIDIA GeForce RTX 3060/PCIe/SSE2/2] wgpu_gpu_test::dual_source_blending::dual_source_blending_feature_disabled ... FAILED

failures:

---- [Executed] [Gl/NVIDIA GeForce RTX 3060/PCIe/SSE2/2] wgpu_gpu_test::dual_source_blending::dual_source_blending_feature_disabled ----
test panicked: Failed to initialize device: Parent device is lost


failures:
    [Executed] [Gl/NVIDIA GeForce RTX 3060/PCIe/SSE2/2] wgpu_gpu_test::dual_source_blending::dual_source_blending_feature_disabled

test result: FAILED. 0 passed; 1 failed; 0 ignored; 0 measured; 554 filtered out; finished in 0.70s

──── STDERR:             wgpu-test::wgpu-gpu-test [Executed] [Gl/NVIDIA GeForce RTX 3060/PCIe/SSE2/2] wgpu_gpu_test::dual_source_blending::dual_source_blending_feature_disabled
[2025-03-15T23:07:40Z ERROR wgpu_core::device::resource] indirect-validation error: ComputePipeline(Internal("The selected version doesn't support Features(BUFFER_STORAGE | COMPUTE_SHADER | DYNAMIC_ARRAY_SIZE)"))

thread '<unnamed>' panicked at tests/src/init.rs:156:19:
Failed to initialize device: Parent device is lost
note: run with `RUST_BACKTRACE=1` environment variable to display a backtrace

        FAIL [   0.712s] wgpu-test::wgpu-gpu-test [Executed] [Gl/NVIDIA GeForce RTX 3060/PCIe/SSE2/2] wgpu_gpu_test::dual_source_blending::dual_source_blending_feature_enabled
──── STDOUT:             wgpu-test::wgpu-gpu-test [Executed] [Gl/NVIDIA GeForce RTX 3060/PCIe/SSE2/2] wgpu_gpu_test::dual_source_blending::dual_source_blending_feature_enabled

running 1 test
test [Executed] [Gl/NVIDIA GeForce RTX 3060/PCIe/SSE2/2] wgpu_gpu_test::dual_source_blending::dual_source_blending_feature_enabled ... FAILED

failures:

---- [Executed] [Gl/NVIDIA GeForce RTX 3060/PCIe/SSE2/2] wgpu_gpu_test::dual_source_blending::dual_source_blending_feature_enabled ----
test panicked: Failed to initialize device: Parent device is lost


failures:
    [Executed] [Gl/NVIDIA GeForce RTX 3060/PCIe/SSE2/2] wgpu_gpu_test::dual_source_blending::dual_source_blending_feature_enabled

test result: FAILED. 0 passed; 1 failed; 0 ignored; 0 measured; 554 filtered out; finished in 0.66s

──── STDERR:             wgpu-test::wgpu-gpu-test [Executed] [Gl/NVIDIA GeForce RTX 3060/PCIe/SSE2/2] wgpu_gpu_test::dual_source_blending::dual_source_blending_feature_enabled
[2025-03-15T23:07:40Z ERROR wgpu_core::device::resource] indirect-validation error: ComputePipeline(Internal("The selected version doesn't support Features(BUFFER_STORAGE | COMPUTE_SHADER | DYNAMIC_ARRAY_SIZE)"))

thread '<unnamed>' panicked at tests/src/init.rs:156:19:
Failed to initialize device: Parent device is lost
note: run with `RUST_BACKTRACE=1` environment variable to display a backtrace

        FAIL [   0.733s] wgpu-test::wgpu-gpu-test [Executed] [Gl/NVIDIA GeForce RTX 3060/PCIe/SSE2/2] wgpu_gpu_test::encoder::drop_encoder
──── STDOUT:             wgpu-test::wgpu-gpu-test [Executed] [Gl/NVIDIA GeForce RTX 3060/PCIe/SSE2/2] wgpu_gpu_test::encoder::drop_encoder

running 1 test
test [Executed] [Gl/NVIDIA GeForce RTX 3060/PCIe/SSE2/2] wgpu_gpu_test::encoder::drop_encoder ... FAILED

failures:

---- [Executed] [Gl/NVIDIA GeForce RTX 3060/PCIe/SSE2/2] wgpu_gpu_test::encoder::drop_encoder ----
test panicked: Failed to initialize device: Parent device is lost


failures:
    [Executed] [Gl/NVIDIA GeForce RTX 3060/PCIe/SSE2/2] wgpu_gpu_test::encoder::drop_encoder

test result: FAILED. 0 passed; 1 failed; 0 ignored; 0 measured; 554 filtered out; finished in 0.70s

──── STDERR:             wgpu-test::wgpu-gpu-test [Executed] [Gl/NVIDIA GeForce RTX 3060/PCIe/SSE2/2] wgpu_gpu_test::encoder::drop_encoder
[2025-03-15T23:07:40Z ERROR wgpu_core::device::resource] indirect-validation error: ComputePipeline(Internal("The selected version doesn't support Features(BUFFER_STORAGE | COMPUTE_SHADER | DYNAMIC_ARRAY_SIZE)"))

thread '<unnamed>' panicked at tests/src/init.rs:156:19:
Failed to initialize device: Parent device is lost
note: run with `RUST_BACKTRACE=1` environment variable to display a backtrace

        FAIL [   0.841s] wgpu-test::wgpu-gpu-test [Executed] [Gl/NVIDIA GeForce RTX 3060/PCIe/SSE2/2] wgpu_gpu_test::encoder::drop_encoder_after_error
──── STDOUT:             wgpu-test::wgpu-gpu-test [Executed] [Gl/NVIDIA GeForce RTX 3060/PCIe/SSE2/2] wgpu_gpu_test::encoder::drop_encoder_after_error

running 1 test
test [Executed] [Gl/NVIDIA GeForce RTX 3060/PCIe/SSE2/2] wgpu_gpu_test::encoder::drop_encoder_after_error ... FAILED

failures:

---- [Executed] [Gl/NVIDIA GeForce RTX 3060/PCIe/SSE2/2] wgpu_gpu_test::encoder::drop_encoder_after_error ----
test panicked: Failed to initialize device: Parent device is lost


failures:
    [Executed] [Gl/NVIDIA GeForce RTX 3060/PCIe/SSE2/2] wgpu_gpu_test::encoder::drop_encoder_after_error

test result: FAILED. 0 passed; 1 failed; 0 ignored; 0 measured; 554 filtered out; finished in 0.80s

──── STDERR:             wgpu-test::wgpu-gpu-test [Executed] [Gl/NVIDIA GeForce RTX 3060/PCIe/SSE2/2] wgpu_gpu_test::encoder::drop_encoder_after_error
[2025-03-15T23:07:40Z ERROR wgpu_core::device::resource] indirect-validation error: ComputePipeline(Internal("The selected version doesn't support Features(BUFFER_STORAGE | COMPUTE_SHADER | DYNAMIC_ARRAY_SIZE)"))

thread '<unnamed>' panicked at tests/src/init.rs:156:19:
Failed to initialize device: Parent device is lost
note: run with `RUST_BACKTRACE=1` environment variable to display a backtrace

        FAIL [   0.822s] wgpu-test::wgpu-gpu-test [Executed] [Gl/NVIDIA GeForce RTX 3060/PCIe/SSE2/2] wgpu_gpu_test::float32_filterable::float32_filterable_with_feature
──── STDOUT:             wgpu-test::wgpu-gpu-test [Executed] [Gl/NVIDIA GeForce RTX 3060/PCIe/SSE2/2] wgpu_gpu_test::float32_filterable::float32_filterable_with_feature

running 1 test
test [Executed] [Gl/NVIDIA GeForce RTX 3060/PCIe/SSE2/2] wgpu_gpu_test::float32_filterable::float32_filterable_with_feature ... FAILED

failures:

---- [Executed] [Gl/NVIDIA GeForce RTX 3060/PCIe/SSE2/2] wgpu_gpu_test::float32_filterable::float32_filterable_with_feature ----
test panicked: Failed to initialize device: Parent device is lost


failures:
    [Executed] [Gl/NVIDIA GeForce RTX 3060/PCIe/SSE2/2] wgpu_gpu_test::float32_filterable::float32_filterable_with_feature

test result: FAILED. 0 passed; 1 failed; 0 ignored; 0 measured; 554 filtered out; finished in 0.79s

──── STDERR:             wgpu-test::wgpu-gpu-test [Executed] [Gl/NVIDIA GeForce RTX 3060/PCIe/SSE2/2] wgpu_gpu_test::float32_filterable::float32_filterable_with_feature
[2025-03-15T23:07:40Z ERROR wgpu_core::device::resource] indirect-validation error: ComputePipeline(Internal("The selected version doesn't support Features(BUFFER_STORAGE | COMPUTE_SHADER | DYNAMIC_ARRAY_SIZE)"))

thread '<unnamed>' panicked at tests/src/init.rs:156:19:
Failed to initialize device: Parent device is lost
note: run with `RUST_BACKTRACE=1` environment variable to display a backtrace

        FAIL [   0.757s] wgpu-test::wgpu-gpu-test [Executed] [Gl/NVIDIA GeForce RTX 3060/PCIe/SSE2/2] wgpu_gpu_test::float32_filterable::float32_filterable_without_feature
──── STDOUT:             wgpu-test::wgpu-gpu-test [Executed] [Gl/NVIDIA GeForce RTX 3060/PCIe/SSE2/2] wgpu_gpu_test::float32_filterable::float32_filterable_without_feature

running 1 test
test [Executed] [Gl/NVIDIA GeForce RTX 3060/PCIe/SSE2/2] wgpu_gpu_test::float32_filterable::float32_filterable_without_feature ... FAILED

failures:

---- [Executed] [Gl/NVIDIA GeForce RTX 3060/PCIe/SSE2/2] wgpu_gpu_test::float32_filterable::float32_filterable_without_feature ----
test panicked: Failed to initialize device: Parent device is lost


failures:
    [Executed] [Gl/NVIDIA GeForce RTX 3060/PCIe/SSE2/2] wgpu_gpu_test::float32_filterable::float32_filterable_without_feature

test result: FAILED. 0 passed; 1 failed; 0 ignored; 0 measured; 554 filtered out; finished in 0.71s

──── STDERR:             wgpu-test::wgpu-gpu-test [Executed] [Gl/NVIDIA GeForce RTX 3060/PCIe/SSE2/2] wgpu_gpu_test::float32_filterable::float32_filterable_without_feature
[2025-03-15T23:07:40Z ERROR wgpu_core::device::resource] indirect-validation error: ComputePipeline(Internal("The selected version doesn't support Features(BUFFER_STORAGE | COMPUTE_SHADER | DYNAMIC_ARRAY_SIZE)"))

thread '<unnamed>' panicked at tests/src/init.rs:156:19:
Failed to initialize device: Parent device is lost
note: run with `RUST_BACKTRACE=1` environment variable to display a backtrace

        FAIL [   0.921s] wgpu-test::wgpu-gpu-test [Executed] [Gl/NVIDIA GeForce RTX 3060/PCIe/SSE2/2] wgpu_gpu_test::encoder::encoder_operations_fail_while_pass_alive
──── STDOUT:             wgpu-test::wgpu-gpu-test [Executed] [Gl/NVIDIA GeForce RTX 3060/PCIe/SSE2/2] wgpu_gpu_test::encoder::encoder_operations_fail_while_pass_alive

running 1 test
test [Executed] [Gl/NVIDIA GeForce RTX 3060/PCIe/SSE2/2] wgpu_gpu_test::encoder::encoder_operations_fail_while_pass_alive ... FAILED

failures:

---- [Executed] [Gl/NVIDIA GeForce RTX 3060/PCIe/SSE2/2] wgpu_gpu_test::encoder::encoder_operations_fail_while_pass_alive ----
test panicked: Failed to initialize device: Parent device is lost


failures:
    [Executed] [Gl/NVIDIA GeForce RTX 3060/PCIe/SSE2/2] wgpu_gpu_test::encoder::encoder_operations_fail_while_pass_alive

test result: FAILED. 0 passed; 1 failed; 0 ignored; 0 measured; 554 filtered out; finished in 0.89s

──── STDERR:             wgpu-test::wgpu-gpu-test [Executed] [Gl/NVIDIA GeForce RTX 3060/PCIe/SSE2/2] wgpu_gpu_test::encoder::encoder_operations_fail_while_pass_alive
[2025-03-15T23:07:40Z ERROR wgpu_core::device::resource] indirect-validation error: ComputePipeline(Internal("The selected version doesn't support Features(BUFFER_STORAGE | COMPUTE_SHADER | DYNAMIC_ARRAY_SIZE)"))

thread '<unnamed>' panicked at tests/src/init.rs:156:19:
Failed to initialize device: Parent device is lost
note: run with `RUST_BACKTRACE=1` environment variable to display a backtrace

        FAIL [   0.733s] wgpu-test::wgpu-gpu-test [Executed] [Gl/NVIDIA GeForce RTX 3060/PCIe/SSE2/2] wgpu_gpu_test::image_atomics::image_atomics_not_enabled
──── STDOUT:             wgpu-test::wgpu-gpu-test [Executed] [Gl/NVIDIA GeForce RTX 3060/PCIe/SSE2/2] wgpu_gpu_test::image_atomics::image_atomics_not_enabled

running 1 test
test [Executed] [Gl/NVIDIA GeForce RTX 3060/PCIe/SSE2/2] wgpu_gpu_test::image_atomics::image_atomics_not_enabled ... FAILED

failures:

---- [Executed] [Gl/NVIDIA GeForce RTX 3060/PCIe/SSE2/2] wgpu_gpu_test::image_atomics::image_atomics_not_enabled ----
test panicked: Failed to initialize device: Parent device is lost


failures:
    [Executed] [Gl/NVIDIA GeForce RTX 3060/PCIe/SSE2/2] wgpu_gpu_test::image_atomics::image_atomics_not_enabled

test result: FAILED. 0 passed; 1 failed; 0 ignored; 0 measured; 554 filtered out; finished in 0.70s

──── STDERR:             wgpu-test::wgpu-gpu-test [Executed] [Gl/NVIDIA GeForce RTX 3060/PCIe/SSE2/2] wgpu_gpu_test::image_atomics::image_atomics_not_enabled
[2025-03-15T23:07:40Z ERROR wgpu_core::device::resource] indirect-validation error: ComputePipeline(Internal("The selected version doesn't support Features(BUFFER_STORAGE | COMPUTE_SHADER | DYNAMIC_ARRAY_SIZE)"))

thread '<unnamed>' panicked at tests/src/init.rs:156:19:
Failed to initialize device: Parent device is lost
note: run with `RUST_BACKTRACE=1` environment variable to display a backtrace

        FAIL [   0.697s] wgpu-test::wgpu-gpu-test [Executed] [Gl/NVIDIA GeForce RTX 3060/PCIe/SSE2/2] wgpu_gpu_test::life_cycle::texture_destroy
──── STDOUT:             wgpu-test::wgpu-gpu-test [Executed] [Gl/NVIDIA GeForce RTX 3060/PCIe/SSE2/2] wgpu_gpu_test::life_cycle::texture_destroy

running 1 test
test [Executed] [Gl/NVIDIA GeForce RTX 3060/PCIe/SSE2/2] wgpu_gpu_test::life_cycle::texture_destroy ... FAILED

failures:

---- [Executed] [Gl/NVIDIA GeForce RTX 3060/PCIe/SSE2/2] wgpu_gpu_test::life_cycle::texture_destroy ----
test panicked: Failed to initialize device: Parent device is lost


failures:
    [Executed] [Gl/NVIDIA GeForce RTX 3060/PCIe/SSE2/2] wgpu_gpu_test::life_cycle::texture_destroy

test result: FAILED. 0 passed; 1 failed; 0 ignored; 0 measured; 554 filtered out; finished in 0.66s

──── STDERR:             wgpu-test::wgpu-gpu-test [Executed] [Gl/NVIDIA GeForce RTX 3060/PCIe/SSE2/2] wgpu_gpu_test::life_cycle::texture_destroy
[2025-03-15T23:07:40Z ERROR wgpu_core::device::resource] indirect-validation error: ComputePipeline(Internal("The selected version doesn't support Features(BUFFER_STORAGE | COMPUTE_SHADER | DYNAMIC_ARRAY_SIZE)"))

thread '<unnamed>' panicked at tests/src/init.rs:156:19:
Failed to initialize device: Parent device is lost
note: run with `RUST_BACKTRACE=1` environment variable to display a backtrace

        FAIL [   0.875s] wgpu-test::wgpu-gpu-test [Executed] [Gl/NVIDIA GeForce RTX 3060/PCIe/SSE2/2] wgpu_gpu_test::instance::initialize
──── STDOUT:             wgpu-test::wgpu-gpu-test [Executed] [Gl/NVIDIA GeForce RTX 3060/PCIe/SSE2/2] wgpu_gpu_test::instance::initialize

running 1 test
test [Executed] [Gl/NVIDIA GeForce RTX 3060/PCIe/SSE2/2] wgpu_gpu_test::instance::initialize ... FAILED

failures:

---- [Executed] [Gl/NVIDIA GeForce RTX 3060/PCIe/SSE2/2] wgpu_gpu_test::instance::initialize ----
test panicked: Failed to initialize device: Parent device is lost


failures:
    [Executed] [Gl/NVIDIA GeForce RTX 3060/PCIe/SSE2/2] wgpu_gpu_test::instance::initialize

test result: FAILED. 0 passed; 1 failed; 0 ignored; 0 measured; 554 filtered out; finished in 0.83s

──── STDERR:             wgpu-test::wgpu-gpu-test [Executed] [Gl/NVIDIA GeForce RTX 3060/PCIe/SSE2/2] wgpu_gpu_test::instance::initialize
[2025-03-15T23:07:40Z ERROR wgpu_core::device::resource] indirect-validation error: ComputePipeline(Internal("The selected version doesn't support Features(BUFFER_STORAGE | COMPUTE_SHADER | DYNAMIC_ARRAY_SIZE)"))

thread '<unnamed>' panicked at tests/src/init.rs:156:19:
Failed to initialize device: Parent device is lost
note: run with `RUST_BACKTRACE=1` environment variable to display a backtrace

        FAIL [   0.844s] wgpu-test::wgpu-gpu-test [Executed] [Gl/NVIDIA GeForce RTX 3060/PCIe/SSE2/2] wgpu_gpu_test::mem_leaks::simple_draw_check_mem_leaks
──── STDOUT:             wgpu-test::wgpu-gpu-test [Executed] [Gl/NVIDIA GeForce RTX 3060/PCIe/SSE2/2] wgpu_gpu_test::mem_leaks::simple_draw_check_mem_leaks

running 1 test
test [Executed] [Gl/NVIDIA GeForce RTX 3060/PCIe/SSE2/2] wgpu_gpu_test::mem_leaks::simple_draw_check_mem_leaks ... FAILED

failures:

---- [Executed] [Gl/NVIDIA GeForce RTX 3060/PCIe/SSE2/2] wgpu_gpu_test::mem_leaks::simple_draw_check_mem_leaks ----
test panicked: Failed to initialize device: Parent device is lost


failures:
    [Executed] [Gl/NVIDIA GeForce RTX 3060/PCIe/SSE2/2] wgpu_gpu_test::mem_leaks::simple_draw_check_mem_leaks

test result: FAILED. 0 passed; 1 failed; 0 ignored; 0 measured; 554 filtered out; finished in 0.81s

──── STDERR:             wgpu-test::wgpu-gpu-test [Executed] [Gl/NVIDIA GeForce RTX 3060/PCIe/SSE2/2] wgpu_gpu_test::mem_leaks::simple_draw_check_mem_leaks
[2025-03-15T23:07:40Z ERROR wgpu_core::device::resource] indirect-validation error: ComputePipeline(Internal("The selected version doesn't support Features(BUFFER_STORAGE | COMPUTE_SHADER | DYNAMIC_ARRAY_SIZE)"))

thread '<unnamed>' panicked at tests/src/init.rs:156:19:
Failed to initialize device: Parent device is lost
note: run with `RUST_BACKTRACE=1` environment variable to display a backtrace

        FAIL [   0.927s] wgpu-test::wgpu-gpu-test [Executed] [Gl/NVIDIA GeForce RTX 3060/PCIe/SSE2/2] wgpu_gpu_test::life_cycle::buffer_destroy
──── STDOUT:             wgpu-test::wgpu-gpu-test [Executed] [Gl/NVIDIA GeForce RTX 3060/PCIe/SSE2/2] wgpu_gpu_test::life_cycle::buffer_destroy

running 1 test
test [Executed] [Gl/NVIDIA GeForce RTX 3060/PCIe/SSE2/2] wgpu_gpu_test::life_cycle::buffer_destroy ... FAILED

failures:

---- [Executed] [Gl/NVIDIA GeForce RTX 3060/PCIe/SSE2/2] wgpu_gpu_test::life_cycle::buffer_destroy ----
test panicked: Failed to initialize device: Parent device is lost


failures:
    [Executed] [Gl/NVIDIA GeForce RTX 3060/PCIe/SSE2/2] wgpu_gpu_test::life_cycle::buffer_destroy

test result: FAILED. 0 passed; 1 failed; 0 ignored; 0 measured; 554 filtered out; finished in 0.89s

──── STDERR:             wgpu-test::wgpu-gpu-test [Executed] [Gl/NVIDIA GeForce RTX 3060/PCIe/SSE2/2] wgpu_gpu_test::life_cycle::buffer_destroy
[2025-03-15T23:07:40Z ERROR wgpu_core::device::resource] indirect-validation error: ComputePipeline(Internal("The selected version doesn't support Features(BUFFER_STORAGE | COMPUTE_SHADER | DYNAMIC_ARRAY_SIZE)"))

thread '<unnamed>' panicked at tests/src/init.rs:156:19:
Failed to initialize device: Parent device is lost
note: run with `RUST_BACKTRACE=1` environment variable to display a backtrace

        FAIL [   0.708s] wgpu-test::wgpu-gpu-test [Executed] [Gl/NVIDIA GeForce RTX 3060/PCIe/SSE2/2] wgpu_gpu_test::occlusion_query::occlusion_query
──── STDOUT:             wgpu-test::wgpu-gpu-test [Executed] [Gl/NVIDIA GeForce RTX 3060/PCIe/SSE2/2] wgpu_gpu_test::occlusion_query::occlusion_query

running 1 test
test [Executed] [Gl/NVIDIA GeForce RTX 3060/PCIe/SSE2/2] wgpu_gpu_test::occlusion_query::occlusion_query ... FAILED

failures:

---- [Executed] [Gl/NVIDIA GeForce RTX 3060/PCIe/SSE2/2] wgpu_gpu_test::occlusion_query::occlusion_query ----
test panicked: Failed to initialize device: Parent device is lost


failures:
    [Executed] [Gl/NVIDIA GeForce RTX 3060/PCIe/SSE2/2] wgpu_gpu_test::occlusion_query::occlusion_query

test result: FAILED. 0 passed; 1 failed; 0 ignored; 0 measured; 554 filtered out; finished in 0.67s

──── STDERR:             wgpu-test::wgpu-gpu-test [Executed] [Gl/NVIDIA GeForce RTX 3060/PCIe/SSE2/2] wgpu_gpu_test::occlusion_query::occlusion_query
[2025-03-15T23:07:40Z ERROR wgpu_core::device::resource] indirect-validation error: ComputePipeline(Internal("The selected version doesn't support Features(BUFFER_STORAGE | COMPUTE_SHADER | DYNAMIC_ARRAY_SIZE)"))

thread '<unnamed>' panicked at tests/src/init.rs:156:19:
Failed to initialize device: Parent device is lost
note: run with `RUST_BACKTRACE=1` environment variable to display a backtrace

        FAIL [   0.763s] wgpu-test::wgpu-gpu-test [Executed] [Gl/NVIDIA GeForce RTX 3060/PCIe/SSE2/2] wgpu_gpu_test::pipeline::compute_pipeline_default_layout_bad_bgl_index
──── STDOUT:             wgpu-test::wgpu-gpu-test [Executed] [Gl/NVIDIA GeForce RTX 3060/PCIe/SSE2/2] wgpu_gpu_test::pipeline::compute_pipeline_default_layout_bad_bgl_index

running 1 test
test [Executed] [Gl/NVIDIA GeForce RTX 3060/PCIe/SSE2/2] wgpu_gpu_test::pipeline::compute_pipeline_default_layout_bad_bgl_index ... FAILED

failures:

---- [Executed] [Gl/NVIDIA GeForce RTX 3060/PCIe/SSE2/2] wgpu_gpu_test::pipeline::compute_pipeline_default_layout_bad_bgl_index ----
test panicked: Failed to initialize device: Parent device is lost


failures:
    [Executed] [Gl/NVIDIA GeForce RTX 3060/PCIe/SSE2/2] wgpu_gpu_test::pipeline::compute_pipeline_default_layout_bad_bgl_index

test result: FAILED. 0 passed; 1 failed; 0 ignored; 0 measured; 554 filtered out; finished in 0.73s

──── STDERR:             wgpu-test::wgpu-gpu-test [Executed] [Gl/NVIDIA GeForce RTX 3060/PCIe/SSE2/2] wgpu_gpu_test::pipeline::compute_pipeline_default_layout_bad_bgl_index
[2025-03-15T23:07:40Z ERROR wgpu_core::device::resource] indirect-validation error: ComputePipeline(Internal("The selected version doesn't support Features(BUFFER_STORAGE | COMPUTE_SHADER | DYNAMIC_ARRAY_SIZE)"))

thread '<unnamed>' panicked at tests/src/init.rs:156:19:
Failed to initialize device: Parent device is lost
note: run with `RUST_BACKTRACE=1` environment variable to display a backtrace

        FAIL [   0.731s] wgpu-test::wgpu-gpu-test [Executed] [Gl/NVIDIA GeForce RTX 3060/PCIe/SSE2/2] wgpu_gpu_test::pipeline::compute_pipeline_default_layout_bad_module
──── STDOUT:             wgpu-test::wgpu-gpu-test [Executed] [Gl/NVIDIA GeForce RTX 3060/PCIe/SSE2/2] wgpu_gpu_test::pipeline::compute_pipeline_default_layout_bad_module

running 1 test
test [Executed] [Gl/NVIDIA GeForce RTX 3060/PCIe/SSE2/2] wgpu_gpu_test::pipeline::compute_pipeline_default_layout_bad_module ... FAILED

failures:

---- [Executed] [Gl/NVIDIA GeForce RTX 3060/PCIe/SSE2/2] wgpu_gpu_test::pipeline::compute_pipeline_default_layout_bad_module ----
test panicked: Failed to initialize device: Parent device is lost


failures:
    [Executed] [Gl/NVIDIA GeForce RTX 3060/PCIe/SSE2/2] wgpu_gpu_test::pipeline::compute_pipeline_default_layout_bad_module

test result: FAILED. 0 passed; 1 failed; 0 ignored; 0 measured; 554 filtered out; finished in 0.68s

──── STDERR:             wgpu-test::wgpu-gpu-test [Executed] [Gl/NVIDIA GeForce RTX 3060/PCIe/SSE2/2] wgpu_gpu_test::pipeline::compute_pipeline_default_layout_bad_module
[2025-03-15T23:07:40Z ERROR wgpu_core::device::resource] indirect-validation error: ComputePipeline(Internal("The selected version doesn't support Features(BUFFER_STORAGE | COMPUTE_SHADER | DYNAMIC_ARRAY_SIZE)"))

thread '<unnamed>' panicked at tests/src/init.rs:156:19:
Failed to initialize device: Parent device is lost
note: run with `RUST_BACKTRACE=1` environment variable to display a backtrace

        FAIL [   0.767s] wgpu-test::wgpu-gpu-test [Executed] [Gl/NVIDIA GeForce RTX 3060/PCIe/SSE2/2] wgpu_gpu_test::pipeline::no_targetless_render
──── STDOUT:             wgpu-test::wgpu-gpu-test [Executed] [Gl/NVIDIA GeForce RTX 3060/PCIe/SSE2/2] wgpu_gpu_test::pipeline::no_targetless_render

running 1 test
test [Executed] [Gl/NVIDIA GeForce RTX 3060/PCIe/SSE2/2] wgpu_gpu_test::pipeline::no_targetless_render ... FAILED

failures:

---- [Executed] [Gl/NVIDIA GeForce RTX 3060/PCIe/SSE2/2] wgpu_gpu_test::pipeline::no_targetless_render ----
test panicked: Failed to initialize device: Parent device is lost


failures:
    [Executed] [Gl/NVIDIA GeForce RTX 3060/PCIe/SSE2/2] wgpu_gpu_test::pipeline::no_targetless_render

test result: FAILED. 0 passed; 1 failed; 0 ignored; 0 measured; 554 filtered out; finished in 0.73s

──── STDERR:             wgpu-test::wgpu-gpu-test [Executed] [Gl/NVIDIA GeForce RTX 3060/PCIe/SSE2/2] wgpu_gpu_test::pipeline::no_targetless_render
[2025-03-15T23:07:41Z ERROR wgpu_core::device::resource] indirect-validation error: ComputePipeline(Internal("The selected version doesn't support Features(BUFFER_STORAGE | COMPUTE_SHADER | DYNAMIC_ARRAY_SIZE)"))

thread '<unnamed>' panicked at tests/src/init.rs:156:19:
Failed to initialize device: Parent device is lost
note: run with `RUST_BACKTRACE=1` environment variable to display a backtrace

        FAIL [   0.746s] wgpu-test::wgpu-gpu-test [Executed] [Gl/NVIDIA GeForce RTX 3060/PCIe/SSE2/2] wgpu_gpu_test::pipeline::render_pipeline_default_layout_bad_bgl_index
──── STDOUT:             wgpu-test::wgpu-gpu-test [Executed] [Gl/NVIDIA GeForce RTX 3060/PCIe/SSE2/2] wgpu_gpu_test::pipeline::render_pipeline_default_layout_bad_bgl_index

running 1 test
test [Executed] [Gl/NVIDIA GeForce RTX 3060/PCIe/SSE2/2] wgpu_gpu_test::pipeline::render_pipeline_default_layout_bad_bgl_index ... FAILED

failures:

---- [Executed] [Gl/NVIDIA GeForce RTX 3060/PCIe/SSE2/2] wgpu_gpu_test::pipeline::render_pipeline_default_layout_bad_bgl_index ----
test panicked: Failed to initialize device: Parent device is lost


failures:
    [Executed] [Gl/NVIDIA GeForce RTX 3060/PCIe/SSE2/2] wgpu_gpu_test::pipeline::render_pipeline_default_layout_bad_bgl_index

test result: FAILED. 0 passed; 1 failed; 0 ignored; 0 measured; 554 filtered out; finished in 0.70s

──── STDERR:             wgpu-test::wgpu-gpu-test [Executed] [Gl/NVIDIA GeForce RTX 3060/PCIe/SSE2/2] wgpu_gpu_test::pipeline::render_pipeline_default_layout_bad_bgl_index
[2025-03-15T23:07:41Z ERROR wgpu_core::device::resource] indirect-validation error: ComputePipeline(Internal("The selected version doesn't support Features(BUFFER_STORAGE | COMPUTE_SHADER | DYNAMIC_ARRAY_SIZE)"))

thread '<unnamed>' panicked at tests/src/init.rs:156:19:
Failed to initialize device: Parent device is lost
note: run with `RUST_BACKTRACE=1` environment variable to display a backtrace

        FAIL [   0.745s] wgpu-test::wgpu-gpu-test [Executed] [Gl/NVIDIA GeForce RTX 3060/PCIe/SSE2/2] wgpu_gpu_test::poll::double_wait
──── STDOUT:             wgpu-test::wgpu-gpu-test [Executed] [Gl/NVIDIA GeForce RTX 3060/PCIe/SSE2/2] wgpu_gpu_test::poll::double_wait

running 1 test
test [Executed] [Gl/NVIDIA GeForce RTX 3060/PCIe/SSE2/2] wgpu_gpu_test::poll::double_wait ... FAILED

failures:

---- [Executed] [Gl/NVIDIA GeForce RTX 3060/PCIe/SSE2/2] wgpu_gpu_test::poll::double_wait ----
test panicked: Failed to initialize device: Parent device is lost


failures:
    [Executed] [Gl/NVIDIA GeForce RTX 3060/PCIe/SSE2/2] wgpu_gpu_test::poll::double_wait

test result: FAILED. 0 passed; 1 failed; 0 ignored; 0 measured; 554 filtered out; finished in 0.69s

──── STDERR:             wgpu-test::wgpu-gpu-test [Executed] [Gl/NVIDIA GeForce RTX 3060/PCIe/SSE2/2] wgpu_gpu_test::poll::double_wait
[2025-03-15T23:07:41Z ERROR wgpu_core::device::resource] indirect-validation error: ComputePipeline(Internal("The selected version doesn't support Features(BUFFER_STORAGE | COMPUTE_SHADER | DYNAMIC_ARRAY_SIZE)"))

thread '<unnamed>' panicked at tests/src/init.rs:156:19:
Failed to initialize device: Parent device is lost
note: run with `RUST_BACKTRACE=1` environment variable to display a backtrace

        FAIL [   0.823s] wgpu-test::wgpu-gpu-test [Executed] [Gl/NVIDIA GeForce RTX 3060/PCIe/SSE2/2] wgpu_gpu_test::pipeline::render_pipeline_default_layout_bad_module
──── STDOUT:             wgpu-test::wgpu-gpu-test [Executed] [Gl/NVIDIA GeForce RTX 3060/PCIe/SSE2/2] wgpu_gpu_test::pipeline::render_pipeline_default_layout_bad_module

running 1 test
test [Executed] [Gl/NVIDIA GeForce RTX 3060/PCIe/SSE2/2] wgpu_gpu_test::pipeline::render_pipeline_default_layout_bad_module ... FAILED

failures:

---- [Executed] [Gl/NVIDIA GeForce RTX 3060/PCIe/SSE2/2] wgpu_gpu_test::pipeline::render_pipeline_default_layout_bad_module ----
test panicked: Failed to initialize device: Parent device is lost


failures:
    [Executed] [Gl/NVIDIA GeForce RTX 3060/PCIe/SSE2/2] wgpu_gpu_test::pipeline::render_pipeline_default_layout_bad_module

test result: FAILED. 0 passed; 1 failed; 0 ignored; 0 measured; 554 filtered out; finished in 0.79s

──── STDERR:             wgpu-test::wgpu-gpu-test [Executed] [Gl/NVIDIA GeForce RTX 3060/PCIe/SSE2/2] wgpu_gpu_test::pipeline::render_pipeline_default_layout_bad_module
[2025-03-15T23:07:41Z ERROR wgpu_core::device::resource] indirect-validation error: ComputePipeline(Internal("The selected version doesn't support Features(BUFFER_STORAGE | COMPUTE_SHADER | DYNAMIC_ARRAY_SIZE)"))

thread '<unnamed>' panicked at tests/src/init.rs:156:19:
Failed to initialize device: Parent device is lost
note: run with `RUST_BACKTRACE=1` environment variable to display a backtrace

        FAIL [   0.694s] wgpu-test::wgpu-gpu-test [Executed] [Gl/NVIDIA GeForce RTX 3060/PCIe/SSE2/2] wgpu_gpu_test::poll::wait
──── STDOUT:             wgpu-test::wgpu-gpu-test [Executed] [Gl/NVIDIA GeForce RTX 3060/PCIe/SSE2/2] wgpu_gpu_test::poll::wait

running 1 test
test [Executed] [Gl/NVIDIA GeForce RTX 3060/PCIe/SSE2/2] wgpu_gpu_test::poll::wait ... FAILED

failures:

---- [Executed] [Gl/NVIDIA GeForce RTX 3060/PCIe/SSE2/2] wgpu_gpu_test::poll::wait ----
test panicked: Failed to initialize device: Parent device is lost


failures:
    [Executed] [Gl/NVIDIA GeForce RTX 3060/PCIe/SSE2/2] wgpu_gpu_test::poll::wait

test result: FAILED. 0 passed; 1 failed; 0 ignored; 0 measured; 554 filtered out; finished in 0.65s

──── STDERR:             wgpu-test::wgpu-gpu-test [Executed] [Gl/NVIDIA GeForce RTX 3060/PCIe/SSE2/2] wgpu_gpu_test::poll::wait
[2025-03-15T23:07:41Z ERROR wgpu_core::device::resource] indirect-validation error: ComputePipeline(Internal("The selected version doesn't support Features(BUFFER_STORAGE | COMPUTE_SHADER | DYNAMIC_ARRAY_SIZE)"))

thread '<unnamed>' panicked at tests/src/init.rs:156:19:
Failed to initialize device: Parent device is lost
note: run with `RUST_BACKTRACE=1` environment variable to display a backtrace

        FAIL [   0.836s] wgpu-test::wgpu-gpu-test [Executed] [Gl/NVIDIA GeForce RTX 3060/PCIe/SSE2/2] wgpu_gpu_test::poll::double_wait_on_submission
──── STDOUT:             wgpu-test::wgpu-gpu-test [Executed] [Gl/NVIDIA GeForce RTX 3060/PCIe/SSE2/2] wgpu_gpu_test::poll::double_wait_on_submission

running 1 test
test [Executed] [Gl/NVIDIA GeForce RTX 3060/PCIe/SSE2/2] wgpu_gpu_test::poll::double_wait_on_submission ... FAILED

failures:

---- [Executed] [Gl/NVIDIA GeForce RTX 3060/PCIe/SSE2/2] wgpu_gpu_test::poll::double_wait_on_submission ----
test panicked: Failed to initialize device: Parent device is lost


failures:
    [Executed] [Gl/NVIDIA GeForce RTX 3060/PCIe/SSE2/2] wgpu_gpu_test::poll::double_wait_on_submission

test result: FAILED. 0 passed; 1 failed; 0 ignored; 0 measured; 554 filtered out; finished in 0.78s

──── STDERR:             wgpu-test::wgpu-gpu-test [Executed] [Gl/NVIDIA GeForce RTX 3060/PCIe/SSE2/2] wgpu_gpu_test::poll::double_wait_on_submission
[2025-03-15T23:07:41Z ERROR wgpu_core::device::resource] indirect-validation error: ComputePipeline(Internal("The selected version doesn't support Features(BUFFER_STORAGE | COMPUTE_SHADER | DYNAMIC_ARRAY_SIZE)"))

thread '<unnamed>' panicked at tests/src/init.rs:156:19:
Failed to initialize device: Parent device is lost
note: run with `RUST_BACKTRACE=1` environment variable to display a backtrace

        FAIL [   0.752s] wgpu-test::wgpu-gpu-test [Executed] [Gl/NVIDIA GeForce RTX 3060/PCIe/SSE2/2] wgpu_gpu_test::poll::wait_after_bad_submission
──── STDOUT:             wgpu-test::wgpu-gpu-test [Executed] [Gl/NVIDIA GeForce RTX 3060/PCIe/SSE2/2] wgpu_gpu_test::poll::wait_after_bad_submission

running 1 test
test [Executed] [Gl/NVIDIA GeForce RTX 3060/PCIe/SSE2/2] wgpu_gpu_test::poll::wait_after_bad_submission ... FAILED

failures:

---- [Executed] [Gl/NVIDIA GeForce RTX 3060/PCIe/SSE2/2] wgpu_gpu_test::poll::wait_after_bad_submission ----
test panicked: Failed to initialize device: Parent device is lost


failures:
    [Executed] [Gl/NVIDIA GeForce RTX 3060/PCIe/SSE2/2] wgpu_gpu_test::poll::wait_after_bad_submission

test result: FAILED. 0 passed; 1 failed; 0 ignored; 0 measured; 554 filtered out; finished in 0.72s

──── STDERR:             wgpu-test::wgpu-gpu-test [Executed] [Gl/NVIDIA GeForce RTX 3060/PCIe/SSE2/2] wgpu_gpu_test::poll::wait_after_bad_submission
[2025-03-15T23:07:41Z ERROR wgpu_core::device::resource] indirect-validation error: ComputePipeline(Internal("The selected version doesn't support Features(BUFFER_STORAGE | COMPUTE_SHADER | DYNAMIC_ARRAY_SIZE)"))

thread '<unnamed>' panicked at tests/src/init.rs:156:19:
Failed to initialize device: Parent device is lost
note: run with `RUST_BACKTRACE=1` environment variable to display a backtrace

        FAIL [   0.742s] wgpu-test::wgpu-gpu-test [Executed] [Gl/NVIDIA GeForce RTX 3060/PCIe/SSE2/2] wgpu_gpu_test::poll::wait_on_submission
──── STDOUT:             wgpu-test::wgpu-gpu-test [Executed] [Gl/NVIDIA GeForce RTX 3060/PCIe/SSE2/2] wgpu_gpu_test::poll::wait_on_submission

running 1 test
test [Executed] [Gl/NVIDIA GeForce RTX 3060/PCIe/SSE2/2] wgpu_gpu_test::poll::wait_on_submission ... FAILED

failures:

---- [Executed] [Gl/NVIDIA GeForce RTX 3060/PCIe/SSE2/2] wgpu_gpu_test::poll::wait_on_submission ----
test panicked: Failed to initialize device: Parent device is lost


failures:
    [Executed] [Gl/NVIDIA GeForce RTX 3060/PCIe/SSE2/2] wgpu_gpu_test::poll::wait_on_submission

test result: FAILED. 0 passed; 1 failed; 0 ignored; 0 measured; 554 filtered out; finished in 0.70s

──── STDERR:             wgpu-test::wgpu-gpu-test [Executed] [Gl/NVIDIA GeForce RTX 3060/PCIe/SSE2/2] wgpu_gpu_test::poll::wait_on_submission
[2025-03-15T23:07:41Z ERROR wgpu_core::device::resource] indirect-validation error: ComputePipeline(Internal("The selected version doesn't support Features(BUFFER_STORAGE | COMPUTE_SHADER | DYNAMIC_ARRAY_SIZE)"))

thread '<unnamed>' panicked at tests/src/init.rs:156:19:
Failed to initialize device: Parent device is lost
note: run with `RUST_BACKTRACE=1` environment variable to display a backtrace

        FAIL [   0.764s] wgpu-test::wgpu-gpu-test [Executed] [Gl/NVIDIA GeForce RTX 3060/PCIe/SSE2/2] wgpu_gpu_test::poll::wait_out_of_order
──── STDOUT:             wgpu-test::wgpu-gpu-test [Executed] [Gl/NVIDIA GeForce RTX 3060/PCIe/SSE2/2] wgpu_gpu_test::poll::wait_out_of_order

running 1 test
test [Executed] [Gl/NVIDIA GeForce RTX 3060/PCIe/SSE2/2] wgpu_gpu_test::poll::wait_out_of_order ... FAILED

failures:

---- [Executed] [Gl/NVIDIA GeForce RTX 3060/PCIe/SSE2/2] wgpu_gpu_test::poll::wait_out_of_order ----
test panicked: Failed to initialize device: Parent device is lost


failures:
    [Executed] [Gl/NVIDIA GeForce RTX 3060/PCIe/SSE2/2] wgpu_gpu_test::poll::wait_out_of_order

test result: FAILED. 0 passed; 1 failed; 0 ignored; 0 measured; 554 filtered out; finished in 0.71s

──── STDERR:             wgpu-test::wgpu-gpu-test [Executed] [Gl/NVIDIA GeForce RTX 3060/PCIe/SSE2/2] wgpu_gpu_test::poll::wait_out_of_order
[2025-03-15T23:07:41Z ERROR wgpu_core::device::resource] indirect-validation error: ComputePipeline(Internal("The selected version doesn't support Features(BUFFER_STORAGE | COMPUTE_SHADER | DYNAMIC_ARRAY_SIZE)"))

thread '<unnamed>' panicked at tests/src/init.rs:156:19:
Failed to initialize device: Parent device is lost
note: run with `RUST_BACKTRACE=1` environment variable to display a backtrace

        FAIL [   0.802s] wgpu-test::wgpu-gpu-test [Executed] [Gl/NVIDIA GeForce RTX 3060/PCIe/SSE2/2] wgpu_gpu_test::push_constants::render_pass_test
──── STDOUT:             wgpu-test::wgpu-gpu-test [Executed] [Gl/NVIDIA GeForce RTX 3060/PCIe/SSE2/2] wgpu_gpu_test::push_constants::render_pass_test

running 1 test
test [Executed] [Gl/NVIDIA GeForce RTX 3060/PCIe/SSE2/2] wgpu_gpu_test::push_constants::render_pass_test ... FAILED

failures:

---- [Executed] [Gl/NVIDIA GeForce RTX 3060/PCIe/SSE2/2] wgpu_gpu_test::push_constants::render_pass_test ----
test panicked: Failed to initialize device: Parent device is lost


failures:
    [Executed] [Gl/NVIDIA GeForce RTX 3060/PCIe/SSE2/2] wgpu_gpu_test::push_constants::render_pass_test

test result: FAILED. 0 passed; 1 failed; 0 ignored; 0 measured; 554 filtered out; finished in 0.76s

──── STDERR:             wgpu-test::wgpu-gpu-test [Executed] [Gl/NVIDIA GeForce RTX 3060/PCIe/SSE2/2] wgpu_gpu_test::push_constants::render_pass_test
[2025-03-15T23:07:41Z ERROR wgpu_core::device::resource] indirect-validation error: ComputePipeline(Internal("The selected version doesn't support Features(BUFFER_STORAGE | COMPUTE_SHADER | DYNAMIC_ARRAY_SIZE)"))

thread '<unnamed>' panicked at tests/src/init.rs:156:19:
Failed to initialize device: Parent device is lost
note: run with `RUST_BACKTRACE=1` environment variable to display a backtrace

        FAIL [   0.666s] wgpu-test::wgpu-gpu-test [Executed] [Gl/NVIDIA GeForce RTX 3060/PCIe/SSE2/2] wgpu_gpu_test::queue_transfer::queue_write_texture_overflow
──── STDOUT:             wgpu-test::wgpu-gpu-test [Executed] [Gl/NVIDIA GeForce RTX 3060/PCIe/SSE2/2] wgpu_gpu_test::queue_transfer::queue_write_texture_overflow

running 1 test
test [Executed] [Gl/NVIDIA GeForce RTX 3060/PCIe/SSE2/2] wgpu_gpu_test::queue_transfer::queue_write_texture_overflow ... FAILED

failures:

---- [Executed] [Gl/NVIDIA GeForce RTX 3060/PCIe/SSE2/2] wgpu_gpu_test::queue_transfer::queue_write_texture_overflow ----
test panicked: Failed to initialize device: Parent device is lost


failures:
    [Executed] [Gl/NVIDIA GeForce RTX 3060/PCIe/SSE2/2] wgpu_gpu_test::queue_transfer::queue_write_texture_overflow

test result: FAILED. 0 passed; 1 failed; 0 ignored; 0 measured; 554 filtered out; finished in 0.63s

──── STDERR:             wgpu-test::wgpu-gpu-test [Executed] [Gl/NVIDIA GeForce RTX 3060/PCIe/SSE2/2] wgpu_gpu_test::queue_transfer::queue_write_texture_overflow
[2025-03-15T23:07:41Z ERROR wgpu_core::device::resource] indirect-validation error: ComputePipeline(Internal("The selected version doesn't support Features(BUFFER_STORAGE | COMPUTE_SHADER | DYNAMIC_ARRAY_SIZE)"))

thread '<unnamed>' panicked at tests/src/init.rs:156:19:
Failed to initialize device: Parent device is lost
note: run with `RUST_BACKTRACE=1` environment variable to display a backtrace

        FAIL [   0.656s] wgpu-test::wgpu-gpu-test [Executed] [Gl/NVIDIA GeForce RTX 3060/PCIe/SSE2/2] wgpu_gpu_test::regression::issue_3349::multi_stage_data_binding
──── STDOUT:             wgpu-test::wgpu-gpu-test [Executed] [Gl/NVIDIA GeForce RTX 3060/PCIe/SSE2/2] wgpu_gpu_test::regression::issue_3349::multi_stage_data_binding

running 1 test
test [Executed] [Gl/NVIDIA GeForce RTX 3060/PCIe/SSE2/2] wgpu_gpu_test::regression::issue_3349::multi_stage_data_binding ... FAILED

failures:

---- [Executed] [Gl/NVIDIA GeForce RTX 3060/PCIe/SSE2/2] wgpu_gpu_test::regression::issue_3349::multi_stage_data_binding ----
test panicked: Failed to initialize device: Parent device is lost


failures:
    [Executed] [Gl/NVIDIA GeForce RTX 3060/PCIe/SSE2/2] wgpu_gpu_test::regression::issue_3349::multi_stage_data_binding

test result: FAILED. 0 passed; 1 failed; 0 ignored; 0 measured; 554 filtered out; finished in 0.61s

──── STDERR:             wgpu-test::wgpu-gpu-test [Executed] [Gl/NVIDIA GeForce RTX 3060/PCIe/SSE2/2] wgpu_gpu_test::regression::issue_3349::multi_stage_data_binding
[2025-03-15T23:07:41Z ERROR wgpu_core::device::resource] indirect-validation error: ComputePipeline(Internal("The selected version doesn't support Features(BUFFER_STORAGE | COMPUTE_SHADER | DYNAMIC_ARRAY_SIZE)"))

thread '<unnamed>' panicked at tests/src/init.rs:156:19:
Failed to initialize device: Parent device is lost
note: run with `RUST_BACKTRACE=1` environment variable to display a backtrace

        FAIL [   0.877s] wgpu-test::wgpu-gpu-test [Executed] [Gl/NVIDIA GeForce RTX 3060/PCIe/SSE2/2] wgpu_gpu_test::query_set::drop_failed_timestamp_query_set
──── STDOUT:             wgpu-test::wgpu-gpu-test [Executed] [Gl/NVIDIA GeForce RTX 3060/PCIe/SSE2/2] wgpu_gpu_test::query_set::drop_failed_timestamp_query_set

running 1 test
test [Executed] [Gl/NVIDIA GeForce RTX 3060/PCIe/SSE2/2] wgpu_gpu_test::query_set::drop_failed_timestamp_query_set ... FAILED

failures:

---- [Executed] [Gl/NVIDIA GeForce RTX 3060/PCIe/SSE2/2] wgpu_gpu_test::query_set::drop_failed_timestamp_query_set ----
test panicked: Failed to initialize device: Parent device is lost


failures:
    [Executed] [Gl/NVIDIA GeForce RTX 3060/PCIe/SSE2/2] wgpu_gpu_test::query_set::drop_failed_timestamp_query_set

test result: FAILED. 0 passed; 1 failed; 0 ignored; 0 measured; 554 filtered out; finished in 0.82s

──── STDERR:             wgpu-test::wgpu-gpu-test [Executed] [Gl/NVIDIA GeForce RTX 3060/PCIe/SSE2/2] wgpu_gpu_test::query_set::drop_failed_timestamp_query_set
[2025-03-15T23:07:41Z ERROR wgpu_core::device::resource] indirect-validation error: ComputePipeline(Internal("The selected version doesn't support Features(BUFFER_STORAGE | COMPUTE_SHADER | DYNAMIC_ARRAY_SIZE)"))

thread '<unnamed>' panicked at tests/src/init.rs:156:19:
Failed to initialize device: Parent device is lost
note: run with `RUST_BACKTRACE=1` environment variable to display a backtrace

        FAIL [   0.985s] wgpu-test::wgpu-gpu-test [Executed] [Gl/NVIDIA GeForce RTX 3060/PCIe/SSE2/2] wgpu_gpu_test::push_constants::partial_update
──── STDOUT:             wgpu-test::wgpu-gpu-test [Executed] [Gl/NVIDIA GeForce RTX 3060/PCIe/SSE2/2] wgpu_gpu_test::push_constants::partial_update

running 1 test
test [Executed] [Gl/NVIDIA GeForce RTX 3060/PCIe/SSE2/2] wgpu_gpu_test::push_constants::partial_update ... FAILED

failures:

---- [Executed] [Gl/NVIDIA GeForce RTX 3060/PCIe/SSE2/2] wgpu_gpu_test::push_constants::partial_update ----
test panicked: Failed to initialize device: Parent device is lost


failures:
    [Executed] [Gl/NVIDIA GeForce RTX 3060/PCIe/SSE2/2] wgpu_gpu_test::push_constants::partial_update

test result: FAILED. 0 passed; 1 failed; 0 ignored; 0 measured; 554 filtered out; finished in 0.95s

──── STDERR:             wgpu-test::wgpu-gpu-test [Executed] [Gl/NVIDIA GeForce RTX 3060/PCIe/SSE2/2] wgpu_gpu_test::push_constants::partial_update
[2025-03-15T23:07:41Z ERROR wgpu_core::device::resource] indirect-validation error: ComputePipeline(Internal("The selected version doesn't support Features(BUFFER_STORAGE | COMPUTE_SHADER | DYNAMIC_ARRAY_SIZE)"))

thread '<unnamed>' panicked at tests/src/init.rs:156:19:
Failed to initialize device: Parent device is lost
note: run with `RUST_BACKTRACE=1` environment variable to display a backtrace

        FAIL [   0.739s] wgpu-test::wgpu-gpu-test [Executed] [Gl/NVIDIA GeForce RTX 3060/PCIe/SSE2/2] wgpu_gpu_test::regression::issue_4024::queue_submitted_callback_ordering
──── STDOUT:             wgpu-test::wgpu-gpu-test [Executed] [Gl/NVIDIA GeForce RTX 3060/PCIe/SSE2/2] wgpu_gpu_test::regression::issue_4024::queue_submitted_callback_ordering

running 1 test
test [Executed] [Gl/NVIDIA GeForce RTX 3060/PCIe/SSE2/2] wgpu_gpu_test::regression::issue_4024::queue_submitted_callback_ordering ... FAILED

failures:

---- [Executed] [Gl/NVIDIA GeForce RTX 3060/PCIe/SSE2/2] wgpu_gpu_test::regression::issue_4024::queue_submitted_callback_ordering ----
test panicked: Failed to initialize device: Parent device is lost


failures:
    [Executed] [Gl/NVIDIA GeForce RTX 3060/PCIe/SSE2/2] wgpu_gpu_test::regression::issue_4024::queue_submitted_callback_ordering

test result: FAILED. 0 passed; 1 failed; 0 ignored; 0 measured; 554 filtered out; finished in 0.70s

──── STDERR:             wgpu-test::wgpu-gpu-test [Executed] [Gl/NVIDIA GeForce RTX 3060/PCIe/SSE2/2] wgpu_gpu_test::regression::issue_4024::queue_submitted_callback_ordering
[2025-03-15T23:07:41Z ERROR wgpu_core::device::resource] indirect-validation error: ComputePipeline(Internal("The selected version doesn't support Features(BUFFER_STORAGE | COMPUTE_SHADER | DYNAMIC_ARRAY_SIZE)"))

thread '<unnamed>' panicked at tests/src/init.rs:156:19:
Failed to initialize device: Parent device is lost
note: run with `RUST_BACKTRACE=1` environment variable to display a backtrace

        FAIL [   0.822s] wgpu-test::wgpu-gpu-test [Executed] [Gl/NVIDIA GeForce RTX 3060/PCIe/SSE2/2] wgpu_gpu_test::regression::issue_3457::pass_reset_vertex_buffer
──── STDOUT:             wgpu-test::wgpu-gpu-test [Executed] [Gl/NVIDIA GeForce RTX 3060/PCIe/SSE2/2] wgpu_gpu_test::regression::issue_3457::pass_reset_vertex_buffer

running 1 test
test [Executed] [Gl/NVIDIA GeForce RTX 3060/PCIe/SSE2/2] wgpu_gpu_test::regression::issue_3457::pass_reset_vertex_buffer ... FAILED

failures:

---- [Executed] [Gl/NVIDIA GeForce RTX 3060/PCIe/SSE2/2] wgpu_gpu_test::regression::issue_3457::pass_reset_vertex_buffer ----
test panicked: Failed to initialize device: Parent device is lost


failures:
    [Executed] [Gl/NVIDIA GeForce RTX 3060/PCIe/SSE2/2] wgpu_gpu_test::regression::issue_3457::pass_reset_vertex_buffer

test result: FAILED. 0 passed; 1 failed; 0 ignored; 0 measured; 554 filtered out; finished in 0.79s

──── STDERR:             wgpu-test::wgpu-gpu-test [Executed] [Gl/NVIDIA GeForce RTX 3060/PCIe/SSE2/2] wgpu_gpu_test::regression::issue_3457::pass_reset_vertex_buffer
[2025-03-15T23:07:41Z ERROR wgpu_core::device::resource] indirect-validation error: ComputePipeline(Internal("The selected version doesn't support Features(BUFFER_STORAGE | COMPUTE_SHADER | DYNAMIC_ARRAY_SIZE)"))

thread '<unnamed>' panicked at tests/src/init.rs:156:19:
Failed to initialize device: Parent device is lost
note: run with `RUST_BACKTRACE=1` environment variable to display a backtrace

        FAIL [   0.818s] wgpu-test::wgpu-gpu-test [Executed] [Gl/NVIDIA GeForce RTX 3060/PCIe/SSE2/2] wgpu_gpu_test::regression::issue_4122::clear_buffer_range_respected
──── STDOUT:             wgpu-test::wgpu-gpu-test [Executed] [Gl/NVIDIA GeForce RTX 3060/PCIe/SSE2/2] wgpu_gpu_test::regression::issue_4122::clear_buffer_range_respected

running 1 test
test [Executed] [Gl/NVIDIA GeForce RTX 3060/PCIe/SSE2/2] wgpu_gpu_test::regression::issue_4122::clear_buffer_range_respected ... FAILED

failures:

---- [Executed] [Gl/NVIDIA GeForce RTX 3060/PCIe/SSE2/2] wgpu_gpu_test::regression::issue_4122::clear_buffer_range_respected ----
test panicked: Failed to initialize device: Parent device is lost


failures:
    [Executed] [Gl/NVIDIA GeForce RTX 3060/PCIe/SSE2/2] wgpu_gpu_test::regression::issue_4122::clear_buffer_range_respected

test result: FAILED. 0 passed; 1 failed; 0 ignored; 0 measured; 554 filtered out; finished in 0.78s

──── STDERR:             wgpu-test::wgpu-gpu-test [Executed] [Gl/NVIDIA GeForce RTX 3060/PCIe/SSE2/2] wgpu_gpu_test::regression::issue_4122::clear_buffer_range_respected
[2025-03-15T23:07:42Z ERROR wgpu_core::device::resource] indirect-validation error: ComputePipeline(Internal("The selected version doesn't support Features(BUFFER_STORAGE | COMPUTE_SHADER | DYNAMIC_ARRAY_SIZE)"))

thread '<unnamed>' panicked at tests/src/init.rs:156:19:
Failed to initialize device: Parent device is lost
note: run with `RUST_BACKTRACE=1` environment variable to display a backtrace

        FAIL [   0.656s] wgpu-test::wgpu-gpu-test [Executed] [Gl/NVIDIA GeForce RTX 3060/PCIe/SSE2/2] wgpu_gpu_test::regression::issue_5553::allow_input_not_consumed
──── STDOUT:             wgpu-test::wgpu-gpu-test [Executed] [Gl/NVIDIA GeForce RTX 3060/PCIe/SSE2/2] wgpu_gpu_test::regression::issue_5553::allow_input_not_consumed

running 1 test
test [Executed] [Gl/NVIDIA GeForce RTX 3060/PCIe/SSE2/2] wgpu_gpu_test::regression::issue_5553::allow_input_not_consumed ... FAILED

failures:

---- [Executed] [Gl/NVIDIA GeForce RTX 3060/PCIe/SSE2/2] wgpu_gpu_test::regression::issue_5553::allow_input_not_consumed ----
test panicked: Failed to initialize device: Parent device is lost


failures:
    [Executed] [Gl/NVIDIA GeForce RTX 3060/PCIe/SSE2/2] wgpu_gpu_test::regression::issue_5553::allow_input_not_consumed

test result: FAILED. 0 passed; 1 failed; 0 ignored; 0 measured; 554 filtered out; finished in 0.62s

──── STDERR:             wgpu-test::wgpu-gpu-test [Executed] [Gl/NVIDIA GeForce RTX 3060/PCIe/SSE2/2] wgpu_gpu_test::regression::issue_5553::allow_input_not_consumed
[2025-03-15T23:07:42Z ERROR wgpu_core::device::resource] indirect-validation error: ComputePipeline(Internal("The selected version doesn't support Features(BUFFER_STORAGE | COMPUTE_SHADER | DYNAMIC_ARRAY_SIZE)"))

thread '<unnamed>' panicked at tests/src/init.rs:156:19:
Failed to initialize device: Parent device is lost
note: run with `RUST_BACKTRACE=1` environment variable to display a backtrace

        FAIL [   0.898s] wgpu-test::wgpu-gpu-test [Executed] [Gl/NVIDIA GeForce RTX 3060/PCIe/SSE2/2] wgpu_gpu_test::regression::issue_4485::continue_switch
──── STDOUT:             wgpu-test::wgpu-gpu-test [Executed] [Gl/NVIDIA GeForce RTX 3060/PCIe/SSE2/2] wgpu_gpu_test::regression::issue_4485::continue_switch

running 1 test
test [Executed] [Gl/NVIDIA GeForce RTX 3060/PCIe/SSE2/2] wgpu_gpu_test::regression::issue_4485::continue_switch ... FAILED

failures:

---- [Executed] [Gl/NVIDIA GeForce RTX 3060/PCIe/SSE2/2] wgpu_gpu_test::regression::issue_4485::continue_switch ----
test panicked: Failed to initialize device: Parent device is lost


failures:
    [Executed] [Gl/NVIDIA GeForce RTX 3060/PCIe/SSE2/2] wgpu_gpu_test::regression::issue_4485::continue_switch

test result: FAILED. 0 passed; 1 failed; 0 ignored; 0 measured; 554 filtered out; finished in 0.86s

──── STDERR:             wgpu-test::wgpu-gpu-test [Executed] [Gl/NVIDIA GeForce RTX 3060/PCIe/SSE2/2] wgpu_gpu_test::regression::issue_4485::continue_switch
[2025-03-15T23:07:42Z ERROR wgpu_core::device::resource] indirect-validation error: ComputePipeline(Internal("The selected version doesn't support Features(BUFFER_STORAGE | COMPUTE_SHADER | DYNAMIC_ARRAY_SIZE)"))

thread '<unnamed>' panicked at tests/src/init.rs:156:19:
Failed to initialize device: Parent device is lost
note: run with `RUST_BACKTRACE=1` environment variable to display a backtrace

        FAIL [   0.820s] wgpu-test::wgpu-gpu-test [Executed] [Gl/NVIDIA GeForce RTX 3060/PCIe/SSE2/2] wgpu_gpu_test::regression::issue_4514::degenerate_switch
──── STDOUT:             wgpu-test::wgpu-gpu-test [Executed] [Gl/NVIDIA GeForce RTX 3060/PCIe/SSE2/2] wgpu_gpu_test::regression::issue_4514::degenerate_switch

running 1 test
test [Executed] [Gl/NVIDIA GeForce RTX 3060/PCIe/SSE2/2] wgpu_gpu_test::regression::issue_4514::degenerate_switch ... FAILED

failures:

---- [Executed] [Gl/NVIDIA GeForce RTX 3060/PCIe/SSE2/2] wgpu_gpu_test::regression::issue_4514::degenerate_switch ----
test panicked: Failed to initialize device: Parent device is lost


failures:
    [Executed] [Gl/NVIDIA GeForce RTX 3060/PCIe/SSE2/2] wgpu_gpu_test::regression::issue_4514::degenerate_switch

test result: FAILED. 0 passed; 1 failed; 0 ignored; 0 measured; 554 filtered out; finished in 0.78s

──── STDERR:             wgpu-test::wgpu-gpu-test [Executed] [Gl/NVIDIA GeForce RTX 3060/PCIe/SSE2/2] wgpu_gpu_test::regression::issue_4514::degenerate_switch
[2025-03-15T23:07:42Z ERROR wgpu_core::device::resource] indirect-validation error: ComputePipeline(Internal("The selected version doesn't support Features(BUFFER_STORAGE | COMPUTE_SHADER | DYNAMIC_ARRAY_SIZE)"))

thread '<unnamed>' panicked at tests/src/init.rs:156:19:
Failed to initialize device: Parent device is lost
note: run with `RUST_BACKTRACE=1` environment variable to display a backtrace

        FAIL [   0.727s] wgpu-test::wgpu-gpu-test [Executed] [Gl/NVIDIA GeForce RTX 3060/PCIe/SSE2/2] wgpu_gpu_test::regression::issue_6317::non_fatal_errors_in_queue_submit
──── STDOUT:             wgpu-test::wgpu-gpu-test [Executed] [Gl/NVIDIA GeForce RTX 3060/PCIe/SSE2/2] wgpu_gpu_test::regression::issue_6317::non_fatal_errors_in_queue_submit

running 1 test
test [Executed] [Gl/NVIDIA GeForce RTX 3060/PCIe/SSE2/2] wgpu_gpu_test::regression::issue_6317::non_fatal_errors_in_queue_submit ... FAILED

failures:

---- [Executed] [Gl/NVIDIA GeForce RTX 3060/PCIe/SSE2/2] wgpu_gpu_test::regression::issue_6317::non_fatal_errors_in_queue_submit ----
test panicked: Failed to initialize device: Parent device is lost


failures:
    [Executed] [Gl/NVIDIA GeForce RTX 3060/PCIe/SSE2/2] wgpu_gpu_test::regression::issue_6317::non_fatal_errors_in_queue_submit

test result: FAILED. 0 passed; 1 failed; 0 ignored; 0 measured; 554 filtered out; finished in 0.67s

──── STDERR:             wgpu-test::wgpu-gpu-test [Executed] [Gl/NVIDIA GeForce RTX 3060/PCIe/SSE2/2] wgpu_gpu_test::regression::issue_6317::non_fatal_errors_in_queue_submit
[2025-03-15T23:07:42Z ERROR wgpu_core::device::resource] indirect-validation error: ComputePipeline(Internal("The selected version doesn't support Features(BUFFER_STORAGE | COMPUTE_SHADER | DYNAMIC_ARRAY_SIZE)"))

thread '<unnamed>' panicked at tests/src/init.rs:156:19:
Failed to initialize device: Parent device is lost
note: run with `RUST_BACKTRACE=1` environment variable to display a backtrace

        FAIL [   0.691s] wgpu-test::wgpu-gpu-test [Executed] [Gl/NVIDIA GeForce RTX 3060/PCIe/SSE2/2] wgpu_gpu_test::regression::issue_6467::zero_workgroup_count
──── STDOUT:             wgpu-test::wgpu-gpu-test [Executed] [Gl/NVIDIA GeForce RTX 3060/PCIe/SSE2/2] wgpu_gpu_test::regression::issue_6467::zero_workgroup_count

running 1 test
test [Executed] [Gl/NVIDIA GeForce RTX 3060/PCIe/SSE2/2] wgpu_gpu_test::regression::issue_6467::zero_workgroup_count ... FAILED

failures:

---- [Executed] [Gl/NVIDIA GeForce RTX 3060/PCIe/SSE2/2] wgpu_gpu_test::regression::issue_6467::zero_workgroup_count ----
test panicked: Failed to initialize device: Parent device is lost


failures:
    [Executed] [Gl/NVIDIA GeForce RTX 3060/PCIe/SSE2/2] wgpu_gpu_test::regression::issue_6467::zero_workgroup_count

test result: FAILED. 0 passed; 1 failed; 0 ignored; 0 measured; 554 filtered out; finished in 0.64s

──── STDERR:             wgpu-test::wgpu-gpu-test [Executed] [Gl/NVIDIA GeForce RTX 3060/PCIe/SSE2/2] wgpu_gpu_test::regression::issue_6467::zero_workgroup_count
[2025-03-15T23:07:42Z ERROR wgpu_core::device::resource] indirect-validation error: ComputePipeline(Internal("The selected version doesn't support Features(BUFFER_STORAGE | COMPUTE_SHADER | DYNAMIC_ARRAY_SIZE)"))

thread '<unnamed>' panicked at tests/src/init.rs:156:19:
Failed to initialize device: Parent device is lost
note: run with `RUST_BACKTRACE=1` environment variable to display a backtrace

        FAIL [   0.774s] wgpu-test::wgpu-gpu-test [Executed] [Gl/NVIDIA GeForce RTX 3060/PCIe/SSE2/2] wgpu_gpu_test::regression::issue_6827::test_single_write
──── STDOUT:             wgpu-test::wgpu-gpu-test [Executed] [Gl/NVIDIA GeForce RTX 3060/PCIe/SSE2/2] wgpu_gpu_test::regression::issue_6827::test_single_write

running 1 test
test [Executed] [Gl/NVIDIA GeForce RTX 3060/PCIe/SSE2/2] wgpu_gpu_test::regression::issue_6827::test_single_write ... FAILED

failures:

---- [Executed] [Gl/NVIDIA GeForce RTX 3060/PCIe/SSE2/2] wgpu_gpu_test::regression::issue_6827::test_single_write ----
test panicked: Failed to initialize device: Parent device is lost


failures:
    [Executed] [Gl/NVIDIA GeForce RTX 3060/PCIe/SSE2/2] wgpu_gpu_test::regression::issue_6827::test_single_write

test result: FAILED. 0 passed; 1 failed; 0 ignored; 0 measured; 554 filtered out; finished in 0.73s

──── STDERR:             wgpu-test::wgpu-gpu-test [Executed] [Gl/NVIDIA GeForce RTX 3060/PCIe/SSE2/2] wgpu_gpu_test::regression::issue_6827::test_single_write
[2025-03-15T23:07:42Z ERROR wgpu_core::device::resource] indirect-validation error: ComputePipeline(Internal("The selected version doesn't support Features(BUFFER_STORAGE | COMPUTE_SHADER | DYNAMIC_ARRAY_SIZE)"))

thread '<unnamed>' panicked at tests/src/init.rs:156:19:
Failed to initialize device: Parent device is lost
note: run with `RUST_BACKTRACE=1` environment variable to display a backtrace

        FAIL [   0.822s] wgpu-test::wgpu-gpu-test [Executed] [Gl/NVIDIA GeForce RTX 3060/PCIe/SSE2/2] wgpu_gpu_test::regression::issue_6827::test_scatter
──── STDOUT:             wgpu-test::wgpu-gpu-test [Executed] [Gl/NVIDIA GeForce RTX 3060/PCIe/SSE2/2] wgpu_gpu_test::regression::issue_6827::test_scatter

running 1 test
test [Executed] [Gl/NVIDIA GeForce RTX 3060/PCIe/SSE2/2] wgpu_gpu_test::regression::issue_6827::test_scatter ... FAILED

failures:

---- [Executed] [Gl/NVIDIA GeForce RTX 3060/PCIe/SSE2/2] wgpu_gpu_test::regression::issue_6827::test_scatter ----
test panicked: Failed to initialize device: Parent device is lost


failures:
    [Executed] [Gl/NVIDIA GeForce RTX 3060/PCIe/SSE2/2] wgpu_gpu_test::regression::issue_6827::test_scatter

test result: FAILED. 0 passed; 1 failed; 0 ignored; 0 measured; 554 filtered out; finished in 0.76s

──── STDERR:             wgpu-test::wgpu-gpu-test [Executed] [Gl/NVIDIA GeForce RTX 3060/PCIe/SSE2/2] wgpu_gpu_test::regression::issue_6827::test_scatter
[2025-03-15T23:07:42Z ERROR wgpu_core::device::resource] indirect-validation error: ComputePipeline(Internal("The selected version doesn't support Features(BUFFER_STORAGE | COMPUTE_SHADER | DYNAMIC_ARRAY_SIZE)"))

thread '<unnamed>' panicked at tests/src/init.rs:156:19:
Failed to initialize device: Parent device is lost
note: run with `RUST_BACKTRACE=1` environment variable to display a backtrace

        FAIL [   0.817s] wgpu-test::wgpu-gpu-test [Executed] [Gl/NVIDIA GeForce RTX 3060/PCIe/SSE2/2] wgpu_gpu_test::render_pass_ownership::render_pass_keep_encoder_alive
──── STDOUT:             wgpu-test::wgpu-gpu-test [Executed] [Gl/NVIDIA GeForce RTX 3060/PCIe/SSE2/2] wgpu_gpu_test::render_pass_ownership::render_pass_keep_encoder_alive

running 1 test
test [Executed] [Gl/NVIDIA GeForce RTX 3060/PCIe/SSE2/2] wgpu_gpu_test::render_pass_ownership::render_pass_keep_encoder_alive ... FAILED

failures:

---- [Executed] [Gl/NVIDIA GeForce RTX 3060/PCIe/SSE2/2] wgpu_gpu_test::render_pass_ownership::render_pass_keep_encoder_alive ----
test panicked: Failed to initialize device: Parent device is lost


failures:
    [Executed] [Gl/NVIDIA GeForce RTX 3060/PCIe/SSE2/2] wgpu_gpu_test::render_pass_ownership::render_pass_keep_encoder_alive

test result: FAILED. 0 passed; 1 failed; 0 ignored; 0 measured; 554 filtered out; finished in 0.77s

──── STDERR:             wgpu-test::wgpu-gpu-test [Executed] [Gl/NVIDIA GeForce RTX 3060/PCIe/SSE2/2] wgpu_gpu_test::render_pass_ownership::render_pass_keep_encoder_alive
[2025-03-15T23:07:42Z ERROR wgpu_core::device::resource] indirect-validation error: ComputePipeline(Internal("The selected version doesn't support Features(BUFFER_STORAGE | COMPUTE_SHADER | DYNAMIC_ARRAY_SIZE)"))

thread '<unnamed>' panicked at tests/src/init.rs:156:19:
Failed to initialize device: Parent device is lost
note: run with `RUST_BACKTRACE=1` environment variable to display a backtrace

        FAIL [   0.866s] wgpu-test::wgpu-gpu-test [Executed] [Gl/NVIDIA GeForce RTX 3060/PCIe/SSE2/2] wgpu_gpu_test::render_pass_ownership::render_pass_query_set_ownership_timestamps
──── STDOUT:             wgpu-test::wgpu-gpu-test [Executed] [Gl/NVIDIA GeForce RTX 3060/PCIe/SSE2/2] wgpu_gpu_test::render_pass_ownership::render_pass_query_set_ownership_timestamps

running 1 test
test [Executed] [Gl/NVIDIA GeForce RTX 3060/PCIe/SSE2/2] wgpu_gpu_test::render_pass_ownership::render_pass_query_set_ownership_timestamps ... FAILED

failures:

---- [Executed] [Gl/NVIDIA GeForce RTX 3060/PCIe/SSE2/2] wgpu_gpu_test::render_pass_ownership::render_pass_query_set_ownership_timestamps ----
test panicked: Failed to initialize device: Parent device is lost


failures:
    [Executed] [Gl/NVIDIA GeForce RTX 3060/PCIe/SSE2/2] wgpu_gpu_test::render_pass_ownership::render_pass_query_set_ownership_timestamps

test result: FAILED. 0 passed; 1 failed; 0 ignored; 0 measured; 554 filtered out; finished in 0.83s

──── STDERR:             wgpu-test::wgpu-gpu-test [Executed] [Gl/NVIDIA GeForce RTX 3060/PCIe/SSE2/2] wgpu_gpu_test::render_pass_ownership::render_pass_query_set_ownership_timestamps
[2025-03-15T23:07:42Z ERROR wgpu_core::device::resource] indirect-validation error: ComputePipeline(Internal("The selected version doesn't support Features(BUFFER_STORAGE | COMPUTE_SHADER | DYNAMIC_ARRAY_SIZE)"))

thread '<unnamed>' panicked at tests/src/init.rs:156:19:
Failed to initialize device: Parent device is lost
note: run with `RUST_BACKTRACE=1` environment variable to display a backtrace

        FAIL [   0.747s] wgpu-test::wgpu-gpu-test [Executed] [Gl/NVIDIA GeForce RTX 3060/PCIe/SSE2/2] wgpu_gpu_test::resource_descriptor_accessor::buffer_size_and_usage
──── STDOUT:             wgpu-test::wgpu-gpu-test [Executed] [Gl/NVIDIA GeForce RTX 3060/PCIe/SSE2/2] wgpu_gpu_test::resource_descriptor_accessor::buffer_size_and_usage

running 1 test
test [Executed] [Gl/NVIDIA GeForce RTX 3060/PCIe/SSE2/2] wgpu_gpu_test::resource_descriptor_accessor::buffer_size_and_usage ... FAILED

failures:

---- [Executed] [Gl/NVIDIA GeForce RTX 3060/PCIe/SSE2/2] wgpu_gpu_test::resource_descriptor_accessor::buffer_size_and_usage ----
test panicked: Failed to initialize device: Parent device is lost


failures:
    [Executed] [Gl/NVIDIA GeForce RTX 3060/PCIe/SSE2/2] wgpu_gpu_test::resource_descriptor_accessor::buffer_size_and_usage

test result: FAILED. 0 passed; 1 failed; 0 ignored; 0 measured; 554 filtered out; finished in 0.71s

──── STDERR:             wgpu-test::wgpu-gpu-test [Executed] [Gl/NVIDIA GeForce RTX 3060/PCIe/SSE2/2] wgpu_gpu_test::resource_descriptor_accessor::buffer_size_and_usage
[2025-03-15T23:07:42Z ERROR wgpu_core::device::resource] indirect-validation error: ComputePipeline(Internal("The selected version doesn't support Features(BUFFER_STORAGE | COMPUTE_SHADER | DYNAMIC_ARRAY_SIZE)"))

thread '<unnamed>' panicked at tests/src/init.rs:156:19:
Failed to initialize device: Parent device is lost
note: run with `RUST_BACKTRACE=1` environment variable to display a backtrace

        FAIL [   0.818s] wgpu-test::wgpu-gpu-test [Executed] [Gl/NVIDIA GeForce RTX 3060/PCIe/SSE2/2] wgpu_gpu_test::render_pass_ownership::render_pass_resource_ownership
──── STDOUT:             wgpu-test::wgpu-gpu-test [Executed] [Gl/NVIDIA GeForce RTX 3060/PCIe/SSE2/2] wgpu_gpu_test::render_pass_ownership::render_pass_resource_ownership

running 1 test
test [Executed] [Gl/NVIDIA GeForce RTX 3060/PCIe/SSE2/2] wgpu_gpu_test::render_pass_ownership::render_pass_resource_ownership ... FAILED

failures:

---- [Executed] [Gl/NVIDIA GeForce RTX 3060/PCIe/SSE2/2] wgpu_gpu_test::render_pass_ownership::render_pass_resource_ownership ----
test panicked: Failed to initialize device: Parent device is lost


failures:
    [Executed] [Gl/NVIDIA GeForce RTX 3060/PCIe/SSE2/2] wgpu_gpu_test::render_pass_ownership::render_pass_resource_ownership

test result: FAILED. 0 passed; 1 failed; 0 ignored; 0 measured; 554 filtered out; finished in 0.78s

──── STDERR:             wgpu-test::wgpu-gpu-test [Executed] [Gl/NVIDIA GeForce RTX 3060/PCIe/SSE2/2] wgpu_gpu_test::render_pass_ownership::render_pass_resource_ownership
[2025-03-15T23:07:42Z ERROR wgpu_core::device::resource] indirect-validation error: ComputePipeline(Internal("The selected version doesn't support Features(BUFFER_STORAGE | COMPUTE_SHADER | DYNAMIC_ARRAY_SIZE)"))

thread '<unnamed>' panicked at tests/src/init.rs:156:19:
Failed to initialize device: Parent device is lost
note: run with `RUST_BACKTRACE=1` environment variable to display a backtrace

        FAIL [   0.726s] wgpu-test::wgpu-gpu-test [Executed] [Gl/NVIDIA GeForce RTX 3060/PCIe/SSE2/2] wgpu_gpu_test::resource_error::bad_buffer
──── STDOUT:             wgpu-test::wgpu-gpu-test [Executed] [Gl/NVIDIA GeForce RTX 3060/PCIe/SSE2/2] wgpu_gpu_test::resource_error::bad_buffer

running 1 test
test [Executed] [Gl/NVIDIA GeForce RTX 3060/PCIe/SSE2/2] wgpu_gpu_test::resource_error::bad_buffer ... FAILED

failures:

---- [Executed] [Gl/NVIDIA GeForce RTX 3060/PCIe/SSE2/2] wgpu_gpu_test::resource_error::bad_buffer ----
test panicked: Failed to initialize device: Parent device is lost


failures:
    [Executed] [Gl/NVIDIA GeForce RTX 3060/PCIe/SSE2/2] wgpu_gpu_test::resource_error::bad_buffer

test result: FAILED. 0 passed; 1 failed; 0 ignored; 0 measured; 554 filtered out; finished in 0.69s

──── STDERR:             wgpu-test::wgpu-gpu-test [Executed] [Gl/NVIDIA GeForce RTX 3060/PCIe/SSE2/2] wgpu_gpu_test::resource_error::bad_buffer
[2025-03-15T23:07:42Z ERROR wgpu_core::device::resource] indirect-validation error: ComputePipeline(Internal("The selected version doesn't support Features(BUFFER_STORAGE | COMPUTE_SHADER | DYNAMIC_ARRAY_SIZE)"))

thread '<unnamed>' panicked at tests/src/init.rs:156:19:
Failed to initialize device: Parent device is lost
note: run with `RUST_BACKTRACE=1` environment variable to display a backtrace

        FAIL [   0.831s] wgpu-test::wgpu-gpu-test [Executed] [Gl/NVIDIA GeForce RTX 3060/PCIe/SSE2/2] wgpu_gpu_test::resource_error::bad_texture
──── STDOUT:             wgpu-test::wgpu-gpu-test [Executed] [Gl/NVIDIA GeForce RTX 3060/PCIe/SSE2/2] wgpu_gpu_test::resource_error::bad_texture

running 1 test
test [Executed] [Gl/NVIDIA GeForce RTX 3060/PCIe/SSE2/2] wgpu_gpu_test::resource_error::bad_texture ... FAILED

failures:

---- [Executed] [Gl/NVIDIA GeForce RTX 3060/PCIe/SSE2/2] wgpu_gpu_test::resource_error::bad_texture ----
test panicked: Failed to initialize device: Parent device is lost


failures:
    [Executed] [Gl/NVIDIA GeForce RTX 3060/PCIe/SSE2/2] wgpu_gpu_test::resource_error::bad_texture

test result: FAILED. 0 passed; 1 failed; 0 ignored; 0 measured; 554 filtered out; finished in 0.80s

──── STDERR:             wgpu-test::wgpu-gpu-test [Executed] [Gl/NVIDIA GeForce RTX 3060/PCIe/SSE2/2] wgpu_gpu_test::resource_error::bad_texture
[2025-03-15T23:07:42Z ERROR wgpu_core::device::resource] indirect-validation error: ComputePipeline(Internal("The selected version doesn't support Features(BUFFER_STORAGE | COMPUTE_SHADER | DYNAMIC_ARRAY_SIZE)"))

thread '<unnamed>' panicked at tests/src/init.rs:156:19:
Failed to initialize device: Parent device is lost
note: run with `RUST_BACKTRACE=1` environment variable to display a backtrace

        FAIL [   0.821s] wgpu-test::wgpu-gpu-test [Executed] [Gl/NVIDIA GeForce RTX 3060/PCIe/SSE2/2] wgpu_gpu_test::samplers::sampler_creation_failure
──── STDOUT:             wgpu-test::wgpu-gpu-test [Executed] [Gl/NVIDIA GeForce RTX 3060/PCIe/SSE2/2] wgpu_gpu_test::samplers::sampler_creation_failure

running 1 test
test [Executed] [Gl/NVIDIA GeForce RTX 3060/PCIe/SSE2/2] wgpu_gpu_test::samplers::sampler_creation_failure ... FAILED

failures:

---- [Executed] [Gl/NVIDIA GeForce RTX 3060/PCIe/SSE2/2] wgpu_gpu_test::samplers::sampler_creation_failure ----
test panicked: Failed to initialize device: Parent device is lost


failures:
    [Executed] [Gl/NVIDIA GeForce RTX 3060/PCIe/SSE2/2] wgpu_gpu_test::samplers::sampler_creation_failure

test result: FAILED. 0 passed; 1 failed; 0 ignored; 0 measured; 554 filtered out; finished in 0.78s

──── STDERR:             wgpu-test::wgpu-gpu-test [Executed] [Gl/NVIDIA GeForce RTX 3060/PCIe/SSE2/2] wgpu_gpu_test::samplers::sampler_creation_failure
[2025-03-15T23:07:42Z ERROR wgpu_core::device::resource] indirect-validation error: ComputePipeline(Internal("The selected version doesn't support Features(BUFFER_STORAGE | COMPUTE_SHADER | DYNAMIC_ARRAY_SIZE)"))

thread '<unnamed>' panicked at tests/src/init.rs:156:19:
Failed to initialize device: Parent device is lost
note: run with `RUST_BACKTRACE=1` environment variable to display a backtrace

        FAIL [   0.762s] wgpu-test::wgpu-gpu-test [Executed] [Gl/NVIDIA GeForce RTX 3060/PCIe/SSE2/2] wgpu_gpu_test::scissor_tests::scissor_test_custom_rect
──── STDOUT:             wgpu-test::wgpu-gpu-test [Executed] [Gl/NVIDIA GeForce RTX 3060/PCIe/SSE2/2] wgpu_gpu_test::scissor_tests::scissor_test_custom_rect

running 1 test
test [Executed] [Gl/NVIDIA GeForce RTX 3060/PCIe/SSE2/2] wgpu_gpu_test::scissor_tests::scissor_test_custom_rect ... FAILED

failures:

---- [Executed] [Gl/NVIDIA GeForce RTX 3060/PCIe/SSE2/2] wgpu_gpu_test::scissor_tests::scissor_test_custom_rect ----
test panicked: Failed to initialize device: Parent device is lost


failures:
    [Executed] [Gl/NVIDIA GeForce RTX 3060/PCIe/SSE2/2] wgpu_gpu_test::scissor_tests::scissor_test_custom_rect

test result: FAILED. 0 passed; 1 failed; 0 ignored; 0 measured; 554 filtered out; finished in 0.73s

──── STDERR:             wgpu-test::wgpu-gpu-test [Executed] [Gl/NVIDIA GeForce RTX 3060/PCIe/SSE2/2] wgpu_gpu_test::scissor_tests::scissor_test_custom_rect
[2025-03-15T23:07:42Z ERROR wgpu_core::device::resource] indirect-validation error: ComputePipeline(Internal("The selected version doesn't support Features(BUFFER_STORAGE | COMPUTE_SHADER | DYNAMIC_ARRAY_SIZE)"))

thread '<unnamed>' panicked at tests/src/init.rs:156:19:
Failed to initialize device: Parent device is lost
note: run with `RUST_BACKTRACE=1` environment variable to display a backtrace

        FAIL [   0.799s] wgpu-test::wgpu-gpu-test [Executed] [Gl/NVIDIA GeForce RTX 3060/PCIe/SSE2/2] wgpu_gpu_test::samplers::sampler_deduplication
──── STDOUT:             wgpu-test::wgpu-gpu-test [Executed] [Gl/NVIDIA GeForce RTX 3060/PCIe/SSE2/2] wgpu_gpu_test::samplers::sampler_deduplication

running 1 test
test [Executed] [Gl/NVIDIA GeForce RTX 3060/PCIe/SSE2/2] wgpu_gpu_test::samplers::sampler_deduplication ... FAILED

failures:

---- [Executed] [Gl/NVIDIA GeForce RTX 3060/PCIe/SSE2/2] wgpu_gpu_test::samplers::sampler_deduplication ----
test panicked: Failed to initialize device: Parent device is lost


failures:
    [Executed] [Gl/NVIDIA GeForce RTX 3060/PCIe/SSE2/2] wgpu_gpu_test::samplers::sampler_deduplication

test result: FAILED. 0 passed; 1 failed; 0 ignored; 0 measured; 554 filtered out; finished in 0.75s

──── STDERR:             wgpu-test::wgpu-gpu-test [Executed] [Gl/NVIDIA GeForce RTX 3060/PCIe/SSE2/2] wgpu_gpu_test::samplers::sampler_deduplication
[2025-03-15T23:07:42Z ERROR wgpu_core::device::resource] indirect-validation error: ComputePipeline(Internal("The selected version doesn't support Features(BUFFER_STORAGE | COMPUTE_SHADER | DYNAMIC_ARRAY_SIZE)"))

thread '<unnamed>' panicked at tests/src/init.rs:156:19:
Failed to initialize device: Parent device is lost
note: run with `RUST_BACKTRACE=1` environment variable to display a backtrace

        FAIL [   0.780s] wgpu-test::wgpu-gpu-test [Executed] [Gl/NVIDIA GeForce RTX 3060/PCIe/SSE2/2] wgpu_gpu_test::scissor_tests::scissor_test_empty_rect
──── STDOUT:             wgpu-test::wgpu-gpu-test [Executed] [Gl/NVIDIA GeForce RTX 3060/PCIe/SSE2/2] wgpu_gpu_test::scissor_tests::scissor_test_empty_rect

running 1 test
test [Executed] [Gl/NVIDIA GeForce RTX 3060/PCIe/SSE2/2] wgpu_gpu_test::scissor_tests::scissor_test_empty_rect ... FAILED

failures:

---- [Executed] [Gl/NVIDIA GeForce RTX 3060/PCIe/SSE2/2] wgpu_gpu_test::scissor_tests::scissor_test_empty_rect ----
test panicked: Failed to initialize device: Parent device is lost


failures:
    [Executed] [Gl/NVIDIA GeForce RTX 3060/PCIe/SSE2/2] wgpu_gpu_test::scissor_tests::scissor_test_empty_rect

test result: FAILED. 0 passed; 1 failed; 0 ignored; 0 measured; 554 filtered out; finished in 0.73s

──── STDERR:             wgpu-test::wgpu-gpu-test [Executed] [Gl/NVIDIA GeForce RTX 3060/PCIe/SSE2/2] wgpu_gpu_test::scissor_tests::scissor_test_empty_rect
[2025-03-15T23:07:43Z ERROR wgpu_core::device::resource] indirect-validation error: ComputePipeline(Internal("The selected version doesn't support Features(BUFFER_STORAGE | COMPUTE_SHADER | DYNAMIC_ARRAY_SIZE)"))

thread '<unnamed>' panicked at tests/src/init.rs:156:19:
Failed to initialize device: Parent device is lost
note: run with `RUST_BACKTRACE=1` environment variable to display a backtrace

        FAIL [   0.762s] wgpu-test::wgpu-gpu-test [Executed] [Gl/NVIDIA GeForce RTX 3060/PCIe/SSE2/2] wgpu_gpu_test::scissor_tests::scissor_test_empty_rect_with_offset
──── STDOUT:             wgpu-test::wgpu-gpu-test [Executed] [Gl/NVIDIA GeForce RTX 3060/PCIe/SSE2/2] wgpu_gpu_test::scissor_tests::scissor_test_empty_rect_with_offset

running 1 test
test [Executed] [Gl/NVIDIA GeForce RTX 3060/PCIe/SSE2/2] wgpu_gpu_test::scissor_tests::scissor_test_empty_rect_with_offset ... FAILED

failures:

---- [Executed] [Gl/NVIDIA GeForce RTX 3060/PCIe/SSE2/2] wgpu_gpu_test::scissor_tests::scissor_test_empty_rect_with_offset ----
test panicked: Failed to initialize device: Parent device is lost


failures:
    [Executed] [Gl/NVIDIA GeForce RTX 3060/PCIe/SSE2/2] wgpu_gpu_test::scissor_tests::scissor_test_empty_rect_with_offset

test result: FAILED. 0 passed; 1 failed; 0 ignored; 0 measured; 554 filtered out; finished in 0.72s

──── STDERR:             wgpu-test::wgpu-gpu-test [Executed] [Gl/NVIDIA GeForce RTX 3060/PCIe/SSE2/2] wgpu_gpu_test::scissor_tests::scissor_test_empty_rect_with_offset
[2025-03-15T23:07:43Z ERROR wgpu_core::device::resource] indirect-validation error: ComputePipeline(Internal("The selected version doesn't support Features(BUFFER_STORAGE | COMPUTE_SHADER | DYNAMIC_ARRAY_SIZE)"))

thread '<unnamed>' panicked at tests/src/init.rs:156:19:
Failed to initialize device: Parent device is lost
note: run with `RUST_BACKTRACE=1` environment variable to display a backtrace

        FAIL [   0.728s] wgpu-test::wgpu-gpu-test [Executed] [Gl/NVIDIA GeForce RTX 3060/PCIe/SSE2/2] wgpu_gpu_test::shader::array_size_overrides::array_size_overrides
──── STDOUT:             wgpu-test::wgpu-gpu-test [Executed] [Gl/NVIDIA GeForce RTX 3060/PCIe/SSE2/2] wgpu_gpu_test::shader::array_size_overrides::array_size_overrides

running 1 test
test [Executed] [Gl/NVIDIA GeForce RTX 3060/PCIe/SSE2/2] wgpu_gpu_test::shader::array_size_overrides::array_size_overrides ... FAILED

failures:

---- [Executed] [Gl/NVIDIA GeForce RTX 3060/PCIe/SSE2/2] wgpu_gpu_test::shader::array_size_overrides::array_size_overrides ----
test panicked: Failed to initialize device: Parent device is lost


failures:
    [Executed] [Gl/NVIDIA GeForce RTX 3060/PCIe/SSE2/2] wgpu_gpu_test::shader::array_size_overrides::array_size_overrides

test result: FAILED. 0 passed; 1 failed; 0 ignored; 0 measured; 554 filtered out; finished in 0.68s

──── STDERR:             wgpu-test::wgpu-gpu-test [Executed] [Gl/NVIDIA GeForce RTX 3060/PCIe/SSE2/2] wgpu_gpu_test::shader::array_size_overrides::array_size_overrides
[2025-03-15T23:07:43Z ERROR wgpu_core::device::resource] indirect-validation error: ComputePipeline(Internal("The selected version doesn't support Features(BUFFER_STORAGE | COMPUTE_SHADER | DYNAMIC_ARRAY_SIZE)"))

thread '<unnamed>' panicked at tests/src/init.rs:156:19:
Failed to initialize device: Parent device is lost
note: run with `RUST_BACKTRACE=1` environment variable to display a backtrace

        FAIL [   0.787s] wgpu-test::wgpu-gpu-test [Executed] [Gl/NVIDIA GeForce RTX 3060/PCIe/SSE2/2] wgpu_gpu_test::scissor_tests::scissor_test_full_rect
──── STDOUT:             wgpu-test::wgpu-gpu-test [Executed] [Gl/NVIDIA GeForce RTX 3060/PCIe/SSE2/2] wgpu_gpu_test::scissor_tests::scissor_test_full_rect

running 1 test
test [Executed] [Gl/NVIDIA GeForce RTX 3060/PCIe/SSE2/2] wgpu_gpu_test::scissor_tests::scissor_test_full_rect ... FAILED

failures:

---- [Executed] [Gl/NVIDIA GeForce RTX 3060/PCIe/SSE2/2] wgpu_gpu_test::scissor_tests::scissor_test_full_rect ----
test panicked: Failed to initialize device: Parent device is lost


failures:
    [Executed] [Gl/NVIDIA GeForce RTX 3060/PCIe/SSE2/2] wgpu_gpu_test::scissor_tests::scissor_test_full_rect

test result: FAILED. 0 passed; 1 failed; 0 ignored; 0 measured; 554 filtered out; finished in 0.72s

──── STDERR:             wgpu-test::wgpu-gpu-test [Executed] [Gl/NVIDIA GeForce RTX 3060/PCIe/SSE2/2] wgpu_gpu_test::scissor_tests::scissor_test_full_rect
[2025-03-15T23:07:43Z ERROR wgpu_core::device::resource] indirect-validation error: ComputePipeline(Internal("The selected version doesn't support Features(BUFFER_STORAGE | COMPUTE_SHADER | DYNAMIC_ARRAY_SIZE)"))

thread '<unnamed>' panicked at tests/src/init.rs:156:19:
Failed to initialize device: Parent device is lost
note: run with `RUST_BACKTRACE=1` environment variable to display a backtrace

        FAIL [   0.740s] wgpu-test::wgpu-gpu-test [Executed] [Gl/NVIDIA GeForce RTX 3060/PCIe/SSE2/2] wgpu_gpu_test::shader::data_builtins::pack4x_i8
──── STDOUT:             wgpu-test::wgpu-gpu-test [Executed] [Gl/NVIDIA GeForce RTX 3060/PCIe/SSE2/2] wgpu_gpu_test::shader::data_builtins::pack4x_i8

running 1 test
test [Executed] [Gl/NVIDIA GeForce RTX 3060/PCIe/SSE2/2] wgpu_gpu_test::shader::data_builtins::pack4x_i8 ... FAILED

failures:

---- [Executed] [Gl/NVIDIA GeForce RTX 3060/PCIe/SSE2/2] wgpu_gpu_test::shader::data_builtins::pack4x_i8 ----
test panicked: Failed to initialize device: Parent device is lost


failures:
    [Executed] [Gl/NVIDIA GeForce RTX 3060/PCIe/SSE2/2] wgpu_gpu_test::shader::data_builtins::pack4x_i8

test result: FAILED. 0 passed; 1 failed; 0 ignored; 0 measured; 554 filtered out; finished in 0.70s

──── STDERR:             wgpu-test::wgpu-gpu-test [Executed] [Gl/NVIDIA GeForce RTX 3060/PCIe/SSE2/2] wgpu_gpu_test::shader::data_builtins::pack4x_i8
[2025-03-15T23:07:43Z ERROR wgpu_core::device::resource] indirect-validation error: ComputePipeline(Internal("The selected version doesn't support Features(BUFFER_STORAGE | COMPUTE_SHADER | DYNAMIC_ARRAY_SIZE)"))

thread '<unnamed>' panicked at tests/src/init.rs:156:19:
Failed to initialize device: Parent device is lost
note: run with `RUST_BACKTRACE=1` environment variable to display a backtrace

        FAIL [   0.837s] wgpu-test::wgpu-gpu-test [Executed] [Gl/NVIDIA GeForce RTX 3060/PCIe/SSE2/2] wgpu_gpu_test::shader::compilation_messages::shader_compile_error
──── STDOUT:             wgpu-test::wgpu-gpu-test [Executed] [Gl/NVIDIA GeForce RTX 3060/PCIe/SSE2/2] wgpu_gpu_test::shader::compilation_messages::shader_compile_error

running 1 test
test [Executed] [Gl/NVIDIA GeForce RTX 3060/PCIe/SSE2/2] wgpu_gpu_test::shader::compilation_messages::shader_compile_error ... FAILED

failures:

---- [Executed] [Gl/NVIDIA GeForce RTX 3060/PCIe/SSE2/2] wgpu_gpu_test::shader::compilation_messages::shader_compile_error ----
test panicked: Failed to initialize device: Parent device is lost


failures:
    [Executed] [Gl/NVIDIA GeForce RTX 3060/PCIe/SSE2/2] wgpu_gpu_test::shader::compilation_messages::shader_compile_error

test result: FAILED. 0 passed; 1 failed; 0 ignored; 0 measured; 554 filtered out; finished in 0.79s

──── STDERR:             wgpu-test::wgpu-gpu-test [Executed] [Gl/NVIDIA GeForce RTX 3060/PCIe/SSE2/2] wgpu_gpu_test::shader::compilation_messages::shader_compile_error
[2025-03-15T23:07:43Z ERROR wgpu_core::device::resource] indirect-validation error: ComputePipeline(Internal("The selected version doesn't support Features(BUFFER_STORAGE | COMPUTE_SHADER | DYNAMIC_ARRAY_SIZE)"))

thread '<unnamed>' panicked at tests/src/init.rs:156:19:
Failed to initialize device: Parent device is lost
note: run with `RUST_BACKTRACE=1` environment variable to display a backtrace

        FAIL [   0.711s] wgpu-test::wgpu-gpu-test [Executed] [Gl/NVIDIA GeForce RTX 3060/PCIe/SSE2/2] wgpu_gpu_test::shader::data_builtins::pack4x_u8
──── STDOUT:             wgpu-test::wgpu-gpu-test [Executed] [Gl/NVIDIA GeForce RTX 3060/PCIe/SSE2/2] wgpu_gpu_test::shader::data_builtins::pack4x_u8

running 1 test
test [Executed] [Gl/NVIDIA GeForce RTX 3060/PCIe/SSE2/2] wgpu_gpu_test::shader::data_builtins::pack4x_u8 ... FAILED

failures:

---- [Executed] [Gl/NVIDIA GeForce RTX 3060/PCIe/SSE2/2] wgpu_gpu_test::shader::data_builtins::pack4x_u8 ----
test panicked: Failed to initialize device: Parent device is lost


failures:
    [Executed] [Gl/NVIDIA GeForce RTX 3060/PCIe/SSE2/2] wgpu_gpu_test::shader::data_builtins::pack4x_u8

test result: FAILED. 0 passed; 1 failed; 0 ignored; 0 measured; 554 filtered out; finished in 0.67s

──── STDERR:             wgpu-test::wgpu-gpu-test [Executed] [Gl/NVIDIA GeForce RTX 3060/PCIe/SSE2/2] wgpu_gpu_test::shader::data_builtins::pack4x_u8
[2025-03-15T23:07:43Z ERROR wgpu_core::device::resource] indirect-validation error: ComputePipeline(Internal("The selected version doesn't support Features(BUFFER_STORAGE | COMPUTE_SHADER | DYNAMIC_ARRAY_SIZE)"))

thread '<unnamed>' panicked at tests/src/init.rs:156:19:
Failed to initialize device: Parent device is lost
note: run with `RUST_BACKTRACE=1` environment variable to display a backtrace

        FAIL [   0.850s] wgpu-test::wgpu-gpu-test [Executed] [Gl/NVIDIA GeForce RTX 3060/PCIe/SSE2/2] wgpu_gpu_test::shader::compilation_messages::shader_compile_success
──── STDOUT:             wgpu-test::wgpu-gpu-test [Executed] [Gl/NVIDIA GeForce RTX 3060/PCIe/SSE2/2] wgpu_gpu_test::shader::compilation_messages::shader_compile_success

running 1 test
test [Executed] [Gl/NVIDIA GeForce RTX 3060/PCIe/SSE2/2] wgpu_gpu_test::shader::compilation_messages::shader_compile_success ... FAILED

failures:

---- [Executed] [Gl/NVIDIA GeForce RTX 3060/PCIe/SSE2/2] wgpu_gpu_test::shader::compilation_messages::shader_compile_success ----
test panicked: Failed to initialize device: Parent device is lost


failures:
    [Executed] [Gl/NVIDIA GeForce RTX 3060/PCIe/SSE2/2] wgpu_gpu_test::shader::compilation_messages::shader_compile_success

test result: FAILED. 0 passed; 1 failed; 0 ignored; 0 measured; 554 filtered out; finished in 0.81s

──── STDERR:             wgpu-test::wgpu-gpu-test [Executed] [Gl/NVIDIA GeForce RTX 3060/PCIe/SSE2/2] wgpu_gpu_test::shader::compilation_messages::shader_compile_success
[2025-03-15T23:07:43Z ERROR wgpu_core::device::resource] indirect-validation error: ComputePipeline(Internal("The selected version doesn't support Features(BUFFER_STORAGE | COMPUTE_SHADER | DYNAMIC_ARRAY_SIZE)"))

thread '<unnamed>' panicked at tests/src/init.rs:156:19:
Failed to initialize device: Parent device is lost
note: run with `RUST_BACKTRACE=1` environment variable to display a backtrace

        FAIL [   0.707s] wgpu-test::wgpu-gpu-test [Executed] [Gl/NVIDIA GeForce RTX 3060/PCIe/SSE2/2] wgpu_gpu_test::shader::data_builtins::unpack4x_i8
──── STDOUT:             wgpu-test::wgpu-gpu-test [Executed] [Gl/NVIDIA GeForce RTX 3060/PCIe/SSE2/2] wgpu_gpu_test::shader::data_builtins::unpack4x_i8

running 1 test
test [Executed] [Gl/NVIDIA GeForce RTX 3060/PCIe/SSE2/2] wgpu_gpu_test::shader::data_builtins::unpack4x_i8 ... FAILED

failures:

---- [Executed] [Gl/NVIDIA GeForce RTX 3060/PCIe/SSE2/2] wgpu_gpu_test::shader::data_builtins::unpack4x_i8 ----
test panicked: Failed to initialize device: Parent device is lost


failures:
    [Executed] [Gl/NVIDIA GeForce RTX 3060/PCIe/SSE2/2] wgpu_gpu_test::shader::data_builtins::unpack4x_i8

test result: FAILED. 0 passed; 1 failed; 0 ignored; 0 measured; 554 filtered out; finished in 0.67s

──── STDERR:             wgpu-test::wgpu-gpu-test [Executed] [Gl/NVIDIA GeForce RTX 3060/PCIe/SSE2/2] wgpu_gpu_test::shader::data_builtins::unpack4x_i8
[2025-03-15T23:07:43Z ERROR wgpu_core::device::resource] indirect-validation error: ComputePipeline(Internal("The selected version doesn't support Features(BUFFER_STORAGE | COMPUTE_SHADER | DYNAMIC_ARRAY_SIZE)"))

thread '<unnamed>' panicked at tests/src/init.rs:156:19:
Failed to initialize device: Parent device is lost
note: run with `RUST_BACKTRACE=1` environment variable to display a backtrace

        FAIL [   0.808s] wgpu-test::wgpu-gpu-test [Executed] [Gl/NVIDIA GeForce RTX 3060/PCIe/SSE2/2] wgpu_gpu_test::shader::struct_layout::push_constant_input
──── STDOUT:             wgpu-test::wgpu-gpu-test [Executed] [Gl/NVIDIA GeForce RTX 3060/PCIe/SSE2/2] wgpu_gpu_test::shader::struct_layout::push_constant_input

running 1 test
test [Executed] [Gl/NVIDIA GeForce RTX 3060/PCIe/SSE2/2] wgpu_gpu_test::shader::struct_layout::push_constant_input ... FAILED

failures:

---- [Executed] [Gl/NVIDIA GeForce RTX 3060/PCIe/SSE2/2] wgpu_gpu_test::shader::struct_layout::push_constant_input ----
test panicked: Failed to initialize device: Parent device is lost


failures:
    [Executed] [Gl/NVIDIA GeForce RTX 3060/PCIe/SSE2/2] wgpu_gpu_test::shader::struct_layout::push_constant_input

test result: FAILED. 0 passed; 1 failed; 0 ignored; 0 measured; 554 filtered out; finished in 0.77s

──── STDERR:             wgpu-test::wgpu-gpu-test [Executed] [Gl/NVIDIA GeForce RTX 3060/PCIe/SSE2/2] wgpu_gpu_test::shader::struct_layout::push_constant_input
[2025-03-15T23:07:43Z ERROR wgpu_core::device::resource] indirect-validation error: ComputePipeline(Internal("The selected version doesn't support Features(BUFFER_STORAGE | COMPUTE_SHADER | DYNAMIC_ARRAY_SIZE)"))

thread '<unnamed>' panicked at tests/src/init.rs:156:19:
Failed to initialize device: Parent device is lost
note: run with `RUST_BACKTRACE=1` environment variable to display a backtrace

        FAIL [   0.902s] wgpu-test::wgpu-gpu-test [Executed] [Gl/NVIDIA GeForce RTX 3060/PCIe/SSE2/2] wgpu_gpu_test::shader::numeric_builtins::numeric_builtins
──── STDOUT:             wgpu-test::wgpu-gpu-test [Executed] [Gl/NVIDIA GeForce RTX 3060/PCIe/SSE2/2] wgpu_gpu_test::shader::numeric_builtins::numeric_builtins

running 1 test
test [Executed] [Gl/NVIDIA GeForce RTX 3060/PCIe/SSE2/2] wgpu_gpu_test::shader::numeric_builtins::numeric_builtins ... FAILED

failures:

---- [Executed] [Gl/NVIDIA GeForce RTX 3060/PCIe/SSE2/2] wgpu_gpu_test::shader::numeric_builtins::numeric_builtins ----
test panicked: Failed to initialize device: Parent device is lost


failures:
    [Executed] [Gl/NVIDIA GeForce RTX 3060/PCIe/SSE2/2] wgpu_gpu_test::shader::numeric_builtins::numeric_builtins

test result: FAILED. 0 passed; 1 failed; 0 ignored; 0 measured; 554 filtered out; finished in 0.86s

──── STDERR:             wgpu-test::wgpu-gpu-test [Executed] [Gl/NVIDIA GeForce RTX 3060/PCIe/SSE2/2] wgpu_gpu_test::shader::numeric_builtins::numeric_builtins
[2025-03-15T23:07:43Z ERROR wgpu_core::device::resource] indirect-validation error: ComputePipeline(Internal("The selected version doesn't support Features(BUFFER_STORAGE | COMPUTE_SHADER | DYNAMIC_ARRAY_SIZE)"))

thread '<unnamed>' panicked at tests/src/init.rs:156:19:
Failed to initialize device: Parent device is lost
note: run with `RUST_BACKTRACE=1` environment variable to display a backtrace

        FAIL [   0.653s] wgpu-test::wgpu-gpu-test [Executed] [Gl/NVIDIA GeForce RTX 3060/PCIe/SSE2/2] wgpu_gpu_test::shader::workgroup_size_overrides::workgroup_size_overrides
──── STDOUT:             wgpu-test::wgpu-gpu-test [Executed] [Gl/NVIDIA GeForce RTX 3060/PCIe/SSE2/2] wgpu_gpu_test::shader::workgroup_size_overrides::workgroup_size_overrides

running 1 test
test [Executed] [Gl/NVIDIA GeForce RTX 3060/PCIe/SSE2/2] wgpu_gpu_test::shader::workgroup_size_overrides::workgroup_size_overrides ... FAILED

failures:

---- [Executed] [Gl/NVIDIA GeForce RTX 3060/PCIe/SSE2/2] wgpu_gpu_test::shader::workgroup_size_overrides::workgroup_size_overrides ----
test panicked: Failed to initialize device: Parent device is lost


failures:
    [Executed] [Gl/NVIDIA GeForce RTX 3060/PCIe/SSE2/2] wgpu_gpu_test::shader::workgroup_size_overrides::workgroup_size_overrides

test result: FAILED. 0 passed; 1 failed; 0 ignored; 0 measured; 554 filtered out; finished in 0.62s

──── STDERR:             wgpu-test::wgpu-gpu-test [Executed] [Gl/NVIDIA GeForce RTX 3060/PCIe/SSE2/2] wgpu_gpu_test::shader::workgroup_size_overrides::workgroup_size_overrides
[2025-03-15T23:07:43Z ERROR wgpu_core::device::resource] indirect-validation error: ComputePipeline(Internal("The selected version doesn't support Features(BUFFER_STORAGE | COMPUTE_SHADER | DYNAMIC_ARRAY_SIZE)"))

thread '<unnamed>' panicked at tests/src/init.rs:156:19:
Failed to initialize device: Parent device is lost
note: run with `RUST_BACKTRACE=1` environment variable to display a backtrace

        FAIL [   0.831s] wgpu-test::wgpu-gpu-test [Executed] [Gl/NVIDIA GeForce RTX 3060/PCIe/SSE2/2] wgpu_gpu_test::shader::struct_layout::storage_input
──── STDOUT:             wgpu-test::wgpu-gpu-test [Executed] [Gl/NVIDIA GeForce RTX 3060/PCIe/SSE2/2] wgpu_gpu_test::shader::struct_layout::storage_input

running 1 test
test [Executed] [Gl/NVIDIA GeForce RTX 3060/PCIe/SSE2/2] wgpu_gpu_test::shader::struct_layout::storage_input ... FAILED

failures:

---- [Executed] [Gl/NVIDIA GeForce RTX 3060/PCIe/SSE2/2] wgpu_gpu_test::shader::struct_layout::storage_input ----
test panicked: Failed to initialize device: Parent device is lost


failures:
    [Executed] [Gl/NVIDIA GeForce RTX 3060/PCIe/SSE2/2] wgpu_gpu_test::shader::struct_layout::storage_input

test result: FAILED. 0 passed; 1 failed; 0 ignored; 0 measured; 554 filtered out; finished in 0.78s

──── STDERR:             wgpu-test::wgpu-gpu-test [Executed] [Gl/NVIDIA GeForce RTX 3060/PCIe/SSE2/2] wgpu_gpu_test::shader::struct_layout::storage_input
[2025-03-15T23:07:43Z ERROR wgpu_core::device::resource] indirect-validation error: ComputePipeline(Internal("The selected version doesn't support Features(BUFFER_STORAGE | COMPUTE_SHADER | DYNAMIC_ARRAY_SIZE)"))

thread '<unnamed>' panicked at tests/src/init.rs:156:19:
Failed to initialize device: Parent device is lost
note: run with `RUST_BACKTRACE=1` environment variable to display a backtrace

        FAIL [   1.001s] wgpu-test::wgpu-gpu-test [Executed] [Gl/NVIDIA GeForce RTX 3060/PCIe/SSE2/2] wgpu_gpu_test::shader::data_builtins::unpack4x_u8
──── STDOUT:             wgpu-test::wgpu-gpu-test [Executed] [Gl/NVIDIA GeForce RTX 3060/PCIe/SSE2/2] wgpu_gpu_test::shader::data_builtins::unpack4x_u8

running 1 test
test [Executed] [Gl/NVIDIA GeForce RTX 3060/PCIe/SSE2/2] wgpu_gpu_test::shader::data_builtins::unpack4x_u8 ... FAILED

failures:

---- [Executed] [Gl/NVIDIA GeForce RTX 3060/PCIe/SSE2/2] wgpu_gpu_test::shader::data_builtins::unpack4x_u8 ----
test panicked: Failed to initialize device: Parent device is lost


failures:
    [Executed] [Gl/NVIDIA GeForce RTX 3060/PCIe/SSE2/2] wgpu_gpu_test::shader::data_builtins::unpack4x_u8

test result: FAILED. 0 passed; 1 failed; 0 ignored; 0 measured; 554 filtered out; finished in 0.94s

──── STDERR:             wgpu-test::wgpu-gpu-test [Executed] [Gl/NVIDIA GeForce RTX 3060/PCIe/SSE2/2] wgpu_gpu_test::shader::data_builtins::unpack4x_u8
[2025-03-15T23:07:43Z ERROR wgpu_core::device::resource] indirect-validation error: ComputePipeline(Internal("The selected version doesn't support Features(BUFFER_STORAGE | COMPUTE_SHADER | DYNAMIC_ARRAY_SIZE)"))

thread '<unnamed>' panicked at tests/src/init.rs:156:19:
Failed to initialize device: Parent device is lost
note: run with `RUST_BACKTRACE=1` environment variable to display a backtrace

        FAIL [   0.723s] wgpu-test::wgpu-gpu-test [Executed] [Gl/NVIDIA GeForce RTX 3060/PCIe/SSE2/2] wgpu_gpu_test::shader::zero_init_workgroup_mem::zero_init_workgroup_memory
──── STDOUT:             wgpu-test::wgpu-gpu-test [Executed] [Gl/NVIDIA GeForce RTX 3060/PCIe/SSE2/2] wgpu_gpu_test::shader::zero_init_workgroup_mem::zero_init_workgroup_memory

running 1 test
test [Executed] [Gl/NVIDIA GeForce RTX 3060/PCIe/SSE2/2] wgpu_gpu_test::shader::zero_init_workgroup_mem::zero_init_workgroup_memory ... FAILED

failures:

---- [Executed] [Gl/NVIDIA GeForce RTX 3060/PCIe/SSE2/2] wgpu_gpu_test::shader::zero_init_workgroup_mem::zero_init_workgroup_memory ----
test panicked: Failed to initialize device: Parent device is lost


failures:
    [Executed] [Gl/NVIDIA GeForce RTX 3060/PCIe/SSE2/2] wgpu_gpu_test::shader::zero_init_workgroup_mem::zero_init_workgroup_memory

test result: FAILED. 0 passed; 1 failed; 0 ignored; 0 measured; 554 filtered out; finished in 0.68s

──── STDERR:             wgpu-test::wgpu-gpu-test [Executed] [Gl/NVIDIA GeForce RTX 3060/PCIe/SSE2/2] wgpu_gpu_test::shader::zero_init_workgroup_mem::zero_init_workgroup_memory
[2025-03-15T23:07:43Z ERROR wgpu_core::device::resource] indirect-validation error: ComputePipeline(Internal("The selected version doesn't support Features(BUFFER_STORAGE | COMPUTE_SHADER | DYNAMIC_ARRAY_SIZE)"))

thread '<unnamed>' panicked at tests/src/init.rs:156:19:
Failed to initialize device: Parent device is lost
note: run with `RUST_BACKTRACE=1` environment variable to display a backtrace

        FAIL [   0.799s] wgpu-test::wgpu-gpu-test [Executed] [Gl/NVIDIA GeForce RTX 3060/PCIe/SSE2/2] wgpu_gpu_test::shader::struct_layout::uniform_input
──── STDOUT:             wgpu-test::wgpu-gpu-test [Executed] [Gl/NVIDIA GeForce RTX 3060/PCIe/SSE2/2] wgpu_gpu_test::shader::struct_layout::uniform_input

running 1 test
test [Executed] [Gl/NVIDIA GeForce RTX 3060/PCIe/SSE2/2] wgpu_gpu_test::shader::struct_layout::uniform_input ... FAILED

failures:

---- [Executed] [Gl/NVIDIA GeForce RTX 3060/PCIe/SSE2/2] wgpu_gpu_test::shader::struct_layout::uniform_input ----
test panicked: Failed to initialize device: Parent device is lost


failures:
    [Executed] [Gl/NVIDIA GeForce RTX 3060/PCIe/SSE2/2] wgpu_gpu_test::shader::struct_layout::uniform_input

test result: FAILED. 0 passed; 1 failed; 0 ignored; 0 measured; 554 filtered out; finished in 0.73s

──── STDERR:             wgpu-test::wgpu-gpu-test [Executed] [Gl/NVIDIA GeForce RTX 3060/PCIe/SSE2/2] wgpu_gpu_test::shader::struct_layout::uniform_input
[2025-03-15T23:07:43Z ERROR wgpu_core::device::resource] indirect-validation error: ComputePipeline(Internal("The selected version doesn't support Features(BUFFER_STORAGE | COMPUTE_SHADER | DYNAMIC_ARRAY_SIZE)"))

thread '<unnamed>' panicked at tests/src/init.rs:156:19:
Failed to initialize device: Parent device is lost
note: run with `RUST_BACKTRACE=1` environment variable to display a backtrace

        FAIL [   0.707s] wgpu-test::wgpu-gpu-test [Executed] [Gl/NVIDIA GeForce RTX 3060/PCIe/SSE2/2] wgpu_gpu_test::texture_blit::texture_blit_with_linear_filter_test
──── STDOUT:             wgpu-test::wgpu-gpu-test [Executed] [Gl/NVIDIA GeForce RTX 3060/PCIe/SSE2/2] wgpu_gpu_test::texture_blit::texture_blit_with_linear_filter_test

running 1 test
test [Executed] [Gl/NVIDIA GeForce RTX 3060/PCIe/SSE2/2] wgpu_gpu_test::texture_blit::texture_blit_with_linear_filter_test ... FAILED

failures:

---- [Executed] [Gl/NVIDIA GeForce RTX 3060/PCIe/SSE2/2] wgpu_gpu_test::texture_blit::texture_blit_with_linear_filter_test ----
test panicked: Failed to initialize device: Parent device is lost


failures:
    [Executed] [Gl/NVIDIA GeForce RTX 3060/PCIe/SSE2/2] wgpu_gpu_test::texture_blit::texture_blit_with_linear_filter_test

test result: FAILED. 0 passed; 1 failed; 0 ignored; 0 measured; 554 filtered out; finished in 0.68s

──── STDERR:             wgpu-test::wgpu-gpu-test [Executed] [Gl/NVIDIA GeForce RTX 3060/PCIe/SSE2/2] wgpu_gpu_test::texture_blit::texture_blit_with_linear_filter_test
[2025-03-15T23:07:44Z ERROR wgpu_core::device::resource] indirect-validation error: ComputePipeline(Internal("The selected version doesn't support Features(BUFFER_STORAGE | COMPUTE_SHADER | DYNAMIC_ARRAY_SIZE)"))

thread '<unnamed>' panicked at tests/src/init.rs:156:19:
Failed to initialize device: Parent device is lost
note: run with `RUST_BACKTRACE=1` environment variable to display a backtrace

        FAIL [   0.807s] wgpu-test::wgpu-gpu-test [Executed] [Gl/NVIDIA GeForce RTX 3060/PCIe/SSE2/2] wgpu_gpu_test::texture_blit::texture_blit_with_nearest_filter_test
──── STDOUT:             wgpu-test::wgpu-gpu-test [Executed] [Gl/NVIDIA GeForce RTX 3060/PCIe/SSE2/2] wgpu_gpu_test::texture_blit::texture_blit_with_nearest_filter_test

running 1 test
test [Executed] [Gl/NVIDIA GeForce RTX 3060/PCIe/SSE2/2] wgpu_gpu_test::texture_blit::texture_blit_with_nearest_filter_test ... FAILED

failures:

---- [Executed] [Gl/NVIDIA GeForce RTX 3060/PCIe/SSE2/2] wgpu_gpu_test::texture_blit::texture_blit_with_nearest_filter_test ----
test panicked: Failed to initialize device: Parent device is lost


failures:
    [Executed] [Gl/NVIDIA GeForce RTX 3060/PCIe/SSE2/2] wgpu_gpu_test::texture_blit::texture_blit_with_nearest_filter_test

test result: FAILED. 0 passed; 1 failed; 0 ignored; 0 measured; 554 filtered out; finished in 0.77s

──── STDERR:             wgpu-test::wgpu-gpu-test [Executed] [Gl/NVIDIA GeForce RTX 3060/PCIe/SSE2/2] wgpu_gpu_test::texture_blit::texture_blit_with_nearest_filter_test
[2025-03-15T23:07:44Z ERROR wgpu_core::device::resource] indirect-validation error: ComputePipeline(Internal("The selected version doesn't support Features(BUFFER_STORAGE | COMPUTE_SHADER | DYNAMIC_ARRAY_SIZE)"))

thread '<unnamed>' panicked at tests/src/init.rs:156:19:
Failed to initialize device: Parent device is lost
note: run with `RUST_BACKTRACE=1` environment variable to display a backtrace

        FAIL [   0.900s] wgpu-test::wgpu-gpu-test [Executed] [Gl/NVIDIA GeForce RTX 3060/PCIe/SSE2/2] wgpu_gpu_test::shader_primitive_index::draw
──── STDOUT:             wgpu-test::wgpu-gpu-test [Executed] [Gl/NVIDIA GeForce RTX 3060/PCIe/SSE2/2] wgpu_gpu_test::shader_primitive_index::draw

running 1 test
test [Executed] [Gl/NVIDIA GeForce RTX 3060/PCIe/SSE2/2] wgpu_gpu_test::shader_primitive_index::draw ... FAILED

failures:

---- [Executed] [Gl/NVIDIA GeForce RTX 3060/PCIe/SSE2/2] wgpu_gpu_test::shader_primitive_index::draw ----
test panicked: Failed to initialize device: Parent device is lost


failures:
    [Executed] [Gl/NVIDIA GeForce RTX 3060/PCIe/SSE2/2] wgpu_gpu_test::shader_primitive_index::draw

test result: FAILED. 0 passed; 1 failed; 0 ignored; 0 measured; 554 filtered out; finished in 0.85s

──── STDERR:             wgpu-test::wgpu-gpu-test [Executed] [Gl/NVIDIA GeForce RTX 3060/PCIe/SSE2/2] wgpu_gpu_test::shader_primitive_index::draw
[2025-03-15T23:07:44Z ERROR wgpu_core::device::resource] indirect-validation error: ComputePipeline(Internal("The selected version doesn't support Features(BUFFER_STORAGE | COMPUTE_SHADER | DYNAMIC_ARRAY_SIZE)"))

thread '<unnamed>' panicked at tests/src/init.rs:156:19:
Failed to initialize device: Parent device is lost
note: run with `RUST_BACKTRACE=1` environment variable to display a backtrace

        FAIL [   0.717s] wgpu-test::wgpu-gpu-test [Executed] [Gl/NVIDIA GeForce RTX 3060/PCIe/SSE2/2] wgpu_gpu_test::texture_bounds::bad_copy_origin_test
──── STDOUT:             wgpu-test::wgpu-gpu-test [Executed] [Gl/NVIDIA GeForce RTX 3060/PCIe/SSE2/2] wgpu_gpu_test::texture_bounds::bad_copy_origin_test

running 1 test
test [Executed] [Gl/NVIDIA GeForce RTX 3060/PCIe/SSE2/2] wgpu_gpu_test::texture_bounds::bad_copy_origin_test ... FAILED

failures:

---- [Executed] [Gl/NVIDIA GeForce RTX 3060/PCIe/SSE2/2] wgpu_gpu_test::texture_bounds::bad_copy_origin_test ----
test panicked: Failed to initialize device: Parent device is lost


failures:
    [Executed] [Gl/NVIDIA GeForce RTX 3060/PCIe/SSE2/2] wgpu_gpu_test::texture_bounds::bad_copy_origin_test

test result: FAILED. 0 passed; 1 failed; 0 ignored; 0 measured; 554 filtered out; finished in 0.66s

──── STDERR:             wgpu-test::wgpu-gpu-test [Executed] [Gl/NVIDIA GeForce RTX 3060/PCIe/SSE2/2] wgpu_gpu_test::texture_bounds::bad_copy_origin_test
[2025-03-15T23:07:44Z ERROR wgpu_core::device::resource] indirect-validation error: ComputePipeline(Internal("The selected version doesn't support Features(BUFFER_STORAGE | COMPUTE_SHADER | DYNAMIC_ARRAY_SIZE)"))

thread '<unnamed>' panicked at tests/src/init.rs:156:19:
Failed to initialize device: Parent device is lost
note: run with `RUST_BACKTRACE=1` environment variable to display a backtrace

        FAIL [   0.905s] wgpu-test::wgpu-gpu-test [Executed] [Gl/NVIDIA GeForce RTX 3060/PCIe/SSE2/2] wgpu_gpu_test::shader_primitive_index::draw_indexed
──── STDOUT:             wgpu-test::wgpu-gpu-test [Executed] [Gl/NVIDIA GeForce RTX 3060/PCIe/SSE2/2] wgpu_gpu_test::shader_primitive_index::draw_indexed

running 1 test
test [Executed] [Gl/NVIDIA GeForce RTX 3060/PCIe/SSE2/2] wgpu_gpu_test::shader_primitive_index::draw_indexed ... FAILED

failures:

---- [Executed] [Gl/NVIDIA GeForce RTX 3060/PCIe/SSE2/2] wgpu_gpu_test::shader_primitive_index::draw_indexed ----
test panicked: Failed to initialize device: Parent device is lost


failures:
    [Executed] [Gl/NVIDIA GeForce RTX 3060/PCIe/SSE2/2] wgpu_gpu_test::shader_primitive_index::draw_indexed

test result: FAILED. 0 passed; 1 failed; 0 ignored; 0 measured; 554 filtered out; finished in 0.83s

──── STDERR:             wgpu-test::wgpu-gpu-test [Executed] [Gl/NVIDIA GeForce RTX 3060/PCIe/SSE2/2] wgpu_gpu_test::shader_primitive_index::draw_indexed
[2025-03-15T23:07:44Z ERROR wgpu_core::device::resource] indirect-validation error: ComputePipeline(Internal("The selected version doesn't support Features(BUFFER_STORAGE | COMPUTE_SHADER | DYNAMIC_ARRAY_SIZE)"))

thread '<unnamed>' panicked at tests/src/init.rs:156:19:
Failed to initialize device: Parent device is lost
note: run with `RUST_BACKTRACE=1` environment variable to display a backtrace

        FAIL [   0.704s] wgpu-test::wgpu-gpu-test [Executed] [Gl/NVIDIA GeForce RTX 3060/PCIe/SSE2/2] wgpu_gpu_test::texture_view_creation::depth_only_view_creation
──── STDOUT:             wgpu-test::wgpu-gpu-test [Executed] [Gl/NVIDIA GeForce RTX 3060/PCIe/SSE2/2] wgpu_gpu_test::texture_view_creation::depth_only_view_creation

running 1 test
test [Executed] [Gl/NVIDIA GeForce RTX 3060/PCIe/SSE2/2] wgpu_gpu_test::texture_view_creation::depth_only_view_creation ... FAILED

failures:

---- [Executed] [Gl/NVIDIA GeForce RTX 3060/PCIe/SSE2/2] wgpu_gpu_test::texture_view_creation::depth_only_view_creation ----
test panicked: Failed to initialize device: Parent device is lost


failures:
    [Executed] [Gl/NVIDIA GeForce RTX 3060/PCIe/SSE2/2] wgpu_gpu_test::texture_view_creation::depth_only_view_creation

test result: FAILED. 0 passed; 1 failed; 0 ignored; 0 measured; 554 filtered out; finished in 0.67s

──── STDERR:             wgpu-test::wgpu-gpu-test [Executed] [Gl/NVIDIA GeForce RTX 3060/PCIe/SSE2/2] wgpu_gpu_test::texture_view_creation::depth_only_view_creation
[2025-03-15T23:07:44Z ERROR wgpu_core::device::resource] indirect-validation error: ComputePipeline(Internal("The selected version doesn't support Features(BUFFER_STORAGE | COMPUTE_SHADER | DYNAMIC_ARRAY_SIZE)"))

thread '<unnamed>' panicked at tests/src/init.rs:156:19:
Failed to initialize device: Parent device is lost
note: run with `RUST_BACKTRACE=1` environment variable to display a backtrace

        FAIL [   0.889s] wgpu-test::wgpu-gpu-test [Executed] [Gl/NVIDIA GeForce RTX 3060/PCIe/SSE2/2] wgpu_gpu_test::texture_view_creation::stencil_only_view_creation
──── STDOUT:             wgpu-test::wgpu-gpu-test [Executed] [Gl/NVIDIA GeForce RTX 3060/PCIe/SSE2/2] wgpu_gpu_test::texture_view_creation::stencil_only_view_creation

running 1 test
test [Executed] [Gl/NVIDIA GeForce RTX 3060/PCIe/SSE2/2] wgpu_gpu_test::texture_view_creation::stencil_only_view_creation ... FAILED

failures:

---- [Executed] [Gl/NVIDIA GeForce RTX 3060/PCIe/SSE2/2] wgpu_gpu_test::texture_view_creation::stencil_only_view_creation ----
test panicked: Failed to initialize device: Parent device is lost


failures:
    [Executed] [Gl/NVIDIA GeForce RTX 3060/PCIe/SSE2/2] wgpu_gpu_test::texture_view_creation::stencil_only_view_creation

test result: FAILED. 0 passed; 1 failed; 0 ignored; 0 measured; 554 filtered out; finished in 0.85s

──── STDERR:             wgpu-test::wgpu-gpu-test [Executed] [Gl/NVIDIA GeForce RTX 3060/PCIe/SSE2/2] wgpu_gpu_test::texture_view_creation::stencil_only_view_creation
[2025-03-15T23:07:44Z ERROR wgpu_core::device::resource] indirect-validation error: ComputePipeline(Internal("The selected version doesn't support Features(BUFFER_STORAGE | COMPUTE_SHADER | DYNAMIC_ARRAY_SIZE)"))

thread '<unnamed>' panicked at tests/src/init.rs:156:19:
Failed to initialize device: Parent device is lost
note: run with `RUST_BACKTRACE=1` environment variable to display a backtrace

        FAIL [   0.852s] wgpu-test::wgpu-gpu-test [Executed] [Gl/NVIDIA GeForce RTX 3060/PCIe/SSE2/2] wgpu_gpu_test::transition_resources::transition_resources
──── STDOUT:             wgpu-test::wgpu-gpu-test [Executed] [Gl/NVIDIA GeForce RTX 3060/PCIe/SSE2/2] wgpu_gpu_test::transition_resources::transition_resources

running 1 test
test [Executed] [Gl/NVIDIA GeForce RTX 3060/PCIe/SSE2/2] wgpu_gpu_test::transition_resources::transition_resources ... FAILED

failures:

---- [Executed] [Gl/NVIDIA GeForce RTX 3060/PCIe/SSE2/2] wgpu_gpu_test::transition_resources::transition_resources ----
test panicked: Failed to initialize device: Parent device is lost


failures:
    [Executed] [Gl/NVIDIA GeForce RTX 3060/PCIe/SSE2/2] wgpu_gpu_test::transition_resources::transition_resources

test result: FAILED. 0 passed; 1 failed; 0 ignored; 0 measured; 554 filtered out; finished in 0.80s

──── STDERR:             wgpu-test::wgpu-gpu-test [Executed] [Gl/NVIDIA GeForce RTX 3060/PCIe/SSE2/2] wgpu_gpu_test::transition_resources::transition_resources
[2025-03-15T23:07:44Z ERROR wgpu_core::device::resource] indirect-validation error: ComputePipeline(Internal("The selected version doesn't support Features(BUFFER_STORAGE | COMPUTE_SHADER | DYNAMIC_ARRAY_SIZE)"))

thread '<unnamed>' panicked at tests/src/init.rs:156:19:
Failed to initialize device: Parent device is lost
note: run with `RUST_BACKTRACE=1` environment variable to display a backtrace

        FAIL [   0.900s] wgpu-test::wgpu-gpu-test [Executed] [Gl/NVIDIA GeForce RTX 3060/PCIe/SSE2/2] wgpu_gpu_test::transfer::copy_overflow_z
──── STDOUT:             wgpu-test::wgpu-gpu-test [Executed] [Gl/NVIDIA GeForce RTX 3060/PCIe/SSE2/2] wgpu_gpu_test::transfer::copy_overflow_z

running 1 test
test [Executed] [Gl/NVIDIA GeForce RTX 3060/PCIe/SSE2/2] wgpu_gpu_test::transfer::copy_overflow_z ... FAILED

failures:

---- [Executed] [Gl/NVIDIA GeForce RTX 3060/PCIe/SSE2/2] wgpu_gpu_test::transfer::copy_overflow_z ----
test panicked: Failed to initialize device: Parent device is lost


failures:
    [Executed] [Gl/NVIDIA GeForce RTX 3060/PCIe/SSE2/2] wgpu_gpu_test::transfer::copy_overflow_z

test result: FAILED. 0 passed; 1 failed; 0 ignored; 0 measured; 554 filtered out; finished in 0.82s

──── STDERR:             wgpu-test::wgpu-gpu-test [Executed] [Gl/NVIDIA GeForce RTX 3060/PCIe/SSE2/2] wgpu_gpu_test::transfer::copy_overflow_z
[2025-03-15T23:07:44Z ERROR wgpu_core::device::resource] indirect-validation error: ComputePipeline(Internal("The selected version doesn't support Features(BUFFER_STORAGE | COMPUTE_SHADER | DYNAMIC_ARRAY_SIZE)"))

thread '<unnamed>' panicked at tests/src/init.rs:156:19:
Failed to initialize device: Parent device is lost
note: run with `RUST_BACKTRACE=1` environment variable to display a backtrace

        FAIL [   0.828s] wgpu-test::wgpu-gpu-test [Executed] [Gl/NVIDIA GeForce RTX 3060/PCIe/SSE2/2] wgpu_gpu_test::write_texture::write_texture_no_oob
──── STDOUT:             wgpu-test::wgpu-gpu-test [Executed] [Gl/NVIDIA GeForce RTX 3060/PCIe/SSE2/2] wgpu_gpu_test::write_texture::write_texture_no_oob

running 1 test
test [Executed] [Gl/NVIDIA GeForce RTX 3060/PCIe/SSE2/2] wgpu_gpu_test::write_texture::write_texture_no_oob ... FAILED

failures:

---- [Executed] [Gl/NVIDIA GeForce RTX 3060/PCIe/SSE2/2] wgpu_gpu_test::write_texture::write_texture_no_oob ----
test panicked: Failed to initialize device: Parent device is lost


failures:
    [Executed] [Gl/NVIDIA GeForce RTX 3060/PCIe/SSE2/2] wgpu_gpu_test::write_texture::write_texture_no_oob

test result: FAILED. 0 passed; 1 failed; 0 ignored; 0 measured; 554 filtered out; finished in 0.78s

──── STDERR:             wgpu-test::wgpu-gpu-test [Executed] [Gl/NVIDIA GeForce RTX 3060/PCIe/SSE2/2] wgpu_gpu_test::write_texture::write_texture_no_oob
[2025-03-15T23:07:44Z ERROR wgpu_core::device::resource] indirect-validation error: ComputePipeline(Internal("The selected version doesn't support Features(BUFFER_STORAGE | COMPUTE_SHADER | DYNAMIC_ARRAY_SIZE)"))

thread '<unnamed>' panicked at tests/src/init.rs:156:19:
Failed to initialize device: Parent device is lost
note: run with `RUST_BACKTRACE=1` environment variable to display a backtrace

        FAIL [   0.954s] wgpu-test::wgpu-gpu-test [Executed] [Gl/NVIDIA GeForce RTX 3060/PCIe/SSE2/2] wgpu_gpu_test::vertex_formats::vertex_formats_all
──── STDOUT:             wgpu-test::wgpu-gpu-test [Executed] [Gl/NVIDIA GeForce RTX 3060/PCIe/SSE2/2] wgpu_gpu_test::vertex_formats::vertex_formats_all

running 1 test
test [Executed] [Gl/NVIDIA GeForce RTX 3060/PCIe/SSE2/2] wgpu_gpu_test::vertex_formats::vertex_formats_all ... FAILED

failures:

---- [Executed] [Gl/NVIDIA GeForce RTX 3060/PCIe/SSE2/2] wgpu_gpu_test::vertex_formats::vertex_formats_all ----
test panicked: Failed to initialize device: Parent device is lost


failures:
    [Executed] [Gl/NVIDIA GeForce RTX 3060/PCIe/SSE2/2] wgpu_gpu_test::vertex_formats::vertex_formats_all

test result: FAILED. 0 passed; 1 failed; 0 ignored; 0 measured; 554 filtered out; finished in 0.89s

──── STDERR:             wgpu-test::wgpu-gpu-test [Executed] [Gl/NVIDIA GeForce RTX 3060/PCIe/SSE2/2] wgpu_gpu_test::vertex_formats::vertex_formats_all
[2025-03-15T23:07:44Z ERROR wgpu_core::device::resource] indirect-validation error: ComputePipeline(Internal("The selected version doesn't support Features(BUFFER_STORAGE | COMPUTE_SHADER | DYNAMIC_ARRAY_SIZE)"))

thread '<unnamed>' panicked at tests/src/init.rs:156:19:
Failed to initialize device: Parent device is lost
note: run with `RUST_BACKTRACE=1` environment variable to display a backtrace

        FAIL [   0.901s] wgpu-test::wgpu-gpu-test [Executed] [Gl/NVIDIA GeForce RTX 3060/PCIe/SSE2/2] wgpu_gpu_test::write_texture::write_texture_subset_2d
──── STDOUT:             wgpu-test::wgpu-gpu-test [Executed] [Gl/NVIDIA GeForce RTX 3060/PCIe/SSE2/2] wgpu_gpu_test::write_texture::write_texture_subset_2d

running 1 test
test [Executed] [Gl/NVIDIA GeForce RTX 3060/PCIe/SSE2/2] wgpu_gpu_test::write_texture::write_texture_subset_2d ... FAILED

failures:

---- [Executed] [Gl/NVIDIA GeForce RTX 3060/PCIe/SSE2/2] wgpu_gpu_test::write_texture::write_texture_subset_2d ----
test panicked: Failed to initialize device: Parent device is lost


failures:
    [Executed] [Gl/NVIDIA GeForce RTX 3060/PCIe/SSE2/2] wgpu_gpu_test::write_texture::write_texture_subset_2d

test result: FAILED. 0 passed; 1 failed; 0 ignored; 0 measured; 554 filtered out; finished in 0.83s

──── STDERR:             wgpu-test::wgpu-gpu-test [Executed] [Gl/NVIDIA GeForce RTX 3060/PCIe/SSE2/2] wgpu_gpu_test::write_texture::write_texture_subset_2d
[2025-03-15T23:07:44Z ERROR wgpu_core::device::resource] indirect-validation error: ComputePipeline(Internal("The selected version doesn't support Features(BUFFER_STORAGE | COMPUTE_SHADER | DYNAMIC_ARRAY_SIZE)"))

thread '<unnamed>' panicked at tests/src/init.rs:156:19:
Failed to initialize device: Parent device is lost
note: run with `RUST_BACKTRACE=1` environment variable to display a backtrace

        FAIL [   0.857s] wgpu-test::wgpu-gpu-test [Executed] [Gl/NVIDIA GeForce RTX 3060/PCIe/SSE2/2] wgpu_gpu_test::write_texture::write_texture_subset_3d
──── STDOUT:             wgpu-test::wgpu-gpu-test [Executed] [Gl/NVIDIA GeForce RTX 3060/PCIe/SSE2/2] wgpu_gpu_test::write_texture::write_texture_subset_3d

running 1 test
test [Executed] [Gl/NVIDIA GeForce RTX 3060/PCIe/SSE2/2] wgpu_gpu_test::write_texture::write_texture_subset_3d ... FAILED

failures:

---- [Executed] [Gl/NVIDIA GeForce RTX 3060/PCIe/SSE2/2] wgpu_gpu_test::write_texture::write_texture_subset_3d ----
test panicked: Failed to initialize device: Parent device is lost


failures:
    [Executed] [Gl/NVIDIA GeForce RTX 3060/PCIe/SSE2/2] wgpu_gpu_test::write_texture::write_texture_subset_3d

test result: FAILED. 0 passed; 1 failed; 0 ignored; 0 measured; 554 filtered out; finished in 0.83s

──── STDERR:             wgpu-test::wgpu-gpu-test [Executed] [Gl/NVIDIA GeForce RTX 3060/PCIe/SSE2/2] wgpu_gpu_test::write_texture::write_texture_subset_3d
[2025-03-15T23:07:45Z ERROR wgpu_core::device::resource] indirect-validation error: ComputePipeline(Internal("The selected version doesn't support Features(BUFFER_STORAGE | COMPUTE_SHADER | DYNAMIC_ARRAY_SIZE)"))

thread '<unnamed>' panicked at tests/src/init.rs:156:19:
Failed to initialize device: Parent device is lost
note: run with `RUST_BACKTRACE=1` environment variable to display a backtrace

        FAIL [   0.828s] wgpu-test::wgpu-gpu-test [Executed] [Gl/NVIDIA GeForce RTX 3060/PCIe/SSE2/2] wgpu_gpu_test::zero_init_texture_after_discard::discarding_color_target_resets_texture_init_state_check_visible_on_copy_after_submit
──── STDOUT:             wgpu-test::wgpu-gpu-test [Executed] [Gl/NVIDIA GeForce RTX 3060/PCIe/SSE2/2] wgpu_gpu_test::zero_init_texture_after_discard::discarding_color_target_resets_texture_init_state_check_visible_on_copy_after_submit

running 1 test
test [Executed] [Gl/NVIDIA GeForce RTX 3060/PCIe/SSE2/2] wgpu_gpu_test::zero_init_texture_after_discard::discarding_color_target_resets_texture_init_state_check_visible_on_copy_after_submit ... FAILED

failures:

---- [Executed] [Gl/NVIDIA GeForce RTX 3060/PCIe/SSE2/2] wgpu_gpu_test::zero_init_texture_after_discard::discarding_color_target_resets_texture_init_state_check_visible_on_copy_after_submit ----
test panicked: Failed to initialize device: Parent device is lost


failures:
    [Executed] [Gl/NVIDIA GeForce RTX 3060/PCIe/SSE2/2] wgpu_gpu_test::zero_init_texture_after_discard::discarding_color_target_resets_texture_init_state_check_visible_on_copy_after_submit

test result: FAILED. 0 passed; 1 failed; 0 ignored; 0 measured; 554 filtered out; finished in 0.79s

──── STDERR:             wgpu-test::wgpu-gpu-test [Executed] [Gl/NVIDIA GeForce RTX 3060/PCIe/SSE2/2] wgpu_gpu_test::zero_init_texture_after_discard::discarding_color_target_resets_texture_init_state_check_visible_on_copy_after_submit
[2025-03-15T23:07:45Z ERROR wgpu_core::device::resource] indirect-validation error: ComputePipeline(Internal("The selected version doesn't support Features(BUFFER_STORAGE | COMPUTE_SHADER | DYNAMIC_ARRAY_SIZE)"))

thread '<unnamed>' panicked at tests/src/init.rs:156:19:
Failed to initialize device: Parent device is lost
note: run with `RUST_BACKTRACE=1` environment variable to display a backtrace

        FAIL [   0.829s] wgpu-test::wgpu-gpu-test [Executed] [Gl/NVIDIA GeForce RTX 3060/PCIe/SSE2/2] wgpu_gpu_test::zero_init_texture_after_discard::discarding_color_target_resets_texture_init_state_check_visible_on_copy_in_same_encoder
──── STDOUT:             wgpu-test::wgpu-gpu-test [Executed] [Gl/NVIDIA GeForce RTX 3060/PCIe/SSE2/2] wgpu_gpu_test::zero_init_texture_after_discard::discarding_color_target_resets_texture_init_state_check_visible_on_copy_in_same_encoder

running 1 test
test [Executed] [Gl/NVIDIA GeForce RTX 3060/PCIe/SSE2/2] wgpu_gpu_test::zero_init_texture_after_discard::discarding_color_target_resets_texture_init_state_check_visible_on_copy_in_same_encoder ... FAILED

failures:

---- [Executed] [Gl/NVIDIA GeForce RTX 3060/PCIe/SSE2/2] wgpu_gpu_test::zero_init_texture_after_discard::discarding_color_target_resets_texture_init_state_check_visible_on_copy_in_same_encoder ----
test panicked: Failed to initialize device: Parent device is lost


failures:
    [Executed] [Gl/NVIDIA GeForce RTX 3060/PCIe/SSE2/2] wgpu_gpu_test::zero_init_texture_after_discard::discarding_color_target_resets_texture_init_state_check_visible_on_copy_in_same_encoder

test result: FAILED. 0 passed; 1 failed; 0 ignored; 0 measured; 554 filtered out; finished in 0.77s

──── STDERR:             wgpu-test::wgpu-gpu-test [Executed] [Gl/NVIDIA GeForce RTX 3060/PCIe/SSE2/2] wgpu_gpu_test::zero_init_texture_after_discard::discarding_color_target_resets_texture_init_state_check_visible_on_copy_in_same_encoder
[2025-03-15T23:07:45Z ERROR wgpu_core::device::resource] indirect-validation error: ComputePipeline(Internal("The selected version doesn't support Features(BUFFER_STORAGE | COMPUTE_SHADER | DYNAMIC_ARRAY_SIZE)"))

thread '<unnamed>' panicked at tests/src/init.rs:156:19:
Failed to initialize device: Parent device is lost
note: run with `RUST_BACKTRACE=1` environment variable to display a backtrace

        PASS [   1.474s] wgpu-test::wgpu-gpu-test [Executed] [Vulkan/NVIDIA GeForce RTX 3060/0] wgpu_gpu_test::bgra8unorm_storage::bgra8_unorm_storage
        PASS [   1.562s] wgpu-test::wgpu-gpu-test [Executed] [Vulkan/NVIDIA GeForce RTX 3060/0] wgpu_gpu_test::bind_group_layout_dedup::bind_group_layout_deduplication
        PASS [   1.556s] wgpu-test::wgpu-gpu-test [Executed] [Vulkan/NVIDIA GeForce RTX 3060/0] wgpu_gpu_test::bind_group_layout_dedup::bind_group_layout_deduplication_derived
        PASS [   1.426s] wgpu-test::wgpu-gpu-test [Executed] [Vulkan/NVIDIA GeForce RTX 3060/0] wgpu_gpu_test::bind_group_layout_dedup::get_derived_bgl
        PASS [   1.357s] wgpu-test::wgpu-gpu-test [Executed] [Vulkan/NVIDIA GeForce RTX 3060/0] wgpu_gpu_test::bind_groups::bind_group_nonfiltering_layout_mag_sampler
        PASS [   1.477s] wgpu-test::wgpu-gpu-test [Executed] [Vulkan/NVIDIA GeForce RTX 3060/0] wgpu_gpu_test::bind_group_layout_dedup::derived_bgls_incompatible_with_regular_bgls
        PASS [   1.557s] wgpu-test::wgpu-gpu-test [Executed] [Vulkan/NVIDIA GeForce RTX 3060/0] wgpu_gpu_test::bind_group_layout_dedup::bind_group_layout_deduplication_with_dropped_user_handle
        PASS [   1.518s] wgpu-test::wgpu-gpu-test [Executed] [Vulkan/NVIDIA GeForce RTX 3060/0] wgpu_gpu_test::bind_group_layout_dedup::separate_pipelines_have_incompatible_derived_bgls
        PASS [   1.515s] wgpu-test::wgpu-gpu-test [Executed] [Vulkan/NVIDIA GeForce RTX 3060/0] wgpu_gpu_test::bind_groups::bind_group_nonfiltering_layout_min_sampler
        PASS [   1.576s] wgpu-test::wgpu-gpu-test [Executed] [Vulkan/NVIDIA GeForce RTX 3060/0] wgpu_gpu_test::bind_groups::bind_group_nonfiltering_layout_mipmap_sampler
        PASS [   1.539s] wgpu-test::wgpu-gpu-test [Executed] [Vulkan/NVIDIA GeForce RTX 3060/0] wgpu_gpu_test::bind_groups::bind_group_nonfiltering_layout_nonfiltering_sampler
        PASS [   1.631s] wgpu-test::wgpu-gpu-test [Executed] [Vulkan/NVIDIA GeForce RTX 3060/0] wgpu_gpu_test::binding_array::buffers::binding_array_storage_buffers
        PASS [   1.552s] wgpu-test::wgpu-gpu-test [Executed] [Vulkan/NVIDIA GeForce RTX 3060/0] wgpu_gpu_test::binding_array::buffers::partial_binding_array_storage_buffers
        PASS [   1.597s] wgpu-test::wgpu-gpu-test [Executed] [Vulkan/NVIDIA GeForce RTX 3060/0] wgpu_gpu_test::binding_array::sampled_textures::binding_array_sampled_textures
        PASS [   1.620s] wgpu-test::wgpu-gpu-test [Executed] [Vulkan/NVIDIA GeForce RTX 3060/0] wgpu_gpu_test::binding_array::sampled_textures::partial_binding_array_sampled_textures
        PASS [   1.518s] wgpu-test::wgpu-gpu-test [Executed] [Vulkan/NVIDIA GeForce RTX 3060/0] wgpu_gpu_test::binding_array::samplers::binding_array_samplers
        PASS [   1.436s] wgpu-test::wgpu-gpu-test [Executed] [Vulkan/NVIDIA GeForce RTX 3060/0] wgpu_gpu_test::binding_array::storage_textures::partial_binding_array_storage_textures
        PASS [   1.522s] wgpu-test::wgpu-gpu-test [Executed] [Vulkan/NVIDIA GeForce RTX 3060/0] wgpu_gpu_test::binding_array::samplers::partial_binding_array_samplers
        PASS [   1.498s] wgpu-test::wgpu-gpu-test [Executed] [Vulkan/NVIDIA GeForce RTX 3060/0] wgpu_gpu_test::buffer::clear_offset_outside_resource_bounds
        PASS [   1.686s] wgpu-test::wgpu-gpu-test [Executed] [Vulkan/NVIDIA GeForce RTX 3060/0] wgpu_gpu_test::binding_array::storage_textures::binding_array_storage_textures
        PASS [   1.594s] wgpu-test::wgpu-gpu-test [Executed] [Vulkan/NVIDIA GeForce RTX 3060/0] wgpu_gpu_test::buffer::clear_offset_plus_size_outside_u64_bounds
        PASS [   1.534s] wgpu-test::wgpu-gpu-test [Executed] [Vulkan/NVIDIA GeForce RTX 3060/0] wgpu_gpu_test::buffer::map_offset
        PASS [   1.506s] wgpu-test::wgpu-gpu-test [Executed] [Vulkan/NVIDIA GeForce RTX 3060/0] wgpu_gpu_test::buffer::minimum_buffer_binding_size_dispatch
        PASS [   1.657s] wgpu-test::wgpu-gpu-test [Executed] [Vulkan/NVIDIA GeForce RTX 3060/0] wgpu_gpu_test::buffer::minimum_buffer_binding_size_layout
        PASS [   1.574s] wgpu-test::wgpu-gpu-test [Executed] [Vulkan/NVIDIA GeForce RTX 3060/0] wgpu_gpu_test::buffer_copy::copy_alignment
        PASS [   1.571s] wgpu-test::wgpu-gpu-test [Executed] [Vulkan/NVIDIA GeForce RTX 3060/0] wgpu_gpu_test::buffer_usages::buffer_usage
        PASS [   1.547s] wgpu-test::wgpu-gpu-test [Executed] [Vulkan/NVIDIA GeForce RTX 3060/0] wgpu_gpu_test::clear_texture::clear_texture_depth32_stencil8
        PASS [   1.835s] wgpu-test::wgpu-gpu-test [Executed] [Vulkan/NVIDIA GeForce RTX 3060/0] wgpu_gpu_test::clear_texture::clear_texture_depth
        PASS [   1.868s] wgpu-test::wgpu-gpu-test [Executed] [Vulkan/NVIDIA GeForce RTX 3060/0] wgpu_gpu_test::buffer_usages::buffer_usage_mappable_primary_buffers
        PASS [   1.762s] wgpu-test::wgpu-gpu-test [Executed] [Vulkan/NVIDIA GeForce RTX 3060/0] wgpu_gpu_test::cloneable_types::cloneable_buffers
        PASS [   1.800s] wgpu-test::wgpu-gpu-test [Executed] [Vulkan/NVIDIA GeForce RTX 3060/0] wgpu_gpu_test::compute_pass_ownership::compute_pass_keep_encoder_alive
        PASS [   2.149s] wgpu-test::wgpu-gpu-test [Executed] [Vulkan/NVIDIA GeForce RTX 3060/0] wgpu_gpu_test::clear_texture::clear_texture_uncompressed
        PASS [   1.840s] wgpu-test::wgpu-gpu-test [Executed] [Vulkan/NVIDIA GeForce RTX 3060/0] wgpu_gpu_test::compute_pass_ownership::compute_pass_query_set_ownership_pipeline_statistics
        PASS [   2.793s] wgpu-test::wgpu-gpu-test [Executed] [Vulkan/NVIDIA GeForce RTX 3060/0] wgpu_gpu_test::buffer_usages::buffer_map_async_map_state
        PASS [   1.867s] wgpu-test::wgpu-gpu-test [Executed] [Vulkan/NVIDIA GeForce RTX 3060/0] wgpu_gpu_test::compute_pass_ownership::compute_pass_query_set_ownership_timestamps
        PASS [   1.861s] wgpu-test::wgpu-gpu-test [Executed] [Vulkan/NVIDIA GeForce RTX 3060/0] wgpu_gpu_test::compute_pass_ownership::compute_pass_resource_ownership
        PASS [   1.617s] wgpu-test::wgpu-gpu-test [Executed] [Vulkan/NVIDIA GeForce RTX 3060/0] wgpu_gpu_test::device::device_destroy_then_lost
        PASS [   1.827s] wgpu-test::wgpu-gpu-test [Executed] [Vulkan/NVIDIA GeForce RTX 3060/0] wgpu_gpu_test::device::device_destroy_then_buffer_cleanup
        PASS [   1.628s] wgpu-test::wgpu-gpu-test [Executed] [Vulkan/NVIDIA GeForce RTX 3060/0] wgpu_gpu_test::device::device_destroy_then_more
        PASS [   1.640s] wgpu-test::wgpu-gpu-test [Executed] [Vulkan/NVIDIA GeForce RTX 3060/0] wgpu_gpu_test::device::device_lifetime_check
        PASS [   1.666s] wgpu-test::wgpu-gpu-test [Executed] [Vulkan/NVIDIA GeForce RTX 3060/0] wgpu_gpu_test::device::different_bgl_order_bw_shader_and_api
        PASS [   4.547s] wgpu-test::wgpu-gpu-test [Executed] [Vulkan/NVIDIA GeForce RTX 3060/0] wgpu_gpu_test::clear_texture::clear_texture_compressed_bcn
        PASS [   3.053s] wgpu-test::wgpu-gpu-test [Executed] [Vulkan/NVIDIA GeForce RTX 3060/0] wgpu_gpu_test::device::device_and_queue_have_different_ids
        PASS [   1.764s] wgpu-test::wgpu-gpu-test [Executed] [Vulkan/NVIDIA GeForce RTX 3060/0] wgpu_gpu_test::dispatch_workgroups_indirect::discard_dispatch
        PASS [   1.621s] wgpu-test::wgpu-gpu-test [Executed] [Vulkan/NVIDIA GeForce RTX 3060/0] wgpu_gpu_test::dispatch_workgroups_indirect::num_workgroups_builtin
        PASS [   1.562s] wgpu-test::wgpu-gpu-test [Executed] [Vulkan/NVIDIA GeForce RTX 3060/0] wgpu_gpu_test::dispatch_workgroups_indirect::reset_bind_groups
        PASS [   1.515s] wgpu-test::wgpu-gpu-test [Executed] [Vulkan/NVIDIA GeForce RTX 3060/0] wgpu_gpu_test::dispatch_workgroups_indirect::zero_sized_buffer
        PASS [   2.695s] wgpu-test::wgpu-gpu-test [Executed] [Vulkan/NVIDIA GeForce RTX 3060/0] wgpu_gpu_test::device::request_device_error_message_native
        PASS [   1.489s] wgpu-test::wgpu-gpu-test [Executed] [Vulkan/NVIDIA GeForce RTX 3060/0] wgpu_gpu_test::dual_source_blending::dual_source_blending_feature_disabled
        PASS [   1.571s] wgpu-test::wgpu-gpu-test [Executed] [Vulkan/NVIDIA GeForce RTX 3060/0] wgpu_gpu_test::dual_source_blending::dual_source_blending_feature_enabled
        PASS [   1.585s] wgpu-test::wgpu-gpu-test [Executed] [Vulkan/NVIDIA GeForce RTX 3060/0] wgpu_gpu_test::encoder::drop_encoder
        PASS [   1.496s] wgpu-test::wgpu-gpu-test [Executed] [Vulkan/NVIDIA GeForce RTX 3060/0] wgpu_gpu_test::encoder::drop_encoder_after_error
        PASS [   1.593s] wgpu-test::wgpu-gpu-test [Executed] [Vulkan/NVIDIA GeForce RTX 3060/0] wgpu_gpu_test::encoder::encoder_operations_fail_while_pass_alive
        PASS [   3.773s] wgpu-test::wgpu-gpu-test [Executed] [Vulkan/NVIDIA GeForce RTX 3060/0] wgpu_gpu_test::device::multiple_devices
        PASS [   6.097s] wgpu-test::wgpu-gpu-test [Executed] [Vulkan/NVIDIA GeForce RTX 3060/0] wgpu_gpu_test::clear_texture::clear_texture_uncompressed_gles
        PASS [   1.582s] wgpu-test::wgpu-gpu-test [Executed] [Vulkan/NVIDIA GeForce RTX 3060/0] wgpu_gpu_test::float32_filterable::float32_filterable_with_feature
        PASS [   1.601s] wgpu-test::wgpu-gpu-test [Executed] [Vulkan/NVIDIA GeForce RTX 3060/0] wgpu_gpu_test::float32_filterable::float32_filterable_without_feature
        PASS [   1.578s] wgpu-test::wgpu-gpu-test [Executed] [Vulkan/NVIDIA GeForce RTX 3060/0] wgpu_gpu_test::image_atomics::image_32_atomics
        PASS [   1.385s] wgpu-test::wgpu-gpu-test [Executed] [Vulkan/NVIDIA GeForce RTX 3060/0] wgpu_gpu_test::image_atomics::image_atomics_not_supported
        PASS [   1.510s] wgpu-test::wgpu-gpu-test [Executed] [Vulkan/NVIDIA GeForce RTX 3060/0] wgpu_gpu_test::image_atomics::image_64_atomics
        PASS [   1.535s] wgpu-test::wgpu-gpu-test [Executed] [Vulkan/NVIDIA GeForce RTX 3060/0] wgpu_gpu_test::image_atomics::image_atomics_not_enabled
        PASS [   1.584s] wgpu-test::wgpu-gpu-test [Executed] [Vulkan/NVIDIA GeForce RTX 3060/0] wgpu_gpu_test::instance::initialize
        PASS [   1.689s] wgpu-test::wgpu-gpu-test [Executed] [Vulkan/NVIDIA GeForce RTX 3060/0] wgpu_gpu_test::life_cycle::buffer_destroy
        PASS [   1.517s] wgpu-test::wgpu-gpu-test [Executed] [Vulkan/NVIDIA GeForce RTX 3060/0] wgpu_gpu_test::life_cycle::texture_destroy
        PASS [   1.477s] wgpu-test::wgpu-gpu-test [Executed] [Vulkan/NVIDIA GeForce RTX 3060/0] wgpu_gpu_test::mesh_shader::mesh_draw_indirect
        PASS [   1.527s] wgpu-test::wgpu-gpu-test [Executed] [Vulkan/NVIDIA GeForce RTX 3060/0] wgpu_gpu_test::mem_leaks::simple_draw_check_mem_leaks
        PASS [   1.448s] wgpu-test::wgpu-gpu-test [Executed] [Vulkan/NVIDIA GeForce RTX 3060/0] wgpu_gpu_test::mesh_shader::mesh_multi_draw_indirect_count
        PASS [   1.475s] wgpu-test::wgpu-gpu-test [Executed] [Vulkan/NVIDIA GeForce RTX 3060/0] wgpu_gpu_test::mesh_shader::mesh_multi_draw_indirect
        PASS [   1.403s] wgpu-test::wgpu-gpu-test [Executed] [Vulkan/NVIDIA GeForce RTX 3060/0] wgpu_gpu_test::mesh_shader::mesh_pipeline_basic_task_mesh
        PASS [   1.474s] wgpu-test::wgpu-gpu-test [Executed] [Vulkan/NVIDIA GeForce RTX 3060/0] wgpu_gpu_test::mesh_shader::mesh_pipeline_basic_mesh
        PASS [   1.535s] wgpu-test::wgpu-gpu-test [Executed] [Vulkan/NVIDIA GeForce RTX 3060/0] wgpu_gpu_test::mesh_shader::mesh_pipeline_basic_mesh_frag
        PASS [   1.536s] wgpu-test::wgpu-gpu-test [Executed] [Vulkan/NVIDIA GeForce RTX 3060/0] wgpu_gpu_test::mesh_shader::mesh_pipeline_basic_task_mesh_frag
        PASS [   1.489s] wgpu-test::wgpu-gpu-test [Executed] [Vulkan/NVIDIA GeForce RTX 3060/0] wgpu_gpu_test::nv12_texture::nv12_texture_bad_format_view_plane
        PASS [   1.584s] wgpu-test::wgpu-gpu-test [Executed] [Vulkan/NVIDIA GeForce RTX 3060/0] wgpu_gpu_test::nv12_texture::nv12_texture_bad_size
        PASS [   1.645s] wgpu-test::wgpu-gpu-test [Executed] [Vulkan/NVIDIA GeForce RTX 3060/0] wgpu_gpu_test::nv12_texture::nv12_texture_creation_sampling
        PASS [   1.448s] wgpu-test::wgpu-gpu-test [Executed] [Vulkan/NVIDIA GeForce RTX 3060/0] wgpu_gpu_test::nv12_texture::nv12_texture_view_plane_on_non_planar_format
        PASS [   1.323s] wgpu-test::wgpu-gpu-test [Executed] [Vulkan/NVIDIA GeForce RTX 3060/0] wgpu_gpu_test::nv12_texture::nv12_texture_view_plane_out_of_bounds
        PASS [   1.399s] wgpu-test::wgpu-gpu-test [Executed] [Vulkan/NVIDIA GeForce RTX 3060/0] wgpu_gpu_test::occlusion_query::occlusion_query
        PASS [   1.406s] wgpu-test::wgpu-gpu-test [Executed] [Vulkan/NVIDIA GeForce RTX 3060/0] wgpu_gpu_test::pipeline::compute_pipeline_default_layout_bad_bgl_index
        PASS [   1.447s] wgpu-test::wgpu-gpu-test [Executed] [Vulkan/NVIDIA GeForce RTX 3060/0] wgpu_gpu_test::pipeline::no_targetless_render
        PASS [   1.478s] wgpu-test::wgpu-gpu-test [Executed] [Vulkan/NVIDIA GeForce RTX 3060/0] wgpu_gpu_test::pipeline::compute_pipeline_default_layout_bad_module
        PASS [   1.685s] wgpu-test::wgpu-gpu-test [Executed] [Vulkan/NVIDIA GeForce RTX 3060/0] wgpu_gpu_test::oob_indexing::restrict_workgroup_private_function_let
        PASS [   1.482s] wgpu-test::wgpu-gpu-test [Executed] [Vulkan/NVIDIA GeForce RTX 3060/0] wgpu_gpu_test::pipeline::render_pipeline_default_layout_bad_bgl_index
        PASS [   1.453s] wgpu-test::wgpu-gpu-test [Executed] [Vulkan/NVIDIA GeForce RTX 3060/0] wgpu_gpu_test::pipeline::render_pipeline_default_layout_bad_module
        PASS [   1.667s] wgpu-test::wgpu-gpu-test [Executed] [Vulkan/NVIDIA GeForce RTX 3060/0] wgpu_gpu_test::pipeline_cache::pipeline_cache
        PASS [   1.521s] wgpu-test::wgpu-gpu-test [Executed] [Vulkan/NVIDIA GeForce RTX 3060/0] wgpu_gpu_test::poll::double_wait
        PASS [   1.541s] wgpu-test::wgpu-gpu-test [Executed] [Vulkan/NVIDIA GeForce RTX 3060/0] wgpu_gpu_test::poll::double_wait_on_submission
        PASS [   1.282s] wgpu-test::wgpu-gpu-test [Executed] [Vulkan/NVIDIA GeForce RTX 3060/0] wgpu_gpu_test::poll::wait_out_of_order
        PASS [   1.552s] wgpu-test::wgpu-gpu-test [Executed] [Vulkan/NVIDIA GeForce RTX 3060/0] wgpu_gpu_test::poll::wait
        PASS [   1.508s] wgpu-test::wgpu-gpu-test [Executed] [Vulkan/NVIDIA GeForce RTX 3060/0] wgpu_gpu_test::poll::wait_on_submission
        PASS [   1.374s] wgpu-test::wgpu-gpu-test [Executed] [Vulkan/NVIDIA GeForce RTX 3060/0] wgpu_gpu_test::query_set::drop_failed_timestamp_query_set
        PASS [   1.476s] wgpu-test::wgpu-gpu-test [Executed] [Vulkan/NVIDIA GeForce RTX 3060/0] wgpu_gpu_test::push_constants::partial_update
        PASS [   1.400s] wgpu-test::wgpu-gpu-test [Executed] [Vulkan/NVIDIA GeForce RTX 3060/0] wgpu_gpu_test::queue_transfer::queue_write_texture_overflow
        PASS [   1.605s] wgpu-test::wgpu-gpu-test [Executed] [Vulkan/NVIDIA GeForce RTX 3060/0] wgpu_gpu_test::push_constants::render_pass_test
        PASS [   2.437s] wgpu-test::wgpu-gpu-test [Executed] [Vulkan/NVIDIA GeForce RTX 3060/0] wgpu_gpu_test::poll::wait_after_bad_submission
        PASS [   1.971s] wgpu-test::wgpu-gpu-test [Executed] [Vulkan/NVIDIA GeForce RTX 3060/0] wgpu_gpu_test::ray_tracing::as_build::build_with_transform
        PASS [   1.991s] wgpu-test::wgpu-gpu-test [Executed] [Vulkan/NVIDIA GeForce RTX 3060/0] wgpu_gpu_test::ray_tracing::as_build::empty_build
        PASS [   1.998s] wgpu-test::wgpu-gpu-test [Executed] [Vulkan/NVIDIA GeForce RTX 3060/0] wgpu_gpu_test::ray_tracing::as_build::only_blas_vertex_return
        PASS [   1.799s] wgpu-test::wgpu-gpu-test [Executed] [Vulkan/NVIDIA GeForce RTX 3060/0] wgpu_gpu_test::ray_tracing::as_build::only_tlas_vertex_return
        PASS [   1.792s] wgpu-test::wgpu-gpu-test [Executed] [Vulkan/NVIDIA GeForce RTX 3060/0] wgpu_gpu_test::ray_tracing::as_build::out_of_order_as_build_use
        PASS [   1.945s] wgpu-test::wgpu-gpu-test [Executed] [Vulkan/NVIDIA GeForce RTX 3060/0] wgpu_gpu_test::ray_tracing::as_build::out_of_order_as_build
        PASS [   1.805s] wgpu-test::wgpu-gpu-test [Executed] [Vulkan/NVIDIA GeForce RTX 3060/0] wgpu_gpu_test::ray_tracing::as_build::unbuilt_blas
        PASS [   1.790s] wgpu-test::wgpu-gpu-test [Executed] [Vulkan/NVIDIA GeForce RTX 3060/0] wgpu_gpu_test::ray_tracing::as_create::blas_invalid_vertex_format
        PASS [   1.890s] wgpu-test::wgpu-gpu-test [Executed] [Vulkan/NVIDIA GeForce RTX 3060/0] wgpu_gpu_test::ray_tracing::as_create::blas_mismatched_index
        PASS [   1.928s] wgpu-test::wgpu-gpu-test [Executed] [Vulkan/NVIDIA GeForce RTX 3060/0] wgpu_gpu_test::ray_tracing::as_use_after_free::acceleration_structure_use_after_free
        PASS [   1.979s] wgpu-test::wgpu-gpu-test [Executed] [Vulkan/NVIDIA GeForce RTX 3060/0] wgpu_gpu_test::ray_tracing::scene::acceleration_structure_build_no_index
        PASS [   1.504s] wgpu-test::wgpu-gpu-test [Executed] [Vulkan/NVIDIA GeForce RTX 3060/0] wgpu_gpu_test::regression::issue_3349::multi_stage_data_binding
        PASS [   1.972s] wgpu-test::wgpu-gpu-test [Executed] [Vulkan/NVIDIA GeForce RTX 3060/0] wgpu_gpu_test::ray_tracing::scene::acceleration_structure_build_with_index
        PASS [   1.601s] wgpu-test::wgpu-gpu-test [Executed] [Vulkan/NVIDIA GeForce RTX 3060/0] wgpu_gpu_test::regression::issue_3457::pass_reset_vertex_buffer
        PASS [   2.057s] wgpu-test::wgpu-gpu-test [Executed] [Vulkan/NVIDIA GeForce RTX 3060/0] wgpu_gpu_test::ray_tracing::shader::access_all_struct_members
        PASS [   1.532s] wgpu-test::wgpu-gpu-test [Executed] [Vulkan/NVIDIA GeForce RTX 3060/0] wgpu_gpu_test::regression::issue_4024::queue_submitted_callback_ordering
        PASS [   1.456s] wgpu-test::wgpu-gpu-test [Executed] [Vulkan/NVIDIA GeForce RTX 3060/0] wgpu_gpu_test::regression::issue_4514::degenerate_switch
        PASS [   1.543s] wgpu-test::wgpu-gpu-test [Executed] [Vulkan/NVIDIA GeForce RTX 3060/0] wgpu_gpu_test::regression::issue_4485::continue_switch
        PASS [   1.578s] wgpu-test::wgpu-gpu-test [Executed] [Vulkan/NVIDIA GeForce RTX 3060/0] wgpu_gpu_test::regression::issue_5553::allow_input_not_consumed
        PASS [   1.427s] wgpu-test::wgpu-gpu-test [Executed] [Vulkan/NVIDIA GeForce RTX 3060/0] wgpu_gpu_test::regression::issue_6317::non_fatal_errors_in_queue_submit
        PASS [   1.580s] wgpu-test::wgpu-gpu-test [Executed] [Vulkan/NVIDIA GeForce RTX 3060/0] wgpu_gpu_test::regression::issue_6467::zero_workgroup_count
        PASS [   1.643s] wgpu-test::wgpu-gpu-test [Executed] [Vulkan/NVIDIA GeForce RTX 3060/0] wgpu_gpu_test::regression::issue_6827::test_scatter
        PASS [   1.607s] wgpu-test::wgpu-gpu-test [Executed] [Vulkan/NVIDIA GeForce RTX 3060/0] wgpu_gpu_test::regression::issue_6827::test_single_write
        PASS [   1.667s] wgpu-test::wgpu-gpu-test [Executed] [Vulkan/NVIDIA GeForce RTX 3060/0] wgpu_gpu_test::render_pass_ownership::render_pass_keep_encoder_alive
        PASS [   1.550s] wgpu-test::wgpu-gpu-test [Executed] [Vulkan/NVIDIA GeForce RTX 3060/0] wgpu_gpu_test::render_pass_ownership::render_pass_resource_ownership
        PASS [   1.663s] wgpu-test::wgpu-gpu-test [Executed] [Vulkan/NVIDIA GeForce RTX 3060/0] wgpu_gpu_test::render_pass_ownership::render_pass_query_set_ownership_pipeline_statistics
        PASS [   1.700s] wgpu-test::wgpu-gpu-test [Executed] [Vulkan/NVIDIA GeForce RTX 3060/0] wgpu_gpu_test::render_pass_ownership::render_pass_query_set_ownership_timestamps
        PASS [   1.591s] wgpu-test::wgpu-gpu-test [Executed] [Vulkan/NVIDIA GeForce RTX 3060/0] wgpu_gpu_test::resource_descriptor_accessor::buffer_size_and_usage
        PASS [   1.747s] wgpu-test::wgpu-gpu-test [Executed] [Vulkan/NVIDIA GeForce RTX 3060/0] wgpu_gpu_test::resource_error::bad_buffer
        PASS [   1.641s] wgpu-test::wgpu-gpu-test [Executed] [Vulkan/NVIDIA GeForce RTX 3060/0] wgpu_gpu_test::resource_error::bad_texture
        PASS [   1.772s] wgpu-test::wgpu-gpu-test [Executed] [Vulkan/NVIDIA GeForce RTX 3060/0] wgpu_gpu_test::samplers::sampler_creation_failure
        PASS [   1.685s] wgpu-test::wgpu-gpu-test [Executed] [Vulkan/NVIDIA GeForce RTX 3060/0] wgpu_gpu_test::samplers::sampler_deduplication
        PASS [   1.601s] wgpu-test::wgpu-gpu-test [Executed] [Vulkan/NVIDIA GeForce RTX 3060/0] wgpu_gpu_test::samplers::sampler_multi_bind_group
        PASS [   1.671s] wgpu-test::wgpu-gpu-test [Executed] [Vulkan/NVIDIA GeForce RTX 3060/0] wgpu_gpu_test::samplers::sampler_single_bind_group
        PASS [   1.652s] wgpu-test::wgpu-gpu-test [Executed] [Vulkan/NVIDIA GeForce RTX 3060/0] wgpu_gpu_test::scissor_tests::scissor_test_custom_rect
        PASS [   1.538s] wgpu-test::wgpu-gpu-test [Executed] [Vulkan/NVIDIA GeForce RTX 3060/0] wgpu_gpu_test::scissor_tests::scissor_test_empty_rect_with_offset
        PASS [   1.658s] wgpu-test::wgpu-gpu-test [Executed] [Vulkan/NVIDIA GeForce RTX 3060/0] wgpu_gpu_test::scissor_tests::scissor_test_empty_rect
        PASS [   1.596s] wgpu-test::wgpu-gpu-test [Executed] [Vulkan/NVIDIA GeForce RTX 3060/0] wgpu_gpu_test::scissor_tests::scissor_test_full_rect
        PASS [   1.522s] wgpu-test::wgpu-gpu-test [Executed] [Vulkan/NVIDIA GeForce RTX 3060/0] wgpu_gpu_test::shader::compilation_messages::shader_compile_error
        PASS [   1.760s] wgpu-test::wgpu-gpu-test [Executed] [Vulkan/NVIDIA GeForce RTX 3060/0] wgpu_gpu_test::shader::array_size_overrides::array_size_overrides
        PASS [   1.746s] wgpu-test::wgpu-gpu-test [Executed] [Vulkan/NVIDIA GeForce RTX 3060/0] wgpu_gpu_test::shader::compilation_messages::shader_compile_success
        PASS [   1.672s] wgpu-test::wgpu-gpu-test [Executed] [Vulkan/NVIDIA GeForce RTX 3060/0] wgpu_gpu_test::shader::data_builtins::pack4x_i8
        PASS [   1.692s] wgpu-test::wgpu-gpu-test [Executed] [Vulkan/NVIDIA GeForce RTX 3060/0] wgpu_gpu_test::shader::data_builtins::pack4x_u8
        PASS [   1.736s] wgpu-test::wgpu-gpu-test [Executed] [Vulkan/NVIDIA GeForce RTX 3060/0] wgpu_gpu_test::shader::data_builtins::unpack4x_i8
        PASS [   1.602s] wgpu-test::wgpu-gpu-test [Executed] [Vulkan/NVIDIA GeForce RTX 3060/0] wgpu_gpu_test::shader::data_builtins::unpack4x_u8
        PASS [   1.530s] wgpu-test::wgpu-gpu-test [Executed] [Vulkan/NVIDIA GeForce RTX 3060/0] wgpu_gpu_test::shader::numeric_builtins::int64_atomic_all_ops
        PASS [   1.736s] wgpu-test::wgpu-gpu-test [Executed] [Vulkan/NVIDIA GeForce RTX 3060/0] wgpu_gpu_test::shader::numeric_builtins::float32_atomic
        PASS [   1.655s] wgpu-test::wgpu-gpu-test [Executed] [Vulkan/NVIDIA GeForce RTX 3060/0] wgpu_gpu_test::shader::numeric_builtins::int64_atomic_min_max
        PASS [   1.733s] wgpu-test::wgpu-gpu-test [Executed] [Vulkan/NVIDIA GeForce RTX 3060/0] wgpu_gpu_test::shader::numeric_builtins::numeric_builtins
        PASS [   1.635s] wgpu-test::wgpu-gpu-test [Executed] [Vulkan/NVIDIA GeForce RTX 3060/0] wgpu_gpu_test::shader::struct_layout::push_constant_input_int64
        PASS [   1.737s] wgpu-test::wgpu-gpu-test [Executed] [Vulkan/NVIDIA GeForce RTX 3060/0] wgpu_gpu_test::shader::struct_layout::push_constant_input
        PASS [   1.636s] wgpu-test::wgpu-gpu-test [Executed] [Vulkan/NVIDIA GeForce RTX 3060/0] wgpu_gpu_test::shader::struct_layout::storage_input_int64
        PASS [   1.895s] wgpu-test::wgpu-gpu-test [Executed] [Vulkan/NVIDIA GeForce RTX 3060/0] wgpu_gpu_test::shader::struct_layout::storage_input
        PASS [   1.673s] wgpu-test::wgpu-gpu-test [Executed] [Vulkan/NVIDIA GeForce RTX 3060/0] wgpu_gpu_test::shader::struct_layout::uniform_input_int64
        PASS [   1.810s] wgpu-test::wgpu-gpu-test [Executed] [Vulkan/NVIDIA GeForce RTX 3060/0] wgpu_gpu_test::shader::workgroup_size_overrides::workgroup_size_overrides
        PASS [   1.709s] wgpu-test::wgpu-gpu-test [Executed] [Vulkan/NVIDIA GeForce RTX 3060/0] wgpu_gpu_test::shader::zero_init_workgroup_mem::zero_init_workgroup_memory
        PASS [   1.470s] wgpu-test::wgpu-gpu-test [Executed] [Vulkan/NVIDIA GeForce RTX 3060/0] wgpu_gpu_test::shader_primitive_index::draw_indexed
        PASS [   1.743s] wgpu-test::wgpu-gpu-test [Executed] [Vulkan/NVIDIA GeForce RTX 3060/0] wgpu_gpu_test::shader_primitive_index::draw
        PASS [   1.724s] wgpu-test::wgpu-gpu-test [Executed] [Vulkan/NVIDIA GeForce RTX 3060/0] wgpu_gpu_test::shader_view_format::reinterpret_srgb
        PASS [   1.771s] wgpu-test::wgpu-gpu-test [Executed] [Vulkan/NVIDIA GeForce RTX 3060/0] wgpu_gpu_test::subgroup_operations::subgroup_operations
        PASS [   1.534s] wgpu-test::wgpu-gpu-test [Executed] [Vulkan/NVIDIA GeForce RTX 3060/0] wgpu_gpu_test::texture_binding::texture_binding
        PASS [   1.669s] wgpu-test::wgpu-gpu-test [Executed] [Vulkan/NVIDIA GeForce RTX 3060/0] wgpu_gpu_test::texture_binding::single_scalar_load
        PASS [   1.698s] wgpu-test::wgpu-gpu-test [Executed] [Vulkan/NVIDIA GeForce RTX 3060/0] wgpu_gpu_test::texture_blit::texture_blit_with_linear_filter_test
        PASS [   1.544s] wgpu-test::wgpu-gpu-test [Executed] [Vulkan/NVIDIA GeForce RTX 3060/0] wgpu_gpu_test::texture_blit::texture_blit_with_nearest_filter_test
        PASS [   1.695s] wgpu-test::wgpu-gpu-test [Executed] [Vulkan/NVIDIA GeForce RTX 3060/0] wgpu_gpu_test::texture_bounds::bad_copy_origin_test
        PASS [   1.659s] wgpu-test::wgpu-gpu-test [Executed] [Vulkan/NVIDIA GeForce RTX 3060/0] wgpu_gpu_test::texture_view_creation::depth_only_view_creation
        PASS [   1.602s] wgpu-test::wgpu-gpu-test [Executed] [Vulkan/NVIDIA GeForce RTX 3060/0] wgpu_gpu_test::texture_view_creation::stencil_only_view_creation
        PASS [   1.469s] wgpu-test::wgpu-gpu-test [Executed] [Vulkan/NVIDIA GeForce RTX 3060/0] wgpu_gpu_test::transfer::copy_overflow_z
        PASS [   1.681s] wgpu-test::wgpu-gpu-test [Executed] [Vulkan/NVIDIA GeForce RTX 3060/0] wgpu_gpu_test::texture_view_creation::shared_usage_view_creation
        PASS [   1.678s] wgpu-test::wgpu-gpu-test [Executed] [Vulkan/NVIDIA GeForce RTX 3060/0] wgpu_gpu_test::transition_resources::transition_resources
        PASS [   1.659s] wgpu-test::wgpu-gpu-test [Executed] [Vulkan/NVIDIA GeForce RTX 3060/0] wgpu_gpu_test::vertex_formats::vertex_formats_10_10_10_2
        PASS [   0.358s] wgpu-test::wgpu-gpu-test [Executed] [Vulkan/llvmpipe (LLVM 19.1.1, 256 bits)/1] wgpu_gpu_test::bgra8unorm_storage::bgra8_unorm_storage
        PASS [   1.920s] wgpu-test::wgpu-gpu-test [Executed] [Vulkan/NVIDIA GeForce RTX 3060/0] wgpu_gpu_test::vertex_formats::vertex_formats_all
        PASS [   0.298s] wgpu-test::wgpu-gpu-test [Executed] [Vulkan/llvmpipe (LLVM 19.1.1, 256 bits)/1] wgpu_gpu_test::bind_group_layout_dedup::bind_group_layout_deduplication
        PASS [   1.588s] wgpu-test::wgpu-gpu-test [Executed] [Vulkan/NVIDIA GeForce RTX 3060/0] wgpu_gpu_test::write_texture::write_texture_subset_2d
        PASS [   0.314s] wgpu-test::wgpu-gpu-test [Executed] [Vulkan/llvmpipe (LLVM 19.1.1, 256 bits)/1] wgpu_gpu_test::bind_group_layout_dedup::bind_group_layout_deduplication_derived
        PASS [   0.319s] wgpu-test::wgpu-gpu-test [Executed] [Vulkan/llvmpipe (LLVM 19.1.1, 256 bits)/1] wgpu_gpu_test::bind_group_layout_dedup::derived_bgls_incompatible_with_regular_bgls
        PASS [   0.339s] wgpu-test::wgpu-gpu-test [Executed] [Vulkan/llvmpipe (LLVM 19.1.1, 256 bits)/1] wgpu_gpu_test::bind_group_layout_dedup::bind_group_layout_deduplication_with_dropped_user_handle
        PASS [   1.765s] wgpu-test::wgpu-gpu-test [Executed] [Vulkan/NVIDIA GeForce RTX 3060/0] wgpu_gpu_test::write_texture::write_texture_no_oob
        PASS [   1.646s] wgpu-test::wgpu-gpu-test [Executed] [Vulkan/NVIDIA GeForce RTX 3060/0] wgpu_gpu_test::write_texture::write_texture_subset_3d
        PASS [   0.285s] wgpu-test::wgpu-gpu-test [Executed] [Vulkan/llvmpipe (LLVM 19.1.1, 256 bits)/1] wgpu_gpu_test::bind_group_layout_dedup::get_derived_bgl
        PASS [   0.281s] wgpu-test::wgpu-gpu-test [Executed] [Vulkan/llvmpipe (LLVM 19.1.1, 256 bits)/1] wgpu_gpu_test::bind_group_layout_dedup::separate_pipelines_have_incompatible_derived_bgls
        PASS [   2.416s] wgpu-test::wgpu-gpu-test [Executed] [Vulkan/NVIDIA GeForce RTX 3060/0] wgpu_gpu_test::vertex_indices::vertex_indices
        PASS [   0.256s] wgpu-test::wgpu-gpu-test [Executed] [Vulkan/llvmpipe (LLVM 19.1.1, 256 bits)/1] wgpu_gpu_test::bind_groups::bind_group_nonfiltering_layout_min_sampler
        PASS [   0.274s] wgpu-test::wgpu-gpu-test [Executed] [Vulkan/llvmpipe (LLVM 19.1.1, 256 bits)/1] wgpu_gpu_test::bind_groups::bind_group_nonfiltering_layout_mag_sampler
        PASS [   0.262s] wgpu-test::wgpu-gpu-test [Executed] [Vulkan/llvmpipe (LLVM 19.1.1, 256 bits)/1] wgpu_gpu_test::bind_groups::bind_group_nonfiltering_layout_mipmap_sampler
        PASS [   0.248s] wgpu-test::wgpu-gpu-test [Executed] [Vulkan/llvmpipe (LLVM 19.1.1, 256 bits)/1] wgpu_gpu_test::bind_groups::bind_group_nonfiltering_layout_nonfiltering_sampler
        PASS [   0.257s] wgpu-test::wgpu-gpu-test [Executed] [Vulkan/llvmpipe (LLVM 19.1.1, 256 bits)/1] wgpu_gpu_test::binding_array::buffers::binding_array_storage_buffers
        PASS [   1.668s] wgpu-test::wgpu-gpu-test [Executed] [Vulkan/NVIDIA GeForce RTX 3060/0] wgpu_gpu_test::zero_init_texture_after_discard::discarding_color_target_resets_texture_init_state_check_visible_on_copy_after_submit
        PASS [   1.644s] wgpu-test::wgpu-gpu-test [Executed] [Vulkan/NVIDIA GeForce RTX 3060/0] wgpu_gpu_test::zero_init_texture_after_discard::discarding_color_target_resets_texture_init_state_check_visible_on_copy_in_same_encoder
        PASS [   0.292s] wgpu-test::wgpu-gpu-test [Executed] [Vulkan/llvmpipe (LLVM 19.1.1, 256 bits)/1] wgpu_gpu_test::binding_array::buffers::partial_binding_array_storage_buffers
        PASS [   0.256s] wgpu-test::wgpu-gpu-test [Executed] [Vulkan/llvmpipe (LLVM 19.1.1, 256 bits)/1] wgpu_gpu_test::binding_array::samplers::binding_array_samplers
        PASS [   0.268s] wgpu-test::wgpu-gpu-test [Executed] [Vulkan/llvmpipe (LLVM 19.1.1, 256 bits)/1] wgpu_gpu_test::binding_array::sampled_textures::partial_binding_array_sampled_textures
        PASS [   0.299s] wgpu-test::wgpu-gpu-test [Executed] [Vulkan/llvmpipe (LLVM 19.1.1, 256 bits)/1] wgpu_gpu_test::binding_array::sampled_textures::binding_array_sampled_textures
        PASS [   0.270s] wgpu-test::wgpu-gpu-test [Executed] [Vulkan/llvmpipe (LLVM 19.1.1, 256 bits)/1] wgpu_gpu_test::binding_array::samplers::partial_binding_array_samplers
        PASS [   1.680s] wgpu-test::wgpu-gpu-test [Executed] [Vulkan/NVIDIA GeForce RTX 3060/0] wgpu_gpu_test::zero_init_texture_after_discard::discarding_either_depth_or_stencil_aspect_test
        PASS [   1.753s] wgpu-test::wgpu-gpu-test [Executed] [Vulkan/NVIDIA GeForce RTX 3060/0] wgpu_gpu_test::zero_init_texture_after_discard::discarding_depth_target_resets_texture_init_state_check_visible_on_copy_in_same_encoder
        PASS [   0.233s] wgpu-test::wgpu-gpu-test [Executed] [Vulkan/llvmpipe (LLVM 19.1.1, 256 bits)/1] wgpu_gpu_test::binding_array::storage_textures::binding_array_storage_textures
        PASS [   0.228s] wgpu-test::wgpu-gpu-test [Executed] [Vulkan/llvmpipe (LLVM 19.1.1, 256 bits)/1] wgpu_gpu_test::buffer::clear_offset_outside_resource_bounds
        PASS [   0.250s] wgpu-test::wgpu-gpu-test [Executed] [Vulkan/llvmpipe (LLVM 19.1.1, 256 bits)/1] wgpu_gpu_test::binding_array::storage_textures::partial_binding_array_storage_textures
        PASS [   0.222s] wgpu-test::wgpu-gpu-test [Executed] [Vulkan/llvmpipe (LLVM 19.1.1, 256 bits)/1] wgpu_gpu_test::buffer::clear_offset_plus_size_outside_u64_bounds
        PASS [   0.196s] wgpu-test::wgpu-gpu-test [Executed] [Vulkan/llvmpipe (LLVM 19.1.1, 256 bits)/1] wgpu_gpu_test::buffer::map_offset
        PASS [   0.204s] wgpu-test::wgpu-gpu-test [Executed] [Vulkan/llvmpipe (LLVM 19.1.1, 256 bits)/1] wgpu_gpu_test::buffer::minimum_buffer_binding_size_dispatch
        PASS [   0.193s] wgpu-test::wgpu-gpu-test [Executed] [Vulkan/llvmpipe (LLVM 19.1.1, 256 bits)/1] wgpu_gpu_test::buffer::minimum_buffer_binding_size_layout
        PASS [   0.194s] wgpu-test::wgpu-gpu-test [Executed] [Vulkan/llvmpipe (LLVM 19.1.1, 256 bits)/1] wgpu_gpu_test::buffer_copy::copy_alignment
        PASS [   0.201s] wgpu-test::wgpu-gpu-test [Executed] [Vulkan/llvmpipe (LLVM 19.1.1, 256 bits)/1] wgpu_gpu_test::buffer_usages::buffer_map_async_map_state
        PASS [   0.195s] wgpu-test::wgpu-gpu-test [Executed] [Vulkan/llvmpipe (LLVM 19.1.1, 256 bits)/1] wgpu_gpu_test::buffer_usages::buffer_usage
        PASS [   0.162s] wgpu-test::wgpu-gpu-test [Executed] [Vulkan/llvmpipe (LLVM 19.1.1, 256 bits)/1] wgpu_gpu_test::buffer_usages::buffer_usage_mappable_primary_buffers
        PASS [   0.201s] wgpu-test::wgpu-gpu-test [Executed] [Vulkan/llvmpipe (LLVM 19.1.1, 256 bits)/1] wgpu_gpu_test::clear_texture::clear_texture_depth32_stencil8
        PASS [   0.175s] wgpu-test::wgpu-gpu-test [Executed] [Vulkan/llvmpipe (LLVM 19.1.1, 256 bits)/1] wgpu_gpu_test::compute_pass_ownership::compute_pass_query_set_ownership_pipeline_statistics
        PASS [   0.178s] wgpu-test::wgpu-gpu-test [Executed] [Vulkan/llvmpipe (LLVM 19.1.1, 256 bits)/1] wgpu_gpu_test::cloneable_types::cloneable_buffers
        PASS [   0.192s] wgpu-test::wgpu-gpu-test [Executed] [Vulkan/llvmpipe (LLVM 19.1.1, 256 bits)/1] wgpu_gpu_test::compute_pass_ownership::compute_pass_keep_encoder_alive
        PASS [   0.203s] wgpu-test::wgpu-gpu-test [Executed] [Vulkan/llvmpipe (LLVM 19.1.1, 256 bits)/1] wgpu_gpu_test::compute_pass_ownership::compute_pass_resource_ownership
        PASS [   0.214s] wgpu-test::wgpu-gpu-test [Executed] [Vulkan/llvmpipe (LLVM 19.1.1, 256 bits)/1] wgpu_gpu_test::compute_pass_ownership::compute_pass_query_set_ownership_timestamps
        PASS [   0.225s] wgpu-test::wgpu-gpu-test [Executed] [Vulkan/llvmpipe (LLVM 19.1.1, 256 bits)/1] wgpu_gpu_test::device::device_and_queue_have_different_ids
        PASS [   0.360s] wgpu-test::wgpu-gpu-test [Executed] [Vulkan/llvmpipe (LLVM 19.1.1, 256 bits)/1] wgpu_gpu_test::clear_texture::clear_texture_depth
        PASS [   0.182s] wgpu-test::wgpu-gpu-test [Executed] [Vulkan/llvmpipe (LLVM 19.1.1, 256 bits)/1] wgpu_gpu_test::device::device_destroy_then_buffer_cleanup
        PASS [   0.405s] wgpu-test::wgpu-gpu-test [Executed] [Vulkan/llvmpipe (LLVM 19.1.1, 256 bits)/1] wgpu_gpu_test::clear_texture::clear_texture_uncompressed
        PASS [   0.187s] wgpu-test::wgpu-gpu-test [Executed] [Vulkan/llvmpipe (LLVM 19.1.1, 256 bits)/1] wgpu_gpu_test::device::device_destroy_then_more
        PASS [   0.196s] wgpu-test::wgpu-gpu-test [Executed] [Vulkan/llvmpipe (LLVM 19.1.1, 256 bits)/1] wgpu_gpu_test::device::device_lifetime_check
        PASS [   0.213s] wgpu-test::wgpu-gpu-test [Executed] [Vulkan/llvmpipe (LLVM 19.1.1, 256 bits)/1] wgpu_gpu_test::device::device_destroy_then_lost
        PASS [   0.202s] wgpu-test::wgpu-gpu-test [Executed] [Vulkan/llvmpipe (LLVM 19.1.1, 256 bits)/1] wgpu_gpu_test::device::different_bgl_order_bw_shader_and_api
        PASS [   0.222s] wgpu-test::wgpu-gpu-test [Executed] [Vulkan/llvmpipe (LLVM 19.1.1, 256 bits)/1] wgpu_gpu_test::device::multiple_devices
        PASS [   0.184s] wgpu-test::wgpu-gpu-test [Executed] [Vulkan/llvmpipe (LLVM 19.1.1, 256 bits)/1] wgpu_gpu_test::dispatch_workgroups_indirect::num_workgroups_builtin
        PASS [   0.240s] wgpu-test::wgpu-gpu-test [Executed] [Vulkan/llvmpipe (LLVM 19.1.1, 256 bits)/1] wgpu_gpu_test::dispatch_workgroups_indirect::discard_dispatch
        PASS [   0.181s] wgpu-test::wgpu-gpu-test [Executed] [Vulkan/llvmpipe (LLVM 19.1.1, 256 bits)/1] wgpu_gpu_test::dispatch_workgroups_indirect::zero_sized_buffer
        PASS [   0.185s] wgpu-test::wgpu-gpu-test [Executed] [Vulkan/llvmpipe (LLVM 19.1.1, 256 bits)/1] wgpu_gpu_test::dispatch_workgroups_indirect::reset_bind_groups
        PASS [   0.184s] wgpu-test::wgpu-gpu-test [Executed] [Vulkan/llvmpipe (LLVM 19.1.1, 256 bits)/1] wgpu_gpu_test::dual_source_blending::dual_source_blending_feature_disabled
        PASS [   0.189s] wgpu-test::wgpu-gpu-test [Executed] [Vulkan/llvmpipe (LLVM 19.1.1, 256 bits)/1] wgpu_gpu_test::dual_source_blending::dual_source_blending_feature_enabled
        PASS [   0.184s] wgpu-test::wgpu-gpu-test [Executed] [Vulkan/llvmpipe (LLVM 19.1.1, 256 bits)/1] wgpu_gpu_test::encoder::drop_encoder
        PASS [   0.162s] wgpu-test::wgpu-gpu-test [Executed] [Vulkan/llvmpipe (LLVM 19.1.1, 256 bits)/1] wgpu_gpu_test::encoder::drop_encoder_after_error
        PASS [   0.170s] wgpu-test::wgpu-gpu-test [Executed] [Vulkan/llvmpipe (LLVM 19.1.1, 256 bits)/1] wgpu_gpu_test::encoder::encoder_operations_fail_while_pass_alive
        PASS [   0.166s] wgpu-test::wgpu-gpu-test [Executed] [Vulkan/llvmpipe (LLVM 19.1.1, 256 bits)/1] wgpu_gpu_test::float32_filterable::float32_filterable_with_feature
        PASS [   0.199s] wgpu-test::wgpu-gpu-test [Executed] [Vulkan/llvmpipe (LLVM 19.1.1, 256 bits)/1] wgpu_gpu_test::float32_filterable::float32_filterable_without_feature
        PASS [   0.197s] wgpu-test::wgpu-gpu-test [Executed] [Vulkan/llvmpipe (LLVM 19.1.1, 256 bits)/1] wgpu_gpu_test::image_atomics::image_atomics_not_enabled
        PASS [   0.222s] wgpu-test::wgpu-gpu-test [Executed] [Vulkan/llvmpipe (LLVM 19.1.1, 256 bits)/1] wgpu_gpu_test::image_atomics::image_32_atomics
        PASS [   0.195s] wgpu-test::wgpu-gpu-test [Executed] [Vulkan/llvmpipe (LLVM 19.1.1, 256 bits)/1] wgpu_gpu_test::image_atomics::image_atomics_not_supported
        PASS [   0.185s] wgpu-test::wgpu-gpu-test [Executed] [Vulkan/llvmpipe (LLVM 19.1.1, 256 bits)/1] wgpu_gpu_test::instance::initialize
        PASS [   0.192s] wgpu-test::wgpu-gpu-test [Executed] [Vulkan/llvmpipe (LLVM 19.1.1, 256 bits)/1] wgpu_gpu_test::life_cycle::buffer_destroy
        PASS [   0.183s] wgpu-test::wgpu-gpu-test [Executed] [Vulkan/llvmpipe (LLVM 19.1.1, 256 bits)/1] wgpu_gpu_test::life_cycle::texture_destroy
        PASS [   0.625s] wgpu-test::wgpu-gpu-test [Executed] [Vulkan/llvmpipe (LLVM 19.1.1, 256 bits)/1] wgpu_gpu_test::device::request_device_error_message_native
        PASS [   0.224s] wgpu-test::wgpu-gpu-test [Executed] [Vulkan/llvmpipe (LLVM 19.1.1, 256 bits)/1] wgpu_gpu_test::mem_leaks::simple_draw_check_mem_leaks
        PASS [   0.231s] wgpu-test::wgpu-gpu-test [Executed] [Vulkan/llvmpipe (LLVM 19.1.1, 256 bits)/1] wgpu_gpu_test::mesh_shader::mesh_draw_indirect
        PASS [   0.228s] wgpu-test::wgpu-gpu-test [Executed] [Vulkan/llvmpipe (LLVM 19.1.1, 256 bits)/1] wgpu_gpu_test::mesh_shader::mesh_multi_draw_indirect
        PASS [   0.227s] wgpu-test::wgpu-gpu-test [Executed] [Vulkan/llvmpipe (LLVM 19.1.1, 256 bits)/1] wgpu_gpu_test::mesh_shader::mesh_pipeline_basic_mesh
        PASS [   0.229s] wgpu-test::wgpu-gpu-test [Executed] [Vulkan/llvmpipe (LLVM 19.1.1, 256 bits)/1] wgpu_gpu_test::mesh_shader::mesh_multi_draw_indirect_count
        PASS [   0.200s] wgpu-test::wgpu-gpu-test [Executed] [Vulkan/llvmpipe (LLVM 19.1.1, 256 bits)/1] wgpu_gpu_test::mesh_shader::mesh_pipeline_basic_task_mesh
        PASS [   0.221s] wgpu-test::wgpu-gpu-test [Executed] [Vulkan/llvmpipe (LLVM 19.1.1, 256 bits)/1] wgpu_gpu_test::mesh_shader::mesh_pipeline_basic_mesh_frag
        PASS [   0.201s] wgpu-test::wgpu-gpu-test [Executed] [Vulkan/llvmpipe (LLVM 19.1.1, 256 bits)/1] wgpu_gpu_test::mesh_shader::mesh_pipeline_basic_task_mesh_frag
        PASS [   0.173s] wgpu-test::wgpu-gpu-test [Executed] [Vulkan/llvmpipe (LLVM 19.1.1, 256 bits)/1] wgpu_gpu_test::nv12_texture::nv12_texture_bad_format_view_plane
        PASS [   0.191s] wgpu-test::wgpu-gpu-test [Executed] [Vulkan/llvmpipe (LLVM 19.1.1, 256 bits)/1] wgpu_gpu_test::nv12_texture::nv12_texture_bad_size
        PASS [   0.188s] wgpu-test::wgpu-gpu-test [Executed] [Vulkan/llvmpipe (LLVM 19.1.1, 256 bits)/1] wgpu_gpu_test::nv12_texture::nv12_texture_creation_sampling
        PASS [   0.197s] wgpu-test::wgpu-gpu-test [Executed] [Vulkan/llvmpipe (LLVM 19.1.1, 256 bits)/1] wgpu_gpu_test::nv12_texture::nv12_texture_view_plane_on_non_planar_format
        PASS [   0.196s] wgpu-test::wgpu-gpu-test [Executed] [Vulkan/llvmpipe (LLVM 19.1.1, 256 bits)/1] wgpu_gpu_test::nv12_texture::nv12_texture_view_plane_out_of_bounds
        PASS [   0.222s] wgpu-test::wgpu-gpu-test [Executed] [Vulkan/llvmpipe (LLVM 19.1.1, 256 bits)/1] wgpu_gpu_test::occlusion_query::occlusion_query
        PASS [   0.264s] wgpu-test::wgpu-gpu-test [Executed] [Vulkan/llvmpipe (LLVM 19.1.1, 256 bits)/1] wgpu_gpu_test::oob_indexing::restrict_workgroup_private_function_let
        PASS [   0.277s] wgpu-test::wgpu-gpu-test [Executed] [Vulkan/llvmpipe (LLVM 19.1.1, 256 bits)/1] wgpu_gpu_test::pipeline::compute_pipeline_default_layout_bad_bgl_index
        PASS [   0.243s] wgpu-test::wgpu-gpu-test [Executed] [Vulkan/llvmpipe (LLVM 19.1.1, 256 bits)/1] wgpu_gpu_test::pipeline::no_targetless_render
        PASS [   0.252s] wgpu-test::wgpu-gpu-test [Executed] [Vulkan/llvmpipe (LLVM 19.1.1, 256 bits)/1] wgpu_gpu_test::pipeline::compute_pipeline_default_layout_bad_module
        PASS [   0.216s] wgpu-test::wgpu-gpu-test [Executed] [Vulkan/llvmpipe (LLVM 19.1.1, 256 bits)/1] wgpu_gpu_test::pipeline::render_pipeline_default_layout_bad_bgl_index
        PASS [   0.210s] wgpu-test::wgpu-gpu-test [Executed] [Vulkan/llvmpipe (LLVM 19.1.1, 256 bits)/1] wgpu_gpu_test::pipeline::render_pipeline_default_layout_bad_module
        PASS [   0.213s] wgpu-test::wgpu-gpu-test [Executed] [Vulkan/llvmpipe (LLVM 19.1.1, 256 bits)/1] wgpu_gpu_test::poll::double_wait
        PASS [   0.200s] wgpu-test::wgpu-gpu-test [Executed] [Vulkan/llvmpipe (LLVM 19.1.1, 256 bits)/1] wgpu_gpu_test::poll::double_wait_on_submission
        PASS [   0.196s] wgpu-test::wgpu-gpu-test [Executed] [Vulkan/llvmpipe (LLVM 19.1.1, 256 bits)/1] wgpu_gpu_test::poll::wait
        PASS [   0.286s] wgpu-test::wgpu-gpu-test [Executed] [Vulkan/llvmpipe (LLVM 19.1.1, 256 bits)/1] wgpu_gpu_test::pipeline_cache::pipeline_cache
        PASS [   0.196s] wgpu-test::wgpu-gpu-test [Executed] [Vulkan/llvmpipe (LLVM 19.1.1, 256 bits)/1] wgpu_gpu_test::poll::wait_on_submission
        PASS [   0.222s] wgpu-test::wgpu-gpu-test [Executed] [Vulkan/llvmpipe (LLVM 19.1.1, 256 bits)/1] wgpu_gpu_test::poll::wait_out_of_order
        PASS [   0.227s] wgpu-test::wgpu-gpu-test [Executed] [Vulkan/llvmpipe (LLVM 19.1.1, 256 bits)/1] wgpu_gpu_test::push_constants::partial_update
        PASS [   0.239s] wgpu-test::wgpu-gpu-test [Executed] [Vulkan/llvmpipe (LLVM 19.1.1, 256 bits)/1] wgpu_gpu_test::poll::wait_after_bad_submission
        PASS [   0.215s] wgpu-test::wgpu-gpu-test [Executed] [Vulkan/llvmpipe (LLVM 19.1.1, 256 bits)/1] wgpu_gpu_test::push_constants::render_pass_test
        PASS [   0.184s] wgpu-test::wgpu-gpu-test [Executed] [Vulkan/llvmpipe (LLVM 19.1.1, 256 bits)/1] wgpu_gpu_test::query_set::drop_failed_timestamp_query_set
        PASS [   0.193s] wgpu-test::wgpu-gpu-test [Executed] [Vulkan/llvmpipe (LLVM 19.1.1, 256 bits)/1] wgpu_gpu_test::queue_transfer::queue_write_texture_overflow
        PASS [   0.201s] wgpu-test::wgpu-gpu-test [Executed] [Vulkan/llvmpipe (LLVM 19.1.1, 256 bits)/1] wgpu_gpu_test::ray_tracing::as_build::build_with_transform
        PASS [   0.201s] wgpu-test::wgpu-gpu-test [Executed] [Vulkan/llvmpipe (LLVM 19.1.1, 256 bits)/1] wgpu_gpu_test::ray_tracing::as_build::empty_build
        PASS [   0.213s] wgpu-test::wgpu-gpu-test [Executed] [Vulkan/llvmpipe (LLVM 19.1.1, 256 bits)/1] wgpu_gpu_test::ray_tracing::as_build::only_blas_vertex_return
        PASS [   0.220s] wgpu-test::wgpu-gpu-test [Executed] [Vulkan/llvmpipe (LLVM 19.1.1, 256 bits)/1] wgpu_gpu_test::ray_tracing::as_build::only_tlas_vertex_return
        PASS [   0.207s] wgpu-test::wgpu-gpu-test [Executed] [Vulkan/llvmpipe (LLVM 19.1.1, 256 bits)/1] wgpu_gpu_test::ray_tracing::as_build::out_of_order_as_build_use
        PASS [   0.214s] wgpu-test::wgpu-gpu-test [Executed] [Vulkan/llvmpipe (LLVM 19.1.1, 256 bits)/1] wgpu_gpu_test::ray_tracing::as_build::out_of_order_as_build
        PASS [   0.210s] wgpu-test::wgpu-gpu-test [Executed] [Vulkan/llvmpipe (LLVM 19.1.1, 256 bits)/1] wgpu_gpu_test::ray_tracing::as_build::unbuilt_blas
        PASS [   0.210s] wgpu-test::wgpu-gpu-test [Executed] [Vulkan/llvmpipe (LLVM 19.1.1, 256 bits)/1] wgpu_gpu_test::ray_tracing::as_create::blas_invalid_vertex_format
        PASS [   0.202s] wgpu-test::wgpu-gpu-test [Executed] [Vulkan/llvmpipe (LLVM 19.1.1, 256 bits)/1] wgpu_gpu_test::ray_tracing::as_create::blas_mismatched_index
        PASS [   0.190s] wgpu-test::wgpu-gpu-test [Executed] [Vulkan/llvmpipe (LLVM 19.1.1, 256 bits)/1] wgpu_gpu_test::ray_tracing::as_use_after_free::acceleration_structure_use_after_free
        PASS [   0.200s] wgpu-test::wgpu-gpu-test [Executed] [Vulkan/llvmpipe (LLVM 19.1.1, 256 bits)/1] wgpu_gpu_test::ray_tracing::scene::acceleration_structure_build_no_index
        PASS [   0.181s] wgpu-test::wgpu-gpu-test [Executed] [Vulkan/llvmpipe (LLVM 19.1.1, 256 bits)/1] wgpu_gpu_test::ray_tracing::scene::acceleration_structure_build_with_index
        PASS [   0.207s] wgpu-test::wgpu-gpu-test [Executed] [Vulkan/llvmpipe (LLVM 19.1.1, 256 bits)/1] wgpu_gpu_test::regression::issue_3349::multi_stage_data_binding
        PASS [   0.219s] wgpu-test::wgpu-gpu-test [Executed] [Vulkan/llvmpipe (LLVM 19.1.1, 256 bits)/1] wgpu_gpu_test::ray_tracing::shader::access_all_struct_members
        PASS [   0.232s] wgpu-test::wgpu-gpu-test [Executed] [Vulkan/llvmpipe (LLVM 19.1.1, 256 bits)/1] wgpu_gpu_test::regression::issue_3457::pass_reset_vertex_buffer
        PASS [   0.207s] wgpu-test::wgpu-gpu-test [Executed] [Vulkan/llvmpipe (LLVM 19.1.1, 256 bits)/1] wgpu_gpu_test::regression::issue_4024::queue_submitted_callback_ordering
        PASS [   0.215s] wgpu-test::wgpu-gpu-test [Executed] [Vulkan/llvmpipe (LLVM 19.1.1, 256 bits)/1] wgpu_gpu_test::regression::issue_4485::continue_switch
        PASS [   0.187s] wgpu-test::wgpu-gpu-test [Executed] [Vulkan/llvmpipe (LLVM 19.1.1, 256 bits)/1] wgpu_gpu_test::regression::issue_5553::allow_input_not_consumed
        PASS [   0.228s] wgpu-test::wgpu-gpu-test [Executed] [Vulkan/llvmpipe (LLVM 19.1.1, 256 bits)/1] wgpu_gpu_test::regression::issue_4514::degenerate_switch
        PASS [   0.204s] wgpu-test::wgpu-gpu-test [Executed] [Vulkan/llvmpipe (LLVM 19.1.1, 256 bits)/1] wgpu_gpu_test::regression::issue_6317::non_fatal_errors_in_queue_submit
        PASS [   0.215s] wgpu-test::wgpu-gpu-test [Executed] [Vulkan/llvmpipe (LLVM 19.1.1, 256 bits)/1] wgpu_gpu_test::regression::issue_6467::zero_workgroup_count
        PASS [   0.232s] wgpu-test::wgpu-gpu-test [Executed] [Vulkan/llvmpipe (LLVM 19.1.1, 256 bits)/1] wgpu_gpu_test::regression::issue_6827::test_scatter
        PASS [   0.218s] wgpu-test::wgpu-gpu-test [Executed] [Vulkan/llvmpipe (LLVM 19.1.1, 256 bits)/1] wgpu_gpu_test::regression::issue_6827::test_single_write
        PASS [   0.232s] wgpu-test::wgpu-gpu-test [Executed] [Vulkan/llvmpipe (LLVM 19.1.1, 256 bits)/1] wgpu_gpu_test::render_pass_ownership::render_pass_keep_encoder_alive
        PASS [   0.221s] wgpu-test::wgpu-gpu-test [Executed] [Vulkan/llvmpipe (LLVM 19.1.1, 256 bits)/1] wgpu_gpu_test::render_pass_ownership::render_pass_query_set_ownership_pipeline_statistics
        PASS [   0.191s] wgpu-test::wgpu-gpu-test [Executed] [Vulkan/llvmpipe (LLVM 19.1.1, 256 bits)/1] wgpu_gpu_test::resource_descriptor_accessor::buffer_size_and_usage
        PASS [   0.230s] wgpu-test::wgpu-gpu-test [Executed] [Vulkan/llvmpipe (LLVM 19.1.1, 256 bits)/1] wgpu_gpu_test::render_pass_ownership::render_pass_query_set_ownership_timestamps
        PASS [   0.171s] wgpu-test::wgpu-gpu-test [Executed] [Vulkan/llvmpipe (LLVM 19.1.1, 256 bits)/1] wgpu_gpu_test::resource_error::bad_buffer
        PASS [   0.249s] wgpu-test::wgpu-gpu-test [Executed] [Vulkan/llvmpipe (LLVM 19.1.1, 256 bits)/1] wgpu_gpu_test::render_pass_ownership::render_pass_resource_ownership
        PASS [   0.215s] wgpu-test::wgpu-gpu-test [Executed] [Vulkan/llvmpipe (LLVM 19.1.1, 256 bits)/1] wgpu_gpu_test::resource_error::bad_texture
        PASS [   0.214s] wgpu-test::wgpu-gpu-test [Executed] [Vulkan/llvmpipe (LLVM 19.1.1, 256 bits)/1] wgpu_gpu_test::samplers::sampler_multi_bind_group
        PASS [   0.227s] wgpu-test::wgpu-gpu-test [Executed] [Vulkan/llvmpipe (LLVM 19.1.1, 256 bits)/1] wgpu_gpu_test::samplers::sampler_single_bind_group
        PASS [   0.176s] wgpu-test::wgpu-gpu-test [Executed] [Vulkan/llvmpipe (LLVM 19.1.1, 256 bits)/1] wgpu_gpu_test::scissor_tests::scissor_test_empty_rect
        PASS [   0.223s] wgpu-test::wgpu-gpu-test [Executed] [Vulkan/llvmpipe (LLVM 19.1.1, 256 bits)/1] wgpu_gpu_test::scissor_tests::scissor_test_custom_rect
        PASS [   0.299s] wgpu-test::wgpu-gpu-test [Executed] [Vulkan/llvmpipe (LLVM 19.1.1, 256 bits)/1] wgpu_gpu_test::samplers::sampler_deduplication
        PASS [   0.205s] wgpu-test::wgpu-gpu-test [Executed] [Vulkan/llvmpipe (LLVM 19.1.1, 256 bits)/1] wgpu_gpu_test::scissor_tests::scissor_test_empty_rect_with_offset
        PASS [   0.222s] wgpu-test::wgpu-gpu-test [Executed] [Vulkan/llvmpipe (LLVM 19.1.1, 256 bits)/1] wgpu_gpu_test::scissor_tests::scissor_test_full_rect
        PASS [   0.193s] wgpu-test::wgpu-gpu-test [Executed] [Vulkan/llvmpipe (LLVM 19.1.1, 256 bits)/1] wgpu_gpu_test::shader::array_size_overrides::array_size_overrides
        PASS [   0.211s] wgpu-test::wgpu-gpu-test [Executed] [Vulkan/llvmpipe (LLVM 19.1.1, 256 bits)/1] wgpu_gpu_test::shader::compilation_messages::shader_compile_success
        PASS [   0.230s] wgpu-test::wgpu-gpu-test [Executed] [Vulkan/llvmpipe (LLVM 19.1.1, 256 bits)/1] wgpu_gpu_test::shader::compilation_messages::shader_compile_error
        PASS [   0.257s] wgpu-test::wgpu-gpu-test [Executed] [Vulkan/llvmpipe (LLVM 19.1.1, 256 bits)/1] wgpu_gpu_test::shader::data_builtins::pack4x_i8
        PASS [   0.583s] wgpu-test::wgpu-gpu-test [Executed] [Vulkan/llvmpipe (LLVM 19.1.1, 256 bits)/1] wgpu_gpu_test::samplers::sampler_creation_failure
        PASS [   0.251s] wgpu-test::wgpu-gpu-test [Executed] [Vulkan/llvmpipe (LLVM 19.1.1, 256 bits)/1] wgpu_gpu_test::shader::data_builtins::pack4x_u8
        PASS [   0.245s] wgpu-test::wgpu-gpu-test [Executed] [Vulkan/llvmpipe (LLVM 19.1.1, 256 bits)/1] wgpu_gpu_test::shader::data_builtins::unpack4x_i8
        PASS [   0.223s] wgpu-test::wgpu-gpu-test [Executed] [Vulkan/llvmpipe (LLVM 19.1.1, 256 bits)/1] wgpu_gpu_test::shader::data_builtins::unpack4x_u8
        PASS [   0.226s] wgpu-test::wgpu-gpu-test [Executed] [Vulkan/llvmpipe (LLVM 19.1.1, 256 bits)/1] wgpu_gpu_test::shader::numeric_builtins::float32_atomic
        PASS [   3.016s] wgpu-test::wgpu-gpu-test [Executed] [Vulkan/llvmpipe (LLVM 19.1.1, 256 bits)/1] wgpu_gpu_test::clear_texture::clear_texture_compressed_bcn
        PASS [   0.201s] wgpu-test::wgpu-gpu-test [Executed] [Vulkan/llvmpipe (LLVM 19.1.1, 256 bits)/1] wgpu_gpu_test::shader::numeric_builtins::int64_atomic_all_ops
        PASS [   0.227s] wgpu-test::wgpu-gpu-test [Executed] [Vulkan/llvmpipe (LLVM 19.1.1, 256 bits)/1] wgpu_gpu_test::shader::numeric_builtins::int64_atomic_min_max
        PASS [   0.240s] wgpu-test::wgpu-gpu-test [Executed] [Vulkan/llvmpipe (LLVM 19.1.1, 256 bits)/1] wgpu_gpu_test::shader::numeric_builtins::numeric_builtins
        PASS [   3.076s] wgpu-test::wgpu-gpu-test [Executed] [Vulkan/llvmpipe (LLVM 19.1.1, 256 bits)/1] wgpu_gpu_test::clear_texture::clear_texture_uncompressed_gles
        PASS [   0.271s] wgpu-test::wgpu-gpu-test [Executed] [Vulkan/llvmpipe (LLVM 19.1.1, 256 bits)/1] wgpu_gpu_test::shader::struct_layout::push_constant_input_int64
        PASS [   0.216s] wgpu-test::wgpu-gpu-test [Executed] [Vulkan/llvmpipe (LLVM 19.1.1, 256 bits)/1] wgpu_gpu_test::shader::struct_layout::storage_input_int64
        PASS [   0.195s] wgpu-test::wgpu-gpu-test [Executed] [Vulkan/llvmpipe (LLVM 19.1.1, 256 bits)/1] wgpu_gpu_test::shader::workgroup_size_overrides::workgroup_size_overrides
        PASS [   0.217s] wgpu-test::wgpu-gpu-test [Executed] [Vulkan/llvmpipe (LLVM 19.1.1, 256 bits)/1] wgpu_gpu_test::shader::struct_layout::uniform_input_int64
        PASS [   0.228s] wgpu-test::wgpu-gpu-test [Executed] [Vulkan/llvmpipe (LLVM 19.1.1, 256 bits)/1] wgpu_gpu_test::shader_primitive_index::draw
        PASS [   0.427s] wgpu-test::wgpu-gpu-test [Executed] [Vulkan/llvmpipe (LLVM 19.1.1, 256 bits)/1] wgpu_gpu_test::shader::struct_layout::push_constant_input
        PASS [   0.486s] wgpu-test::wgpu-gpu-test [Executed] [Vulkan/llvmpipe (LLVM 19.1.1, 256 bits)/1] wgpu_gpu_test::shader::struct_layout::storage_input
        PASS [   0.295s] wgpu-test::wgpu-gpu-test [Executed] [Vulkan/llvmpipe (LLVM 19.1.1, 256 bits)/1] wgpu_gpu_test::shader_primitive_index::draw_indexed
        PASS [   0.293s] wgpu-test::wgpu-gpu-test [Executed] [Vulkan/llvmpipe (LLVM 19.1.1, 256 bits)/1] wgpu_gpu_test::shader_view_format::reinterpret_srgb
        PASS [   0.257s] wgpu-test::wgpu-gpu-test [Executed] [Vulkan/llvmpipe (LLVM 19.1.1, 256 bits)/1] wgpu_gpu_test::texture_binding::texture_binding
        PASS [   0.336s] wgpu-test::wgpu-gpu-test [Executed] [Vulkan/llvmpipe (LLVM 19.1.1, 256 bits)/1] wgpu_gpu_test::texture_binding::single_scalar_load
        PASS [   0.329s] wgpu-test::wgpu-gpu-test [Executed] [Vulkan/llvmpipe (LLVM 19.1.1, 256 bits)/1] wgpu_gpu_test::texture_blit::texture_blit_with_linear_filter_test
        PASS [   0.408s] wgpu-test::wgpu-gpu-test [Executed] [Vulkan/llvmpipe (LLVM 19.1.1, 256 bits)/1] wgpu_gpu_test::subgroup_operations::subgroup_operations
        PASS [   0.308s] wgpu-test::wgpu-gpu-test [Executed] [Vulkan/llvmpipe (LLVM 19.1.1, 256 bits)/1] wgpu_gpu_test::texture_bounds::bad_copy_origin_test
        PASS [   0.295s] wgpu-test::wgpu-gpu-test [Executed] [Vulkan/llvmpipe (LLVM 19.1.1, 256 bits)/1] wgpu_gpu_test::texture_view_creation::depth_only_view_creation
        PASS [   0.415s] wgpu-test::wgpu-gpu-test [Executed] [Vulkan/llvmpipe (LLVM 19.1.1, 256 bits)/1] wgpu_gpu_test::texture_blit::texture_blit_with_nearest_filter_test
        PASS [   0.320s] wgpu-test::wgpu-gpu-test [Executed] [Vulkan/llvmpipe (LLVM 19.1.1, 256 bits)/1] wgpu_gpu_test::texture_view_creation::shared_usage_view_creation
        PASS [   0.330s] wgpu-test::wgpu-gpu-test [Executed] [Vulkan/llvmpipe (LLVM 19.1.1, 256 bits)/1] wgpu_gpu_test::texture_view_creation::stencil_only_view_creation
        PASS [   0.396s] wgpu-test::wgpu-gpu-test [Executed] [Vulkan/llvmpipe (LLVM 19.1.1, 256 bits)/1] wgpu_gpu_test::transition_resources::transition_resources
        PASS [   0.506s] wgpu-test::wgpu-gpu-test [Executed] [Vulkan/llvmpipe (LLVM 19.1.1, 256 bits)/1] wgpu_gpu_test::transfer::copy_overflow_z
        PASS [   0.244s] wgpu-test::wgpu-gpu-test [Executed] [Vulkan/llvmpipe (LLVM 19.1.1, 256 bits)/1] wgpu_gpu_test::write_texture::write_texture_subset_2d
        PASS [   0.433s] wgpu-test::wgpu-gpu-test [Executed] [Vulkan/llvmpipe (LLVM 19.1.1, 256 bits)/1] wgpu_gpu_test::vertex_formats::vertex_formats_10_10_10_2
        PASS [   0.026s] wgpu-test::wgpu-gpu-test [Skipped Failure: BACKEND | ADAPTER] [Vulkan/llvmpipe (LLVM 19.1.1, 256 bits)/1] wgpu_gpu_test::binding_array::buffers::binding_array_uniform_buffers
        PASS [   0.966s] wgpu-test::wgpu-gpu-test [Executed] [Vulkan/llvmpipe (LLVM 19.1.1, 256 bits)/1] wgpu_gpu_test::shader::zero_init_workgroup_mem::zero_init_workgroup_memory
        PASS [   0.325s] wgpu-test::wgpu-gpu-test [Executed] [Vulkan/llvmpipe (LLVM 19.1.1, 256 bits)/1] wgpu_gpu_test::write_texture::write_texture_no_oob
        PASS [   0.018s] wgpu-test::wgpu-gpu-test [Skipped Failure: BACKEND | ADAPTER] [Vulkan/llvmpipe (LLVM 19.1.1, 256 bits)/1] wgpu_gpu_test::binding_array::buffers::partial_binding_array_uniform_buffers
        PASS [   0.443s] wgpu-test::wgpu-gpu-test [Executed] [Vulkan/llvmpipe (LLVM 19.1.1, 256 bits)/1] wgpu_gpu_test::vertex_formats::vertex_formats_all
        PASS [   0.256s] wgpu-test::wgpu-gpu-test [Executed] [Vulkan/llvmpipe (LLVM 19.1.1, 256 bits)/1] wgpu_gpu_test::zero_init_texture_after_discard::discarding_color_target_resets_texture_init_state_check_visible_on_copy_after_submit
        PASS [   0.282s] wgpu-test::wgpu-gpu-test [Executed] [Vulkan/llvmpipe (LLVM 19.1.1, 256 bits)/1] wgpu_gpu_test::write_texture::write_texture_subset_3d
        PASS [   0.020s] wgpu-test::wgpu-gpu-test [Skipped Failure: BACKEND] [Gl/NVIDIA GeForce RTX 3060/PCIe/SSE2/2] wgpu_gpu_test::oob_indexing::d3d12_restrict_dynamic_buffers
        PASS [   0.017s] wgpu-test::wgpu-gpu-test [Skipped Failure: BACKEND] [Gl/NVIDIA GeForce RTX 3060/PCIe/SSE2/2] wgpu_gpu_test::oob_indexing::restrict_workgroup_private_function_let
        PASS [   0.019s] wgpu-test::wgpu-gpu-test [Skipped Failure: BACKEND] [Gl/NVIDIA GeForce RTX 3060/PCIe/SSE2/2] wgpu_gpu_test::samplers::sampler_multi_bind_group
        PASS [   0.019s] wgpu-test::wgpu-gpu-test [Skipped Failure: BACKEND] [Gl/NVIDIA GeForce RTX 3060/PCIe/SSE2/2] wgpu_gpu_test::samplers::sampler_single_bind_group
        PASS [   0.016s] wgpu-test::wgpu-gpu-test [Unsupported: Downlevel Flags] [Gl/NVIDIA GeForce RTX 3060/PCIe/SSE2/2] wgpu_gpu_test::clear_texture::clear_texture_depth
        PASS [   0.020s] wgpu-test::wgpu-gpu-test [Skipped Failure: BACKEND] [Vulkan/NVIDIA GeForce RTX 3060/0] wgpu_gpu_test::oob_indexing::d3d12_restrict_dynamic_buffers
        PASS [   0.020s] wgpu-test::wgpu-gpu-test [Skipped Failure: BACKEND] [Vulkan/llvmpipe (LLVM 19.1.1, 256 bits)/1] wgpu_gpu_test::oob_indexing::d3d12_restrict_dynamic_buffers
        PASS [   0.017s] wgpu-test::wgpu-gpu-test [Unsupported: Downlevel Flags] [Gl/NVIDIA GeForce RTX 3060/PCIe/SSE2/2] wgpu_gpu_test::clear_texture::clear_texture_depth32_stencil8
        PASS [   0.019s] wgpu-test::wgpu-gpu-test [Unsupported: Downlevel Flags] [Gl/NVIDIA GeForce RTX 3060/PCIe/SSE2/2] wgpu_gpu_test::shader_view_format::reinterpret_srgb
        PASS [   0.432s] wgpu-test::wgpu-gpu-test [Executed] [Vulkan/llvmpipe (LLVM 19.1.1, 256 bits)/1] wgpu_gpu_test::vertex_indices::vertex_indices
        PASS [   0.017s] wgpu-test::wgpu-gpu-test [Unsupported: Downlevel Flags] [Gl/NVIDIA GeForce RTX 3060/PCIe/SSE2/2] wgpu_gpu_test::texture_binding::texture_binding
        PASS [   0.017s] wgpu-test::wgpu-gpu-test [Unsupported: Downlevel Flags] [Gl/NVIDIA GeForce RTX 3060/PCIe/SSE2/2] wgpu_gpu_test::zero_init_texture_after_discard::discarding_depth_target_resets_texture_init_state_check_visible_on_copy_in_same_encoder
        PASS [   0.017s] wgpu-test::wgpu-gpu-test [Unsupported: Downlevel Flags] [Gl/NVIDIA GeForce RTX 3060/PCIe/SSE2/2] wgpu_gpu_test::texture_view_creation::shared_usage_view_creation
        PASS [   0.018s] wgpu-test::wgpu-gpu-test [Unsupported: Downlevel Flags] [Gl/NVIDIA GeForce RTX 3060/PCIe/SSE2/2] wgpu_gpu_test::texture_binding::single_scalar_load
        PASS [   0.019s] wgpu-test::wgpu-gpu-test [Unsupported: Downlevel Flags] [Gl/NVIDIA GeForce RTX 3060/PCIe/SSE2/2] wgpu_gpu_test::zero_init_texture_after_discard::discarding_either_depth_or_stencil_aspect_test
        PASS [   0.016s] wgpu-test::wgpu-gpu-test [Unsupported: Features | Limits] [Gl/NVIDIA GeForce RTX 3060/PCIe/SSE2/2] wgpu_gpu_test::binding_array::buffers::binding_array_uniform_buffers
        PASS [   0.019s] wgpu-test::wgpu-gpu-test [Unsupported: Features | Limits] [Gl/NVIDIA GeForce RTX 3060/PCIe/SSE2/2] wgpu_gpu_test::binding_array::buffers::binding_array_storage_buffers
        PASS [   0.018s] wgpu-test::wgpu-gpu-test [Unsupported: Features | Limits] [Gl/NVIDIA GeForce RTX 3060/PCIe/SSE2/2] wgpu_gpu_test::binding_array::buffers::partial_binding_array_storage_buffers
        PASS [   0.017s] wgpu-test::wgpu-gpu-test [Unsupported: Features | Limits] [Gl/NVIDIA GeForce RTX 3060/PCIe/SSE2/2] wgpu_gpu_test::binding_array::sampled_textures::binding_array_sampled_textures
        PASS [   0.017s] wgpu-test::wgpu-gpu-test [Unsupported: Features | Limits] [Gl/NVIDIA GeForce RTX 3060/PCIe/SSE2/2] wgpu_gpu_test::binding_array::sampled_textures::partial_binding_array_sampled_textures
        PASS [   0.018s] wgpu-test::wgpu-gpu-test [Unsupported: Features | Limits] [Gl/NVIDIA GeForce RTX 3060/PCIe/SSE2/2] wgpu_gpu_test::binding_array::buffers::partial_binding_array_uniform_buffers
        PASS [   0.019s] wgpu-test::wgpu-gpu-test [Unsupported: Features | Limits] [Gl/NVIDIA GeForce RTX 3060/PCIe/SSE2/2] wgpu_gpu_test::binding_array::samplers::binding_array_samplers
        PASS [   0.018s] wgpu-test::wgpu-gpu-test [Unsupported: Features | Limits] [Gl/NVIDIA GeForce RTX 3060/PCIe/SSE2/2] wgpu_gpu_test::binding_array::samplers::partial_binding_array_samplers
        PASS [   0.016s] wgpu-test::wgpu-gpu-test [Unsupported: Features] [Gl/NVIDIA GeForce RTX 3060/PCIe/SSE2/2] wgpu_gpu_test::buffer_usages::buffer_map_async_map_state
        PASS [   0.018s] wgpu-test::wgpu-gpu-test [Unsupported: Features | Limits] [Gl/NVIDIA GeForce RTX 3060/PCIe/SSE2/2] wgpu_gpu_test::binding_array::storage_textures::binding_array_storage_textures
        PASS [   0.017s] wgpu-test::wgpu-gpu-test [Unsupported: Features | Limits] [Gl/NVIDIA GeForce RTX 3060/PCIe/SSE2/2] wgpu_gpu_test::binding_array::storage_textures::partial_binding_array_storage_textures
        PASS [   0.017s] wgpu-test::wgpu-gpu-test [Unsupported: Features] [Gl/NVIDIA GeForce RTX 3060/PCIe/SSE2/2] wgpu_gpu_test::bgra8unorm_storage::bgra8_unorm_storage
        PASS [   0.017s] wgpu-test::wgpu-gpu-test [Unsupported: Features] [Gl/NVIDIA GeForce RTX 3060/PCIe/SSE2/2] wgpu_gpu_test::buffer_usages::buffer_usage_mappable_primary_buffers
        PASS [   0.022s] wgpu-test::wgpu-gpu-test [Unsupported: Features] [Gl/NVIDIA GeForce RTX 3060/PCIe/SSE2/2] wgpu_gpu_test::clear_texture::clear_texture_compressed_astc
        PASS [   0.014s] wgpu-test::wgpu-gpu-test [Unsupported: Features] [Gl/NVIDIA GeForce RTX 3060/PCIe/SSE2/2] wgpu_gpu_test::mesh_shader::mesh_draw_indirect
        PASS [   0.016s] wgpu-test::wgpu-gpu-test [Unsupported: Features] [Gl/NVIDIA GeForce RTX 3060/PCIe/SSE2/2] wgpu_gpu_test::image_atomics::image_64_atomics
        PASS [   0.016s] wgpu-test::wgpu-gpu-test [Unsupported: Features] [Gl/NVIDIA GeForce RTX 3060/PCIe/SSE2/2] wgpu_gpu_test::mesh_shader::mesh_multi_draw_indirect
        PASS [   0.017s] wgpu-test::wgpu-gpu-test [Unsupported: Features] [Gl/NVIDIA GeForce RTX 3060/PCIe/SSE2/2] wgpu_gpu_test::image_atomics::image_atomics_not_supported
        PASS [   0.018s] wgpu-test::wgpu-gpu-test [Unsupported: Features] [Gl/NVIDIA GeForce RTX 3060/PCIe/SSE2/2] wgpu_gpu_test::image_atomics::image_32_atomics
        PASS [   0.021s] wgpu-test::wgpu-gpu-test [Unsupported: Features] [Gl/NVIDIA GeForce RTX 3060/PCIe/SSE2/2] wgpu_gpu_test::compute_pass_ownership::compute_pass_query_set_ownership_pipeline_statistics
        PASS [   0.200s] wgpu-test::wgpu-gpu-test [Executed] [Vulkan/llvmpipe (LLVM 19.1.1, 256 bits)/1] wgpu_gpu_test::zero_init_texture_after_discard::discarding_color_target_resets_texture_init_state_check_visible_on_copy_in_same_encoder
        PASS [   0.019s] wgpu-test::wgpu-gpu-test [Unsupported: Features] [Gl/NVIDIA GeForce RTX 3060/PCIe/SSE2/2] wgpu_gpu_test::mesh_shader::mesh_multi_draw_indirect_count
        PASS [   0.016s] wgpu-test::wgpu-gpu-test [Unsupported: Features] [Gl/NVIDIA GeForce RTX 3060/PCIe/SSE2/2] wgpu_gpu_test::mesh_shader::mesh_pipeline_basic_task_mesh_frag
        PASS [   0.018s] wgpu-test::wgpu-gpu-test [Unsupported: Features] [Gl/NVIDIA GeForce RTX 3060/PCIe/SSE2/2] wgpu_gpu_test::mesh_shader::mesh_pipeline_basic_mesh
        PASS [   0.018s] wgpu-test::wgpu-gpu-test [Unsupported: Features] [Gl/NVIDIA GeForce RTX 3060/PCIe/SSE2/2] wgpu_gpu_test::mesh_shader::mesh_pipeline_basic_mesh_frag
        PASS [   0.019s] wgpu-test::wgpu-gpu-test [Unsupported: Features] [Gl/NVIDIA GeForce RTX 3060/PCIe/SSE2/2] wgpu_gpu_test::nv12_texture::nv12_texture_bad_format_view_plane
        PASS [   0.017s] wgpu-test::wgpu-gpu-test [Unsupported: Features] [Gl/NVIDIA GeForce RTX 3060/PCIe/SSE2/2] wgpu_gpu_test::nv12_texture::nv12_texture_bad_size
        PASS [   0.021s] wgpu-test::wgpu-gpu-test [Unsupported: Features] [Gl/NVIDIA GeForce RTX 3060/PCIe/SSE2/2] wgpu_gpu_test::mesh_shader::mesh_pipeline_basic_task_mesh
        PASS [   0.018s] wgpu-test::wgpu-gpu-test [Unsupported: Features] [Gl/NVIDIA GeForce RTX 3060/PCIe/SSE2/2] wgpu_gpu_test::nv12_texture::nv12_texture_creation_sampling
        PASS [   0.017s] wgpu-test::wgpu-gpu-test [Unsupported: Features] [Gl/NVIDIA GeForce RTX 3060/PCIe/SSE2/2] wgpu_gpu_test::pipeline_cache::pipeline_cache
        PASS [   0.020s] wgpu-test::wgpu-gpu-test [Unsupported: Features] [Gl/NVIDIA GeForce RTX 3060/PCIe/SSE2/2] wgpu_gpu_test::nv12_texture::nv12_texture_view_plane_on_non_planar_format
        PASS [   0.020s] wgpu-test::wgpu-gpu-test [Unsupported: Features] [Gl/NVIDIA GeForce RTX 3060/PCIe/SSE2/2] wgpu_gpu_test::nv12_texture::nv12_texture_view_plane_out_of_bounds
        PASS [   0.017s] wgpu-test::wgpu-gpu-test [Unsupported: Features] [Gl/NVIDIA GeForce RTX 3060/PCIe/SSE2/2] wgpu_gpu_test::ray_tracing::as_build::only_blas_vertex_return
        PASS [   0.019s] wgpu-test::wgpu-gpu-test [Unsupported: Features] [Gl/NVIDIA GeForce RTX 3060/PCIe/SSE2/2] wgpu_gpu_test::ray_tracing::as_build::empty_build
        PASS [   0.022s] wgpu-test::wgpu-gpu-test [Unsupported: Features] [Gl/NVIDIA GeForce RTX 3060/PCIe/SSE2/2] wgpu_gpu_test::ray_tracing::as_build::build_with_transform
        PASS [   0.019s] wgpu-test::wgpu-gpu-test [Unsupported: Features] [Gl/NVIDIA GeForce RTX 3060/PCIe/SSE2/2] wgpu_gpu_test::ray_tracing::as_build::only_tlas_vertex_return
        PASS [   0.019s] wgpu-test::wgpu-gpu-test [Unsupported: Features] [Gl/NVIDIA GeForce RTX 3060/PCIe/SSE2/2] wgpu_gpu_test::ray_tracing::as_build::out_of_order_as_build
        PASS [   0.019s] wgpu-test::wgpu-gpu-test [Unsupported: Features] [Gl/NVIDIA GeForce RTX 3060/PCIe/SSE2/2] wgpu_gpu_test::ray_tracing::as_build::unbuilt_blas
        PASS [   0.018s] wgpu-test::wgpu-gpu-test [Unsupported: Features] [Gl/NVIDIA GeForce RTX 3060/PCIe/SSE2/2] wgpu_gpu_test::ray_tracing::as_create::blas_invalid_vertex_format
        PASS [   0.022s] wgpu-test::wgpu-gpu-test [Unsupported: Features] [Gl/NVIDIA GeForce RTX 3060/PCIe/SSE2/2] wgpu_gpu_test::ray_tracing::as_build::out_of_order_as_build_use
        PASS [   0.020s] wgpu-test::wgpu-gpu-test [Unsupported: Features] [Gl/NVIDIA GeForce RTX 3060/PCIe/SSE2/2] wgpu_gpu_test::ray_tracing::as_create::blas_mismatched_index
        PASS [   0.019s] wgpu-test::wgpu-gpu-test [Unsupported: Features] [Gl/NVIDIA GeForce RTX 3060/PCIe/SSE2/2] wgpu_gpu_test::ray_tracing::scene::acceleration_structure_build_no_index
        PASS [   0.021s] wgpu-test::wgpu-gpu-test [Unsupported: Features] [Gl/NVIDIA GeForce RTX 3060/PCIe/SSE2/2] wgpu_gpu_test::ray_tracing::as_use_after_free::acceleration_structure_use_after_free
        PASS [   0.019s] wgpu-test::wgpu-gpu-test [Unsupported: Features] [Gl/NVIDIA GeForce RTX 3060/PCIe/SSE2/2] wgpu_gpu_test::ray_tracing::scene::acceleration_structure_build_with_index
        PASS [   0.024s] wgpu-test::wgpu-gpu-test [Unsupported: Features] [Gl/NVIDIA GeForce RTX 3060/PCIe/SSE2/2] wgpu_gpu_test::ray_tracing::shader::access_all_struct_members
        PASS [   0.018s] wgpu-test::wgpu-gpu-test [Unsupported: Features] [Gl/NVIDIA GeForce RTX 3060/PCIe/SSE2/2] wgpu_gpu_test::shader::numeric_builtins::float32_atomic
        PASS [   0.016s] wgpu-test::wgpu-gpu-test [Unsupported: Features] [Gl/NVIDIA GeForce RTX 3060/PCIe/SSE2/2] wgpu_gpu_test::shader::numeric_builtins::int64_atomic_all_ops
        PASS [   0.019s] wgpu-test::wgpu-gpu-test [Unsupported: Features] [Gl/NVIDIA GeForce RTX 3060/PCIe/SSE2/2] wgpu_gpu_test::render_pass_ownership::render_pass_query_set_ownership_pipeline_statistics
        PASS [   0.018s] wgpu-test::wgpu-gpu-test [Unsupported: Features] [Gl/NVIDIA GeForce RTX 3060/PCIe/SSE2/2] wgpu_gpu_test::shader::struct_layout::push_constant_input_int64
        PASS [   0.019s] wgpu-test::wgpu-gpu-test [Unsupported: Features] [Gl/NVIDIA GeForce RTX 3060/PCIe/SSE2/2] wgpu_gpu_test::shader::numeric_builtins::int64_atomic_min_max
        PASS [   0.018s] wgpu-test::wgpu-gpu-test [Unsupported: Features] [Gl/NVIDIA GeForce RTX 3060/PCIe/SSE2/2] wgpu_gpu_test::shader::struct_layout::storage_input_int64
        PASS [   0.021s] wgpu-test::wgpu-gpu-test [Unsupported: Features] [Gl/NVIDIA GeForce RTX 3060/PCIe/SSE2/2] wgpu_gpu_test::shader::struct_layout::uniform_input_int64
        PASS [   0.019s] wgpu-test::wgpu-gpu-test [Unsupported: Features] [Gl/NVIDIA GeForce RTX 3060/PCIe/SSE2/2] wgpu_gpu_test::subgroup_operations::subgroup_operations
        PASS [   0.019s] wgpu-test::wgpu-gpu-test [Unsupported: Features] [Gl/NVIDIA GeForce RTX 3060/PCIe/SSE2/2] wgpu_gpu_test::vertex_indices::vertex_indices
        PASS [   0.019s] wgpu-test::wgpu-gpu-test [Unsupported: Features] [Vulkan/NVIDIA GeForce RTX 3060/0] wgpu_gpu_test::binding_array::buffers::partial_binding_array_uniform_buffers
        PASS [   0.021s] wgpu-test::wgpu-gpu-test [Unsupported: Features] [Vulkan/NVIDIA GeForce RTX 3060/0] wgpu_gpu_test::binding_array::buffers::binding_array_uniform_buffers
        PASS [   0.017s] wgpu-test::wgpu-gpu-test [Unsupported: Features] [Vulkan/NVIDIA GeForce RTX 3060/0] wgpu_gpu_test::clear_texture::clear_texture_compressed_astc
        PASS [   0.017s] wgpu-test::wgpu-gpu-test [Unsupported: Features] [Vulkan/llvmpipe (LLVM 19.1.1, 256 bits)/1] wgpu_gpu_test::clear_texture::clear_texture_compressed_astc
        PASS [   0.018s] wgpu-test::wgpu-gpu-test [Unsupported: Features] [Vulkan/NVIDIA GeForce RTX 3060/0] wgpu_gpu_test::clear_texture::clear_texture_compressed_etc2
        PASS [   0.017s] wgpu-test::wgpu-gpu-test [Unsupported: Features] [Vulkan/llvmpipe (LLVM 19.1.1, 256 bits)/1] wgpu_gpu_test::clear_texture::clear_texture_compressed_etc2
        PASS [   0.012s] wgpu-test::wgpu-validation-test api::binding_arrays::dynamic_offset
        PASS [   0.012s] wgpu-test::wgpu-validation-test api::binding_arrays::uniform_buffer
        PASS [   0.017s] wgpu-test::wgpu-gpu-test [Unsupported: Features] [Vulkan/llvmpipe (LLVM 19.1.1, 256 bits)/1] wgpu_gpu_test::image_atomics::image_64_atomics
        PASS [   0.010s] wgpu-test::wgpu-validation-test api::buffer_slice::into_buffer_binding
        PASS [   0.012s] wgpu-test::wgpu-validation-test api::buffer::destroyed_buffer
        PASS [   0.011s] wgpu-test::wgpu-validation-test api::buffer_slice::getters
        PASS [   0.012s] wgpu-test::wgpu-validation-test api::buffer_slice::reslice_out_of_bounds
        PASS [   0.005s] wgpu-test::wgpu-validation-test api::instance::request_adapter_error::no_backends_requested
        PASS [   0.005s] wgpu-test::wgpu-validation-test api::instance::request_adapter_error::no_compiled_support
        PASS [   0.005s] wgpu-test::wgpu-validation-test api::instance::request_adapter_error::noop_not_enabled
        PASS [   0.006s] wgpu-test::wgpu-validation-test noop::device_is_available_when_requested
        PASS [   0.013s] wgpu-test::wgpu-validation-test api::buffer_slice::reslice_success
        PASS [   0.004s] wgpu-types features::tests::check_features_display
        PASS [   0.004s] wgpu-types features::tests::check_features_bits
        PASS [   0.005s] wgpu-test::wgpu-validation-test noop::device_is_not_available_by_default
        PASS [   0.004s] wgpu-types features::tests::check_hex
        PASS [   0.254s] wgpu-test::wgpu-gpu-test [Executed] [Vulkan/llvmpipe (LLVM 19.1.1, 256 bits)/1] wgpu_gpu_test::zero_init_texture_after_discard::discarding_either_depth_or_stencil_aspect_test
        PASS [   0.260s] wgpu-test::wgpu-gpu-test [Executed] [Vulkan/llvmpipe (LLVM 19.1.1, 256 bits)/1] wgpu_gpu_test::zero_init_texture_after_discard::discarding_depth_target_resets_texture_init_state_check_visible_on_copy_in_same_encoder
        PASS [   0.004s] wgpu-types features::tests::create_features_from_parts
        PASS [   0.004s] wgpu-types test_max_mips
        PASS [   0.004s] wgpu-types test_physical_size
        PASS [   0.004s] wgpu-types texture_format_deserialize
        PASS [   0.012s] wgpu-test::wgpu-validation-test api::texture::destroyed_texture
        PASS [   0.004s] wgpu-types texture_format_serialize
        PASS [   0.014s] wgpu-test::wgpu-validation-test noop::device_and_buffers
        PASS [   2.459s] wgpu-test::wgpu-gpu-test [Executed] [Vulkan/llvmpipe (LLVM 19.1.1, 256 bits)/1] wgpu_gpu_test::regression::issue_4122::clear_buffer_range_respected
        PASS [  16.268s] wgpu-test::wgpu-gpu-test [Executed] [Vulkan/NVIDIA GeForce RTX 3060/0] wgpu_gpu_test::regression::issue_4122::clear_buffer_range_respected
────────────
     Summary [  55.136s] 980 tests run: 837 passed, 143 failed, 0 skipped
        FAIL [   7.470s] player::player-test test_api
        FAIL [   0.300s] wgpu-examples [Executed Flaky Failure: ALWAYS] [Gl/NVIDIA GeForce RTX 3060/PCIe/SSE2/2] wgpu_examples::timestamp_queries::tests::timestamps_encoder
        FAIL [   0.284s] wgpu-examples [Executed Flaky Failure: ALWAYS] [Gl/NVIDIA GeForce RTX 3060/PCIe/SSE2/2] wgpu_examples::timestamp_queries::tests::timestamps_passes
        FAIL [   0.390s] wgpu-examples [Executed] [Gl/NVIDIA GeForce RTX 3060/PCIe/SSE2/2] boids
        FAIL [   0.418s] wgpu-examples [Executed] [Gl/NVIDIA GeForce RTX 3060/PCIe/SSE2/2] bunnymark
        FAIL [   0.547s] wgpu-examples [Executed] [Gl/NVIDIA GeForce RTX 3060/PCIe/SSE2/2] cube
        FAIL [   0.504s] wgpu-examples [Executed] [Gl/NVIDIA GeForce RTX 3060/PCIe/SSE2/2] cube-lines
        FAIL [   0.483s] wgpu-examples [Executed] [Gl/NVIDIA GeForce RTX 3060/PCIe/SSE2/2] mipmap
        FAIL [   0.587s] wgpu-examples [Executed] [Gl/NVIDIA GeForce RTX 3060/PCIe/SSE2/2] msaa-line
        FAIL [   0.600s] wgpu-examples [Executed] [Gl/NVIDIA GeForce RTX 3060/PCIe/SSE2/2] multiple_render_targets
        FAIL [   0.562s] wgpu-examples [Executed] [Gl/NVIDIA GeForce RTX 3060/PCIe/SSE2/2] shadow
        FAIL [   0.662s] wgpu-examples [Executed] [Gl/NVIDIA GeForce RTX 3060/PCIe/SSE2/2] skybox
        FAIL [   0.565s] wgpu-examples [Executed] [Gl/NVIDIA GeForce RTX 3060/PCIe/SSE2/2] skybox-bc7
        FAIL [   0.599s] wgpu-examples [Executed] [Gl/NVIDIA GeForce RTX 3060/PCIe/SSE2/2] skybox-etc2
        FAIL [   0.794s] wgpu-examples [Executed] [Gl/NVIDIA GeForce RTX 3060/PCIe/SSE2/2] srgb-blend-linear
        FAIL [   0.717s] wgpu-examples [Executed] [Gl/NVIDIA GeForce RTX 3060/PCIe/SSE2/2] srgb-blend-srg
        FAIL [   0.717s] wgpu-examples [Executed] [Gl/NVIDIA GeForce RTX 3060/PCIe/SSE2/2] stencil-triangles
        FAIL [   0.909s] wgpu-examples [Executed] [Gl/NVIDIA GeForce RTX 3060/PCIe/SSE2/2] wgpu_examples::hello_synchronization::tests::sync
        FAIL [   0.870s] wgpu-examples [Executed] [Gl/NVIDIA GeForce RTX 3060/PCIe/SSE2/2] wgpu_examples::timestamp_queries::tests::timestamps_pass_boundaries
        FAIL [   0.829s] wgpu-examples [Executed] [Vulkan/NVIDIA GeForce RTX 3060/0] ray_cube_normals
        FAIL [   2.197s] wgpu-examples [Executed] [Vulkan/NVIDIA GeForce RTX 3060/0] skybox
        FAIL [   0.402s] wgpu-examples [Executed] [Vulkan/llvmpipe (LLVM 19.1.1, 256 bits)/1] ray_cube_normals
        FAIL [   1.924s] wgpu-examples [Executed] [Vulkan/llvmpipe (LLVM 19.1.1, 256 bits)/1] ray_scene
        FAIL [   0.149s] wgpu-test::wgpu-gpu-test [Executed Failure: ALWAYS] [Gl/NVIDIA GeForce RTX 3060/PCIe/SSE2/2] wgpu_gpu_test::buffer::empty_buffer
        FAIL [   0.161s] wgpu-test::wgpu-gpu-test [Executed Failure: ALWAYS] [Gl/NVIDIA GeForce RTX 3060/PCIe/SSE2/2] wgpu_gpu_test::device::cross_device_bind_group_usage
        FAIL [   0.172s] wgpu-test::wgpu-gpu-test [Executed Failure: ALWAYS] [Gl/NVIDIA GeForce RTX 3060/PCIe/SSE2/2] wgpu_gpu_test::encoder::drop_queue_before_creating_command_encoder
        FAIL [   0.559s] wgpu-test::wgpu-gpu-test [Executed Failure: BACKEND] [Gl/NVIDIA GeForce RTX 3060/PCIe/SSE2/2] wgpu_gpu_test::clear_texture::clear_texture_compressed_bcn
        FAIL [   0.784s] wgpu-test::wgpu-gpu-test [Executed Failure: BACKEND] [Gl/NVIDIA GeForce RTX 3060/PCIe/SSE2/2] wgpu_gpu_test::clear_texture::clear_texture_compressed_etc2
        FAIL [   0.805s] wgpu-test::wgpu-gpu-test [Executed Failure: BACKEND] [Gl/NVIDIA GeForce RTX 3060/PCIe/SSE2/2] wgpu_gpu_test::clear_texture::clear_texture_uncompressed
        FAIL [   0.880s] wgpu-test::wgpu-gpu-test [Executed Failure: BACKEND] [Gl/NVIDIA GeForce RTX 3060/PCIe/SSE2/2] wgpu_gpu_test::vertex_formats::vertex_formats_10_10_10_2
        FAIL [   0.792s] wgpu-test::wgpu-gpu-test [Executed] [Gl/NVIDIA GeForce RTX 3060/PCIe/SSE2/2] wgpu_gpu_test::bind_group_layout_dedup::bind_group_layout_deduplication
        FAIL [   0.751s] wgpu-test::wgpu-gpu-test [Executed] [Gl/NVIDIA GeForce RTX 3060/PCIe/SSE2/2] wgpu_gpu_test::bind_group_layout_dedup::bind_group_layout_deduplication_derived
        FAIL [   0.819s] wgpu-test::wgpu-gpu-test [Executed] [Gl/NVIDIA GeForce RTX 3060/PCIe/SSE2/2] wgpu_gpu_test::bind_group_layout_dedup::bind_group_layout_deduplication_with_dropped_user_handle
        FAIL [   0.878s] wgpu-test::wgpu-gpu-test [Executed] [Gl/NVIDIA GeForce RTX 3060/PCIe/SSE2/2] wgpu_gpu_test::bind_group_layout_dedup::derived_bgls_incompatible_with_regular_bgls
        FAIL [   0.759s] wgpu-test::wgpu-gpu-test [Executed] [Gl/NVIDIA GeForce RTX 3060/PCIe/SSE2/2] wgpu_gpu_test::bind_group_layout_dedup::get_derived_bgl
        FAIL [   0.687s] wgpu-test::wgpu-gpu-test [Executed] [Gl/NVIDIA GeForce RTX 3060/PCIe/SSE2/2] wgpu_gpu_test::bind_group_layout_dedup::separate_pipelines_have_incompatible_derived_bgls
        FAIL [   0.772s] wgpu-test::wgpu-gpu-test [Executed] [Gl/NVIDIA GeForce RTX 3060/PCIe/SSE2/2] wgpu_gpu_test::bind_groups::bind_group_nonfiltering_layout_mag_sampler
        FAIL [   0.630s] wgpu-test::wgpu-gpu-test [Executed] [Gl/NVIDIA GeForce RTX 3060/PCIe/SSE2/2] wgpu_gpu_test::bind_groups::bind_group_nonfiltering_layout_min_sampler
        FAIL [   0.755s] wgpu-test::wgpu-gpu-test [Executed] [Gl/NVIDIA GeForce RTX 3060/PCIe/SSE2/2] wgpu_gpu_test::bind_groups::bind_group_nonfiltering_layout_mipmap_sampler
        FAIL [   0.869s] wgpu-test::wgpu-gpu-test [Executed] [Gl/NVIDIA GeForce RTX 3060/PCIe/SSE2/2] wgpu_gpu_test::bind_groups::bind_group_nonfiltering_layout_nonfiltering_sampler
        FAIL [   0.650s] wgpu-test::wgpu-gpu-test [Executed] [Gl/NVIDIA GeForce RTX 3060/PCIe/SSE2/2] wgpu_gpu_test::buffer::clear_offset_outside_resource_bounds
        FAIL [   0.791s] wgpu-test::wgpu-gpu-test [Executed] [Gl/NVIDIA GeForce RTX 3060/PCIe/SSE2/2] wgpu_gpu_test::buffer::clear_offset_plus_size_outside_u64_bounds
        FAIL [   0.870s] wgpu-test::wgpu-gpu-test [Executed] [Gl/NVIDIA GeForce RTX 3060/PCIe/SSE2/2] wgpu_gpu_test::buffer::map_offset
        FAIL [   0.833s] wgpu-test::wgpu-gpu-test [Executed] [Gl/NVIDIA GeForce RTX 3060/PCIe/SSE2/2] wgpu_gpu_test::buffer::minimum_buffer_binding_size_dispatch
        FAIL [   0.815s] wgpu-test::wgpu-gpu-test [Executed] [Gl/NVIDIA GeForce RTX 3060/PCIe/SSE2/2] wgpu_gpu_test::buffer::minimum_buffer_binding_size_layout
        FAIL [   0.740s] wgpu-test::wgpu-gpu-test [Executed] [Gl/NVIDIA GeForce RTX 3060/PCIe/SSE2/2] wgpu_gpu_test::buffer_copy::copy_alignment
        FAIL [   0.879s] wgpu-test::wgpu-gpu-test [Executed] [Gl/NVIDIA GeForce RTX 3060/PCIe/SSE2/2] wgpu_gpu_test::buffer_usages::buffer_usage
        FAIL [   0.675s] wgpu-test::wgpu-gpu-test [Executed] [Gl/NVIDIA GeForce RTX 3060/PCIe/SSE2/2] wgpu_gpu_test::clear_texture::clear_texture_uncompressed_gles
        FAIL [   0.705s] wgpu-test::wgpu-gpu-test [Executed] [Gl/NVIDIA GeForce RTX 3060/PCIe/SSE2/2] wgpu_gpu_test::cloneable_types::cloneable_buffers
        FAIL [   0.670s] wgpu-test::wgpu-gpu-test [Executed] [Gl/NVIDIA GeForce RTX 3060/PCIe/SSE2/2] wgpu_gpu_test::compute_pass_ownership::compute_pass_keep_encoder_alive
        FAIL [   0.756s] wgpu-test::wgpu-gpu-test [Executed] [Gl/NVIDIA GeForce RTX 3060/PCIe/SSE2/2] wgpu_gpu_test::compute_pass_ownership::compute_pass_query_set_ownership_timestamps
        FAIL [   0.632s] wgpu-test::wgpu-gpu-test [Executed] [Gl/NVIDIA GeForce RTX 3060/PCIe/SSE2/2] wgpu_gpu_test::compute_pass_ownership::compute_pass_resource_ownership
        FAIL [   0.946s] wgpu-test::wgpu-gpu-test [Executed] [Gl/NVIDIA GeForce RTX 3060/PCIe/SSE2/2] wgpu_gpu_test::device::device_and_queue_have_different_ids
        FAIL [   0.853s] wgpu-test::wgpu-gpu-test [Executed] [Gl/NVIDIA GeForce RTX 3060/PCIe/SSE2/2] wgpu_gpu_test::device::device_destroy_then_buffer_cleanup
        FAIL [   0.835s] wgpu-test::wgpu-gpu-test [Executed] [Gl/NVIDIA GeForce RTX 3060/PCIe/SSE2/2] wgpu_gpu_test::device::device_destroy_then_lost
        FAIL [   0.881s] wgpu-test::wgpu-gpu-test [Executed] [Gl/NVIDIA GeForce RTX 3060/PCIe/SSE2/2] wgpu_gpu_test::device::device_destroy_then_more
        FAIL [   0.794s] wgpu-test::wgpu-gpu-test [Executed] [Gl/NVIDIA GeForce RTX 3060/PCIe/SSE2/2] wgpu_gpu_test::device::device_lifetime_check
        FAIL [   0.810s] wgpu-test::wgpu-gpu-test [Executed] [Gl/NVIDIA GeForce RTX 3060/PCIe/SSE2/2] wgpu_gpu_test::device::different_bgl_order_bw_shader_and_api
        FAIL [   0.700s] wgpu-test::wgpu-gpu-test [Executed] [Gl/NVIDIA GeForce RTX 3060/PCIe/SSE2/2] wgpu_gpu_test::device::multiple_devices
        FAIL [   0.872s] wgpu-test::wgpu-gpu-test [Executed] [Gl/NVIDIA GeForce RTX 3060/PCIe/SSE2/2] wgpu_gpu_test::device::request_device_error_message_native
        FAIL [   0.737s] wgpu-test::wgpu-gpu-test [Executed] [Gl/NVIDIA GeForce RTX 3060/PCIe/SSE2/2] wgpu_gpu_test::dispatch_workgroups_indirect::discard_dispatch
        FAIL [   0.882s] wgpu-test::wgpu-gpu-test [Executed] [Gl/NVIDIA GeForce RTX 3060/PCIe/SSE2/2] wgpu_gpu_test::dispatch_workgroups_indirect::num_workgroups_builtin
        FAIL [   0.728s] wgpu-test::wgpu-gpu-test [Executed] [Gl/NVIDIA GeForce RTX 3060/PCIe/SSE2/2] wgpu_gpu_test::dispatch_workgroups_indirect::reset_bind_groups
        FAIL [   0.757s] wgpu-test::wgpu-gpu-test [Executed] [Gl/NVIDIA GeForce RTX 3060/PCIe/SSE2/2] wgpu_gpu_test::dispatch_workgroups_indirect::zero_sized_buffer
        FAIL [   0.739s] wgpu-test::wgpu-gpu-test [Executed] [Gl/NVIDIA GeForce RTX 3060/PCIe/SSE2/2] wgpu_gpu_test::dual_source_blending::dual_source_blending_feature_disabled
        FAIL [   0.712s] wgpu-test::wgpu-gpu-test [Executed] [Gl/NVIDIA GeForce RTX 3060/PCIe/SSE2/2] wgpu_gpu_test::dual_source_blending::dual_source_blending_feature_enabled
        FAIL [   0.733s] wgpu-test::wgpu-gpu-test [Executed] [Gl/NVIDIA GeForce RTX 3060/PCIe/SSE2/2] wgpu_gpu_test::encoder::drop_encoder
        FAIL [   0.841s] wgpu-test::wgpu-gpu-test [Executed] [Gl/NVIDIA GeForce RTX 3060/PCIe/SSE2/2] wgpu_gpu_test::encoder::drop_encoder_after_error
        FAIL [   0.921s] wgpu-test::wgpu-gpu-test [Executed] [Gl/NVIDIA GeForce RTX 3060/PCIe/SSE2/2] wgpu_gpu_test::encoder::encoder_operations_fail_while_pass_alive
        FAIL [   0.822s] wgpu-test::wgpu-gpu-test [Executed] [Gl/NVIDIA GeForce RTX 3060/PCIe/SSE2/2] wgpu_gpu_test::float32_filterable::float32_filterable_with_feature
        FAIL [   0.757s] wgpu-test::wgpu-gpu-test [Executed] [Gl/NVIDIA GeForce RTX 3060/PCIe/SSE2/2] wgpu_gpu_test::float32_filterable::float32_filterable_without_feature
        FAIL [   0.733s] wgpu-test::wgpu-gpu-test [Executed] [Gl/NVIDIA GeForce RTX 3060/PCIe/SSE2/2] wgpu_gpu_test::image_atomics::image_atomics_not_enabled
        FAIL [   0.875s] wgpu-test::wgpu-gpu-test [Executed] [Gl/NVIDIA GeForce RTX 3060/PCIe/SSE2/2] wgpu_gpu_test::instance::initialize
        FAIL [   0.927s] wgpu-test::wgpu-gpu-test [Executed] [Gl/NVIDIA GeForce RTX 3060/PCIe/SSE2/2] wgpu_gpu_test::life_cycle::buffer_destroy
        FAIL [   0.697s] wgpu-test::wgpu-gpu-test [Executed] [Gl/NVIDIA GeForce RTX 3060/PCIe/SSE2/2] wgpu_gpu_test::life_cycle::texture_destroy
        FAIL [   0.844s] wgpu-test::wgpu-gpu-test [Executed] [Gl/NVIDIA GeForce RTX 3060/PCIe/SSE2/2] wgpu_gpu_test::mem_leaks::simple_draw_check_mem_leaks
        FAIL [   0.708s] wgpu-test::wgpu-gpu-test [Executed] [Gl/NVIDIA GeForce RTX 3060/PCIe/SSE2/2] wgpu_gpu_test::occlusion_query::occlusion_query
        FAIL [   0.763s] wgpu-test::wgpu-gpu-test [Executed] [Gl/NVIDIA GeForce RTX 3060/PCIe/SSE2/2] wgpu_gpu_test::pipeline::compute_pipeline_default_layout_bad_bgl_index
        FAIL [   0.731s] wgpu-test::wgpu-gpu-test [Executed] [Gl/NVIDIA GeForce RTX 3060/PCIe/SSE2/2] wgpu_gpu_test::pipeline::compute_pipeline_default_layout_bad_module
        FAIL [   0.767s] wgpu-test::wgpu-gpu-test [Executed] [Gl/NVIDIA GeForce RTX 3060/PCIe/SSE2/2] wgpu_gpu_test::pipeline::no_targetless_render
        FAIL [   0.746s] wgpu-test::wgpu-gpu-test [Executed] [Gl/NVIDIA GeForce RTX 3060/PCIe/SSE2/2] wgpu_gpu_test::pipeline::render_pipeline_default_layout_bad_bgl_index
        FAIL [   0.823s] wgpu-test::wgpu-gpu-test [Executed] [Gl/NVIDIA GeForce RTX 3060/PCIe/SSE2/2] wgpu_gpu_test::pipeline::render_pipeline_default_layout_bad_module
        FAIL [   0.745s] wgpu-test::wgpu-gpu-test [Executed] [Gl/NVIDIA GeForce RTX 3060/PCIe/SSE2/2] wgpu_gpu_test::poll::double_wait
        FAIL [   0.836s] wgpu-test::wgpu-gpu-test [Executed] [Gl/NVIDIA GeForce RTX 3060/PCIe/SSE2/2] wgpu_gpu_test::poll::double_wait_on_submission
        FAIL [   0.694s] wgpu-test::wgpu-gpu-test [Executed] [Gl/NVIDIA GeForce RTX 3060/PCIe/SSE2/2] wgpu_gpu_test::poll::wait
        FAIL [   0.752s] wgpu-test::wgpu-gpu-test [Executed] [Gl/NVIDIA GeForce RTX 3060/PCIe/SSE2/2] wgpu_gpu_test::poll::wait_after_bad_submission
        FAIL [   0.742s] wgpu-test::wgpu-gpu-test [Executed] [Gl/NVIDIA GeForce RTX 3060/PCIe/SSE2/2] wgpu_gpu_test::poll::wait_on_submission
        FAIL [   0.764s] wgpu-test::wgpu-gpu-test [Executed] [Gl/NVIDIA GeForce RTX 3060/PCIe/SSE2/2] wgpu_gpu_test::poll::wait_out_of_order
        FAIL [   0.985s] wgpu-test::wgpu-gpu-test [Executed] [Gl/NVIDIA GeForce RTX 3060/PCIe/SSE2/2] wgpu_gpu_test::push_constants::partial_update
        FAIL [   0.802s] wgpu-test::wgpu-gpu-test [Executed] [Gl/NVIDIA GeForce RTX 3060/PCIe/SSE2/2] wgpu_gpu_test::push_constants::render_pass_test
        FAIL [   0.877s] wgpu-test::wgpu-gpu-test [Executed] [Gl/NVIDIA GeForce RTX 3060/PCIe/SSE2/2] wgpu_gpu_test::query_set::drop_failed_timestamp_query_set
        FAIL [   0.666s] wgpu-test::wgpu-gpu-test [Executed] [Gl/NVIDIA GeForce RTX 3060/PCIe/SSE2/2] wgpu_gpu_test::queue_transfer::queue_write_texture_overflow
        FAIL [   0.656s] wgpu-test::wgpu-gpu-test [Executed] [Gl/NVIDIA GeForce RTX 3060/PCIe/SSE2/2] wgpu_gpu_test::regression::issue_3349::multi_stage_data_binding
        FAIL [   0.822s] wgpu-test::wgpu-gpu-test [Executed] [Gl/NVIDIA GeForce RTX 3060/PCIe/SSE2/2] wgpu_gpu_test::regression::issue_3457::pass_reset_vertex_buffer
        FAIL [   0.739s] wgpu-test::wgpu-gpu-test [Executed] [Gl/NVIDIA GeForce RTX 3060/PCIe/SSE2/2] wgpu_gpu_test::regression::issue_4024::queue_submitted_callback_ordering
        FAIL [   0.818s] wgpu-test::wgpu-gpu-test [Executed] [Gl/NVIDIA GeForce RTX 3060/PCIe/SSE2/2] wgpu_gpu_test::regression::issue_4122::clear_buffer_range_respected
        FAIL [   0.898s] wgpu-test::wgpu-gpu-test [Executed] [Gl/NVIDIA GeForce RTX 3060/PCIe/SSE2/2] wgpu_gpu_test::regression::issue_4485::continue_switch
        FAIL [   0.820s] wgpu-test::wgpu-gpu-test [Executed] [Gl/NVIDIA GeForce RTX 3060/PCIe/SSE2/2] wgpu_gpu_test::regression::issue_4514::degenerate_switch
        FAIL [   0.656s] wgpu-test::wgpu-gpu-test [Executed] [Gl/NVIDIA GeForce RTX 3060/PCIe/SSE2/2] wgpu_gpu_test::regression::issue_5553::allow_input_not_consumed
        FAIL [   0.727s] wgpu-test::wgpu-gpu-test [Executed] [Gl/NVIDIA GeForce RTX 3060/PCIe/SSE2/2] wgpu_gpu_test::regression::issue_6317::non_fatal_errors_in_queue_submit
        FAIL [   0.691s] wgpu-test::wgpu-gpu-test [Executed] [Gl/NVIDIA GeForce RTX 3060/PCIe/SSE2/2] wgpu_gpu_test::regression::issue_6467::zero_workgroup_count
        FAIL [   0.822s] wgpu-test::wgpu-gpu-test [Executed] [Gl/NVIDIA GeForce RTX 3060/PCIe/SSE2/2] wgpu_gpu_test::regression::issue_6827::test_scatter
        FAIL [   0.774s] wgpu-test::wgpu-gpu-test [Executed] [Gl/NVIDIA GeForce RTX 3060/PCIe/SSE2/2] wgpu_gpu_test::regression::issue_6827::test_single_write
        FAIL [   0.817s] wgpu-test::wgpu-gpu-test [Executed] [Gl/NVIDIA GeForce RTX 3060/PCIe/SSE2/2] wgpu_gpu_test::render_pass_ownership::render_pass_keep_encoder_alive
        FAIL [   0.866s] wgpu-test::wgpu-gpu-test [Executed] [Gl/NVIDIA GeForce RTX 3060/PCIe/SSE2/2] wgpu_gpu_test::render_pass_ownership::render_pass_query_set_ownership_timestamps
        FAIL [   0.818s] wgpu-test::wgpu-gpu-test [Executed] [Gl/NVIDIA GeForce RTX 3060/PCIe/SSE2/2] wgpu_gpu_test::render_pass_ownership::render_pass_resource_ownership
        FAIL [   0.747s] wgpu-test::wgpu-gpu-test [Executed] [Gl/NVIDIA GeForce RTX 3060/PCIe/SSE2/2] wgpu_gpu_test::resource_descriptor_accessor::buffer_size_and_usage
        FAIL [   0.726s] wgpu-test::wgpu-gpu-test [Executed] [Gl/NVIDIA GeForce RTX 3060/PCIe/SSE2/2] wgpu_gpu_test::resource_error::bad_buffer
        FAIL [   0.831s] wgpu-test::wgpu-gpu-test [Executed] [Gl/NVIDIA GeForce RTX 3060/PCIe/SSE2/2] wgpu_gpu_test::resource_error::bad_texture
        FAIL [   0.821s] wgpu-test::wgpu-gpu-test [Executed] [Gl/NVIDIA GeForce RTX 3060/PCIe/SSE2/2] wgpu_gpu_test::samplers::sampler_creation_failure
        FAIL [   0.799s] wgpu-test::wgpu-gpu-test [Executed] [Gl/NVIDIA GeForce RTX 3060/PCIe/SSE2/2] wgpu_gpu_test::samplers::sampler_deduplication
        FAIL [   0.762s] wgpu-test::wgpu-gpu-test [Executed] [Gl/NVIDIA GeForce RTX 3060/PCIe/SSE2/2] wgpu_gpu_test::scissor_tests::scissor_test_custom_rect
        FAIL [   0.780s] wgpu-test::wgpu-gpu-test [Executed] [Gl/NVIDIA GeForce RTX 3060/PCIe/SSE2/2] wgpu_gpu_test::scissor_tests::scissor_test_empty_rect
        FAIL [   0.762s] wgpu-test::wgpu-gpu-test [Executed] [Gl/NVIDIA GeForce RTX 3060/PCIe/SSE2/2] wgpu_gpu_test::scissor_tests::scissor_test_empty_rect_with_offset
        FAIL [   0.787s] wgpu-test::wgpu-gpu-test [Executed] [Gl/NVIDIA GeForce RTX 3060/PCIe/SSE2/2] wgpu_gpu_test::scissor_tests::scissor_test_full_rect
        FAIL [   0.728s] wgpu-test::wgpu-gpu-test [Executed] [Gl/NVIDIA GeForce RTX 3060/PCIe/SSE2/2] wgpu_gpu_test::shader::array_size_overrides::array_size_overrides
        FAIL [   0.837s] wgpu-test::wgpu-gpu-test [Executed] [Gl/NVIDIA GeForce RTX 3060/PCIe/SSE2/2] wgpu_gpu_test::shader::compilation_messages::shader_compile_error
        FAIL [   0.850s] wgpu-test::wgpu-gpu-test [Executed] [Gl/NVIDIA GeForce RTX 3060/PCIe/SSE2/2] wgpu_gpu_test::shader::compilation_messages::shader_compile_success
        FAIL [   0.740s] wgpu-test::wgpu-gpu-test [Executed] [Gl/NVIDIA GeForce RTX 3060/PCIe/SSE2/2] wgpu_gpu_test::shader::data_builtins::pack4x_i8
        FAIL [   0.711s] wgpu-test::wgpu-gpu-test [Executed] [Gl/NVIDIA GeForce RTX 3060/PCIe/SSE2/2] wgpu_gpu_test::shader::data_builtins::pack4x_u8
        FAIL [   0.707s] wgpu-test::wgpu-gpu-test [Executed] [Gl/NVIDIA GeForce RTX 3060/PCIe/SSE2/2] wgpu_gpu_test::shader::data_builtins::unpack4x_i8
        FAIL [   1.001s] wgpu-test::wgpu-gpu-test [Executed] [Gl/NVIDIA GeForce RTX 3060/PCIe/SSE2/2] wgpu_gpu_test::shader::data_builtins::unpack4x_u8
        FAIL [   0.902s] wgpu-test::wgpu-gpu-test [Executed] [Gl/NVIDIA GeForce RTX 3060/PCIe/SSE2/2] wgpu_gpu_test::shader::numeric_builtins::numeric_builtins
        FAIL [   0.808s] wgpu-test::wgpu-gpu-test [Executed] [Gl/NVIDIA GeForce RTX 3060/PCIe/SSE2/2] wgpu_gpu_test::shader::struct_layout::push_constant_input
        FAIL [   0.831s] wgpu-test::wgpu-gpu-test [Executed] [Gl/NVIDIA GeForce RTX 3060/PCIe/SSE2/2] wgpu_gpu_test::shader::struct_layout::storage_input
        FAIL [   0.799s] wgpu-test::wgpu-gpu-test [Executed] [Gl/NVIDIA GeForce RTX 3060/PCIe/SSE2/2] wgpu_gpu_test::shader::struct_layout::uniform_input
        FAIL [   0.653s] wgpu-test::wgpu-gpu-test [Executed] [Gl/NVIDIA GeForce RTX 3060/PCIe/SSE2/2] wgpu_gpu_test::shader::workgroup_size_overrides::workgroup_size_overrides
        FAIL [   0.723s] wgpu-test::wgpu-gpu-test [Executed] [Gl/NVIDIA GeForce RTX 3060/PCIe/SSE2/2] wgpu_gpu_test::shader::zero_init_workgroup_mem::zero_init_workgroup_memory
        FAIL [   0.900s] wgpu-test::wgpu-gpu-test [Executed] [Gl/NVIDIA GeForce RTX 3060/PCIe/SSE2/2] wgpu_gpu_test::shader_primitive_index::draw
        FAIL [   0.905s] wgpu-test::wgpu-gpu-test [Executed] [Gl/NVIDIA GeForce RTX 3060/PCIe/SSE2/2] wgpu_gpu_test::shader_primitive_index::draw_indexed
        FAIL [   0.707s] wgpu-test::wgpu-gpu-test [Executed] [Gl/NVIDIA GeForce RTX 3060/PCIe/SSE2/2] wgpu_gpu_test::texture_blit::texture_blit_with_linear_filter_test
        FAIL [   0.807s] wgpu-test::wgpu-gpu-test [Executed] [Gl/NVIDIA GeForce RTX 3060/PCIe/SSE2/2] wgpu_gpu_test::texture_blit::texture_blit_with_nearest_filter_test
        FAIL [   0.717s] wgpu-test::wgpu-gpu-test [Executed] [Gl/NVIDIA GeForce RTX 3060/PCIe/SSE2/2] wgpu_gpu_test::texture_bounds::bad_copy_origin_test
        FAIL [   0.704s] wgpu-test::wgpu-gpu-test [Executed] [Gl/NVIDIA GeForce RTX 3060/PCIe/SSE2/2] wgpu_gpu_test::texture_view_creation::depth_only_view_creation
        FAIL [   0.889s] wgpu-test::wgpu-gpu-test [Executed] [Gl/NVIDIA GeForce RTX 3060/PCIe/SSE2/2] wgpu_gpu_test::texture_view_creation::stencil_only_view_creation
        FAIL [   0.900s] wgpu-test::wgpu-gpu-test [Executed] [Gl/NVIDIA GeForce RTX 3060/PCIe/SSE2/2] wgpu_gpu_test::transfer::copy_overflow_z
        FAIL [   0.852s] wgpu-test::wgpu-gpu-test [Executed] [Gl/NVIDIA GeForce RTX 3060/PCIe/SSE2/2] wgpu_gpu_test::transition_resources::transition_resources
        FAIL [   0.954s] wgpu-test::wgpu-gpu-test [Executed] [Gl/NVIDIA GeForce RTX 3060/PCIe/SSE2/2] wgpu_gpu_test::vertex_formats::vertex_formats_all
        FAIL [   0.828s] wgpu-test::wgpu-gpu-test [Executed] [Gl/NVIDIA GeForce RTX 3060/PCIe/SSE2/2] wgpu_gpu_test::write_texture::write_texture_no_oob
        FAIL [   0.901s] wgpu-test::wgpu-gpu-test [Executed] [Gl/NVIDIA GeForce RTX 3060/PCIe/SSE2/2] wgpu_gpu_test::write_texture::write_texture_subset_2d
        FAIL [   0.857s] wgpu-test::wgpu-gpu-test [Executed] [Gl/NVIDIA GeForce RTX 3060/PCIe/SSE2/2] wgpu_gpu_test::write_texture::write_texture_subset_3d
        FAIL [   0.828s] wgpu-test::wgpu-gpu-test [Executed] [Gl/NVIDIA GeForce RTX 3060/PCIe/SSE2/2] wgpu_gpu_test::zero_init_texture_after_discard::discarding_color_target_resets_texture_init_state_check_visible_on_copy_after_submit
        FAIL [   0.829s] wgpu-test::wgpu-gpu-test [Executed] [Gl/NVIDIA GeForce RTX 3060/PCIe/SSE2/2] wgpu_gpu_test::zero_init_texture_after_discard::discarding_color_target_resets_texture_init_state_check_visible_on_copy_in_same_encoder
error: test run failed
Error: Tests failed

Caused by:
    command exited with non-zero code `cargo nextest run --benches --tests --all-features`: 100
