// CTS test selectors that are not expected to pass.
//
// At present this only includes tests in the `api,validation` and
// `shader,validation` hierarchies.
//
// Percentages in comments are the portion of tests that are passing. Some
// failures that are intermittent or platform-dependent are marked with `***`.
// Many populated by Claude and may be wrong.
//
// Linked issues may not cover all failures in the suite.
//
// The `cts_runner` integration test `lst_files_are_sorted` verifies that test selectors
// appear in this file in order -- including ones in comments.
webgpu:api,validation,buffer,mapping:* // crash
webgpu:api,validation,capability_checks,features,* // 21%, TypeError not thrown for missing features (needs deno_webgpu fix)
webgpu:api,validation,capability_checks,limits,* // 60%, workgroup storage size validation unimplemented; interstage vars counting; bind group timing on dx12
webgpu:api,validation,compute_pipeline:limits,workgroup_storage_size:* // 0%
webgpu:api,validation,compute_pipeline:overrides,workgroup_size,limits,workgroup_storage_size:* // 0%, missing workgroup storage size validation
webgpu:api,validation,compute_pipeline:overrides,workgroup_size,limits:* // 0%
webgpu:api,validation,createBindGroup:buffer,resource_state:* // 0%, https://github.com/gfx-rs/wgpu/issues/7881
webgpu:api,validation,createBindGroup:external_texture,* // 0%, no external external texture in deno
webgpu:api,validation,createBindGroup:texture,resource_state:* // crash, https://github.com/gfx-rs/wgpu/issues/7881
webgpu:api,validation,createView:texture_state:* // 0%, https://github.com/gfx-rs/wgpu/issues/7881
webgpu:api,validation,encoding,cmds,copyTextureToTexture:copy_ranges:* // ***, https://github.com/gfx-rs/wgpu/issues/8118
webgpu:api,validation,encoding,cmds,debug:* // 92%, https://github.com/gfx-rs/wgpu/issues/8039
webgpu:api,validation,encoding,cmds,render,draw:max_draw_count:* // https://github.com/gfx-rs/wgpu/issues/8737
webgpu:api,validation,encoding,cmds,render,indirect_draw:indirect_offset_alignment:* // render bundle
webgpu:api,validation,encoding,cmds,render,indirect_draw:indirect_offset_oob:* // unwrap on None in wgpu-core/src/indirect_validation/draw.rs:432:18
webgpu:api,validation,encoding,cmds,setBindGroup:dynamic_offsets_match_expectations_in_pass_encoder:* // deno unwrap
webgpu:api,validation,encoding,cmds,setBindGroup:state_and_binding_index:encoderType="compute%20pass";state="destroyed";* // https://github.com/gfx-rs/wgpu/issues/7881
webgpu:api,validation,encoding,cmds,setBindGroup:state_and_binding_index:encoderType="render%20bundle";state="destroyed";* // https://github.com/gfx-rs/wgpu/issues/7881
webgpu:api,validation,encoding,cmds,setBindGroup:state_and_binding_index:encoderType="render%20pass";state="destroyed";* // https://github.com/gfx-rs/wgpu/issues/7881
webgpu:api,validation,encoding,cmds,setBindGroup:u32array_start_and_length:* // deno unwrap
webgpu:api,validation,encoding,cmds,setImmediates:* // 0%, feature not implemented
webgpu:api,validation,encoding,encoder_open_state:* // https://github.com/gfx-rs/wgpu/issues/7857
webgpu:api,validation,encoding,queries,resolveQuerySet:* // 93%, https://github.com/gfx-rs/wgpu/issues/7881
webgpu:api,validation,encoding,render_bundle:* // 81%, readonly flag normalization mismatch
webgpu:api,validation,image_copy,buffer_texture_copies:* // https://github.com/gfx-rs/wgpu/issues/7946
webgpu:api,validation,layout_shader_compat:pipeline_layout_shader_exact_match:* // dx12, https://bugzilla.mozilla.org/show_bug.cgi?id=2017725
webgpu:api,validation,non_filterable_texture:non_filterable_texture_with_filtering_sampler:* // 80%, depth textures with filtering samplers
webgpu:api,validation,query_set,create:count:* // 0%, wgpu incorrectly rejects zero-count query sets
webgpu:api,validation,queue,buffer_mapped:* // ***, vulkan
webgpu:api,validation,queue,destroyed,* // 71%, writeBuffer/writeTexture return value, destroyed query set
webgpu:api,validation,queue,writeBuffer:ranges:* // 0%, missing OperationError for invalid ranges
webgpu:api,validation,render_pass,attachment_compatibility:render_pass_or_bundle_and_pipeline,depth_stencil_read_only_write_state:* // fails on dx12
webgpu:api,validation,render_pass,render_pass_descriptor:depth_stencil_attachment,loadOp_storeOp_match_depthReadOnly_stencilReadOnly:* // 33%, missing validation: depth/stencil load/store ops provided for missing texture format aspects
webgpu:api,validation,render_pipeline,fragment_state:pipeline_output_targets,blend:* // 95%, blend factors reading source alpha require vec4
webgpu:api,validation,render_pipeline,fragment_state:pipeline_output_targets:* // 3%, color target without shader output requires writeMask=0
webgpu:api,validation,render_pipeline,inter_stage:* // 15%, inter-stage type validation gaps and interpolation default handling
webgpu:api,validation,render_pipeline,misc:external_texture:* // 0%, no external texture in deno
webgpu:api,validation,render_pipeline,multisample_state:* // 60%, https://github.com/gfx-rs/wgpu/issues/8779
webgpu:api,validation,render_pipeline,overrides:* // 17%, missing validation: invalid pipeline constant identifiers silently ignored
webgpu:api,validation,render_pipeline,vertex_state:vertex_attribute_contained_in_stride:* // fails on metal in CI https://github.com/gfx-rs/wgpu/issues/8312
webgpu:api,validation,render_pipeline,vertex_state:vertex_attribute_offset_alignment:* // fails on metal in CI
webgpu:api,validation,resource_usages,texture,in_pass_encoder:subresources_and_binding_types_combination_for_color:* // 92%, https://github.com/gfx-rs/wgpu/issues/3126
webgpu:api,validation,resource_usages,texture,in_render_common:subresources,depth_stencil_attachment_and_bind_group:* // 69%, https://github.com/gfx-rs/wgpu/issues/8705
webgpu:api,validation,state,device_lost,destroy:* // crash
webgpu:api,validation,texture,destroy:submit_a_destroyed_texture_as_attachment:* // 44%, https://github.com/gfx-rs/wgpu/issues/8714

webgpu:shader,execution,expression,call,builtin,atan2:f16:* // dx12, fails with dxc, passes with fxc, https://github.com/gfx-rs/wgpu/issues/9179

webgpu:shader,validation,decl,let:* // texture/sampler let
webgpu:shader,validation,decl,override:* // 93%, unrestricted_pointer_parameters not implemented, https://github.com/gfx-rs/wgpu/issues/5158
webgpu:shader,validation,decl,var:* // 99%, https://github.com/gfx-rs/wgpu/issues/8925 (trailing comma), atomics in read-only storage, shader stage restrictions
webgpu:shader,validation,expression,access,array:* // 97%, runtime indexing with compile-time-known values, https://github.com/gfx-rs/wgpu/issues/4390
webgpu:shader,validation,expression,access,matrix:* // 93%, runtime OOB matrix access with literal indices incorrectly rejected
webgpu:shader,validation,expression,access,vector:* // 52%, https://github.com/gfx-rs/wgpu/issues/4390, and missing swizzle validation
webgpu:shader,validation,expression,binary,short_circuiting_and_or:* // 92%, https://github.com/gfx-rs/wgpu/issues/8440
webgpu:shader,validation,expression,call,builtin,atomics:* // 86%, atomics in vertex shaders, invalid address spaces/access modes
webgpu:shader,validation,expression,call,builtin,bitcast:* // 57%, bitcast const-eval unimplemented; size validation missing; f16 vector validation incorrect
webgpu:shader,validation,expression,call,builtin,clamp:* // 71%, clamp low<=high constraint not checked for const/override parameters
webgpu:shader,validation,expression,call,builtin,cross:* // 86%, abstract int/float overflow issues in const eval
webgpu:shader,validation,expression,call,builtin,determinant:* // 71%, abstract int/float const eval issues
webgpu:shader,validation,expression,call,builtin,distance:* // 66%, scalar distance uses wrong formula (sqrt instead of abs)
webgpu:shader,validation,expression,call,builtin,dot4I8Packed:* // 91%, missing const eval (#4507)
webgpu:shader,validation,expression,call,builtin,dot4U8Packed:* // 91%, missing const eval (#4507)
webgpu:shader,validation,expression,call,builtin,extractBits:* // 62%, const eval issues
webgpu:shader,validation,expression,call,builtin,faceForward:* // 68%, const eval overflow for abstract/f16
webgpu:shader,validation,expression,call,builtin,fma:* // 85%, const eval issues
webgpu:shader,validation,expression,call,builtin,frexp:* // 39%, const/override eval not supported
webgpu:shader,validation,expression,call,builtin,insertBits:* // 76%, missing const eval support
webgpu:shader,validation,expression,call,builtin,inverseSqrt:* // 61%, const eval overflow for abstract/f16
webgpu:shader,validation,expression,call,builtin,ldexp:* // 43%, const eval not implemented
webgpu:shader,validation,expression,call,builtin,mix:* // 66%, const eval issues
webgpu:shader,validation,expression,call,builtin,modf:* // 52%, const eval not fully implemented
webgpu:shader,validation,expression,call,builtin,pack2x16float:* // 80%, missing const eval (#4507)
webgpu:shader,validation,expression,call,builtin,pack2x16snorm:* // 88%, missing const eval (#4507)
webgpu:shader,validation,expression,call,builtin,pack2x16unorm:* // 88%, missing const eval (#4507)
webgpu:shader,validation,expression,call,builtin,pack4x8snorm:* // 88%, missing const eval (#4507)
webgpu:shader,validation,expression,call,builtin,pack4x8unorm:* // 88%, missing const eval (#4507)
webgpu:shader,validation,expression,call,builtin,pack4xI8:* // 74%, missing const eval (#4507)
webgpu:shader,validation,expression,call,builtin,pack4xI8Clamp:* // 74%, missing const eval (#4507)
webgpu:shader,validation,expression,call,builtin,pack4xU8:* // 74%, missing const eval (#4507)
webgpu:shader,validation,expression,call,builtin,pack4xU8Clamp:* // 74%, missing const eval (#4507)
webgpu:shader,validation,expression,call,builtin,quantizeToF16:* // 77%, overflow validation issues
webgpu:shader,validation,expression,call,builtin,reflect:* // 39%, const eval not implemented
webgpu:shader,validation,expression,call,builtin,refract:* // 44%, const eval not implemented
webgpu:shader,validation,expression,call,builtin,smoothstep:* // 69%, const eval issues
webgpu:shader,validation,expression,call,builtin,textureDimensions:* // >99%, no external texture in deno
webgpu:shader,validation,expression,call,builtin,textureGather:* // 99%, https://github.com/gfx-rs/wgpu/issues/8876
webgpu:shader,validation,expression,call,builtin,textureGatherCompare:* // 99%, edge case in offset or external texture validation
webgpu:shader,validation,expression,call,builtin,textureLoad:* // 99%, texture_external not implemented
webgpu:shader,validation,expression,call,builtin,textureSample:* // 99%, texture_external
webgpu:shader,validation,expression,call,builtin,textureSampleBaseClampToEdge:* // 96%, texture_external
webgpu:shader,validation,expression,call,builtin,textureSampleBias:* // 99%, missing offset validation (range & cube texture)
webgpu:shader,validation,expression,call,builtin,textureSampleCompare:* // 99%, missing offset range validation (-8 to +7)
webgpu:shader,validation,expression,call,builtin,textureSampleCompareLevel:* // 99%, missing offset range validation (-8 to +7)
webgpu:shader,validation,expression,call,builtin,textureSampleGrad:* // 99%, missing offset range validation + depth textures incorrectly accepted
webgpu:shader,validation,expression,call,builtin,textureSampleLevel:* // 99%, missing offset validation (cube texture & value range)
webgpu:shader,validation,expression,call,builtin,transpose:* // 86%, missing const eval
webgpu:shader,validation,expression,call,builtin,unpack2x16float:* // 81%, missing const eval (#4507)
webgpu:shader,validation,expression,call,builtin,unpack2x16snorm:* // 81%, missing const eval (#4507)
webgpu:shader,validation,expression,call,builtin,unpack2x16unorm:* // 81%, missing const eval (#4507)
webgpu:shader,validation,expression,call,builtin,unpack4x8snorm:* // 81%, missing const eval (#4507)
webgpu:shader,validation,expression,call,builtin,unpack4x8unorm:* // 81%, missing const eval (#4507)
webgpu:shader,validation,expression,call,builtin,unpack4xI8:* // 75%, missing const eval (#4507)
webgpu:shader,validation,expression,call,builtin,unpack4xU8:* // 75%, missing const eval (#4507)
webgpu:shader,validation,expression,early_evaluation:* // 67%, mixed override/runtime composite evaluation
webgpu:shader,validation,expression,precedence:* // 76%, https://github.com/gfx-rs/wgpu/issues/4536
webgpu:shader,validation,extension,readonly_and_readwrite_storage_textures:* // 50%, interaction w/ texture_formats_tier1, https://github.com/gfx-rs/wgpu/issues/8962#issuecomment-3819427894
webgpu:shader,validation,functions,alias_analysis:* // 2%, https://github.com/gfx-rs/wgpu/issues/7650
webgpu:shader,validation,functions,restrictions:* // 81%, @id/@workgroup_size accepted on plain functions, https://github.com/gfx-rs/wgpu/issues/8898
webgpu:shader,validation,parse,attribute:* // 93%, group index validation at shader module creation
webgpu:shader,validation,parse,blankspace:* // 95%, null in comments, https://github.com/gfx-rs/wgpu/issues/8877
webgpu:shader,validation,parse,comments:* // 93%, unterminated block comments, https://github.com/gfx-rs/wgpu/issues/8877
webgpu:shader,validation,parse,diagnostic:* // 50%, https://github.com/gfx-rs/wgpu/issues/6458
webgpu:shader,validation,parse,literal:* // 96%, https://github.com/gfx-rs/wgpu/issues/7046
webgpu:shader,validation,parse,shadow_builtins:* // 83%, function param shadowing parser issue; determinant const-eval; texture_external capability missing
webgpu:shader,validation,shader_io,align:* // 98%, @align(2^31) accepted but exceeds i32::MAX per WGSL spec
webgpu:shader,validation,shader_io,id:* // 97%, @id on const
webgpu:shader,validation,shader_io,interpolate:*
webgpu:shader,validation,shader_io,layout_constraints:* // 99%, struct alignment not inferred from @align on members
webgpu:shader,validation,shader_io,locations:stage_inout:* // 66%, invalid usage @location in compute shaders
webgpu:shader,validation,shader_io,pipeline_stage:* // 92%, stage attributes incorrectly accepted on var<private> and var<storage>
webgpu:shader,validation,shader_io,workgroup_size:* // 88%, type mixing, attribute placement
webgpu:shader,validation,statement,continue:* // 90%, continue bypassing declaration used in continuing block, https://github.com/gfx-rs/wgpu/issues/7650
webgpu:shader,validation,statement,for:* // 93%, phony/increment in for-loop init/cont, empty loop behavior
webgpu:shader,validation,statement,loop:* // 92%, https://github.com/gfx-rs/wgpu/issues/7650
webgpu:shader,validation,statement,statement_behavior:* // https://github.com/gfx-rs/wgpu/issues/7650
webgpu:shader,validation,types,* // 95%, texture_external not supported (2 tests), atomic validation gaps (8 tests), pointer validation gaps (5 tests), 16-bit normalized storage texture formats (36 tests)
webgpu:shader,validation,uniformity,* // 21%, https://github.com/gfx-rs/wgpu/issues/4369
