// CTS test selectors that are entirely or nearly entirely skipped.
//
// The `cts_runner` integration test `lst_files_are_sorted` verifies that test selectors
// appear in this file in order -- including ones in comments.

webgpu:api,operation,texture_view,texture_component_swizzle:* // dx12, passes but very slow, https://github.com/gfx-rs/wgpu/issues/9229

webgpu:api,validation,capability_checks,limits,maxStorageBuffersInFragmentStage:* // slow, https://github.com/gfx-rs/wgpu/issues/9229
webgpu:api,validation,capability_checks,limits,maxStorageBuffersInVertexStage:* // slow, https://github.com/gfx-rs/wgpu/issues/9229
webgpu:api,validation,capability_checks,limits,maxStorageBuffersPerShaderStage:* // slow, https://github.com/gfx-rs/wgpu/issues/9229
webgpu:api,validation,capability_checks,limits,maxStorageTexturesInFragmentStage:* // slow, https://github.com/gfx-rs/wgpu/issues/9229
webgpu:api,validation,capability_checks,limits,maxStorageTexturesInVertexStage:* // slow, https://github.com/gfx-rs/wgpu/issues/9229
webgpu:api,validation,capability_checks,limits,maxStorageTexturesPerShaderStage:* // slow, https://github.com/gfx-rs/wgpu/issues/9229
webgpu:api,validation,createBindGroupLayout:max_resources_per_stage,* // dx12/vulkan, passes but very slow, https://github.com/gfx-rs/wgpu/issues/9229
webgpu:api,validation,dispatch:* // linear indexing, https://github.com/gfx-rs/wgpu/issues/9296
webgpu:api,validation,encoding,cmds,render,draw:last_buffer_setting_take_account:* // unimplemented in CTS
webgpu:api,validation,encoding,cmds,render,indirect_multi_draw:* // no 'chromium-experimental-multi-draw-indirect' feature
webgpu:api,validation,encoding,cmds,render,state_tracking:all_needed_index_buffer_should_be_bound:* // unimplemented in CTS
webgpu:api,validation,encoding,cmds,render,state_tracking:all_needed_vertex_buffer_should_be_bound:* // unimplemented in CTS
webgpu:api,validation,gpu_external_texture_expiration:* // external texture
webgpu:api,validation,queue,copyToTexture,CopyExternalImageToTexture:* // external texture

webgpu:shader,execution,expression,call,builtin,textureSampleLevel:sampled_1d_coords:* // slow, https://github.com/gfx-rs/wgpu/issues/9229
webgpu:shader,execution,expression,call,builtin,textureSampleLevel:sampled_2d_coords:* // slow, https://github.com/gfx-rs/wgpu/issues/9229
webgpu:shader,execution,expression,call,builtin,textureSampleLevel:sampled_3d_coords:* // slow, https://github.com/gfx-rs/wgpu/issues/9229

webgpu:shader,validation,decl,immediate:* // WGSL language extension 'immediate_address_space' isn't added, https://github.com/gfx-rs/wgpu/issues/8556
webgpu:shader,validation,expression,call,builtin,atomicStoreMinMax:* // device feature 'atomic-vec2u-min-max' isn't implemented
webgpu:shader,validation,expression,call,builtin,bufferArrayView:* // buffer_view feature
webgpu:shader,validation,expression,call,builtin,bufferLength:* // ibid.
webgpu:shader,validation,expression,call,builtin,bufferView:* // ibid.
webgpu:shader,validation,expression,call,builtin,quadBroadcast:* // subgroups, https://github.com/gfx-rs/wgpu/issues/8722
webgpu:shader,validation,expression,call,builtin,quadSwap:* // ibid.
webgpu:shader,validation,expression,call,builtin,subgroupAdd:* // ibid.
webgpu:shader,validation,expression,call,builtin,subgroupAnyAll:* // ibid.
webgpu:shader,validation,expression,call,builtin,subgroupBallot:* // ibid.
webgpu:shader,validation,expression,call,builtin,subgroupBitwise:* // ibid.
webgpu:shader,validation,expression,call,builtin,subgroupBroadcast:* // ibid.
webgpu:shader,validation,expression,call,builtin,subgroupBroadcastFirst:* // ibid.
webgpu:shader,validation,expression,call,builtin,subgroupElect:* // ibid.
webgpu:shader,validation,expression,call,builtin,subgroupMinMax:* // ibid.
webgpu:shader,validation,expression,call,builtin,subgroupMul:* // ibid.
webgpu:shader,validation,expression,call,builtin,subgroupShuffle:* // ibid.
webgpu:shader,validation,extension,subgroup_size_control:* // device feature 'subgroup-size-control' isn't implemented
webgpu:shader,validation,statement,swizzle_assignment:* // swizzle assignment, https://github.com/gfx-rs/wgpu/issues/9159
