// The following may be useful to generate lists of tests for this file:
// ```
// cargo xtask cts -- --list <selector>
// ```
//
// The `cts_runner` integration test `lst_files_are_sorted` verifies that test selectors
// appear in this file in order -- including ones in comments.

unittests:*

webgpu:api,operation,buffers,createBindGroup:buffer_binding_resource:*
webgpu:api,operation,command_buffer,basic:*
webgpu:api,operation,command_buffer,copyBufferToBuffer:*
fails-if(vulkan) webgpu:api,operation,command_buffer,copyTextureToTexture:copy_depth_stencil:format="depth16unorm"
fails-if(vulkan) webgpu:api,operation,command_buffer,copyTextureToTexture:copy_depth_stencil:format="depth24plus"
fails-if(vulkan) webgpu:api,operation,command_buffer,copyTextureToTexture:copy_depth_stencil:format="depth24plus-stencil8"
fails-if(vulkan) webgpu:api,operation,command_buffer,copyTextureToTexture:copy_depth_stencil:format="depth32float"
fails-if(vulkan) webgpu:api,operation,command_buffer,copyTextureToTexture:copy_depth_stencil:format="depth32float-stencil8"
webgpu:api,operation,command_buffer,copyTextureToTexture:copy_depth_stencil:format="stencil8"
fails-if(dx12) webgpu:api,operation,command_buffer,image_copy:offsets_and_sizes:*
webgpu:api,operation,command_buffer,image_copy:undefined_params:initMethod="CopyB2T";checkMethod="FullCopyT2B";dimension="1d"
webgpu:api,operation,command_buffer,image_copy:undefined_params:initMethod="CopyB2T";checkMethod="FullCopyT2B";dimension="2d"
fails-if(dx12,vulkan,metal) webgpu:api,operation,command_buffer,image_copy:undefined_params:initMethod="CopyB2T";checkMethod="FullCopyT2B";dimension="3d"
webgpu:api,operation,command_buffer,image_copy:undefined_params:initMethod="WriteTexture";checkMethod="FullCopyT2B";dimension="1d"
webgpu:api,operation,command_buffer,image_copy:undefined_params:initMethod="WriteTexture";checkMethod="FullCopyT2B";dimension="2d"
webgpu:api,operation,command_buffer,image_copy:undefined_params:initMethod="WriteTexture";checkMethod="FullCopyT2B";dimension="3d"
webgpu:api,operation,command_buffer,image_copy:undefined_params:initMethod="WriteTexture";checkMethod="PartialCopyT2B";dimension="1d"
fails-if(dx12) webgpu:api,operation,command_buffer,image_copy:undefined_params:initMethod="WriteTexture";checkMethod="PartialCopyT2B";dimension="2d"
webgpu:api,operation,command_buffer,image_copy:undefined_params:initMethod="WriteTexture";checkMethod="PartialCopyT2B";dimension="3d"
webgpu:api,operation,compute_pipeline,overrides:*
//FAIL: webgpu:api,operation,compute,basic:large_dispatch:*
webgpu:api,operation,compute,basic:memcpy:*
webgpu:api,operation,device,lost:*
webgpu:api,operation,render_pass,storeOp:*
webgpu:api,operation,render_pipeline,overrides:*
webgpu:api,operation,render_pipeline,pipeline_output_targets:color,component_count,blend:*
webgpu:api,operation,rendering,3d_texture_slices:*
webgpu:api,operation,rendering,basic:clear:*
webgpu:api,operation,rendering,basic:fullscreen_quad:*
//FAIL: webgpu:api,operation,rendering,basic:large_draw:*
webgpu:api,operation,rendering,color_target_state:blend_constant,setting:*
webgpu:api,operation,rendering,color_target_state:blending,formats:*
webgpu:api,operation,rendering,color_target_state:blending,GPUBlendComponent:*
webgpu:api,operation,rendering,depth:*
webgpu:api,operation,rendering,draw:*
webgpu:api,operation,shader_module,compilation_info:*
webgpu:api,operation,uncapturederror:iff_uncaptured:*
//FAIL: webgpu:api,operation,uncapturederror:onuncapturederror_order_wrt_addEventListener
// There are also two unimplemented SKIPs in uncapturederror not enumerated here.
fails-if(vulkan) webgpu:api,operation,vertex_state,correctness:array_stride_zero:*
webgpu:api,operation,vertex_state,correctness:non_zero_array_stride_and_attribute_offset:*
webgpu:api,operation,vertex_state,correctness:setVertexBuffer_offset_and_attribute_offset:*

webgpu:api,validation,buffer,create:*
webgpu:api,validation,buffer,destroy:*
webgpu:api,validation,capability_checks,limits,maxBindGroups:setBindGroup,*
//FAIL: other `maxInterStageShaderVariables` cases w/ limitTest ∈ [underDefault, overMaximum]
// https://github.com/gfx-rs/wgpu/issues/8945
webgpu:api,validation,capability_checks,limits,maxInterStageShaderVariables:createRenderPipeline,at_over:limitTest="atDefault";*
webgpu:api,validation,capability_checks,limits,maxInterStageShaderVariables:createRenderPipeline,at_over:limitTest="atMaximum";*
webgpu:api,validation,capability_checks,limits,maxInterStageShaderVariables:createRenderPipeline,at_over:limitTest="betweenDefaultAndMaximum";*
webgpu:api,validation,createBindGroup:binding_must_contain_resource_defined_in_layout:*
webgpu:api,validation,createBindGroup:buffer_offset_and_size_for_bind_groups_match:*
webgpu:api,validation,createBindGroup:buffer,effective_buffer_binding_size:*
webgpu:api,validation,createBindGroup:buffer,resource_binding_size:*
webgpu:api,validation,createBindGroup:storage_texture,*
webgpu:api,validation,createBindGroupLayout:storage_texture,formats:*
webgpu:api,validation,encoding,beginComputePass:*
webgpu:api,validation,encoding,beginRenderPass:*
webgpu:api,validation,encoding,cmds,clearBuffer:*
webgpu:api,validation,encoding,cmds,compute_pass:*
webgpu:api,validation,encoding,cmds,copyBufferToBuffer:*
webgpu:api,validation,encoding,cmds,copyTextureToTexture:copy_aspects:*
webgpu:api,validation,encoding,cmds,copyTextureToTexture:copy_ranges_with_compressed_texture_formats:*
// Intermittently fails on dx12, https://github.com/gfx-rs/wgpu/issues/8118
fails-if(dx12) webgpu:api,validation,encoding,cmds,copyTextureToTexture:copy_ranges:*
webgpu:api,validation,encoding,cmds,copyTextureToTexture:copy_with_invalid_or_destroyed_texture:*
webgpu:api,validation,encoding,cmds,copyTextureToTexture:copy_within_same_texture:*
webgpu:api,validation,encoding,cmds,copyTextureToTexture:depth_stencil_copy_restrictions:*
webgpu:api,validation,encoding,cmds,copyTextureToTexture:mipmap_level:*
webgpu:api,validation,encoding,cmds,copyTextureToTexture:multisampled_copy_restrictions:*
webgpu:api,validation,encoding,cmds,copyTextureToTexture:sample_count:*
webgpu:api,validation,encoding,cmds,copyTextureToTexture:texture_format_compatibility:*
webgpu:api,validation,encoding,cmds,copyTextureToTexture:texture_usage:*
webgpu:api,validation,encoding,cmds,copyTextureToTexture:texture,device_mismatch:*
webgpu:api,validation,encoding,cmds,debug:debug_group_balanced:encoderType="compute%20pass"
webgpu:api,validation,encoding,cmds,debug:debug_group_balanced:encoderType="non-pass"
//FAIL: webgpu:api,validation,encoding,cmds,debug:debug_group_balanced:encoderType="render%20bundle"
// https://github.com/gfx-rs/wgpu/issues/8039
webgpu:api,validation,encoding,cmds,debug:debug_group_balanced:encoderType="render%20pass"
webgpu:api,validation,encoding,cmds,debug:debug_group:*
webgpu:api,validation,encoding,cmds,debug:debug_marker:*
webgpu:api,validation,encoding,cmds,index_access:*
//FAIL: some others in webgpu:api,validation,encoding,cmds,render,draw:*
// due to e.g. https://github.com/gfx-rs/wgpu/issues/7912
webgpu:api,validation,encoding,cmds,render,draw:index_buffer_OOB:*
webgpu:api,validation,encoding,cmds,render,draw:unused_buffer_bound:*
webgpu:api,validation,encoding,cmds,render,dynamic_state:*
webgpu:api,validation,encoding,cmds,render,indirect_draw:indirect_buffer_usage:*
webgpu:api,validation,encoding,cmds,render,indirect_draw:indirect_buffer,device_mismatch:*
webgpu:api,validation,encoding,cmds,render,setIndexBuffer:*
webgpu:api,validation,encoding,cmds,render,setPipeline:*
webgpu:api,validation,encoding,cmds,render,setVertexBuffer:*
webgpu:api,validation,encoding,cmds,render,state_tracking:vertex_buffers_do_not_inherit_between_render_passes:*
webgpu:api,validation,encoding,cmds,render,state_tracking:vertex_buffers_inherit_from_previous_pipeline:*
webgpu:api,validation,encoding,encoder_open_state:compute_pass_commands:*
webgpu:api,validation,encoding,encoder_open_state:non_pass_commands:*
//FAIL: webgpu:api,validation,encoding,encoder_open_state:render_bundle_commands:*
// https://github.com/gfx-rs/wgpu/issues/7857
webgpu:api,validation,encoding,encoder_open_state:render_pass_commands:*
webgpu:api,validation,encoding,encoder_state:*
webgpu:api,validation,encoding,programmable,pipeline_bind_group_compat:bgl_binding_mismatch:*
webgpu:api,validation,encoding,programmable,pipeline_bind_group_compat:bgl_resource_type_mismatch:*
webgpu:api,validation,encoding,programmable,pipeline_bind_group_compat:bgl_visibility_mismatch:*
webgpu:api,validation,encoding,programmable,pipeline_bind_group_compat:bind_groups_and_pipeline_layout_mismatch:*
webgpu:api,validation,encoding,programmable,pipeline_bind_group_compat:buffer_binding,render_pipeline:*
webgpu:api,validation,encoding,programmable,pipeline_bind_group_compat:sampler_binding,render_pipeline:*
webgpu:api,validation,encoding,queries,begin_end:occlusion_query,*
webgpu:api,validation,encoding,queries,general:occlusion_query,query_index:*
webgpu:api,validation,encoding,queries,general:occlusion_query,query_type:*
webgpu:api,validation,image_copy,buffer_related:*
// image_copy depth/stencil failures on dx12: https://github.com/gfx-rs/wgpu/issues/8133
fails-if(dx12) webgpu:api,validation,image_copy,buffer_texture_copies:depth_stencil_format,copy_buffer_offset:format="depth24plus-stencil8";aspect="stencil-only";copyType="CopyB2T"
fails-if(dx12) webgpu:api,validation,image_copy,buffer_texture_copies:depth_stencil_format,copy_buffer_offset:format="depth24plus-stencil8";aspect="stencil-only";copyType="CopyT2B"
fails-if(dx12) webgpu:api,validation,image_copy,buffer_texture_copies:depth_stencil_format,copy_buffer_offset:format="depth32float";aspect="depth-only";copyType="CopyT2B"
fails-if(dx12) webgpu:api,validation,image_copy,buffer_texture_copies:depth_stencil_format,copy_buffer_offset:format="stencil8";aspect="stencil-only";copyType="CopyB2T"
fails-if(dx12) webgpu:api,validation,image_copy,buffer_texture_copies:depth_stencil_format,copy_buffer_offset:format="stencil8";aspect="stencil-only";copyType="CopyT2B"
//mix of PASS and FAIL: other subtests of copy_buffer_offset. Related bugs:
// https://github.com/gfx-rs/wgpu/issues/7946
webgpu:api,validation,image_copy,buffer_texture_copies:depth_stencil_format,copy_buffer_size:*
webgpu:api,validation,image_copy,buffer_texture_copies:depth_stencil_format,copy_usage_and_aspect:*
webgpu:api,validation,image_copy,buffer_texture_copies:device_mismatch:*
fails-if(dx12) webgpu:api,validation,image_copy,buffer_texture_copies:offset_and_bytesPerRow:format="astc-4x4-unorm";copyType="CopyB2T";dimension="2d"
fails-if(dx12) webgpu:api,validation,image_copy,buffer_texture_copies:offset_and_bytesPerRow:format="astc-4x4-unorm";copyType="CopyB2T";dimension="3d"
fails-if(dx12) webgpu:api,validation,image_copy,buffer_texture_copies:offset_and_bytesPerRow:format="astc-4x4-unorm";copyType="CopyT2B";dimension="2d"
fails-if(dx12) webgpu:api,validation,image_copy,buffer_texture_copies:offset_and_bytesPerRow:format="astc-4x4-unorm";copyType="CopyT2B";dimension="3d"
fails-if(dx12) webgpu:api,validation,image_copy,buffer_texture_copies:offset_and_bytesPerRow:format="bgra8unorm";copyType="CopyB2T";dimension="2d"
fails-if(dx12) webgpu:api,validation,image_copy,buffer_texture_copies:offset_and_bytesPerRow:format="bgra8unorm";copyType="CopyT2B";dimension="2d"
fails-if(dx12) webgpu:api,validation,image_copy,buffer_texture_copies:offset_and_bytesPerRow:format="r8uint";copyType="CopyB2T";dimension="1d"
fails-if(dx12) webgpu:api,validation,image_copy,buffer_texture_copies:offset_and_bytesPerRow:format="r8uint";copyType="CopyT2B";dimension="1d"
fails-if(dx12) webgpu:api,validation,image_copy,buffer_texture_copies:offset_and_bytesPerRow:format="rgba32float";copyType="CopyB2T";dimension="1d"
fails-if(dx12) webgpu:api,validation,image_copy,buffer_texture_copies:offset_and_bytesPerRow:format="rgba32float";copyType="CopyT2B";dimension="1d"
fails-if(dx12) webgpu:api,validation,image_copy,buffer_texture_copies:offset_and_bytesPerRow:format="rgba8unorm";copyType="CopyB2T";dimension="2d"
fails-if(dx12) webgpu:api,validation,image_copy,buffer_texture_copies:offset_and_bytesPerRow:format="rgba8unorm";copyType="CopyB2T";dimension="3d"
fails-if(dx12) webgpu:api,validation,image_copy,buffer_texture_copies:offset_and_bytesPerRow:format="rgba8unorm";copyType="CopyT2B";dimension="2d"
fails-if(dx12) webgpu:api,validation,image_copy,buffer_texture_copies:offset_and_bytesPerRow:format="rgba8unorm";copyType="CopyT2B";dimension="3d"
//mix of PASS and FAIL: other subtests of offset_and_bytesPerRow. Related bugs:
// https://github.com/gfx-rs/wgpu/issues/7946
webgpu:api,validation,image_copy,buffer_texture_copies:sample_count:*
webgpu:api,validation,image_copy,buffer_texture_copies:texture_buffer_usages:*
webgpu:api,validation,image_copy,layout_related:copy_end_overflows_u64:*
webgpu:api,validation,image_copy,layout_related:offset_alignment:*
webgpu:api,validation,image_copy,texture_related:*
webgpu:api,validation,queue,buffer_mapped:copyBufferToBuffer:*
webgpu:api,validation,queue,buffer_mapped:copyBufferToTexture:*
webgpu:api,validation,queue,buffer_mapped:copyTextureToBuffer:*
webgpu:api,validation,queue,buffer_mapped:map_command_recording_order:*
// `vulkan` failure: https://github.com/gfx-rs/wgpu/issues/????
fails-if(vulkan) webgpu:api,validation,queue,buffer_mapped:writeBuffer:*
webgpu:api,validation,queue,submit:command_buffer,*
webgpu:api,validation,render_pass,render_pass_descriptor:attachments,*
webgpu:api,validation,render_pass,render_pass_descriptor:color_attachments,*
webgpu:api,validation,render_pass,render_pass_descriptor:resolveTarget,*
webgpu:api,validation,render_pass,resolve:resolve_attachment:*
webgpu:api,validation,render_pipeline,depth_stencil_state:format:*
webgpu:api,validation,render_pipeline,depth_stencil_state:stencil_write:*
webgpu:api,validation,render_pipeline,float32_blendable:*
webgpu:api,validation,render_pipeline,inter_stage:location,*
webgpu:api,validation,render_pipeline,inter_stage:max_shader_variable_location:*
webgpu:api,validation,render_pipeline,inter_stage:max_variables_count,*
webgpu:api,validation,render_pipeline,vertex_state:many_attributes_overlapping:*
webgpu:api,validation,resource_usages,buffer,in_pass_encoder:*
// FAIL: 2 other cases in resource_usages,texture,in_pass_encoder. https://github.com/gfx-rs/wgpu/issues/3126
webgpu:api,validation,resource_usages,texture,in_pass_encoder:scope,*
webgpu:api,validation,resource_usages,texture,in_pass_encoder:shader_stages_and_visibility,*
webgpu:api,validation,resource_usages,texture,in_pass_encoder:subresources_and_binding_types_combination_for_aspect:*
webgpu:api,validation,resource_usages,texture,in_pass_encoder:subresources_and_binding_types_combination_for_color:compute=false;type0="render-target";type1="render-target"
webgpu:api,validation,resource_usages,texture,in_pass_encoder:unused_bindings_in_pipeline:*
webgpu:api,validation,resource_usages,texture,in_render_common:subresources,color_attachment_and_bind_group:*
webgpu:api,validation,resource_usages,texture,in_render_common:subresources,color_attachments:*
// FAIL: webgpu:api,validation,resource_usages,texture,in_render_common:subresources,depth_stencil_attachment_and_bind_group:*
// https://github.com/gfx-rs/wgpu/issues/8705
webgpu:api,validation,resource_usages,texture,in_render_common:subresources,depth_stencil_texture_in_bind_groups:*
webgpu:api,validation,resource_usages,texture,in_render_common:subresources,multiple_bind_groups:*
webgpu:api,validation,texture,rg11b10ufloat_renderable:*

webgpu:shader,execution,expression,call,builtin,atan2:f16:*
webgpu:shader,execution,expression,call,builtin,atan2:f32:*
//FAIL: webgpu:shader,execution,expression,call,builtin,select:*
// - Fails with `const`/abstract int cases on all platforms because of <https://github.com/gfx-rs/wgpu/issues/4507>.
// - Fails with `vec3` & `f16` cases on macOS because of <https://github.com/gfx-rs/wgpu/issues/5262>.
webgpu:shader,execution,expression,call,builtin,textureSample:sampled_1d_coords:*
webgpu:shader,execution,expression,call,builtin,textureSampleBaseClampToEdge:2d_coords:stage="c";textureType="texture_2d<f32>";*
// NOTE: This is supposed to be an exhaustive listing underneath
// `webgpu:shader,execution,expression,call,builtin,workgroupUniformLoad:*`, so exceptions can be
// worked around.
webgpu:shader,execution,expression,call,builtin,workgroupUniformLoad:types:type="array%3Cu32,%204%3E";*
webgpu:shader,execution,expression,call,builtin,workgroupUniformLoad:types:type="atomic%3Ci32%3E";*
webgpu:shader,execution,expression,call,builtin,workgroupUniformLoad:types:type="atomic%3Cu32%3E";*
webgpu:shader,execution,expression,call,builtin,workgroupUniformLoad:types:type="AtomicInStruct";*
webgpu:shader,execution,expression,call,builtin,workgroupUniformLoad:types:type="bool";*
//FAIL: https://github.com/gfx-rs/wgpu/issues/8812
// webgpu:shader,execution,expression,call,builtin,workgroupUniformLoad:types:type="ComplexStruct";*
webgpu:shader,execution,expression,call,builtin,workgroupUniformLoad:types:type="mat3x2f";*
webgpu:shader,execution,expression,call,builtin,workgroupUniformLoad:types:type="SimpleStruct";*
webgpu:shader,execution,expression,call,builtin,workgroupUniformLoad:types:type="u32";*
webgpu:shader,execution,expression,call,builtin,workgroupUniformLoad:types:type="vec4u";*
webgpu:shader,execution,flow_control,return:*
// Many other vertex_buffer_access subtests also passing, but there are too many to enumerate.
// Fails on Metal in CI only, not when running locally.
fails-if(metal) webgpu:shader,execution,robust_access_vertex:vertex_buffer_access:indexed=true;indirect=false;drawCallTestParameter="baseVertex";type="float32x4";additionalBuffers=4;partialLastNumber=false;offsetVertexBuffer=true

webgpu:shader,validation,const_assert,const_assert:*
webgpu:shader,validation,expression,access,array:early_eval_errors:case="override_array_cnt_size_neg"
webgpu:shader,validation,expression,access,array:early_eval_errors:case="override_array_cnt_size_one"
webgpu:shader,validation,expression,access,array:early_eval_errors:case="override_array_cnt_size_zero_signed"
webgpu:shader,validation,expression,access,array:early_eval_errors:case="override_array_cnt_size_zero_unsigned"
webgpu:shader,validation,expression,access,array:early_eval_errors:case="override_in_bounds"
webgpu:shader,validation,expression,binary,add_sub_mul:scalar_vector_out_of_range:lhs="i32";*
webgpu:shader,validation,expression,binary,add_sub_mul:scalar_vector_out_of_range:lhs="u32";*
webgpu:shader,validation,expression,binary,short_circuiting_and_or:array_override:op="%26%26";a_val=1;b_val=1
webgpu:shader,validation,expression,binary,short_circuiting_and_or:invalid_types:*
webgpu:shader,validation,expression,binary,short_circuiting_and_or:scalar_vector:op="%26%26";lhs="bool";rhs="bool"
webgpu:shader,validation,expression,call,builtin,all:arguments:test="ptr_deref"
webgpu:shader,validation,expression,call,builtin,arrayLength:*
webgpu:shader,validation,expression,call,builtin,barriers:*
webgpu:shader,validation,expression,call,builtin,cos:*
webgpu:shader,validation,expression,call,builtin,distance:values:stage="constant";type="f32"
webgpu:shader,validation,expression,call,builtin,floor:*
webgpu:shader,validation,expression,call,builtin,fract:*
webgpu:shader,validation,expression,call,builtin,length:scalar:stage="constant";type="f32"
webgpu:shader,validation,expression,call,builtin,max:*
webgpu:shader,validation,expression,call,builtin,min:*
webgpu:shader,validation,expression,call,builtin,radians:*
webgpu:shader,validation,expression,call,builtin,sign:*
webgpu:shader,validation,expression,call,builtin,sin:*
webgpu:shader,validation,expression,call,builtin,step:*
webgpu:shader,validation,expression,call,builtin,tan:*
webgpu:shader,validation,expression,call,builtin,tanh:*
webgpu:shader,validation,expression,call,builtin,textureNumLayers:*
webgpu:shader,validation,expression,call,builtin,textureNumLevels:*
webgpu:shader,validation,expression,call,builtin,textureNumSamples:*
webgpu:shader,validation,expression,call,builtin,textureStore:*
webgpu:shader,validation,expression,call,builtin,trunc:*
// FAIL: others in `value_constructor` due to https://github.com/gfx-rs/wgpu/issues/4720, possibly more
webgpu:shader,validation,expression,call,builtin,value_constructor:array_value:*
webgpu:shader,validation,expression,call,builtin,value_constructor:matrix_zero_value:*
webgpu:shader,validation,expression,call,builtin,value_constructor:must_use:ctor="mat4x4";use=true
webgpu:shader,validation,expression,call,builtin,value_constructor:scalar_value:*
webgpu:shader,validation,expression,call,builtin,value_constructor:scalar_zero_value:*
webgpu:shader,validation,expression,call,builtin,value_constructor:struct_value:*
webgpu:shader,validation,expression,call,builtin,value_constructor:vector_splat:*
webgpu:shader,validation,expression,call,builtin,value_constructor:vector_zero_value:*
webgpu:shader,validation,expression,call,builtin,workgroupUniformLoad:*
webgpu:shader,validation,extension,dual_source_blending:blend_src_syntax_validation:*
webgpu:shader,validation,extension,pointer_composite_access:*
webgpu:shader,validation,parse,requires:*
webgpu:shader,validation,statement,statement_behavior:invalid_statements:body="break_if"
webgpu:shader,validation,statement,statement_behavior:invalid_statements:body="break"
webgpu:shader,validation,statement,statement_behavior:invalid_statements:body="continue"
webgpu:shader,validation,statement,statement_behavior:invalid_statements:body="for3"
webgpu:shader,validation,statement,statement_behavior:invalid_statements:body="for4"
webgpu:shader,validation,statement,statement_behavior:invalid_statements:body="for5"
webgpu:shader,validation,statement,statement_behavior:invalid_statements:body="loop4"
webgpu:shader,validation,statement,statement_behavior:invalid_statements:body="loop5"
webgpu:shader,validation,statement,statement_behavior:invalid_statements:body="loop6"
webgpu:shader,validation,statement,statement_behavior:invalid_statements:body="loop8"
webgpu:shader,validation,statement,statement_behavior:invalid_statements:body="switch1"
//FAIL: 9 invalid_statements subtests due to https://github.com/gfx-rs/wgpu/issues/7733
webgpu:util,texture,texture_ok:*
