Memory-mapped registers:
        [1;33mGRBM_STATUS[0m <- 12328 (0x00003028)
                       ME0PIPE0_CMDFIFO_AVAIL = 8
                       ME0PIPE0_CF_RQ_PENDING = 0
                       ME0PIPE0_PF_RQ_PENDING = 0
                       GDS_DMA_RQ_PENDING = 0
                       DB_CLEAN = 1
                       CB_CLEAN = 1
                       TA_BUSY = 0
                       GDS_BUSY = 0
                       GE_BUSY_NO_DMA = 0
                       SX_BUSY = 0
                       GE_BUSY = 0
                       SPI_BUSY = 0
                       BCI_BUSY = 0
                       SC_BUSY = 0
                       PA_BUSY = 0
                       DB_BUSY = 0
                       CP_COHERENCY_BUSY = 0
                       CP_BUSY = 0
                       CB_BUSY = 0
                       GUI_ACTIVE = 0
        [1;33mGRBM_STATUS2[0m <- 8
                        ME0PIPE1_CMDFIFO_AVAIL = 8
                        ME0PIPE1_CF_RQ_PENDING = 0
                        ME0PIPE1_PF_RQ_PENDING = 0
                        ME1PIPE0_RQ_PENDING = 0
                        ME1PIPE1_RQ_PENDING = 0
                        ME1PIPE2_RQ_PENDING = 0
                        ME1PIPE3_RQ_PENDING = 0
                        ME2PIPE0_RQ_PENDING = 0
                        ME2PIPE1_RQ_PENDING = 0
                        ME2PIPE2_RQ_PENDING = 0
                        ME2PIPE3_RQ_PENDING = 0
                        RLC_RQ_PENDING = 0
                        UTCL2_BUSY = 0
                        EA_BUSY = 0
                        RMI_BUSY = 0
                        UTCL2_RQ_PENDING = 0
                        SDMA_SCH_RQ_PENDING = 0
                        EA_LINK_BUSY = 0
                        SDMA_BUSY = 0
                        SDMA0_RQ_PENDING = 0
                        SDMA1_RQ_PENDING = 0
                        SDMA2_RQ_PENDING = 0
                        SDMA3_RQ_PENDING = 0
                        RLC_BUSY = 0
                        TCP_BUSY = 0
                        CPF_BUSY = 0
                        CPC_BUSY = 0
                        CPG_BUSY = 0
                        CPAXI_BUSY = 0
        [1;33mGRBM_STATUS_SE0[0m <- 6
                           DB_CLEAN = 1
                           CB_CLEAN = 1
                           UTCL1_BUSY = 0
                           TCP_BUSY = 0
                           GL1CC_BUSY = 0
                           RMI_BUSY = 0
                           BCI_BUSY = 0
                           PA_BUSY = 0
                           TA_BUSY = 0
                           SX_BUSY = 0
                           SPI_BUSY = 0
                           SC_BUSY = 0
                           DB_BUSY = 0
                           CB_BUSY = 0
        [1;33mGRBM_STATUS_SE1[0m <- 6
                           DB_CLEAN = 1
                           CB_CLEAN = 1
                           UTCL1_BUSY = 0
                           TCP_BUSY = 0
                           GL1CC_BUSY = 0
                           RMI_BUSY = 0
                           BCI_BUSY = 0
                           PA_BUSY = 0
                           TA_BUSY = 0
                           SX_BUSY = 0
                           SPI_BUSY = 0
                           SC_BUSY = 0
                           DB_BUSY = 0
                           CB_BUSY = 0
        [1;33mGRBM_STATUS_SE2[0m <- 6
                           DB_CLEAN = 1
                           CB_CLEAN = 1
                           UTCL1_BUSY = 0
                           TCP_BUSY = 0
                           GL1CC_BUSY = 0
                           RMI_BUSY = 0
                           BCI_BUSY = 0
                           PA_BUSY = 0
                           TA_BUSY = 0
                           SX_BUSY = 0
                           SPI_BUSY = 0
                           SC_BUSY = 0
                           DB_BUSY = 0
                           CB_BUSY = 0
        [1;33mGRBM_STATUS_SE3[0m <- 6
                           DB_CLEAN = 1
                           CB_CLEAN = 1
                           UTCL1_BUSY = 0
                           TCP_BUSY = 0
                           GL1CC_BUSY = 0
                           RMI_BUSY = 0
                           BCI_BUSY = 0
                           PA_BUSY = 0
                           TA_BUSY = 0
                           SX_BUSY = 0
                           SPI_BUSY = 0
                           SC_BUSY = 0
                           DB_BUSY = 0
                           CB_BUSY = 0
        [1;33m0x08680[0m <- 0x80008000
        [1;33m0x08674[0m <- 0x00000c00
        [1;33m0x08678[0m <- 0x00000000
        [1;33m0x08670[0m <- 0x00000000
        [1;33mCP_CPC_STATUS[0m <- 0
                         MEC1_BUSY = 0
                         MEC2_BUSY = 0
                         DC0_BUSY = 0
                         DC1_BUSY = 0
                         RCIU1_BUSY = 0
                         RCIU2_BUSY = 0
                         ROQ1_BUSY = 0
                         ROQ2_BUSY = 0
                         TCIU_BUSY = 0
                         SCRATCH_RAM_BUSY = 0
                         QU_BUSY = 0
                         UTCL2IU_BUSY = 0
                         SAVE_RESTORE_BUSY = 0
                         GCRIU_BUSY = 0
                         MES_BUSY = 0
                         MES_SCRATCH_RAM_BUSY = 0
                         RCIU3_BUSY = 0
                         MES_INSTRUCTION_CACHE_BUSY = 0
                         CPG_CPC_BUSY = 0
                         CPF_CPC_BUSY = 0
                         CPC_BUSY = 0
        [1;33mCP_CPC_BUSY_STAT[0m <- 0
                            MEC1_LOAD_BUSY = 0
                            MEC1_SEMAPOHRE_BUSY = 0
                            MEC1_MUTEX_BUSY = 0
                            MEC1_MESSAGE_BUSY = 0
                            MEC1_EOP_QUEUE_BUSY = 0
                            MEC1_IQ_QUEUE_BUSY = 0
                            MEC1_IB_QUEUE_BUSY = 0
                            MEC1_TC_BUSY = 0
                            MEC1_DMA_BUSY = 0
                            MEC1_PARTIAL_FLUSH_BUSY = 0
                            MEC1_PIPE0_BUSY = 0
                            MEC1_PIPE1_BUSY = 0
                            MEC1_PIPE2_BUSY = 0
                            MEC1_PIPE3_BUSY = 0
                            MEC2_LOAD_BUSY = 0
                            MEC2_SEMAPOHRE_BUSY = 0
                            MEC2_MUTEX_BUSY = 0
                            MEC2_MESSAGE_BUSY = 0
                            MEC2_EOP_QUEUE_BUSY = 0
                            MEC2_IQ_QUEUE_BUSY = 0
                            MEC2_IB_QUEUE_BUSY = 0
                            MEC2_TC_BUSY = 0
                            MEC2_DMA_BUSY = 0
                            MEC2_PARTIAL_FLUSH_BUSY = 0
                            MEC2_PIPE0_BUSY = 0
                            MEC2_PIPE1_BUSY = 0
                            MEC2_PIPE2_BUSY = 0
                            MEC2_PIPE3_BUSY = 0
        [1;33mCP_CPC_STALLED_STAT1[0m <- 0
                                RCIU_TX_FREE_STALL = 0
                                RCIU_PRIV_VIOLATION = 0
                                TCIU_TX_FREE_STALL = 0
                                MEC1_DECODING_PACKET = 0
                                MEC1_WAIT_ON_RCIU = 0
                                MEC1_WAIT_ON_RCIU_READ = 0
                                MEC1_WAIT_ON_ROQ_DATA = 0
                                MEC2_DECODING_PACKET = 0
                                MEC2_WAIT_ON_RCIU = 0
                                MEC2_WAIT_ON_RCIU_READ = 0
                                MEC2_WAIT_ON_ROQ_DATA = 0
                                UTCL2IU_WAITING_ON_FREE = 0
                                UTCL2IU_WAITING_ON_TAGS = 0
                                UTCL1_WAITING_ON_TRANS = 0
                                GCRIU_WAITING_ON_FREE = 0
        [1;33mCP_CPF_STATUS[0m <- 0
                         POST_WPTR_GFX_BUSY = 0
                         CSF_BUSY = 0
                         ROQ_ALIGN_BUSY = 0
                         ROQ_RING_BUSY = 0
                         ROQ_INDIRECT1_BUSY = 0
                         ROQ_INDIRECT2_BUSY = 0
                         ROQ_STATE_BUSY = 0
                         ROQ_CE_RING_BUSY = 0
                         ROQ_CE_INDIRECT1_BUSY = 0
                         ROQ_CE_INDIRECT2_BUSY = 0
                         SEMAPHORE_BUSY = 0
                         INTERRUPT_BUSY = 0
                         TCIU_BUSY = 0
                         HQD_BUSY = 0
                         PRT_BUSY = 0
                         UTCL2IU_BUSY = 0
                         RCIU_BUSY = 0
                         RCIU_GFX_BUSY = 0
                         RCIU_CMP_BUSY = 0
                         ROQ_DATA_BUSY = 0
                         ROQ_CE_DATA_BUSY = 0
                         GCRIU_BUSY = 0
                         MES_HQD_BUSY = 0
                         CPF_GFX_BUSY = 0
                         CPF_CMP_BUSY = 0
                         GRBM_CPF_STAT_BUSY = 0
                         CPC_CPF_BUSY = 0
                         CPF_BUSY = 0
        [1;33mCP_CPF_BUSY_STAT[0m <- 0
                            REG_BUS_FIFO_BUSY = 0
                            CSF_RING_BUSY = 0
                            CSF_INDIRECT1_BUSY = 0
                            CSF_INDIRECT2_BUSY = 0
                            CSF_STATE_BUSY = 0
                            CSF_CE_INDR1_BUSY = 0
                            CSF_CE_INDR2_BUSY = 0
                            CSF_ARBITER_BUSY = 0
                            CSF_INPUT_BUSY = 0
                            CSF_DATA_BUSY = 0
                            CSF_CE_DATA_BUSY = 0
                            HPD_PROCESSING_EOP_BUSY = 0
                            HQD_DISPATCH_BUSY = 0
                            HQD_IQ_TIMER_BUSY = 0
                            HQD_DMA_OFFLOAD_BUSY = 0
                            HQD_WAIT_SEMAPHORE_BUSY = 0
                            HQD_SIGNAL_SEMAPHORE_BUSY = 0
                            HQD_MESSAGE_BUSY = 0
                            HQD_PQ_FETCHER_BUSY = 0
                            HQD_IB_FETCHER_BUSY = 0
                            HQD_IQ_FETCHER_BUSY = 0
                            HQD_EOP_FETCHER_BUSY = 0
                            HQD_CONSUMED_RPTR_BUSY = 0
                            HQD_FETCHER_ARB_BUSY = 0
                            HQD_ROQ_ALIGN_BUSY = 0
                            HQD_ROQ_EOP_BUSY = 0
                            HQD_ROQ_IQ_BUSY = 0
                            HQD_ROQ_PQ_BUSY = 0
                            HQD_ROQ_IB_BUSY = 0
                            HQD_WPTR_POLL_BUSY = 0
                            HQD_PQ_BUSY = 0
                            HQD_IB_BUSY = 0
        [1;33mCP_CPF_STALLED_STAT1[0m <- 0
                                RING_FETCHING_DATA = 0
                                INDR1_FETCHING_DATA = 0
                                INDR2_FETCHING_DATA = 0
                                STATE_FETCHING_DATA = 0
                                TCIU_WAITING_ON_FREE = 0
                                TCIU_WAITING_ON_TAGS = 0
                                UTCL2IU_WAITING_ON_FREE = 0
                                UTCL2IU_WAITING_ON_TAGS = 0
                                GFX_UTCL1_WAITING_ON_TRANS = 0
                                CMP_UTCL1_WAITING_ON_TRANS = 0
                                RCIU_WAITING_ON_FREE = 0
                                DATA_FETCHING_DATA = 0
                                GCRIU_WAIT_ON_FREE = 0

