Trace ID: 7
------------------ main IB begin - GFX ------------------
c0043700 [1;32mWRITE_DATA[0m:
40100500         [1;33mCONTROL[0m <- 0x40100500
                            DST_SEL = MEM
                            WR_ONE_ADDR = 0
                            WR_CONFIRM = 1
                            ENGINE_SEL = PFP
00041004 
ffff8000         [1;33mDST_ADDR[0m <- 0xffff800000041004
00000000         (data)
00000000         (data)
c0033700 [1;32mWRITE_DATA[0m:
00100500         [1;33mCONTROL[0m <- 0x00100500
                            DST_SEL = MEM
                            WR_ONE_ADDR = 0
                            WR_CONFIRM = 1
                            ENGINE_SEL = ME
00001000 
ffff8001         [1;33mDST_ADDR[0m <- 0xffff800100001000
00000001         (data)
c0001000 [1;32mNOP[0m:
                 [31mTrace point ID: 1[0m
                 [31mThis trace point was reached by the CP.[0m
cafe0001 
         CmdPipelineBarrier -> CmdFillBuffer:
c0017600 [1;36mSET_SH_REG[0m:
0000020c 
00000005         [1;33mCOMPUTE_PGM_LO[0m <- 5
c0027600 [1;36mSET_SH_REG[0m:
00000212 
602c0001         [1;33mCOMPUTE_PGM_RSRC1[0m <- 0x602c0001
                                      VGPRS = 1
                                      SGPRS = 0
                                      PRIORITY = 0
                                      FLOAT_MODE = FP_16_64_DENORMS
                                      PRIV = 0
                                      DX10_CLAMP = 1
                                      IEEE_MODE = 0
                                      BULKY = 0
                                      FP16_OVFL = 0
                                      WGP_MODE = 1
                                      MEM_ORDERED = 1
                                      FWD_PROGRESS = 0
0000008c         [1;33mCOMPUTE_PGM_RSRC2[0m <- 140 (0x0000008c)
                                      SCRATCH_EN = 0
                                      USER_SGPR = 6
                                      TRAP_PRESENT = 0
                                      TGID_X_EN = 1
                                      TGID_Y_EN = 0
                                      TGID_Z_EN = 0
                                      TG_SIZE_EN = 0
                                      TIDIG_COMP_CNT = 0
                                      EXCP_EN_MSB = 0
                                      LDS_SIZE = 0
                                      EXCP_EN = 0
c0017600 [1;36mSET_SH_REG[0m:
00000228 
00000000         [1;33mCOMPUTE_PGM_RSRC3[0m <- 0
                                      SHARED_VGPR_CNT = 0
c0017600 [1;36mSET_SH_REG[0m:
00000215 
01800000         [1;33mCOMPUTE_RESOURCE_LIMITS[0m <- 0x01800000
                                            WAVES_PER_SH = 0
                                            TG_PER_CU = 0
                                            LOCK_THRESHOLD = 0
                                            SIMD_DEST_CNTL = 0
                                            FORCE_SIMD_DIST = 1
                                            CU_GROUP_COUNT = 1
c0037600 [1;36mSET_SH_REG[0m:
00000207 
00000040         [1;33mCOMPUTE_NUM_THREAD_X[0m <- 64 (0x00000040)
                                         NUM_THREAD_FULL = 64 (0x0040)
                                         NUM_THREAD_PARTIAL = 0
00000001         [1;33mCOMPUTE_NUM_THREAD_Y[0m <- 1
                                         NUM_THREAD_FULL = 1
                                         NUM_THREAD_PARTIAL = 0
00000001         [1;33mCOMPUTE_NUM_THREAD_Z[0m <- 1
                                         NUM_THREAD_FULL = 1
                                         NUM_THREAD_PARTIAL = 0
c0043700 [1;32mWRITE_DATA[0m:
00100500         [1;33mCONTROL[0m <- 0x00100500
                            DST_SEL = MEM
                            WR_ONE_ADDR = 0
                            WR_CONFIRM = 1
                            ENGINE_SEL = ME
00001008 
ffff8001         [1;33mDST_ADDR[0m <- 0xffff800100001008
880a7440         (data)
00007f03         (data)
c0047600 [1;36mSET_SH_REG[0m:
00000242 
00200000         [1;33mCOMPUTE_USER_DATA_2[0m <- 0x00200000
ffff8001         [1;33mCOMPUTE_USER_DATA_3[0m <- 0xffff8001
0007fff0         [1;33mCOMPUTE_USER_DATA_4[0m <- 0x0007fff0
00000000         [1;33mCOMPUTE_USER_DATA_5[0m <- 0
c0037600 [1;36mSET_SH_REG[0m:
00000207 
00400040         [1;33mCOMPUTE_NUM_THREAD_X[0m <- 0x00400040
                                         NUM_THREAD_FULL = 64 (0x0040)
                                         NUM_THREAD_PARTIAL = 64 (0x0040)
00010001         [1;33mCOMPUTE_NUM_THREAD_Y[0m <- 0x00010001
                                         NUM_THREAD_FULL = 1
                                         NUM_THREAD_PARTIAL = 1
00010001         [1;33mCOMPUTE_NUM_THREAD_Z[0m <- 0x00010001
                                         NUM_THREAD_FULL = 1
                                         NUM_THREAD_PARTIAL = 1
c0031502 [1;35mDISPATCH_DIRECT[0m(shader_type=compute):
00000200         [1;33mCOMPUTE_DIM_X[0m <- 512 (0x00000200)
00000001         [1;33mCOMPUTE_DIM_Y[0m <- 1
00000001         [1;33mCOMPUTE_DIM_Z[0m <- 1
00002047         [1;33mCOMPUTE_DISPATCH_INITIATOR[0m <- 8263 (0x00002047)
                                               COMPUTE_SHADER_EN = 1
                                               PARTIAL_TG_EN = 1
                                               FORCE_START_AT_000 = 1
                                               ORDERED_APPEND_ENBL = 0
                                               ORDERED_APPEND_MODE = 0
                                               USE_THREAD_DIMENSIONS = 0
                                               ORDER_MODE = 1
                                               SCALAR_L1_INV_VOL = 0
                                               VECTOR_L1_INV_VOL = 0
                                               RESERVED = 0
                                               TUNNEL_ENABLE = 1
                                               RESTORE = 0
                                               CS_W32_EN = 0
c0055000 [1;32mDMA_DATA[0m:
60200000         [1;33mDMA_DATA_WORD0[0m <- 0x60200000
                                   ENGINE = ME
                                   SRC_CACHE_POLICY = 0
                                   DST_SEL = NOWHERE
                                   DST_CACHE_POLICY = 0
                                   SRC_SEL = SRC_ADDR_TC_L2
                                   CP_SYNC = 0
00000500 
ffff8000 
00000500 
ffff8000 
80000060         [1;33mSRC_ADDR[0m <- 0xffff800000000500
                 [1;33mDST_ADDR[0m <- 0xffff800000000500
                 [1;33mCOMMAND[0m <- 0x80000060
                            BYTE_COUNT = 96 (0x000060)
                            SAS = MEMORY
                            DAS = MEMORY
                            SAIC = INCREMENT
                            DAIC = INCREMENT
                            RAW_WAIT = 0
                            DISABLE_WR_CONFIRM = 1
c0033700 [1;32mWRITE_DATA[0m:
00100500         [1;33mCONTROL[0m <- 0x00100500
                            DST_SEL = MEM
                            WR_ONE_ADDR = 0
                            WR_CONFIRM = 1
                            ENGINE_SEL = ME
00001000 
ffff8001         [1;33mDST_ADDR[0m <- 0xffff800100001000
00000002         (data)
c0001000 [1;32mNOP[0m:
                 [31mTrace point ID: 2[0m
                 [31mThis trace point was reached by the CP.[0m
cafe0002 
c0004600 [1;32mEVENT_WRITE[0m:
00000407         [1;33mVGT_EVENT_INITIATOR[0m <- 1031 (0x00000407)
                                        EVENT_TYPE = CS_PARTIAL_FLUSH
                 [1;33mEVENT_INDEX[0m <- 4
                 [1;33mINV_L2[0m <- 0
c0004200 [1;32mPFP_SYNC_ME[0m:
00000000         (reserved)
c0033700 [1;32mWRITE_DATA[0m:
00100500         [1;33mCONTROL[0m <- 0x00100500
                            DST_SEL = MEM
                            WR_ONE_ADDR = 0
                            WR_CONFIRM = 1
                            ENGINE_SEL = ME
00001000 
ffff8001         [1;33mDST_ADDR[0m <- 0xffff800100001000
00000003         (data)
c0001000 [1;32mNOP[0m:
                 [31mTrace point ID: 3[0m
                 [31mThis trace point was reached by the CP.[0m
cafe0003 
         CmdPipelineBarrier -> CmdPipelineBarrier -> CmdCopyBuffer:
c0004600 [1;32mEVENT_WRITE[0m:
0000002e         [1;33mVGT_EVENT_INITIATOR[0m <- 46 (0x0000002e)
                                        EVENT_TYPE = FLUSH_AND_INV_CB_META
                 [1;33mEVENT_INDEX[0m <- 0
                 [1;33mINV_L2[0m <- 0
c0004600 [1;32mEVENT_WRITE[0m:
0000002c         [1;33mVGT_EVENT_INITIATOR[0m <- 44 (0x0000002c)
                                        EVENT_TYPE = FLUSH_AND_INV_DB_META
                 [1;33mEVENT_INDEX[0m <- 0
                 [1;33mINV_L2[0m <- 0
c0004600 [1;32mEVENT_WRITE[0m:
00000407         [1;33mVGT_EVENT_INITIATOR[0m <- 1031 (0x00000407)
                                        EVENT_TYPE = CS_PARTIAL_FLUSH
                 [1;33mEVENT_INDEX[0m <- 4
                 [1;33mINV_L2[0m <- 0
c0064900 [1;32mRELEASE_MEM[0m:
0070f514         [1;33mRELEASE_MEM_OP[0m <- 0x0070f514
                                   EVENT_TYPE = 20 (0x14)
                                   EVENT_INDEX = 5
                                   GLM_WB = 1
                                   GLM_INV = 1
                                   GLV_INV = 1
                                   GL1_INV = 1
                                   GL2_US = 0
                                   GL2_RANGE = GL2_ALL
                                   GL2_DISCARD = 0
                                   GL2_INV = 1
                                   GL2_WB = 1
                                   SEQ = SEQ_FORWARD
23000000         [1;33mDST_SEL[0m <- 0
                 [1;33mINT_SEL[0m <- 3
                 [1;33mDATA_SEL[0m <- 1
00041004         [1;33mADDRESS_LO[0m <- 0x00041004
ffff8000         [1;33mADDRESS_HI[0m <- 0xffff8000
00000001         [1;33mDATA_LO[0m <- 1
00000000         [1;33mDATA_HI[0m <- 0
00000000         [1;33mCTXID[0m <- 0
c0053c00 [1;32mWAIT_REG_MEM[0m:
00000013         [1;33mOP[0m <- 19 (0x00000013)
00041004         [1;33mADDRESS_LO[0m <- 0x00041004
ffff8000         [1;33mADDRESS_HI[0m <- 0xffff8000
00000001         [1;33mREF[0m <- 1
ffffffff         [1;33mMASK[0m <- 0xffffffff
00000004         [1;33mPOLL_INTERVAL[0m <- 4
c0004200 [1;32mPFP_SYNC_ME[0m:
00000000         (reserved)
c0033700 [1;32mWRITE_DATA[0m:
00100500         [1;33mCONTROL[0m <- 0x00100500
                            DST_SEL = MEM
                            WR_ONE_ADDR = 0
                            WR_CONFIRM = 1
                            ENGINE_SEL = ME
00001000 
ffff8001         [1;33mDST_ADDR[0m <- 0xffff800100001000
00000004         (data)
c0001000 [1;32mNOP[0m:
                 [31mTrace point ID: 4[0m
                 [31mThis trace point was reached by the CP.[0m
cafe0004 
c0055000 [1;32mDMA_DATA[0m:
60300000         [1;33mDMA_DATA_WORD0[0m <- 0x60300000
                                   ENGINE = ME
                                   SRC_CACHE_POLICY = 0
                                   DST_SEL = DST_ADDR_TC_L2
                                   DST_CACHE_POLICY = 0
                                   SRC_SEL = SRC_ADDR_TC_L2
                                   CP_SYNC = 0
00a00000 
ffff8001 
00280000 
ffff8001 
400000d0         [1;33mSRC_ADDR[0m <- 0xffff800100a00000
                 [1;33mDST_ADDR[0m <- 0xffff800100280000
                 [1;33mCOMMAND[0m <- 0x400000d0
                            BYTE_COUNT = 208 (0x0000d0)
                            SAS = MEMORY
                            DAS = MEMORY
                            SAIC = INCREMENT
                            DAIC = INCREMENT
                            RAW_WAIT = 1
                            DISABLE_WR_CONFIRM = 0
c0033700 [1;32mWRITE_DATA[0m:
00100500         [1;33mCONTROL[0m <- 0x00100500
                            DST_SEL = MEM
                            WR_ONE_ADDR = 0
                            WR_CONFIRM = 1
                            ENGINE_SEL = ME
00001000 
ffff8001         [1;33mDST_ADDR[0m <- 0xffff800100001000
00000005         (data)
c0001000 [1;32mNOP[0m:
                 [31mTrace point ID: 5[0m
                 [31mThis trace point was reached by the CP.[0m
cafe0005 
         CmdPipelineBarrier:
c0055000 [1;32mDMA_DATA[0m:
80200000         [1;33mDMA_DATA_WORD0[0m <- 0x80200000
                                   ENGINE = ME
                                   SRC_CACHE_POLICY = 0
                                   DST_SEL = NOWHERE
                                   DST_CACHE_POLICY = 0
                                   SRC_SEL = SRC_ADDR
                                   CP_SYNC = 1
00000000 
00000000 
00000000 
00000000 
00000000         [1;33mSRC_ADDR[0m <- 0x0
                 [1;33mDST_ADDR[0m <- 0x0
                 [1;33mCOMMAND[0m <- 0
                            BYTE_COUNT = 0
                            SAS = MEMORY
                            DAS = MEMORY
                            SAIC = INCREMENT
                            DAIC = INCREMENT
                            RAW_WAIT = 0
                            DISABLE_WR_CONFIRM = 0
c0004200 [1;32mPFP_SYNC_ME[0m:
00000000         (reserved)
c0033700 [1;32mWRITE_DATA[0m:
00100500         [1;33mCONTROL[0m <- 0x00100500
                            DST_SEL = MEM
                            WR_ONE_ADDR = 0
                            WR_CONFIRM = 1
                            ENGINE_SEL = ME
00001000 
ffff8001         [1;33mDST_ADDR[0m <- 0xffff800100001000
00000006         (data)
c0001000 [1;32mNOP[0m:
                 [31mTrace point ID: 6[0m
                 [31mThis trace point was reached by the CP.[0m
cafe0006 
c0004600 [1;32mEVENT_WRITE[0m:
0000002e         [1;33mVGT_EVENT_INITIATOR[0m <- 46 (0x0000002e)
                                        EVENT_TYPE = FLUSH_AND_INV_CB_META
                 [1;33mEVENT_INDEX[0m <- 0
                 [1;33mINV_L2[0m <- 0
c0004600 [1;32mEVENT_WRITE[0m:
0000002c         [1;33mVGT_EVENT_INITIATOR[0m <- 44 (0x0000002c)
                                        EVENT_TYPE = FLUSH_AND_INV_DB_META
                 [1;33mEVENT_INDEX[0m <- 0
                 [1;33mINV_L2[0m <- 0
c0004600 [1;32mEVENT_WRITE[0m:
00000407         [1;33mVGT_EVENT_INITIATOR[0m <- 1031 (0x00000407)
                                        EVENT_TYPE = CS_PARTIAL_FLUSH
                 [1;33mEVENT_INDEX[0m <- 4
                 [1;33mINV_L2[0m <- 0
c0064900 [1;32mRELEASE_MEM[0m:
0070f514         [1;33mRELEASE_MEM_OP[0m <- 0x0070f514
                                   EVENT_TYPE = 20 (0x14)
                                   EVENT_INDEX = 5
                                   GLM_WB = 1
                                   GLM_INV = 1
                                   GLV_INV = 1
                                   GL1_INV = 1
                                   GL2_US = 0
                                   GL2_RANGE = GL2_ALL
                                   GL2_DISCARD = 0
                                   GL2_INV = 1
                                   GL2_WB = 1
                                   SEQ = SEQ_FORWARD
23000000         [1;33mDST_SEL[0m <- 0
                 [1;33mINT_SEL[0m <- 3
                 [1;33mDATA_SEL[0m <- 1
00041004         [1;33mADDRESS_LO[0m <- 0x00041004
ffff8000         [1;33mADDRESS_HI[0m <- 0xffff8000
00000002         [1;33mDATA_LO[0m <- 2
00000000         [1;33mDATA_HI[0m <- 0
00000000         [1;33mCTXID[0m <- 0
c0053c00 [1;32mWAIT_REG_MEM[0m:
00000013         [1;33mOP[0m <- 19 (0x00000013)
00041004         [1;33mADDRESS_LO[0m <- 0x00041004
ffff8000         [1;33mADDRESS_HI[0m <- 0xffff8000
00000002         [1;33mREF[0m <- 2
ffffffff         [1;33mMASK[0m <- 0xffffffff
00000004         [1;33mPOLL_INTERVAL[0m <- 4
c0065800 [1;32mACQUIRE_MEM[0m:
00000000         [1;33mCP_COHER_CNTL[0m <- 0
                                  TC_NC_ACTION_ENA = 0
                                  TC_WC_ACTION_ENA = 0
                                  TC_INV_METADATA_ACTION_ENA = 0
                                  TCL1_VOL_ACTION_ENA = 0
                                  TC_WB_ACTION_ENA = 0
                                  TCL1_ACTION_ENA = 0
                                  TC_ACTION_ENA = 0
                                  CB_ACTION_ENA = 0
                                  DB_ACTION_ENA = 0
                                  SH_KCACHE_ACTION_ENA = 0
                                  SH_KCACHE_VOL_ACTION_ENA = 0
                                  SH_ICACHE_ACTION_ENA = 0
                                  SH_KCACHE_WB_ACTION_ENA = 0
                 [1;33mENGINE_SEL[0m <- PFP
ffffffff         [1;33mCP_COHER_SIZE[0m <- 0xffffffff
00ffffff         [1;33mCP_COHER_SIZE_HI[0m <- 0x00ffffff
                                     COHER_SIZE_HI_256B = 255 (0xff)
00000000         [1;33mCP_COHER_BASE[0m <- 0
00000000         [1;33mCP_COHER_BASE_HI[0m <- 0
                                     COHER_BASE_HI_256B = 0
0000000a         [1;33mPOLL_INTERVAL[0m <- 10 (0x000a)
00010080         [1;33mGCR_CNTL[0m <- 0x00010080
                             GLI_INV = GLI_NOP
                             GL1_RANGE = GL1_ALL
                             GLM_WB = 0
                             GLM_INV = 0
                             GLK_WB = 0
                             GLK_INV = 1
                             GLV_INV = 0
                             GL1_INV = 0
                             GL2_US = 0
                             GL2_RANGE = GL2_ALL
                             GL2_DISCARD = 0
                             GL2_INV = 0
                             GL2_WB = 0
                             SEQ = SEQ_FORWARD
                             RANGE_IS_PA = 0
c0033700 [1;32mWRITE_DATA[0m:
00100500         [1;33mCONTROL[0m <- 0x00100500
                            DST_SEL = MEM
                            WR_ONE_ADDR = 0
                            WR_CONFIRM = 1
                            ENGINE_SEL = ME
00001000 
ffff8001         [1;33mDST_ADDR[0m <- 0xffff800100001000
00000007         (data)
c0001000 [1;32mNOP[0m:
                 [31mTrace point ID: 7[0m
                 [31m!!!!! This is the last trace point that was reached by the CP !!!!![0m
cafe0007 
c0041000 [1;32mNOP[0m:
00000000         (unused)
00000000         (unused)
00000000         (unused)
00000000         (unused)
00000000         (unused)
c0021000 [1;32mNOP[0m:
00000000         (unused)
00000000         (unused)
00000000         (unused)
         
------------------- main IB end - GFX -------------------

