
UMR GFX ring:

Decoding IB at 0x0@0x0 from 0x0@0x0 of 2048 words (type 4)
[0x0@0x00000000 + 0x0000]	[        0xc0032200]	Opcode 0x22 [PKT3_COND_EXEC] (4 words, type: 3, hdr: 0xc0032200)
[0x0@0x00000000 + 0x0004]	[        0x004010c0]	|---> GPU_ADDR_LO32=0x4010c0
[0x0@0x00000000 + 0x0008]	[        0x00000000]	|---> GPU_ADDR_HI32=0x0
[0x0@0x00000000 + 0x000c]	[        0x00000000]	|---> COMMAND=0
[0x0@0x00000000 + 0x0010]	[        0x0000003b]	|---> EXEC_COUNT=59
[0x0@0x00000000 + 0x0014]	[        0xc0053c00]	Opcode 0x3c [PKT3_WAIT_REG_MEM] (6 words, type: 3, hdr: 0xc0053c00)
[0x0@0x00000000 + 0x0018]	[        0x00000113]	|---> ENGINE=[PFP]/1, MEMSPACE=[MEM]/1, OPERATION=0, FUNCTION=[==]/3
[0x0@0x00000000 + 0x001c]	[        0x00401080]	|---> POLL_ADDRESS_LO=0x401080, SWAP=0x0
[0x0@0x00000000 + 0x0020]	[        0x00000000]	|---> POLL_ADDRESS_HI=0x0
[0x0@0x00000000 + 0x0024]	[        0x00003e08]	|---> REFERENCE=0x3e08
[0x0@0x00000000 + 0x0028]	[        0xffffffff]	|---> MASK=0xffffffff
[0x0@0x00000000 + 0x002c]	[        0x00000004]	|---> POLL INTERVAL=0x4
[0x0@0x00000000 + 0x0030]	[        0xc0033700]	Opcode 0x37 [PKT3_WRITE_DATA] (4 words, type: 3, hdr: 0xc0033700)
[0x0@0x00000000 + 0x0034]	[        0x40100000]	|---> ENGINE=[PFP]/1, CACHE_POLICY=0, WR_CONFIRM=1, RESUME_VF=0, WR_ONE_ADDR=0, DST_SEL=[mem-mapped reg]/0
[0x0@0x00000000 + 0x0038]	[        0x000028c9]	|---> DST_ADDR_LO=0x28c8
[0x0@0x00000000 + 0x003c]	[        0x00000000]	|---> DST_ADDR_HI=0x0
[0x0@0x00000000 + 0x0040]	[        0x5fbe6001]	|---> gfx1036.mmGCVM_CONTEXT1_PAGE_TABLE_BASE_ADDR_LO32=0x5fbe6001
[0x0@0x00000000 + 0x0044]	[        0xc0033700]	Opcode 0x37 [PKT3_WRITE_DATA] (4 words, type: 3, hdr: 0xc0033700)
[0x0@0x00000000 + 0x0048]	[        0x40100000]	|---> ENGINE=[PFP]/1, CACHE_POLICY=0, WR_CONFIRM=1, RESUME_VF=0, WR_ONE_ADDR=0, DST_SEL=[mem-mapped reg]/0
[0x0@0x00000000 + 0x004c]	[        0x000028ca]	|---> DST_ADDR_LO=0x28c8
[0x0@0x00000000 + 0x0050]	[        0x00000000]	|---> DST_ADDR_HI=0x0
[0x0@0x00000000 + 0x0054]	[        0x00000010]	|---> gfx1036.mmGCVM_CONTEXT1_PAGE_TABLE_BASE_ADDR_HI32=0x10
[0x0@0x00000000 + 0x0058]	[        0xc0053c00]	Opcode 0x3c [PKT3_WAIT_REG_MEM] (6 words, type: 3, hdr: 0xc0053c00)
[0x0@0x00000000 + 0x005c]	[        0x00000143]	|---> ENGINE=[PFP]/1, MEMSPACE=[REG]/0, OPERATION=1, FUNCTION=[==]/3
[0x0@0x00000000 + 0x0060]	[        0x0000287f]	|---> POLL_ADDRESS_LO=0x287c, SWAP=0x3
[0x0@0x00000000 + 0x0064]	[        0x00002891]	|---> POLL_ADDRESS_HI=0x2891
[0x0@0x00000000 + 0x0068]	[        0x00f80002]	|---> REFERENCE=0xf80002
[0x0@0x00000000 + 0x006c]	[        0x00000002]	|---> MASK=0x2
[0x0@0x00000000 + 0x0070]	[        0x00000020]	|---> POLL INTERVAL=0x20
[0x0@0x00000000 + 0x0074]	[        0xc0004200]	Opcode 0x42 [PKT3_PFP_SYNC_ME] (1 words, type: 3, hdr: 0xc0004200)
[0x0@0x00000000 + 0x0078]	[        0x00000000]	|---> DUMMY_DATA=0x0
[0x0@0x00000000 + 0x007c]	[        0xc0033700]	Opcode 0x37 [PKT3_WRITE_DATA] (4 words, type: 3, hdr: 0xc0033700)
[0x0@0x00000000 + 0x0080]	[        0x40100000]	|---> ENGINE=[PFP]/1, CACHE_POLICY=0, WR_CONFIRM=1, RESUME_VF=0, WR_ONE_ADDR=0, DST_SEL=[mem-mapped reg]/0
[0x0@0x00000000 + 0x0084]	[        0x000010a1]	|---> DST_ADDR_LO=0x10a0
[0x0@0x00000000 + 0x0088]	[        0x00000000]	|---> DST_ADDR_HI=0x0
[0x0@0x00000000 + 0x008c]	[        0x0000802a]	|---> osssys521.mmIH_VMID_1_LUT=0x802a
[0x0@0x00000000 + 0x0090]	[        0xc0033700]	Opcode 0x37 [PKT3_WRITE_DATA] (4 words, type: 3, hdr: 0xc0033700)
[0x0@0x00000000 + 0x0094]	[        0x00000000]	|---> ENGINE=[ME]/0, CACHE_POLICY=0, WR_CONFIRM=0, RESUME_VF=0, WR_ONE_ADDR=0, DST_SEL=[mem-mapped reg]/0
[0x0@0x00000000 + 0x0098]	[        0x00003302]	|---> DST_ADDR_LO=0x3300
[0x0@0x00000000 + 0x009c]	[        0x00000000]	|---> DST_ADDR_HI=0x0
[0x0@0x00000000 + 0x00a0]	[        0x00000000]	|---> gfx1036.mmGDS_VMID1_BASE=0x0
[0x0@0x00000000 + 0x00a4]	[        0xc0033700]	Opcode 0x37 [PKT3_WRITE_DATA] (4 words, type: 3, hdr: 0xc0033700)
[0x0@0x00000000 + 0x00a8]	[        0x00000000]	|---> ENGINE=[ME]/0, CACHE_POLICY=0, WR_CONFIRM=0, RESUME_VF=0, WR_ONE_ADDR=0, DST_SEL=[mem-mapped reg]/0
[0x0@0x00000000 + 0x00ac]	[        0x00003303]	|---> DST_ADDR_LO=0x3300
[0x0@0x00000000 + 0x00b0]	[        0x00000000]	|---> DST_ADDR_HI=0x0
[0x0@0x00000000 + 0x00b4]	[        0x00000000]	|---> gfx1036.mmGDS_VMID1_SIZE=0x0
[0x0@0x00000000 + 0x00b8]	[        0xc0033700]	Opcode 0x37 [PKT3_WRITE_DATA] (4 words, type: 3, hdr: 0xc0033700)
[0x0@0x00000000 + 0x00bc]	[        0x00000000]	|---> ENGINE=[ME]/0, CACHE_POLICY=0, WR_CONFIRM=0, RESUME_VF=0, WR_ONE_ADDR=0, DST_SEL=[mem-mapped reg]/0
[0x0@0x00000000 + 0x00c0]	[        0x00003321]	|---> DST_ADDR_LO=0x3320
[0x0@0x00000000 + 0x00c4]	[        0x00000000]	|---> DST_ADDR_HI=0x0
[0x0@0x00000000 + 0x00c8]	[        0x00000000]	|---> gfx1036.mmGDS_GWS_VMID1=0x0
[0x0@0x00000000 + 0x00cc]	[        0xc0033700]	Opcode 0x37 [PKT3_WRITE_DATA] (4 words, type: 3, hdr: 0xc0033700)
[0x0@0x00000000 + 0x00d0]	[        0x00000000]	|---> ENGINE=[ME]/0, CACHE_POLICY=0, WR_CONFIRM=0, RESUME_VF=0, WR_ONE_ADDR=0, DST_SEL=[mem-mapped reg]/0
[0x0@0x00000000 + 0x00d4]	[        0x00003331]	|---> DST_ADDR_LO=0x3330
[0x0@0x00000000 + 0x00d8]	[        0x00000000]	|---> DST_ADDR_HI=0x0
[0x0@0x00000000 + 0x00dc]	[        0x00000000]	|---> gfx1036.mmGDS_OA_VMID1=0x0
[0x0@0x00000000 + 0x00e0]	[        0xc0064900]	Opcode 0x49 [PKT3_RELEASE_MEM] (7 words, type: 3, hdr: 0xc0064900)
[0x0@0x00000000 + 0x00e4]	[        0x06603514]	|---> EVENT_TYPE=[CACHE_FLUSH_AND_INV_TS_EVENT]/20, EVENT_INDEX=5, TCL1_VOL_ACTION_ENA=1, TC_VOL_ACTION_ENA=1, TC_WB_ACTION_ENA=0, TCL1_ACTION_ENA=0, TC_ACTION_ENA=0, TC_NC_ACTION_ENA=0, TC_WC_ACTION_ENA=0, TC_MD_ACTION_ENA=1, CACHE_POLICY=3, EXECUTE=0
[0x0@0x00000000 + 0x00e8]	[        0x22000000]	|---> DST_SEL=0, INT_SEL=2, DATA_SEL=1
[0x0@0x00000000 + 0x00ec]	[        0x00401080]	|---> ADDR_LO=0x401080
[0x0@0x00000000 + 0x00f0]	[        0x00000000]	|---> ADDR_HI=0x0
[0x0@0x00000000 + 0x00f4]	[        0x00003e09]	|---> DATA_LO=0x3e09
[0x0@0x00000000 + 0x00f8]	[        0x00000000]	|---> DATA_HI=0x0
[0x0@0x00000000 + 0x00fc]	[        0x00000000]	|---> INT_CTXID=0x0
[0x0@0x00000000 + 0x0100]	[        0xc0008b00]	Opcode 0x8b [PKT3_SWITCH_BUFFER] (1 words, type: 3, hdr: 0xc0008b00)
[0x0@0x00000000 + 0x0104]	[        0x00000000]	|---> DUMMY=0x0
[0x0@0x00000000 + 0x0108]	[        0xc0008b00]	Opcode 0x8b [PKT3_SWITCH_BUFFER] (1 words, type: 3, hdr: 0xc0008b00)
[0x0@0x00000000 + 0x010c]	[        0x00000000]	|---> DUMMY=0x0
[0x0@0x00000000 + 0x0110]	[        0xc0032200]	Opcode 0x22 [PKT3_COND_EXEC] (4 words, type: 3, hdr: 0xc0032200)
[0x0@0x00000000 + 0x0114]	[        0x004010c0]	|---> GPU_ADDR_LO32=0x4010c0
[0x0@0x00000000 + 0x0118]	[        0x00000000]	|---> GPU_ADDR_HI32=0x0
[0x0@0x00000000 + 0x011c]	[        0x00000000]	|---> COMMAND=0
[0x0@0x00000000 + 0x0120]	[        0x0000001f]	|---> EXEC_COUNT=31
[0x0@0x00000000 + 0x0124]	[        0xc0012800]	Opcode 0x28 [PKT3_CONTEXT_CONTROL] (2 words, type: 3, hdr: 0xc0012800)
[0x0@0x00000000 + 0x0128]	[        0x81018003]	|---> LOAD_EN=1, LOAD_CS=1, LOAD_GFX=1, LOAD_GLOBAL=1, LOAD_MULTI=1, LOAD_SINGLE=1
[0x0@0x00000000 + 0x012c]	[        0x00000000]	|---> SHADOW_EN=0, SHADOW_CS=0, SHADOW_GFX=0, SHADOW_GLOBAL=0, SHADOW_MULTI=0, SHADOW_SINGLE=0
[0x0@0x00000000 + 0x0130]	[        0xc0009000]	Opcode 0x90 [PKT3_FRAME_CONTROL] (1 words, type: 3, hdr: 0xc0009000)
[0x0@0x00000000 + 0x0134]	[        0x00000000]	|---> TMZ=0, COMMAND=0
[0x0@0x00000000 + 0x0138]	[        0xc0023f00]	Opcode 0x3f [PKT3_INDIRECT_BUFFER] (3 words, type: 3, hdr: 0xc0023f00)
[0x0@0x00000000 + 0x013c]	[        0x00eb4000]	|---> IB_BASE_LO=0xeb4000, SWAP=0
[0x0@0x00000000 + 0x0140]	[        0xffff8001]	|---> IB_BASE_HI=0x8001
[0x0@0x00000000 + 0x0144]	[        0x01000030]	|---> IB_SIZE=48, IB_VMID=1, CHAIN=0, PRE_ENA=0, CACHE_POLICY=0, PRE_RESUME=0, PRIV=0
[0x0@0x00000000 + 0x0148]	[        0xc0023f00]	Opcode 0x3f [PKT3_INDIRECT_BUFFER] (3 words, type: 3, hdr: 0xc0023f00)
[0x0@0x00000000 + 0x014c]	[        0x0012f000]	|---> IB_BASE_LO=0x12f000, SWAP=0
[0x0@0x00000000 + 0x0150]	[        0xffff8001]	|---> IB_BASE_HI=0x8001
[0x0@0x00000000 + 0x0154]	[        0x010000f0]	|---> IB_SIZE=240, IB_VMID=1, CHAIN=0, PRE_ENA=0, CACHE_POLICY=0, PRE_RESUME=0, PRIV=0
[0x0@0x00000000 + 0x0158]	[        0xc0009000]	Opcode 0x90 [PKT3_FRAME_CONTROL] (1 words, type: 3, hdr: 0xc0009000)
[0x0@0x00000000 + 0x015c]	[        0x10000000]	|---> TMZ=0, COMMAND=1
[0x0@0x00000000 + 0x0160]	[        0xc0064900]	Opcode 0x49 [PKT3_RELEASE_MEM] (7 words, type: 3, hdr: 0xc0064900)
[0x0@0x00000000 + 0x0164]	[        0x06603514]	|---> EVENT_TYPE=[CACHE_FLUSH_AND_INV_TS_EVENT]/20, EVENT_INDEX=5, TCL1_VOL_ACTION_ENA=1, TC_VOL_ACTION_ENA=1, TC_WB_ACTION_ENA=0, TCL1_ACTION_ENA=0, TC_ACTION_ENA=0, TC_NC_ACTION_ENA=0, TC_WC_ACTION_ENA=0, TC_MD_ACTION_ENA=1, CACHE_POLICY=3, EXECUTE=0
[0x0@0x00000000 + 0x0168]	[        0x40000000]	|---> DST_SEL=0, INT_SEL=0, DATA_SEL=2
[0x0@0x00000000 + 0x016c]	[        0x0066d000]	|---> ADDR_LO=0x66d000
[0x0@0x00000000 + 0x0170]	[        0x00000000]	|---> ADDR_HI=0x0
[0x0@0x00000000 + 0x0174]	[        0x00000001]	|---> DATA_LO=0x1
[0x0@0x00000000 + 0x0178]	[        0x00000000]	|---> DATA_HI=0x0
[0x0@0x00000000 + 0x017c]	[        0x00000000]	|---> INT_CTXID=0x0
[0x0@0x00000000 + 0x0180]	[        0xc0064900]	Opcode 0x49 [PKT3_RELEASE_MEM] (7 words, type: 3, hdr: 0xc0064900)
[0x0@0x00000000 + 0x0184]	[        0x06603514]	|---> EVENT_TYPE=[CACHE_FLUSH_AND_INV_TS_EVENT]/20, EVENT_INDEX=5, TCL1_VOL_ACTION_ENA=1, TC_VOL_ACTION_ENA=1, TC_WB_ACTION_ENA=0, TCL1_ACTION_ENA=0, TC_ACTION_ENA=0, TC_NC_ACTION_ENA=0, TC_WC_ACTION_ENA=0, TC_MD_ACTION_ENA=1, CACHE_POLICY=3, EXECUTE=0
[0x0@0x00000000 + 0x0188]	[        0x22000000]	|---> DST_SEL=0, INT_SEL=2, DATA_SEL=1
[0x0@0x00000000 + 0x018c]	[        0x00401080]	|---> ADDR_LO=0x401080
[0x0@0x00000000 + 0x0190]	[        0x00000000]	|---> ADDR_HI=0x0
[0x0@0x00000000 + 0x0194]	[        0x00003e0a]	|---> DATA_LO=0x3e0a
[0x0@0x00000000 + 0x0198]	[        0x00000000]	|---> DATA_HI=0x0
[0x0@0x00000000 + 0x019c]	[        0x00000000]	|---> INT_CTXID=0x0
[0x0@0x00000000 + 0x01a0]	[        0xc0008b00]	Opcode 0x8b [PKT3_SWITCH_BUFFER] (1 words, type: 3, hdr: 0xc0008b00)
[0x0@0x00000000 + 0x01a4]	[        0x00000000]	|---> DUMMY=0x0
[0x0@0x00000000 + 0x01a8]	[        0xc0941000]	Opcode 0x10 [PKT3_NOP] (149 words, type: 3, hdr: 0xc0941000)
[0x0@0x00000000 + 0x0400]	[        0xc0032200]	Opcode 0x22 [PKT3_COND_EXEC] (4 words, type: 3, hdr: 0xc0032200)
[0x0@0x00000000 + 0x0404]	[        0x004010c0]	|---> GPU_ADDR_LO32=0x4010c0
[0x0@0x00000000 + 0x0408]	[        0x00000000]	|---> GPU_ADDR_HI32=0x0
[0x0@0x00000000 + 0x040c]	[        0x00000000]	|---> COMMAND=0
[0x0@0x00000000 + 0x0410]	[        0x0000003b]	|---> EXEC_COUNT=59
[0x0@0x00000000 + 0x0414]	[        0xc0053c00]	Opcode 0x3c [PKT3_WAIT_REG_MEM] (6 words, type: 3, hdr: 0xc0053c00)
[0x0@0x00000000 + 0x0418]	[        0x00000113]	|---> ENGINE=[PFP]/1, MEMSPACE=[MEM]/1, OPERATION=0, FUNCTION=[==]/3
[0x0@0x00000000 + 0x041c]	[        0x00401080]	|---> POLL_ADDRESS_LO=0x401080, SWAP=0x0
[0x0@0x00000000 + 0x0420]	[        0x00000000]	|---> POLL_ADDRESS_HI=0x0
[0x0@0x00000000 + 0x0424]	[        0x00003e0a]	|---> REFERENCE=0x3e0a
[0x0@0x00000000 + 0x0428]	[        0xffffffff]	|---> MASK=0xffffffff
[0x0@0x00000000 + 0x042c]	[        0x00000004]	|---> POLL INTERVAL=0x4
[0x0@0x00000000 + 0x0430]	[        0xc0033700]	Opcode 0x37 [PKT3_WRITE_DATA] (4 words, type: 3, hdr: 0xc0033700)
[0x0@0x00000000 + 0x0434]	[        0x40100000]	|---> ENGINE=[PFP]/1, CACHE_POLICY=0, WR_CONFIRM=1, RESUME_VF=0, WR_ONE_ADDR=0, DST_SEL=[mem-mapped reg]/0
[0x0@0x00000000 + 0x0438]	[        0x000028d1]	|---> DST_ADDR_LO=0x28d0
[0x0@0x00000000 + 0x043c]	[        0x00000000]	|---> DST_ADDR_HI=0x0
[0x0@0x00000000 + 0x0440]	[        0x5fbe3001]	|---> gfx1036.mmGCVM_CONTEXT5_PAGE_TABLE_BASE_ADDR_LO32=0x5fbe3001
[0x0@0x00000000 + 0x0444]	[        0xc0033700]	Opcode 0x37 [PKT3_WRITE_DATA] (4 words, type: 3, hdr: 0xc0033700)
[0x0@0x00000000 + 0x0448]	[        0x40100000]	|---> ENGINE=[PFP]/1, CACHE_POLICY=0, WR_CONFIRM=1, RESUME_VF=0, WR_ONE_ADDR=0, DST_SEL=[mem-mapped reg]/0
[0x0@0x00000000 + 0x044c]	[        0x000028d2]	|---> DST_ADDR_LO=0x28d0
[0x0@0x00000000 + 0x0450]	[        0x00000000]	|---> DST_ADDR_HI=0x0
[0x0@0x00000000 + 0x0454]	[        0x00000010]	|---> gfx1036.mmGCVM_CONTEXT5_PAGE_TABLE_BASE_ADDR_HI32=0x10
[0x0@0x00000000 + 0x0458]	[        0xc0053c00]	Opcode 0x3c [PKT3_WAIT_REG_MEM] (6 words, type: 3, hdr: 0xc0053c00)
[0x0@0x00000000 + 0x045c]	[        0x00000143]	|---> ENGINE=[PFP]/1, MEMSPACE=[REG]/0, OPERATION=1, FUNCTION=[==]/3
[0x0@0x00000000 + 0x0460]	[        0x0000287f]	|---> POLL_ADDRESS_LO=0x287c, SWAP=0x3
[0x0@0x00000000 + 0x0464]	[        0x00002891]	|---> POLL_ADDRESS_HI=0x2891
[0x0@0x00000000 + 0x0468]	[        0x00f80020]	|---> REFERENCE=0xf80020
[0x0@0x00000000 + 0x046c]	[        0x00000020]	|---> MASK=0x20
[0x0@0x00000000 + 0x0470]	[        0x00000020]	|---> POLL INTERVAL=0x20
[0x0@0x00000000 + 0x0474]	[        0xc0004200]	Opcode 0x42 [PKT3_PFP_SYNC_ME] (1 words, type: 3, hdr: 0xc0004200)
[0x0@0x00000000 + 0x0478]	[        0x00000000]	|---> DUMMY_DATA=0x0
[0x0@0x00000000 + 0x047c]	[        0xc0033700]	Opcode 0x37 [PKT3_WRITE_DATA] (4 words, type: 3, hdr: 0xc0033700)
[0x0@0x00000000 + 0x0480]	[        0x40100000]	|---> ENGINE=[PFP]/1, CACHE_POLICY=0, WR_CONFIRM=1, RESUME_VF=0, WR_ONE_ADDR=0, DST_SEL=[mem-mapped reg]/0
[0x0@0x00000000 + 0x0484]	[        0x000010a5]	|---> DST_ADDR_LO=0x10a4
[0x0@0x00000000 + 0x0488]	[        0x00000000]	|---> DST_ADDR_HI=0x0
[0x0@0x00000000 + 0x048c]	[        0x0000802b]	|---> osssys521.mmIH_VMID_5_LUT=0x802b
[0x0@0x00000000 + 0x0490]	[        0xc0033700]	Opcode 0x37 [PKT3_WRITE_DATA] (4 words, type: 3, hdr: 0xc0033700)
[0x0@0x00000000 + 0x0494]	[        0x00000000]	|---> ENGINE=[ME]/0, CACHE_POLICY=0, WR_CONFIRM=0, RESUME_VF=0, WR_ONE_ADDR=0, DST_SEL=[mem-mapped reg]/0
[0x0@0x00000000 + 0x0498]	[        0x0000330a]	|---> DST_ADDR_LO=0x3308
[0x0@0x00000000 + 0x049c]	[        0x00000000]	|---> DST_ADDR_HI=0x0
[0x0@0x00000000 + 0x04a0]	[        0x00000000]	|---> gfx1036.mmGDS_VMID5_BASE=0x0
[0x0@0x00000000 + 0x04a4]	[        0xc0033700]	Opcode 0x37 [PKT3_WRITE_DATA] (4 words, type: 3, hdr: 0xc0033700)
[0x0@0x00000000 + 0x04a8]	[        0x00000000]	|---> ENGINE=[ME]/0, CACHE_POLICY=0, WR_CONFIRM=0, RESUME_VF=0, WR_ONE_ADDR=0, DST_SEL=[mem-mapped reg]/0
[0x0@0x00000000 + 0x04ac]	[        0x0000330b]	|---> DST_ADDR_LO=0x3308
[0x0@0x00000000 + 0x04b0]	[        0x00000000]	|---> DST_ADDR_HI=0x0
[0x0@0x00000000 + 0x04b4]	[        0x00000000]	|---> gfx1036.mmGDS_VMID5_SIZE=0x0
[0x0@0x00000000 + 0x04b8]	[        0xc0033700]	Opcode 0x37 [PKT3_WRITE_DATA] (4 words, type: 3, hdr: 0xc0033700)
[0x0@0x00000000 + 0x04bc]	[        0x00000000]	|---> ENGINE=[ME]/0, CACHE_POLICY=0, WR_CONFIRM=0, RESUME_VF=0, WR_ONE_ADDR=0, DST_SEL=[mem-mapped reg]/0
[0x0@0x00000000 + 0x04c0]	[        0x00003325]	|---> DST_ADDR_LO=0x3324
[0x0@0x00000000 + 0x04c4]	[        0x00000000]	|---> DST_ADDR_HI=0x0
[0x0@0x00000000 + 0x04c8]	[        0x00000000]	|---> gfx1036.mmGDS_GWS_VMID5=0x0
[0x0@0x00000000 + 0x04cc]	[        0xc0033700]	Opcode 0x37 [PKT3_WRITE_DATA] (4 words, type: 3, hdr: 0xc0033700)
[0x0@0x00000000 + 0x04d0]	[        0x00000000]	|---> ENGINE=[ME]/0, CACHE_POLICY=0, WR_CONFIRM=0, RESUME_VF=0, WR_ONE_ADDR=0, DST_SEL=[mem-mapped reg]/0
[0x0@0x00000000 + 0x04d4]	[        0x00003335]	|---> DST_ADDR_LO=0x3334
[0x0@0x00000000 + 0x04d8]	[        0x00000000]	|---> DST_ADDR_HI=0x0
[0x0@0x00000000 + 0x04dc]	[        0x00000000]	|---> gfx1036.mmGDS_OA_VMID5=0x0
[0x0@0x00000000 + 0x04e0]	[        0xc0064900]	Opcode 0x49 [PKT3_RELEASE_MEM] (7 words, type: 3, hdr: 0xc0064900)
[0x0@0x00000000 + 0x04e4]	[        0x06603514]	|---> EVENT_TYPE=[CACHE_FLUSH_AND_INV_TS_EVENT]/20, EVENT_INDEX=5, TCL1_VOL_ACTION_ENA=1, TC_VOL_ACTION_ENA=1, TC_WB_ACTION_ENA=0, TCL1_ACTION_ENA=0, TC_ACTION_ENA=0, TC_NC_ACTION_ENA=0, TC_WC_ACTION_ENA=0, TC_MD_ACTION_ENA=1, CACHE_POLICY=3, EXECUTE=0
[0x0@0x00000000 + 0x04e8]	[        0x22000000]	|---> DST_SEL=0, INT_SEL=2, DATA_SEL=1
[0x0@0x00000000 + 0x04ec]	[        0x00401080]	|---> ADDR_LO=0x401080
[0x0@0x00000000 + 0x04f0]	[        0x00000000]	|---> ADDR_HI=0x0
[0x0@0x00000000 + 0x04f4]	[        0x00003e0b]	|---> DATA_LO=0x3e0b
[0x0@0x00000000 + 0x04f8]	[        0x00000000]	|---> DATA_HI=0x0
[0x0@0x00000000 + 0x04fc]	[        0x00000000]	|---> INT_CTXID=0x0
[0x0@0x00000000 + 0x0500]	[        0xc0008b00]	Opcode 0x8b [PKT3_SWITCH_BUFFER] (1 words, type: 3, hdr: 0xc0008b00)
[0x0@0x00000000 + 0x0504]	[        0x00000000]	|---> DUMMY=0x0
[0x0@0x00000000 + 0x0508]	[        0xc0008b00]	Opcode 0x8b [PKT3_SWITCH_BUFFER] (1 words, type: 3, hdr: 0xc0008b00)
[0x0@0x00000000 + 0x050c]	[        0x00000000]	|---> DUMMY=0x0
[0x0@0x00000000 + 0x0510]	[        0xc0032200]	Opcode 0x22 [PKT3_COND_EXEC] (4 words, type: 3, hdr: 0xc0032200)
[0x0@0x00000000 + 0x0514]	[        0x004010c0]	|---> GPU_ADDR_LO32=0x4010c0
[0x0@0x00000000 + 0x0518]	[        0x00000000]	|---> GPU_ADDR_HI32=0x0
[0x0@0x00000000 + 0x051c]	[        0x00000000]	|---> COMMAND=0
[0x0@0x00000000 + 0x0520]	[        0x0000001f]	|---> EXEC_COUNT=31
[0x0@0x00000000 + 0x0524]	[        0xc0012800]	Opcode 0x28 [PKT3_CONTEXT_CONTROL] (2 words, type: 3, hdr: 0xc0012800)
[0x0@0x00000000 + 0x0528]	[        0x81018003]	|---> LOAD_EN=1, LOAD_CS=1, LOAD_GFX=1, LOAD_GLOBAL=1, LOAD_MULTI=1, LOAD_SINGLE=1
[0x0@0x00000000 + 0x052c]	[        0x00000000]	|---> SHADOW_EN=0, SHADOW_CS=0, SHADOW_GFX=0, SHADOW_GLOBAL=0, SHADOW_MULTI=0, SHADOW_SINGLE=0
[0x0@0x00000000 + 0x0530]	[        0xc0009000]	Opcode 0x90 [PKT3_FRAME_CONTROL] (1 words, type: 3, hdr: 0xc0009000)
[0x0@0x00000000 + 0x0534]	[        0x00000000]	|---> TMZ=0, COMMAND=0
[0x0@0x00000000 + 0x0538]	[        0xc0023f00]	Opcode 0x3f [PKT3_INDIRECT_BUFFER] (3 words, type: 3, hdr: 0xc0023f00)
[0x0@0x00000000 + 0x053c]	[        0x00eb4000]	|---> IB_BASE_LO=0xeb4000, SWAP=0
[0x0@0x00000000 + 0x0540]	[        0xffff8001]	|---> IB_BASE_HI=0x8001
[0x0@0x00000000 + 0x0544]	[        0x05000030]	|---> IB_SIZE=48, IB_VMID=5, CHAIN=0, PRE_ENA=0, CACHE_POLICY=0, PRE_RESUME=0, PRIV=0
[0x0@0x00000000 + 0x0548]	[        0xc0023f00]	Opcode 0x3f [PKT3_INDIRECT_BUFFER] (3 words, type: 3, hdr: 0xc0023f00)
[0x0@0x00000000 + 0x054c]	[        0x0012f000]	|---> IB_BASE_LO=0x12f000, SWAP=0
[0x0@0x00000000 + 0x0550]	[        0xffff8001]	|---> IB_BASE_HI=0x8001
[0x0@0x00000000 + 0x0554]	[        0x050000d0]	|---> IB_SIZE=208, IB_VMID=5, CHAIN=0, PRE_ENA=0, CACHE_POLICY=0, PRE_RESUME=0, PRIV=0
[0x0@0x00000000 + 0x0558]	[        0xc0009000]	Opcode 0x90 [PKT3_FRAME_CONTROL] (1 words, type: 3, hdr: 0xc0009000)
[0x0@0x00000000 + 0x055c]	[        0x10000000]	|---> TMZ=0, COMMAND=1
[0x0@0x00000000 + 0x0560]	[        0xc0064900]	Opcode 0x49 [PKT3_RELEASE_MEM] (7 words, type: 3, hdr: 0xc0064900)
[0x0@0x00000000 + 0x0564]	[        0x06603514]	|---> EVENT_TYPE=[CACHE_FLUSH_AND_INV_TS_EVENT]/20, EVENT_INDEX=5, TCL1_VOL_ACTION_ENA=1, TC_VOL_ACTION_ENA=1, TC_WB_ACTION_ENA=0, TCL1_ACTION_ENA=0, TC_ACTION_ENA=0, TC_NC_ACTION_ENA=0, TC_WC_ACTION_ENA=0, TC_MD_ACTION_ENA=1, CACHE_POLICY=3, EXECUTE=0
[0x0@0x00000000 + 0x0568]	[        0x40000000]	|---> DST_SEL=0, INT_SEL=0, DATA_SEL=2
[0x0@0x00000000 + 0x056c]	[        0x0066e000]	|---> ADDR_LO=0x66e000
[0x0@0x00000000 + 0x0570]	[        0x00000000]	|---> ADDR_HI=0x0
[0x0@0x00000000 + 0x0574]	[        0x00000001]	|---> DATA_LO=0x1
[0x0@0x00000000 + 0x0578]	[        0x00000000]	|---> DATA_HI=0x0
[0x0@0x00000000 + 0x057c]	[        0x00000000]	|---> INT_CTXID=0x0
[0x0@0x00000000 + 0x0580]	[        0xc0064900]	Opcode 0x49 [PKT3_RELEASE_MEM] (7 words, type: 3, hdr: 0xc0064900)
[0x0@0x00000000 + 0x0584]	[        0x06603514]	|---> EVENT_TYPE=[CACHE_FLUSH_AND_INV_TS_EVENT]/20, EVENT_INDEX=5, TCL1_VOL_ACTION_ENA=1, TC_VOL_ACTION_ENA=1, TC_WB_ACTION_ENA=0, TCL1_ACTION_ENA=0, TC_ACTION_ENA=0, TC_NC_ACTION_ENA=0, TC_WC_ACTION_ENA=0, TC_MD_ACTION_ENA=1, CACHE_POLICY=3, EXECUTE=0
[0x0@0x00000000 + 0x0588]	[        0x22000000]	|---> DST_SEL=0, INT_SEL=2, DATA_SEL=1
[0x0@0x00000000 + 0x058c]	[        0x00401080]	|---> ADDR_LO=0x401080
[0x0@0x00000000 + 0x0590]	[        0x00000000]	|---> ADDR_HI=0x0
[0x0@0x00000000 + 0x0594]	[        0x00003e0c]	|---> DATA_LO=0x3e0c
[0x0@0x00000000 + 0x0598]	[        0x00000000]	|---> DATA_HI=0x0
[0x0@0x00000000 + 0x059c]	[        0x00000000]	|---> INT_CTXID=0x0
[0x0@0x00000000 + 0x05a0]	[        0xc0008b00]	Opcode 0x8b [PKT3_SWITCH_BUFFER] (1 words, type: 3, hdr: 0xc0008b00)
[0x0@0x00000000 + 0x05a4]	[        0x00000000]	|---> DUMMY=0x0
[0x0@0x00000000 + 0x05a8]	[        0xc0941000]	Opcode 0x10 [PKT3_NOP] (149 words, type: 3, hdr: 0xc0941000)
[0x0@0x00000000 + 0x0800]	[        0xc0032200]	Opcode 0x22 [PKT3_COND_EXEC] (4 words, type: 3, hdr: 0xc0032200)
[0x0@0x00000000 + 0x0804]	[        0x004010c0]	|---> GPU_ADDR_LO32=0x4010c0
[0x0@0x00000000 + 0x0808]	[        0x00000000]	|---> GPU_ADDR_HI32=0x0
[0x0@0x00000000 + 0x080c]	[        0x00000000]	|---> COMMAND=0
[0x0@0x00000000 + 0x0810]	[        0x0000003b]	|---> EXEC_COUNT=59
[0x0@0x00000000 + 0x0814]	[        0xc0053c00]	Opcode 0x3c [PKT3_WAIT_REG_MEM] (6 words, type: 3, hdr: 0xc0053c00)
[0x0@0x00000000 + 0x0818]	[        0x00000113]	|---> ENGINE=[PFP]/1, MEMSPACE=[MEM]/1, OPERATION=0, FUNCTION=[==]/3
[0x0@0x00000000 + 0x081c]	[        0x00401080]	|---> POLL_ADDRESS_LO=0x401080, SWAP=0x0
[0x0@0x00000000 + 0x0820]	[        0x00000000]	|---> POLL_ADDRESS_HI=0x0
[0x0@0x00000000 + 0x0824]	[        0x00003e0c]	|---> REFERENCE=0x3e0c
[0x0@0x00000000 + 0x0828]	[        0xffffffff]	|---> MASK=0xffffffff
[0x0@0x00000000 + 0x082c]	[        0x00000004]	|---> POLL INTERVAL=0x4
[0x0@0x00000000 + 0x0830]	[        0xc0033700]	Opcode 0x37 [PKT3_WRITE_DATA] (4 words, type: 3, hdr: 0xc0033700)
[0x0@0x00000000 + 0x0834]	[        0x40100000]	|---> ENGINE=[PFP]/1, CACHE_POLICY=0, WR_CONFIRM=1, RESUME_VF=0, WR_ONE_ADDR=0, DST_SEL=[mem-mapped reg]/0
[0x0@0x00000000 + 0x0838]	[        0x000028cd]	|---> DST_ADDR_LO=0x28cc
[0x0@0x00000000 + 0x083c]	[        0x00000000]	|---> DST_ADDR_HI=0x0
[0x0@0x00000000 + 0x0840]	[        0x5fbcb001]	|---> gfx1036.mmGCVM_CONTEXT3_PAGE_TABLE_BASE_ADDR_LO32=0x5fbcb001
[0x0@0x00000000 + 0x0844]	[        0xc0033700]	Opcode 0x37 [PKT3_WRITE_DATA] (4 words, type: 3, hdr: 0xc0033700)
[0x0@0x00000000 + 0x0848]	[        0x40100000]	|---> ENGINE=[PFP]/1, CACHE_POLICY=0, WR_CONFIRM=1, RESUME_VF=0, WR_ONE_ADDR=0, DST_SEL=[mem-mapped reg]/0
[0x0@0x00000000 + 0x084c]	[        0x000028ce]	|---> DST_ADDR_LO=0x28cc
[0x0@0x00000000 + 0x0850]	[        0x00000000]	|---> DST_ADDR_HI=0x0
[0x0@0x00000000 + 0x0854]	[        0x00000010]	|---> gfx1036.mmGCVM_CONTEXT3_PAGE_TABLE_BASE_ADDR_HI32=0x10
[0x0@0x00000000 + 0x0858]	[        0xc0053c00]	Opcode 0x3c [PKT3_WAIT_REG_MEM] (6 words, type: 3, hdr: 0xc0053c00)
[0x0@0x00000000 + 0x085c]	[        0x00000143]	|---> ENGINE=[PFP]/1, MEMSPACE=[REG]/0, OPERATION=1, FUNCTION=[==]/3
[0x0@0x00000000 + 0x0860]	[        0x0000287f]	|---> POLL_ADDRESS_LO=0x287c, SWAP=0x3
[0x0@0x00000000 + 0x0864]	[        0x00002891]	|---> POLL_ADDRESS_HI=0x2891
[0x0@0x00000000 + 0x0868]	[        0x00f80008]	|---> REFERENCE=0xf80008
[0x0@0x00000000 + 0x086c]	[        0x00000008]	|---> MASK=0x8
[0x0@0x00000000 + 0x0870]	[        0x00000020]	|---> POLL INTERVAL=0x20
[0x0@0x00000000 + 0x0874]	[        0xc0004200]	Opcode 0x42 [PKT3_PFP_SYNC_ME] (1 words, type: 3, hdr: 0xc0004200)
[0x0@0x00000000 + 0x0878]	[        0x00000000]	|---> DUMMY_DATA=0x0
[0x0@0x00000000 + 0x087c]	[        0xc0033700]	Opcode 0x37 [PKT3_WRITE_DATA] (4 words, type: 3, hdr: 0xc0033700)
[0x0@0x00000000 + 0x0880]	[        0x40100000]	|---> ENGINE=[PFP]/1, CACHE_POLICY=0, WR_CONFIRM=1, RESUME_VF=0, WR_ONE_ADDR=0, DST_SEL=[mem-mapped reg]/0
[0x0@0x00000000 + 0x0884]	[        0x000010a3]	|---> DST_ADDR_LO=0x10a0
[0x0@0x00000000 + 0x0888]	[        0x00000000]	|---> DST_ADDR_HI=0x0
[0x0@0x00000000 + 0x088c]	[        0x00008035]	|---> osssys521.mmIH_VMID_3_LUT=0x8035
[0x0@0x00000000 + 0x0890]	[        0xc0033700]	Opcode 0x37 [PKT3_WRITE_DATA] (4 words, type: 3, hdr: 0xc0033700)
[0x0@0x00000000 + 0x0894]	[        0x00000000]	|---> ENGINE=[ME]/0, CACHE_POLICY=0, WR_CONFIRM=0, RESUME_VF=0, WR_ONE_ADDR=0, DST_SEL=[mem-mapped reg]/0
[0x0@0x00000000 + 0x0898]	[        0x00003306]	|---> DST_ADDR_LO=0x3304
[0x0@0x00000000 + 0x089c]	[        0x00000000]	|---> DST_ADDR_HI=0x0
[0x0@0x00000000 + 0x08a0]	[        0x00000000]	|---> gfx1036.mmGDS_VMID3_BASE=0x0
[0x0@0x00000000 + 0x08a4]	[        0xc0033700]	Opcode 0x37 [PKT3_WRITE_DATA] (4 words, type: 3, hdr: 0xc0033700)
[0x0@0x00000000 + 0x08a8]	[        0x00000000]	|---> ENGINE=[ME]/0, CACHE_POLICY=0, WR_CONFIRM=0, RESUME_VF=0, WR_ONE_ADDR=0, DST_SEL=[mem-mapped reg]/0
[0x0@0x00000000 + 0x08ac]	[        0x00003307]	|---> DST_ADDR_LO=0x3304
[0x0@0x00000000 + 0x08b0]	[        0x00000000]	|---> DST_ADDR_HI=0x0
[0x0@0x00000000 + 0x08b4]	[        0x00000000]	|---> gfx1036.mmGDS_VMID3_SIZE=0x0
[0x0@0x00000000 + 0x08b8]	[        0xc0033700]	Opcode 0x37 [PKT3_WRITE_DATA] (4 words, type: 3, hdr: 0xc0033700)
[0x0@0x00000000 + 0x08bc]	[        0x00000000]	|---> ENGINE=[ME]/0, CACHE_POLICY=0, WR_CONFIRM=0, RESUME_VF=0, WR_ONE_ADDR=0, DST_SEL=[mem-mapped reg]/0
[0x0@0x00000000 + 0x08c0]	[        0x00003323]	|---> DST_ADDR_LO=0x3320
[0x0@0x00000000 + 0x08c4]	[        0x00000000]	|---> DST_ADDR_HI=0x0
[0x0@0x00000000 + 0x08c8]	[        0x00000000]	|---> gfx1036.mmGDS_GWS_VMID3=0x0
[0x0@0x00000000 + 0x08cc]	[        0xc0033700]	Opcode 0x37 [PKT3_WRITE_DATA] (4 words, type: 3, hdr: 0xc0033700)
[0x0@0x00000000 + 0x08d0]	[        0x00000000]	|---> ENGINE=[ME]/0, CACHE_POLICY=0, WR_CONFIRM=0, RESUME_VF=0, WR_ONE_ADDR=0, DST_SEL=[mem-mapped reg]/0
[0x0@0x00000000 + 0x08d4]	[        0x00003333]	|---> DST_ADDR_LO=0x3330
[0x0@0x00000000 + 0x08d8]	[        0x00000000]	|---> DST_ADDR_HI=0x0
[0x0@0x00000000 + 0x08dc]	[        0x00000000]	|---> gfx1036.mmGDS_OA_VMID3=0x0
[0x0@0x00000000 + 0x08e0]	[        0xc0064900]	Opcode 0x49 [PKT3_RELEASE_MEM] (7 words, type: 3, hdr: 0xc0064900)
[0x0@0x00000000 + 0x08e4]	[        0x06603514]	|---> EVENT_TYPE=[CACHE_FLUSH_AND_INV_TS_EVENT]/20, EVENT_INDEX=5, TCL1_VOL_ACTION_ENA=1, TC_VOL_ACTION_ENA=1, TC_WB_ACTION_ENA=0, TCL1_ACTION_ENA=0, TC_ACTION_ENA=0, TC_NC_ACTION_ENA=0, TC_WC_ACTION_ENA=0, TC_MD_ACTION_ENA=1, CACHE_POLICY=3, EXECUTE=0
[0x0@0x00000000 + 0x08e8]	[        0x22000000]	|---> DST_SEL=0, INT_SEL=2, DATA_SEL=1
[0x0@0x00000000 + 0x08ec]	[        0x00401080]	|---> ADDR_LO=0x401080
[0x0@0x00000000 + 0x08f0]	[        0x00000000]	|---> ADDR_HI=0x0
[0x0@0x00000000 + 0x08f4]	[        0x00003e0d]	|---> DATA_LO=0x3e0d
[0x0@0x00000000 + 0x08f8]	[        0x00000000]	|---> DATA_HI=0x0
[0x0@0x00000000 + 0x08fc]	[        0x00000000]	|---> INT_CTXID=0x0
[0x0@0x00000000 + 0x0900]	[        0xc0008b00]	Opcode 0x8b [PKT3_SWITCH_BUFFER] (1 words, type: 3, hdr: 0xc0008b00)
[0x0@0x00000000 + 0x0904]	[        0x00000000]	|---> DUMMY=0x0
[0x0@0x00000000 + 0x0908]	[        0xc0008b00]	Opcode 0x8b [PKT3_SWITCH_BUFFER] (1 words, type: 3, hdr: 0xc0008b00)
[0x0@0x00000000 + 0x090c]	[        0x00000000]	|---> DUMMY=0x0
[0x0@0x00000000 + 0x0910]	[        0xc0032200]	Opcode 0x22 [PKT3_COND_EXEC] (4 words, type: 3, hdr: 0xc0032200)
[0x0@0x00000000 + 0x0914]	[        0x004010c0]	|---> GPU_ADDR_LO32=0x4010c0
[0x0@0x00000000 + 0x0918]	[        0x00000000]	|---> GPU_ADDR_HI32=0x0
[0x0@0x00000000 + 0x091c]	[        0x00000000]	|---> COMMAND=0
[0x0@0x00000000 + 0x0920]	[        0x0000001f]	|---> EXEC_COUNT=31
[0x0@0x00000000 + 0x0924]	[        0xc0012800]	Opcode 0x28 [PKT3_CONTEXT_CONTROL] (2 words, type: 3, hdr: 0xc0012800)
[0x0@0x00000000 + 0x0928]	[        0x81018003]	|---> LOAD_EN=1, LOAD_CS=1, LOAD_GFX=1, LOAD_GLOBAL=1, LOAD_MULTI=1, LOAD_SINGLE=1
[0x0@0x00000000 + 0x092c]	[        0x00000000]	|---> SHADOW_EN=0, SHADOW_CS=0, SHADOW_GFX=0, SHADOW_GLOBAL=0, SHADOW_MULTI=0, SHADOW_SINGLE=0
[0x0@0x00000000 + 0x0930]	[        0xc0009000]	Opcode 0x90 [PKT3_FRAME_CONTROL] (1 words, type: 3, hdr: 0xc0009000)
[0x0@0x00000000 + 0x0934]	[        0x00000000]	|---> TMZ=0, COMMAND=0
[0x0@0x00000000 + 0x0938]	[        0xc0023f00]	Opcode 0x3f [PKT3_INDIRECT_BUFFER] (3 words, type: 3, hdr: 0xc0023f00)
[0x0@0x00000000 + 0x093c]	[        0x00eb4000]	|---> IB_BASE_LO=0xeb4000, SWAP=0
[0x0@0x00000000 + 0x0940]	[        0xffff8001]	|---> IB_BASE_HI=0x8001
[0x0@0x00000000 + 0x0944]	[        0x03000030]	|---> IB_SIZE=48, IB_VMID=3, CHAIN=0, PRE_ENA=0, CACHE_POLICY=0, PRE_RESUME=0, PRIV=0
[0x0@0x00000000 + 0x0948]	[        0xc0023f00]	Opcode 0x3f [PKT3_INDIRECT_BUFFER] (3 words, type: 3, hdr: 0xc0023f00)
[0x0@0x00000000 + 0x094c]	[        0x0012f000]	|---> IB_BASE_LO=0x12f000, SWAP=0
[0x0@0x00000000 + 0x0950]	[        0xffff8001]	|---> IB_BASE_HI=0x8001
[0x0@0x00000000 + 0x0954]	[        0x030000b8]	|---> IB_SIZE=184, IB_VMID=3, CHAIN=0, PRE_ENA=0, CACHE_POLICY=0, PRE_RESUME=0, PRIV=0
[0x0@0x00000000 + 0x0958]	[        0xc0009000]	Opcode 0x90 [PKT3_FRAME_CONTROL] (1 words, type: 3, hdr: 0xc0009000)
[0x0@0x00000000 + 0x095c]	[        0x10000000]	|---> TMZ=0, COMMAND=1
[0x0@0x00000000 + 0x0960]	[        0xc0064900]	Opcode 0x49 [PKT3_RELEASE_MEM] (7 words, type: 3, hdr: 0xc0064900)
[0x0@0x00000000 + 0x0964]	[        0x06603514]	|---> EVENT_TYPE=[CACHE_FLUSH_AND_INV_TS_EVENT]/20, EVENT_INDEX=5, TCL1_VOL_ACTION_ENA=1, TC_VOL_ACTION_ENA=1, TC_WB_ACTION_ENA=0, TCL1_ACTION_ENA=0, TC_ACTION_ENA=0, TC_NC_ACTION_ENA=0, TC_WC_ACTION_ENA=0, TC_MD_ACTION_ENA=1, CACHE_POLICY=3, EXECUTE=0
[0x0@0x00000000 + 0x0968]	[        0x40000000]	|---> DST_SEL=0, INT_SEL=0, DATA_SEL=2
[0x0@0x00000000 + 0x096c]	[        0x0066f000]	|---> ADDR_LO=0x66f000
[0x0@0x00000000 + 0x0970]	[        0x00000000]	|---> ADDR_HI=0x0
[0x0@0x00000000 + 0x0974]	[        0x00000001]	|---> DATA_LO=0x1
[0x0@0x00000000 + 0x0978]	[        0x00000000]	|---> DATA_HI=0x0
[0x0@0x00000000 + 0x097c]	[        0x00000000]	|---> INT_CTXID=0x0
[0x0@0x00000000 + 0x0980]	[        0xc0064900]	Opcode 0x49 [PKT3_RELEASE_MEM] (7 words, type: 3, hdr: 0xc0064900)
[0x0@0x00000000 + 0x0984]	[        0x06603514]	|---> EVENT_TYPE=[CACHE_FLUSH_AND_INV_TS_EVENT]/20, EVENT_INDEX=5, TCL1_VOL_ACTION_ENA=1, TC_VOL_ACTION_ENA=1, TC_WB_ACTION_ENA=0, TCL1_ACTION_ENA=0, TC_ACTION_ENA=0, TC_NC_ACTION_ENA=0, TC_WC_ACTION_ENA=0, TC_MD_ACTION_ENA=1, CACHE_POLICY=3, EXECUTE=0
[0x0@0x00000000 + 0x0988]	[        0x22000000]	|---> DST_SEL=0, INT_SEL=2, DATA_SEL=1
[0x0@0x00000000 + 0x098c]	[        0x00401080]	|---> ADDR_LO=0x401080
[0x0@0x00000000 + 0x0990]	[        0x00000000]	|---> ADDR_HI=0x0
[0x0@0x00000000 + 0x0994]	[        0x00003e0e]	|---> DATA_LO=0x3e0e
[0x0@0x00000000 + 0x0998]	[        0x00000000]	|---> DATA_HI=0x0
[0x0@0x00000000 + 0x099c]	[        0x00000000]	|---> INT_CTXID=0x0
[0x0@0x00000000 + 0x09a0]	[        0xc0008b00]	Opcode 0x8b [PKT3_SWITCH_BUFFER] (1 words, type: 3, hdr: 0xc0008b00)
[0x0@0x00000000 + 0x09a4]	[        0x00000000]	|---> DUMMY=0x0
[0x0@0x00000000 + 0x09a8]	[        0xc0941000]	Opcode 0x10 [PKT3_NOP] (149 words, type: 3, hdr: 0xc0941000)
[0x0@0x00000000 + 0x0c00]	[        0xc0032200]	Opcode 0x22 [PKT3_COND_EXEC] (4 words, type: 3, hdr: 0xc0032200)
[0x0@0x00000000 + 0x0c04]	[        0x004010c0]	|---> GPU_ADDR_LO32=0x4010c0
[0x0@0x00000000 + 0x0c08]	[        0x00000000]	|---> GPU_ADDR_HI32=0x0
[0x0@0x00000000 + 0x0c0c]	[        0x00000000]	|---> COMMAND=0
[0x0@0x00000000 + 0x0c10]	[        0x0000003b]	|---> EXEC_COUNT=59
[0x0@0x00000000 + 0x0c14]	[        0xc0053c00]	Opcode 0x3c [PKT3_WAIT_REG_MEM] (6 words, type: 3, hdr: 0xc0053c00)
[0x0@0x00000000 + 0x0c18]	[        0x00000113]	|---> ENGINE=[PFP]/1, MEMSPACE=[MEM]/1, OPERATION=0, FUNCTION=[==]/3
[0x0@0x00000000 + 0x0c1c]	[        0x00401080]	|---> POLL_ADDRESS_LO=0x401080, SWAP=0x0
[0x0@0x00000000 + 0x0c20]	[        0x00000000]	|---> POLL_ADDRESS_HI=0x0
[0x0@0x00000000 + 0x0c24]	[        0x00003e0e]	|---> REFERENCE=0x3e0e
[0x0@0x00000000 + 0x0c28]	[        0xffffffff]	|---> MASK=0xffffffff
[0x0@0x00000000 + 0x0c2c]	[        0x00000004]	|---> POLL INTERVAL=0x4
[0x0@0x00000000 + 0x0c30]	[        0xc0033700]	Opcode 0x37 [PKT3_WRITE_DATA] (4 words, type: 3, hdr: 0xc0033700)
[0x0@0x00000000 + 0x0c34]	[        0x40100000]	|---> ENGINE=[PFP]/1, CACHE_POLICY=0, WR_CONFIRM=1, RESUME_VF=0, WR_ONE_ADDR=0, DST_SEL=[mem-mapped reg]/0
[0x0@0x00000000 + 0x0c38]	[        0x000028cb]	|---> DST_ADDR_LO=0x28c8
[0x0@0x00000000 + 0x0c3c]	[        0x00000000]	|---> DST_ADDR_HI=0x0
[0x0@0x00000000 + 0x0c40]	[        0x5fbd4001]	|---> gfx1036.mmGCVM_CONTEXT2_PAGE_TABLE_BASE_ADDR_LO32=0x5fbd4001
[0x0@0x00000000 + 0x0c44]	[        0xc0033700]	Opcode 0x37 [PKT3_WRITE_DATA] (4 words, type: 3, hdr: 0xc0033700)
[0x0@0x00000000 + 0x0c48]	[        0x40100000]	|---> ENGINE=[PFP]/1, CACHE_POLICY=0, WR_CONFIRM=1, RESUME_VF=0, WR_ONE_ADDR=0, DST_SEL=[mem-mapped reg]/0
[0x0@0x00000000 + 0x0c4c]	[        0x000028cc]	|---> DST_ADDR_LO=0x28cc
[0x0@0x00000000 + 0x0c50]	[        0x00000000]	|---> DST_ADDR_HI=0x0
[0x0@0x00000000 + 0x0c54]	[        0x00000010]	|---> gfx1036.mmGCVM_CONTEXT2_PAGE_TABLE_BASE_ADDR_HI32=0x10
[0x0@0x00000000 + 0x0c58]	[        0xc0053c00]	Opcode 0x3c [PKT3_WAIT_REG_MEM] (6 words, type: 3, hdr: 0xc0053c00)
[0x0@0x00000000 + 0x0c5c]	[        0x00000143]	|---> ENGINE=[PFP]/1, MEMSPACE=[REG]/0, OPERATION=1, FUNCTION=[==]/3
[0x0@0x00000000 + 0x0c60]	[        0x0000287f]	|---> POLL_ADDRESS_LO=0x287c, SWAP=0x3
[0x0@0x00000000 + 0x0c64]	[        0x00002891]	|---> POLL_ADDRESS_HI=0x2891
[0x0@0x00000000 + 0x0c68]	[        0x00f80004]	|---> REFERENCE=0xf80004
[0x0@0x00000000 + 0x0c6c]	[        0x00000004]	|---> MASK=0x4
[0x0@0x00000000 + 0x0c70]	[        0x00000020]	|---> POLL INTERVAL=0x20
[0x0@0x00000000 + 0x0c74]	[        0xc0004200]	Opcode 0x42 [PKT3_PFP_SYNC_ME] (1 words, type: 3, hdr: 0xc0004200)
[0x0@0x00000000 + 0x0c78]	[        0x00000000]	|---> DUMMY_DATA=0x0
[0x0@0x00000000 + 0x0c7c]	[        0xc0033700]	Opcode 0x37 [PKT3_WRITE_DATA] (4 words, type: 3, hdr: 0xc0033700)
[0x0@0x00000000 + 0x0c80]	[        0x40100000]	|---> ENGINE=[PFP]/1, CACHE_POLICY=0, WR_CONFIRM=1, RESUME_VF=0, WR_ONE_ADDR=0, DST_SEL=[mem-mapped reg]/0
[0x0@0x00000000 + 0x0c84]	[        0x000010a2]	|---> DST_ADDR_LO=0x10a0
[0x0@0x00000000 + 0x0c88]	[        0x00000000]	|---> DST_ADDR_HI=0x0
[0x0@0x00000000 + 0x0c8c]	[        0x00008030]	|---> osssys521.mmIH_VMID_2_LUT=0x8030
[0x0@0x00000000 + 0x0c90]	[        0xc0033700]	Opcode 0x37 [PKT3_WRITE_DATA] (4 words, type: 3, hdr: 0xc0033700)
[0x0@0x00000000 + 0x0c94]	[        0x00000000]	|---> ENGINE=[ME]/0, CACHE_POLICY=0, WR_CONFIRM=0, RESUME_VF=0, WR_ONE_ADDR=0, DST_SEL=[mem-mapped reg]/0
[0x0@0x00000000 + 0x0c98]	[        0x00003304]	|---> DST_ADDR_LO=0x3304
[0x0@0x00000000 + 0x0c9c]	[        0x00000000]	|---> DST_ADDR_HI=0x0
[0x0@0x00000000 + 0x0ca0]	[        0x00000000]	|---> gfx1036.mmGDS_VMID2_BASE=0x0
[0x0@0x00000000 + 0x0ca4]	[        0xc0033700]	Opcode 0x37 [PKT3_WRITE_DATA] (4 words, type: 3, hdr: 0xc0033700)
[0x0@0x00000000 + 0x0ca8]	[        0x00000000]	|---> ENGINE=[ME]/0, CACHE_POLICY=0, WR_CONFIRM=0, RESUME_VF=0, WR_ONE_ADDR=0, DST_SEL=[mem-mapped reg]/0
[0x0@0x00000000 + 0x0cac]	[        0x00003305]	|---> DST_ADDR_LO=0x3304
[0x0@0x00000000 + 0x0cb0]	[        0x00000000]	|---> DST_ADDR_HI=0x0
[0x0@0x00000000 + 0x0cb4]	[        0x00000000]	|---> gfx1036.mmGDS_VMID2_SIZE=0x0
[0x0@0x00000000 + 0x0cb8]	[        0xc0033700]	Opcode 0x37 [PKT3_WRITE_DATA] (4 words, type: 3, hdr: 0xc0033700)
[0x0@0x00000000 + 0x0cbc]	[        0x00000000]	|---> ENGINE=[ME]/0, CACHE_POLICY=0, WR_CONFIRM=0, RESUME_VF=0, WR_ONE_ADDR=0, DST_SEL=[mem-mapped reg]/0
[0x0@0x00000000 + 0x0cc0]	[        0x00003322]	|---> DST_ADDR_LO=0x3320
[0x0@0x00000000 + 0x0cc4]	[        0x00000000]	|---> DST_ADDR_HI=0x0
[0x0@0x00000000 + 0x0cc8]	[        0x00000000]	|---> gfx1036.mmGDS_GWS_VMID2=0x0
[0x0@0x00000000 + 0x0ccc]	[        0xc0033700]	Opcode 0x37 [PKT3_WRITE_DATA] (4 words, type: 3, hdr: 0xc0033700)
[0x0@0x00000000 + 0x0cd0]	[        0x00000000]	|---> ENGINE=[ME]/0, CACHE_POLICY=0, WR_CONFIRM=0, RESUME_VF=0, WR_ONE_ADDR=0, DST_SEL=[mem-mapped reg]/0
[0x0@0x00000000 + 0x0cd4]	[        0x00003332]	|---> DST_ADDR_LO=0x3330
[0x0@0x00000000 + 0x0cd8]	[        0x00000000]	|---> DST_ADDR_HI=0x0
[0x0@0x00000000 + 0x0cdc]	[        0x00000000]	|---> gfx1036.mmGDS_OA_VMID2=0x0
[0x0@0x00000000 + 0x0ce0]	[        0xc0064900]	Opcode 0x49 [PKT3_RELEASE_MEM] (7 words, type: 3, hdr: 0xc0064900)
[0x0@0x00000000 + 0x0ce4]	[        0x06603514]	|---> EVENT_TYPE=[CACHE_FLUSH_AND_INV_TS_EVENT]/20, EVENT_INDEX=5, TCL1_VOL_ACTION_ENA=1, TC_VOL_ACTION_ENA=1, TC_WB_ACTION_ENA=0, TCL1_ACTION_ENA=0, TC_ACTION_ENA=0, TC_NC_ACTION_ENA=0, TC_WC_ACTION_ENA=0, TC_MD_ACTION_ENA=1, CACHE_POLICY=3, EXECUTE=0
[0x0@0x00000000 + 0x0ce8]	[        0x22000000]	|---> DST_SEL=0, INT_SEL=2, DATA_SEL=1
[0x0@0x00000000 + 0x0cec]	[        0x00401080]	|---> ADDR_LO=0x401080
[0x0@0x00000000 + 0x0cf0]	[        0x00000000]	|---> ADDR_HI=0x0
[0x0@0x00000000 + 0x0cf4]	[        0x00003e0f]	|---> DATA_LO=0x3e0f
[0x0@0x00000000 + 0x0cf8]	[        0x00000000]	|---> DATA_HI=0x0
[0x0@0x00000000 + 0x0cfc]	[        0x00000000]	|---> INT_CTXID=0x0
[0x0@0x00000000 + 0x0d00]	[        0xc0008b00]	Opcode 0x8b [PKT3_SWITCH_BUFFER] (1 words, type: 3, hdr: 0xc0008b00)
[0x0@0x00000000 + 0x0d04]	[        0x00000000]	|---> DUMMY=0x0
[0x0@0x00000000 + 0x0d08]	[        0xc0008b00]	Opcode 0x8b [PKT3_SWITCH_BUFFER] (1 words, type: 3, hdr: 0xc0008b00)
[0x0@0x00000000 + 0x0d0c]	[        0x00000000]	|---> DUMMY=0x0
[0x0@0x00000000 + 0x0d10]	[        0xc0032200]	Opcode 0x22 [PKT3_COND_EXEC] (4 words, type: 3, hdr: 0xc0032200)
[0x0@0x00000000 + 0x0d14]	[        0x004010c0]	|---> GPU_ADDR_LO32=0x4010c0
[0x0@0x00000000 + 0x0d18]	[        0x00000000]	|---> GPU_ADDR_HI32=0x0
[0x0@0x00000000 + 0x0d1c]	[        0x00000000]	|---> COMMAND=0
[0x0@0x00000000 + 0x0d20]	[        0x0000001f]	|---> EXEC_COUNT=31
[0x0@0x00000000 + 0x0d24]	[        0xc0012800]	Opcode 0x28 [PKT3_CONTEXT_CONTROL] (2 words, type: 3, hdr: 0xc0012800)
[0x0@0x00000000 + 0x0d28]	[        0x81018003]	|---> LOAD_EN=1, LOAD_CS=1, LOAD_GFX=1, LOAD_GLOBAL=1, LOAD_MULTI=1, LOAD_SINGLE=1
[0x0@0x00000000 + 0x0d2c]	[        0x00000000]	|---> SHADOW_EN=0, SHADOW_CS=0, SHADOW_GFX=0, SHADOW_GLOBAL=0, SHADOW_MULTI=0, SHADOW_SINGLE=0
[0x0@0x00000000 + 0x0d30]	[        0xc0009000]	Opcode 0x90 [PKT3_FRAME_CONTROL] (1 words, type: 3, hdr: 0xc0009000)
[0x0@0x00000000 + 0x0d34]	[        0x00000000]	|---> TMZ=0, COMMAND=0
[0x0@0x00000000 + 0x0d38]	[        0xc0023f00]	Opcode 0x3f [PKT3_INDIRECT_BUFFER] (3 words, type: 3, hdr: 0xc0023f00)
[0x0@0x00000000 + 0x0d3c]	[        0x00eb4000]	|---> IB_BASE_LO=0xeb4000, SWAP=0
[0x0@0x00000000 + 0x0d40]	[        0xffff8001]	|---> IB_BASE_HI=0x8001
[0x0@0x00000000 + 0x0d44]	[        0x02000030]	|---> IB_SIZE=48, IB_VMID=2, CHAIN=0, PRE_ENA=0, CACHE_POLICY=0, PRE_RESUME=0, PRIV=0
[0x0@0x00000000 + 0x0d48]	[        0xc0023f00]	Opcode 0x3f [PKT3_INDIRECT_BUFFER] (3 words, type: 3, hdr: 0xc0023f00)
[0x0@0x00000000 + 0x0d4c]	[        0x0012f000]	|---> IB_BASE_LO=0x12f000, SWAP=0
[0x0@0x00000000 + 0x0d50]	[        0xffff8001]	|---> IB_BASE_HI=0x8001
[0x0@0x00000000 + 0x0d54]	[        0x020000d0]	|---> IB_SIZE=208, IB_VMID=2, CHAIN=0, PRE_ENA=0, CACHE_POLICY=0, PRE_RESUME=0, PRIV=0
[0x0@0x00000000 + 0x0d58]	[        0xc0009000]	Opcode 0x90 [PKT3_FRAME_CONTROL] (1 words, type: 3, hdr: 0xc0009000)
[0x0@0x00000000 + 0x0d5c]	[        0x10000000]	|---> TMZ=0, COMMAND=1
[0x0@0x00000000 + 0x0d60]	[        0xc0064900]	Opcode 0x49 [PKT3_RELEASE_MEM] (7 words, type: 3, hdr: 0xc0064900)
[0x0@0x00000000 + 0x0d64]	[        0x06603514]	|---> EVENT_TYPE=[CACHE_FLUSH_AND_INV_TS_EVENT]/20, EVENT_INDEX=5, TCL1_VOL_ACTION_ENA=1, TC_VOL_ACTION_ENA=1, TC_WB_ACTION_ENA=0, TCL1_ACTION_ENA=0, TC_ACTION_ENA=0, TC_NC_ACTION_ENA=0, TC_WC_ACTION_ENA=0, TC_MD_ACTION_ENA=1, CACHE_POLICY=3, EXECUTE=0
[0x0@0x00000000 + 0x0d68]	[        0x40000000]	|---> DST_SEL=0, INT_SEL=0, DATA_SEL=2
[0x0@0x00000000 + 0x0d6c]	[        0x00670000]	|---> ADDR_LO=0x670000
[0x0@0x00000000 + 0x0d70]	[        0x00000000]	|---> ADDR_HI=0x0
[0x0@0x00000000 + 0x0d74]	[        0x00000001]	|---> DATA_LO=0x1
[0x0@0x00000000 + 0x0d78]	[        0x00000000]	|---> DATA_HI=0x0
[0x0@0x00000000 + 0x0d7c]	[        0x00000000]	|---> INT_CTXID=0x0
[0x0@0x00000000 + 0x0d80]	[        0xc0064900]	Opcode 0x49 [PKT3_RELEASE_MEM] (7 words, type: 3, hdr: 0xc0064900)
[0x0@0x00000000 + 0x0d84]	[        0x06603514]	|---> EVENT_TYPE=[CACHE_FLUSH_AND_INV_TS_EVENT]/20, EVENT_INDEX=5, TCL1_VOL_ACTION_ENA=1, TC_VOL_ACTION_ENA=1, TC_WB_ACTION_ENA=0, TCL1_ACTION_ENA=0, TC_ACTION_ENA=0, TC_NC_ACTION_ENA=0, TC_WC_ACTION_ENA=0, TC_MD_ACTION_ENA=1, CACHE_POLICY=3, EXECUTE=0
[0x0@0x00000000 + 0x0d88]	[        0x22000000]	|---> DST_SEL=0, INT_SEL=2, DATA_SEL=1
[0x0@0x00000000 + 0x0d8c]	[        0x00401080]	|---> ADDR_LO=0x401080
[0x0@0x00000000 + 0x0d90]	[        0x00000000]	|---> ADDR_HI=0x0
[0x0@0x00000000 + 0x0d94]	[        0x00003e10]	|---> DATA_LO=0x3e10
[0x0@0x00000000 + 0x0d98]	[        0x00000000]	|---> DATA_HI=0x0
[0x0@0x00000000 + 0x0d9c]	[        0x00000000]	|---> INT_CTXID=0x0
[0x0@0x00000000 + 0x0da0]	[        0xc0008b00]	Opcode 0x8b [PKT3_SWITCH_BUFFER] (1 words, type: 3, hdr: 0xc0008b00)
[0x0@0x00000000 + 0x0da4]	[        0x00000000]	|---> DUMMY=0x0
[0x0@0x00000000 + 0x0da8]	[        0xc0941000]	Opcode 0x10 [PKT3_NOP] (149 words, type: 3, hdr: 0xc0941000)
[0x0@0x00000000 + 0x1000]	[        0xc0017900]	Opcode 0x79 [PKT3_SET_UCONFIG_REG] (2 words, type: 3, hdr: 0xc0017900)
[0x0@0x00000000 + 0x1008]	[        0xdeadbeef]	|---> gfx1036.mmSCRATCH_REG0=0xdeadbeef
[0x0@0x00000000 + 0x100c]	[        0xc0fb1000]	Opcode 0x10 [PKT3_NOP] (252 words, type: 3, hdr: 0xc0fb1000)
[0x0@0x00000000 + 0x1400]	[        0xc0065800]	Opcode 0x58 [PKT3_ACQUIRE_MEM] (7 words, type: 3, hdr: 0xc0065800)
[0x0@0x00000000 + 0x1404]	[        0x00000000]	|---> ENGINE=[PFP]/0, COHER_CNTL=0
[0x0@0x00000000 + 0x1408]	[        0xffffffff]	|---> CP_COHER_SIZE=0xffffffff
[0x0@0x00000000 + 0x140c]	[        0x00ffffff]	|---> CP_COHER_SIZE_HI=0xff
[0x0@0x00000000 + 0x1410]	[        0x00000000]	|---> CP_COHER_BASE=0x0
[0x0@0x00000000 + 0x1414]	[        0x00000000]	|---> CP_COHER_BASE_HI=0x0
[0x0@0x00000000 + 0x1418]	[        0x0000000a]	|---> POLL_INTERVAL=10
[0x0@0x00000000 + 0x141c]	[        0x0000c3b1]	|---> GCR_CNTL=0xc3b1
[0x0@0x00000000 + 0x1420]	[        0xc0032200]	Opcode 0x22 [PKT3_COND_EXEC] (4 words, type: 3, hdr: 0xc0032200)
[0x0@0x00000000 + 0x1424]	[        0x004010c0]	|---> GPU_ADDR_LO32=0x4010c0
[0x0@0x00000000 + 0x1428]	[        0x00000000]	|---> GPU_ADDR_HI32=0x0
[0x0@0x00000000 + 0x142c]	[        0x00000000]	|---> COMMAND=0
[0x0@0x00000000 + 0x1430]	[        0x0000000c]	|---> EXEC_COUNT=12
[0x0@0x00000000 + 0x1434]	[        0xc0023f00]	Opcode 0x3f [PKT3_INDIRECT_BUFFER] (3 words, type: 3, hdr: 0xc0023f00)
[0x0@0x00000000 + 0x1438]	[        0x00b42500]	|---> IB_BASE_LO=0xb42500, SWAP=0
[0x0@0x00000000 + 0x143c]	[        0x00000000]	|---> IB_BASE_HI=0x0
[0x0@0x00000000 + 0x1440]	[        0x00000005]	|---> IB_SIZE=5, IB_VMID=0, CHAIN=0, PRE_ENA=0, CACHE_POLICY=0, PRE_RESUME=0, PRIV=0
[0x0@0x00000000 + 0x1444]	[        0xc0064900]	Opcode 0x49 [PKT3_RELEASE_MEM] (7 words, type: 3, hdr: 0xc0064900)
[0x0@0x00000000 + 0x1448]	[        0x06603514]	|---> EVENT_TYPE=[CACHE_FLUSH_AND_INV_TS_EVENT]/20, EVENT_INDEX=5, TCL1_VOL_ACTION_ENA=1, TC_VOL_ACTION_ENA=1, TC_WB_ACTION_ENA=0, TCL1_ACTION_ENA=0, TC_ACTION_ENA=0, TC_NC_ACTION_ENA=0, TC_WC_ACTION_ENA=0, TC_MD_ACTION_ENA=1, CACHE_POLICY=3, EXECUTE=0
[0x0@0x00000000 + 0x144c]	[        0x22000000]	|---> DST_SEL=0, INT_SEL=2, DATA_SEL=1
[0x0@0x00000000 + 0x1450]	[        0x00401080]	|---> ADDR_LO=0x401080
[0x0@0x00000000 + 0x1454]	[        0x00000000]	|---> ADDR_HI=0x0
[0x0@0x00000000 + 0x1458]	[        0x00003e04]	|---> DATA_LO=0x3e04
[0x0@0x00000000 + 0x145c]	[        0x00000000]	|---> DATA_HI=0x0
[0x0@0x00000000 + 0x1460]	[        0x00000000]	|---> INT_CTXID=0x0
[0x0@0x00000000 + 0x1464]	[        0xc0e51000]	Opcode 0x10 [PKT3_NOP] (230 words, type: 3, hdr: 0xc0e51000)
[0x0@0x00000000 + 0x1800]	[        0xc0032200]	Opcode 0x22 [PKT3_COND_EXEC] (4 words, type: 3, hdr: 0xc0032200)
[0x0@0x00000000 + 0x1804]	[        0x004010c0]	|---> GPU_ADDR_LO32=0x4010c0
[0x0@0x00000000 + 0x1808]	[        0x00000000]	|---> GPU_ADDR_HI32=0x0
[0x0@0x00000000 + 0x180c]	[        0x00000000]	|---> COMMAND=0
[0x0@0x00000000 + 0x1810]	[        0x0000003b]	|---> EXEC_COUNT=59
[0x0@0x00000000 + 0x1814]	[        0xc0053c00]	Opcode 0x3c [PKT3_WAIT_REG_MEM] (6 words, type: 3, hdr: 0xc0053c00)
[0x0@0x00000000 + 0x1818]	[        0x00000113]	|---> ENGINE=[PFP]/1, MEMSPACE=[MEM]/1, OPERATION=0, FUNCTION=[==]/3
[0x0@0x00000000 + 0x181c]	[        0x00401080]	|---> POLL_ADDRESS_LO=0x401080, SWAP=0x0
[0x0@0x00000000 + 0x1820]	[        0x00000000]	|---> POLL_ADDRESS_HI=0x0
[0x0@0x00000000 + 0x1824]	[        0x00003e04]	|---> REFERENCE=0x3e04
[0x0@0x00000000 + 0x1828]	[        0xffffffff]	|---> MASK=0xffffffff
[0x0@0x00000000 + 0x182c]	[        0x00000004]	|---> POLL INTERVAL=0x4
[0x0@0x00000000 + 0x1830]	[        0xc0033700]	Opcode 0x37 [PKT3_WRITE_DATA] (4 words, type: 3, hdr: 0xc0033700)
[0x0@0x00000000 + 0x1834]	[        0x40100000]	|---> ENGINE=[PFP]/1, CACHE_POLICY=0, WR_CONFIRM=1, RESUME_VF=0, WR_ONE_ADDR=0, DST_SEL=[mem-mapped reg]/0
[0x0@0x00000000 + 0x1838]	[        0x000028d3]	|---> DST_ADDR_LO=0x28d0
[0x0@0x00000000 + 0x183c]	[        0x00000000]	|---> DST_ADDR_HI=0x0
[0x0@0x00000000 + 0x1840]	[        0x5fbd7001]	|---> gfx1036.mmGCVM_CONTEXT6_PAGE_TABLE_BASE_ADDR_LO32=0x5fbd7001
[0x0@0x00000000 + 0x1844]	[        0xc0033700]	Opcode 0x37 [PKT3_WRITE_DATA] (4 words, type: 3, hdr: 0xc0033700)
[0x0@0x00000000 + 0x1848]	[        0x40100000]	|---> ENGINE=[PFP]/1, CACHE_POLICY=0, WR_CONFIRM=1, RESUME_VF=0, WR_ONE_ADDR=0, DST_SEL=[mem-mapped reg]/0
[0x0@0x00000000 + 0x184c]	[        0x000028d4]	|---> DST_ADDR_LO=0x28d4
[0x0@0x00000000 + 0x1850]	[        0x00000000]	|---> DST_ADDR_HI=0x0
[0x0@0x00000000 + 0x1854]	[        0x00000010]	|---> gfx1036.mmGCVM_CONTEXT6_PAGE_TABLE_BASE_ADDR_HI32=0x10
[0x0@0x00000000 + 0x1858]	[        0xc0053c00]	Opcode 0x3c [PKT3_WAIT_REG_MEM] (6 words, type: 3, hdr: 0xc0053c00)
[0x0@0x00000000 + 0x185c]	[        0x00000143]	|---> ENGINE=[PFP]/1, MEMSPACE=[REG]/0, OPERATION=1, FUNCTION=[==]/3
[0x0@0x00000000 + 0x1860]	[        0x0000287f]	|---> POLL_ADDRESS_LO=0x287c, SWAP=0x3
[0x0@0x00000000 + 0x1864]	[        0x00002891]	|---> POLL_ADDRESS_HI=0x2891
[0x0@0x00000000 + 0x1868]	[        0x00f80040]	|---> REFERENCE=0xf80040
[0x0@0x00000000 + 0x186c]	[        0x00000040]	|---> MASK=0x40
[0x0@0x00000000 + 0x1870]	[        0x00000020]	|---> POLL INTERVAL=0x20
[0x0@0x00000000 + 0x1874]	[        0xc0004200]	Opcode 0x42 [PKT3_PFP_SYNC_ME] (1 words, type: 3, hdr: 0xc0004200)
[0x0@0x00000000 + 0x1878]	[        0x00000000]	|---> DUMMY_DATA=0x0
[0x0@0x00000000 + 0x187c]	[        0xc0033700]	Opcode 0x37 [PKT3_WRITE_DATA] (4 words, type: 3, hdr: 0xc0033700)
[0x0@0x00000000 + 0x1880]	[        0x40100000]	|---> ENGINE=[PFP]/1, CACHE_POLICY=0, WR_CONFIRM=1, RESUME_VF=0, WR_ONE_ADDR=0, DST_SEL=[mem-mapped reg]/0
[0x0@0x00000000 + 0x1884]	[        0x000010a6]	|---> DST_ADDR_LO=0x10a4
[0x0@0x00000000 + 0x1888]	[        0x00000000]	|---> DST_ADDR_HI=0x0
[0x0@0x00000000 + 0x188c]	[        0x0000802f]	|---> osssys521.mmIH_VMID_6_LUT=0x802f
[0x0@0x00000000 + 0x1890]	[        0xc0033700]	Opcode 0x37 [PKT3_WRITE_DATA] (4 words, type: 3, hdr: 0xc0033700)
[0x0@0x00000000 + 0x1894]	[        0x00000000]	|---> ENGINE=[ME]/0, CACHE_POLICY=0, WR_CONFIRM=0, RESUME_VF=0, WR_ONE_ADDR=0, DST_SEL=[mem-mapped reg]/0
[0x0@0x00000000 + 0x1898]	[        0x0000330c]	|---> DST_ADDR_LO=0x330c
[0x0@0x00000000 + 0x189c]	[        0x00000000]	|---> DST_ADDR_HI=0x0
[0x0@0x00000000 + 0x18a0]	[        0x00000000]	|---> gfx1036.mmGDS_VMID6_BASE=0x0
[0x0@0x00000000 + 0x18a4]	[        0xc0033700]	Opcode 0x37 [PKT3_WRITE_DATA] (4 words, type: 3, hdr: 0xc0033700)
[0x0@0x00000000 + 0x18a8]	[        0x00000000]	|---> ENGINE=[ME]/0, CACHE_POLICY=0, WR_CONFIRM=0, RESUME_VF=0, WR_ONE_ADDR=0, DST_SEL=[mem-mapped reg]/0
[0x0@0x00000000 + 0x18ac]	[        0x0000330d]	|---> DST_ADDR_LO=0x330c
[0x0@0x00000000 + 0x18b0]	[        0x00000000]	|---> DST_ADDR_HI=0x0
[0x0@0x00000000 + 0x18b4]	[        0x00000000]	|---> gfx1036.mmGDS_VMID6_SIZE=0x0
[0x0@0x00000000 + 0x18b8]	[        0xc0033700]	Opcode 0x37 [PKT3_WRITE_DATA] (4 words, type: 3, hdr: 0xc0033700)
[0x0@0x00000000 + 0x18bc]	[        0x00000000]	|---> ENGINE=[ME]/0, CACHE_POLICY=0, WR_CONFIRM=0, RESUME_VF=0, WR_ONE_ADDR=0, DST_SEL=[mem-mapped reg]/0
[0x0@0x00000000 + 0x18c0]	[        0x00003326]	|---> DST_ADDR_LO=0x3324
[0x0@0x00000000 + 0x18c4]	[        0x00000000]	|---> DST_ADDR_HI=0x0
[0x0@0x00000000 + 0x18c8]	[        0x00000000]	|---> gfx1036.mmGDS_GWS_VMID6=0x0
[0x0@0x00000000 + 0x18cc]	[        0xc0033700]	Opcode 0x37 [PKT3_WRITE_DATA] (4 words, type: 3, hdr: 0xc0033700)
[0x0@0x00000000 + 0x18d0]	[        0x00000000]	|---> ENGINE=[ME]/0, CACHE_POLICY=0, WR_CONFIRM=0, RESUME_VF=0, WR_ONE_ADDR=0, DST_SEL=[mem-mapped reg]/0
[0x0@0x00000000 + 0x18d4]	[        0x00003336]	|---> DST_ADDR_LO=0x3334
[0x0@0x00000000 + 0x18d8]	[        0x00000000]	|---> DST_ADDR_HI=0x0
[0x0@0x00000000 + 0x18dc]	[        0x00000000]	|---> gfx1036.mmGDS_OA_VMID6=0x0
[0x0@0x00000000 + 0x18e0]	[        0xc0064900]	Opcode 0x49 [PKT3_RELEASE_MEM] (7 words, type: 3, hdr: 0xc0064900)
[0x0@0x00000000 + 0x18e4]	[        0x06603514]	|---> EVENT_TYPE=[CACHE_FLUSH_AND_INV_TS_EVENT]/20, EVENT_INDEX=5, TCL1_VOL_ACTION_ENA=1, TC_VOL_ACTION_ENA=1, TC_WB_ACTION_ENA=0, TCL1_ACTION_ENA=0, TC_ACTION_ENA=0, TC_NC_ACTION_ENA=0, TC_WC_ACTION_ENA=0, TC_MD_ACTION_ENA=1, CACHE_POLICY=3, EXECUTE=0
[0x0@0x00000000 + 0x18e8]	[        0x22000000]	|---> DST_SEL=0, INT_SEL=2, DATA_SEL=1
[0x0@0x00000000 + 0x18ec]	[        0x00401080]	|---> ADDR_LO=0x401080
[0x0@0x00000000 + 0x18f0]	[        0x00000000]	|---> ADDR_HI=0x0
[0x0@0x00000000 + 0x18f4]	[        0x00003e05]	|---> DATA_LO=0x3e05
[0x0@0x00000000 + 0x18f8]	[        0x00000000]	|---> DATA_HI=0x0
[0x0@0x00000000 + 0x18fc]	[        0x00000000]	|---> INT_CTXID=0x0
[0x0@0x00000000 + 0x1900]	[        0xc0008b00]	Opcode 0x8b [PKT3_SWITCH_BUFFER] (1 words, type: 3, hdr: 0xc0008b00)
[0x0@0x00000000 + 0x1904]	[        0x00000000]	|---> DUMMY=0x0
[0x0@0x00000000 + 0x1908]	[        0xc0008b00]	Opcode 0x8b [PKT3_SWITCH_BUFFER] (1 words, type: 3, hdr: 0xc0008b00)
[0x0@0x00000000 + 0x190c]	[        0x00000000]	|---> DUMMY=0x0
[0x0@0x00000000 + 0x1910]	[        0xc0032200]	Opcode 0x22 [PKT3_COND_EXEC] (4 words, type: 3, hdr: 0xc0032200)
[0x0@0x00000000 + 0x1914]	[        0x004010c0]	|---> GPU_ADDR_LO32=0x4010c0
[0x0@0x00000000 + 0x1918]	[        0x00000000]	|---> GPU_ADDR_HI32=0x0
[0x0@0x00000000 + 0x191c]	[        0x00000000]	|---> COMMAND=0
[0x0@0x00000000 + 0x1920]	[        0x0000001f]	|---> EXEC_COUNT=31
[0x0@0x00000000 + 0x1924]	[        0xc0012800]	Opcode 0x28 [PKT3_CONTEXT_CONTROL] (2 words, type: 3, hdr: 0xc0012800)
[0x0@0x00000000 + 0x1928]	[        0x81018003]	|---> LOAD_EN=1, LOAD_CS=1, LOAD_GFX=1, LOAD_GLOBAL=1, LOAD_MULTI=1, LOAD_SINGLE=1
[0x0@0x00000000 + 0x192c]	[        0x00000000]	|---> SHADOW_EN=0, SHADOW_CS=0, SHADOW_GFX=0, SHADOW_GLOBAL=0, SHADOW_MULTI=0, SHADOW_SINGLE=0
[0x0@0x00000000 + 0x1930]	[        0xc0009000]	Opcode 0x90 [PKT3_FRAME_CONTROL] (1 words, type: 3, hdr: 0xc0009000)
[0x0@0x00000000 + 0x1934]	[        0x00000000]	|---> TMZ=0, COMMAND=0
[0x0@0x00000000 + 0x1938]	[        0xc0023f00]	Opcode 0x3f [PKT3_INDIRECT_BUFFER] (3 words, type: 3, hdr: 0xc0023f00)
[0x0@0x00000000 + 0x193c]	[        0x00ea0000]	|---> IB_BASE_LO=0xea0000, SWAP=0
[0x0@0x00000000 + 0x1940]	[        0xffff8001]	|---> IB_BASE_HI=0x8001
[0x0@0x00000000 + 0x1944]	[        0x06000018]	|---> IB_SIZE=24, IB_VMID=6, CHAIN=0, PRE_ENA=0, CACHE_POLICY=0, PRE_RESUME=0, PRIV=0
[0x0@0x00000000 + 0x1948]	[        0xc0023f00]	Opcode 0x3f [PKT3_INDIRECT_BUFFER] (3 words, type: 3, hdr: 0xc0023f00)
[0x0@0x00000000 + 0x194c]	[        0x0012f000]	|---> IB_BASE_LO=0x12f000, SWAP=0
[0x0@0x00000000 + 0x1950]	[        0xffff8001]	|---> IB_BASE_HI=0x8001
[0x0@0x00000000 + 0x1954]	[        0x060000b8]	|---> IB_SIZE=184, IB_VMID=6, CHAIN=0, PRE_ENA=0, CACHE_POLICY=0, PRE_RESUME=0, PRIV=0
[0x0@0x00000000 + 0x1958]	[        0xc0009000]	Opcode 0x90 [PKT3_FRAME_CONTROL] (1 words, type: 3, hdr: 0xc0009000)
[0x0@0x00000000 + 0x195c]	[        0x10000000]	|---> TMZ=0, COMMAND=1
[0x0@0x00000000 + 0x1960]	[        0xc0064900]	Opcode 0x49 [PKT3_RELEASE_MEM] (7 words, type: 3, hdr: 0xc0064900)
[0x0@0x00000000 + 0x1964]	[        0x06603514]	|---> EVENT_TYPE=[CACHE_FLUSH_AND_INV_TS_EVENT]/20, EVENT_INDEX=5, TCL1_VOL_ACTION_ENA=1, TC_VOL_ACTION_ENA=1, TC_WB_ACTION_ENA=0, TCL1_ACTION_ENA=0, TC_ACTION_ENA=0, TC_NC_ACTION_ENA=0, TC_WC_ACTION_ENA=0, TC_MD_ACTION_ENA=1, CACHE_POLICY=3, EXECUTE=0
[0x0@0x00000000 + 0x1968]	[        0x40000000]	|---> DST_SEL=0, INT_SEL=0, DATA_SEL=2
[0x0@0x00000000 + 0x196c]	[        0x0066b000]	|---> ADDR_LO=0x66b000
[0x0@0x00000000 + 0x1970]	[        0x00000000]	|---> ADDR_HI=0x0
[0x0@0x00000000 + 0x1974]	[        0x00000001]	|---> DATA_LO=0x1
[0x0@0x00000000 + 0x1978]	[        0x00000000]	|---> DATA_HI=0x0
[0x0@0x00000000 + 0x197c]	[        0x00000000]	|---> INT_CTXID=0x0
[0x0@0x00000000 + 0x1980]	[        0xc0064900]	Opcode 0x49 [PKT3_RELEASE_MEM] (7 words, type: 3, hdr: 0xc0064900)
[0x0@0x00000000 + 0x1984]	[        0x06603514]	|---> EVENT_TYPE=[CACHE_FLUSH_AND_INV_TS_EVENT]/20, EVENT_INDEX=5, TCL1_VOL_ACTION_ENA=1, TC_VOL_ACTION_ENA=1, TC_WB_ACTION_ENA=0, TCL1_ACTION_ENA=0, TC_ACTION_ENA=0, TC_NC_ACTION_ENA=0, TC_WC_ACTION_ENA=0, TC_MD_ACTION_ENA=1, CACHE_POLICY=3, EXECUTE=0
[0x0@0x00000000 + 0x1988]	[        0x22000000]	|---> DST_SEL=0, INT_SEL=2, DATA_SEL=1
[0x0@0x00000000 + 0x198c]	[        0x00401080]	|---> ADDR_LO=0x401080
[0x0@0x00000000 + 0x1990]	[        0x00000000]	|---> ADDR_HI=0x0
[0x0@0x00000000 + 0x1994]	[        0x00003e06]	|---> DATA_LO=0x3e06
[0x0@0x00000000 + 0x1998]	[        0x00000000]	|---> DATA_HI=0x0
[0x0@0x00000000 + 0x199c]	[        0x00000000]	|---> INT_CTXID=0x0
[0x0@0x00000000 + 0x19a0]	[        0xc0008b00]	Opcode 0x8b [PKT3_SWITCH_BUFFER] (1 words, type: 3, hdr: 0xc0008b00)
[0x0@0x00000000 + 0x19a4]	[        0x00000000]	|---> DUMMY=0x0
[0x0@0x00000000 + 0x19a8]	[        0xc0941000]	Opcode 0x10 [PKT3_NOP] (149 words, type: 3, hdr: 0xc0941000)
[0x0@0x00000000 + 0x1c00]	[        0xc0032200]	Opcode 0x22 [PKT3_COND_EXEC] (4 words, type: 3, hdr: 0xc0032200)
[0x0@0x00000000 + 0x1c04]	[        0x004010c0]	|---> GPU_ADDR_LO32=0x4010c0
[0x0@0x00000000 + 0x1c08]	[        0x00000000]	|---> GPU_ADDR_HI32=0x0
[0x0@0x00000000 + 0x1c0c]	[        0x00000000]	|---> COMMAND=0
[0x0@0x00000000 + 0x1c10]	[        0x0000003b]	|---> EXEC_COUNT=59
[0x0@0x00000000 + 0x1c14]	[        0xc0053c00]	Opcode 0x3c [PKT3_WAIT_REG_MEM] (6 words, type: 3, hdr: 0xc0053c00)
[0x0@0x00000000 + 0x1c18]	[        0x00000113]	|---> ENGINE=[PFP]/1, MEMSPACE=[MEM]/1, OPERATION=0, FUNCTION=[==]/3
[0x0@0x00000000 + 0x1c1c]	[        0x00401080]	|---> POLL_ADDRESS_LO=0x401080, SWAP=0x0
[0x0@0x00000000 + 0x1c20]	[        0x00000000]	|---> POLL_ADDRESS_HI=0x0
[0x0@0x00000000 + 0x1c24]	[        0x00003e06]	|---> REFERENCE=0x3e06
[0x0@0x00000000 + 0x1c28]	[        0xffffffff]	|---> MASK=0xffffffff
[0x0@0x00000000 + 0x1c2c]	[        0x00000004]	|---> POLL INTERVAL=0x4
[0x0@0x00000000 + 0x1c30]	[        0xc0033700]	Opcode 0x37 [PKT3_WRITE_DATA] (4 words, type: 3, hdr: 0xc0033700)
[0x0@0x00000000 + 0x1c34]	[        0x40100000]	|---> ENGINE=[PFP]/1, CACHE_POLICY=0, WR_CONFIRM=1, RESUME_VF=0, WR_ONE_ADDR=0, DST_SEL=[mem-mapped reg]/0
[0x0@0x00000000 + 0x1c38]	[        0x000028d5]	|---> DST_ADDR_LO=0x28d4
[0x0@0x00000000 + 0x1c3c]	[        0x00000000]	|---> DST_ADDR_HI=0x0
[0x0@0x00000000 + 0x1c40]	[        0x5fbe2001]	|---> gfx1036.mmGCVM_CONTEXT7_PAGE_TABLE_BASE_ADDR_LO32=0x5fbe2001
[0x0@0x00000000 + 0x1c44]	[        0xc0033700]	Opcode 0x37 [PKT3_WRITE_DATA] (4 words, type: 3, hdr: 0xc0033700)
[0x0@0x00000000 + 0x1c48]	[        0x40100000]	|---> ENGINE=[PFP]/1, CACHE_POLICY=0, WR_CONFIRM=1, RESUME_VF=0, WR_ONE_ADDR=0, DST_SEL=[mem-mapped reg]/0
[0x0@0x00000000 + 0x1c4c]	[        0x000028d6]	|---> DST_ADDR_LO=0x28d4
[0x0@0x00000000 + 0x1c50]	[        0x00000000]	|---> DST_ADDR_HI=0x0
[0x0@0x00000000 + 0x1c54]	[        0x00000010]	|---> gfx1036.mmGCVM_CONTEXT7_PAGE_TABLE_BASE_ADDR_HI32=0x10
[0x0@0x00000000 + 0x1c58]	[        0xc0053c00]	Opcode 0x3c [PKT3_WAIT_REG_MEM] (6 words, type: 3, hdr: 0xc0053c00)
[0x0@0x00000000 + 0x1c5c]	[        0x00000143]	|---> ENGINE=[PFP]/1, MEMSPACE=[REG]/0, OPERATION=1, FUNCTION=[==]/3
[0x0@0x00000000 + 0x1c60]	[        0x0000287f]	|---> POLL_ADDRESS_LO=0x287c, SWAP=0x3
[0x0@0x00000000 + 0x1c64]	[        0x00002891]	|---> POLL_ADDRESS_HI=0x2891
[0x0@0x00000000 + 0x1c68]	[        0x00f80080]	|---> REFERENCE=0xf80080
[0x0@0x00000000 + 0x1c6c]	[        0x00000080]	|---> MASK=0x80
[0x0@0x00000000 + 0x1c70]	[        0x00000020]	|---> POLL INTERVAL=0x20
[0x0@0x00000000 + 0x1c74]	[        0xc0004200]	Opcode 0x42 [PKT3_PFP_SYNC_ME] (1 words, type: 3, hdr: 0xc0004200)
[0x0@0x00000000 + 0x1c78]	[        0x00000000]	|---> DUMMY_DATA=0x0
[0x0@0x00000000 + 0x1c7c]	[        0xc0033700]	Opcode 0x37 [PKT3_WRITE_DATA] (4 words, type: 3, hdr: 0xc0033700)
[0x0@0x00000000 + 0x1c80]	[        0x40100000]	|---> ENGINE=[PFP]/1, CACHE_POLICY=0, WR_CONFIRM=1, RESUME_VF=0, WR_ONE_ADDR=0, DST_SEL=[mem-mapped reg]/0
[0x0@0x00000000 + 0x1c84]	[        0x000010a7]	|---> DST_ADDR_LO=0x10a4
[0x0@0x00000000 + 0x1c88]	[        0x00000000]	|---> DST_ADDR_HI=0x0
[0x0@0x00000000 + 0x1c8c]	[        0x0000802c]	|---> osssys521.mmIH_VMID_7_LUT=0x802c
[0x0@0x00000000 + 0x1c90]	[        0xc0033700]	Opcode 0x37 [PKT3_WRITE_DATA] (4 words, type: 3, hdr: 0xc0033700)
[0x0@0x00000000 + 0x1c94]	[        0x00000000]	|---> ENGINE=[ME]/0, CACHE_POLICY=0, WR_CONFIRM=0, RESUME_VF=0, WR_ONE_ADDR=0, DST_SEL=[mem-mapped reg]/0
[0x0@0x00000000 + 0x1c98]	[        0x0000330e]	|---> DST_ADDR_LO=0x330c
[0x0@0x00000000 + 0x1c9c]	[        0x00000000]	|---> DST_ADDR_HI=0x0
[0x0@0x00000000 + 0x1ca0]	[        0x00000000]	|---> gfx1036.mmGDS_VMID7_BASE=0x0
[0x0@0x00000000 + 0x1ca4]	[        0xc0033700]	Opcode 0x37 [PKT3_WRITE_DATA] (4 words, type: 3, hdr: 0xc0033700)
[0x0@0x00000000 + 0x1ca8]	[        0x00000000]	|---> ENGINE=[ME]/0, CACHE_POLICY=0, WR_CONFIRM=0, RESUME_VF=0, WR_ONE_ADDR=0, DST_SEL=[mem-mapped reg]/0
[0x0@0x00000000 + 0x1cac]	[        0x0000330f]	|---> DST_ADDR_LO=0x330c
[0x0@0x00000000 + 0x1cb0]	[        0x00000000]	|---> DST_ADDR_HI=0x0
[0x0@0x00000000 + 0x1cb4]	[        0x00000000]	|---> gfx1036.mmGDS_VMID7_SIZE=0x0
[0x0@0x00000000 + 0x1cb8]	[        0xc0033700]	Opcode 0x37 [PKT3_WRITE_DATA] (4 words, type: 3, hdr: 0xc0033700)
[0x0@0x00000000 + 0x1cbc]	[        0x00000000]	|---> ENGINE=[ME]/0, CACHE_POLICY=0, WR_CONFIRM=0, RESUME_VF=0, WR_ONE_ADDR=0, DST_SEL=[mem-mapped reg]/0
[0x0@0x00000000 + 0x1cc0]	[        0x00003327]	|---> DST_ADDR_LO=0x3324
[0x0@0x00000000 + 0x1cc4]	[        0x00000000]	|---> DST_ADDR_HI=0x0
[0x0@0x00000000 + 0x1cc8]	[        0x00000000]	|---> gfx1036.mmGDS_GWS_VMID7=0x0
[0x0@0x00000000 + 0x1ccc]	[        0xc0033700]	Opcode 0x37 [PKT3_WRITE_DATA] (4 words, type: 3, hdr: 0xc0033700)
[0x0@0x00000000 + 0x1cd0]	[        0x00000000]	|---> ENGINE=[ME]/0, CACHE_POLICY=0, WR_CONFIRM=0, RESUME_VF=0, WR_ONE_ADDR=0, DST_SEL=[mem-mapped reg]/0
[0x0@0x00000000 + 0x1cd4]	[        0x00003337]	|---> DST_ADDR_LO=0x3334
[0x0@0x00000000 + 0x1cd8]	[        0x00000000]	|---> DST_ADDR_HI=0x0
[0x0@0x00000000 + 0x1cdc]	[        0x00000000]	|---> gfx1036.mmGDS_OA_VMID7=0x0
[0x0@0x00000000 + 0x1ce0]	[        0xc0064900]	Opcode 0x49 [PKT3_RELEASE_MEM] (7 words, type: 3, hdr: 0xc0064900)
[0x0@0x00000000 + 0x1ce4]	[        0x06603514]	|---> EVENT_TYPE=[CACHE_FLUSH_AND_INV_TS_EVENT]/20, EVENT_INDEX=5, TCL1_VOL_ACTION_ENA=1, TC_VOL_ACTION_ENA=1, TC_WB_ACTION_ENA=0, TCL1_ACTION_ENA=0, TC_ACTION_ENA=0, TC_NC_ACTION_ENA=0, TC_WC_ACTION_ENA=0, TC_MD_ACTION_ENA=1, CACHE_POLICY=3, EXECUTE=0
[0x0@0x00000000 + 0x1ce8]	[        0x22000000]	|---> DST_SEL=0, INT_SEL=2, DATA_SEL=1
[0x0@0x00000000 + 0x1cec]	[        0x00401080]	|---> ADDR_LO=0x401080
[0x0@0x00000000 + 0x1cf0]	[        0x00000000]	|---> ADDR_HI=0x0
[0x0@0x00000000 + 0x1cf4]	[        0x00003e07]	|---> DATA_LO=0x3e07
[0x0@0x00000000 + 0x1cf8]	[        0x00000000]	|---> DATA_HI=0x0
[0x0@0x00000000 + 0x1cfc]	[        0x00000000]	|---> INT_CTXID=0x0
[0x0@0x00000000 + 0x1d00]	[        0xc0008b00]	Opcode 0x8b [PKT3_SWITCH_BUFFER] (1 words, type: 3, hdr: 0xc0008b00)
[0x0@0x00000000 + 0x1d04]	[        0x00000000]	|---> DUMMY=0x0
[0x0@0x00000000 + 0x1d08]	[        0xc0008b00]	Opcode 0x8b [PKT3_SWITCH_BUFFER] (1 words, type: 3, hdr: 0xc0008b00)
[0x0@0x00000000 + 0x1d0c]	[        0x00000000]	|---> DUMMY=0x0
[0x0@0x00000000 + 0x1d10]	[        0xc0032200]	Opcode 0x22 [PKT3_COND_EXEC] (4 words, type: 3, hdr: 0xc0032200)
[0x0@0x00000000 + 0x1d14]	[        0x004010c0]	|---> GPU_ADDR_LO32=0x4010c0
[0x0@0x00000000 + 0x1d18]	[        0x00000000]	|---> GPU_ADDR_HI32=0x0
[0x0@0x00000000 + 0x1d1c]	[        0x00000000]	|---> COMMAND=0
[0x0@0x00000000 + 0x1d20]	[        0x0000001f]	|---> EXEC_COUNT=31
[0x0@0x00000000 + 0x1d24]	[        0xc0012800]	Opcod
