---
source: tests/snapshots.rs
expression: dis
---
; SPIR-V
; Version: 1.0
; Generator: rspirv
; Bound: 221
OpCapability Shader
%1 = OpExtInstImport "GLSL.std.450"
OpMemoryModel Logical GLSL450
OpEntryPoint Fragment %64 "fs_main" %114 %111 %217
OpExecutionMode %64 OriginUpperLeft
OpDecorate %27 DescriptorSet 0
OpDecorate %27 Binding 2
OpDecorate %32 DescriptorSet 0
OpDecorate %32 Binding 3
OpDecorate %76 Block
OpMemberDecorate %76 0 Offset 0
OpDecorate %77 DescriptorSet 0
OpDecorate %77 Binding 0
OpMemberDecorate %97 0 Offset 0
OpMemberDecorate %97 0 ColMajor
OpMemberDecorate %97 0 MatrixStride 16
OpMemberDecorate %97 1 Offset 64
OpMemberDecorate %97 2 Offset 80
OpDecorate %99 ArrayStride 96
OpDecorate %101 BufferBlock
OpMemberDecorate %101 0 Offset 0
OpMemberDecorate %101 0 NonWritable
OpDecorate %102 DescriptorSet 0
OpDecorate %102 Binding 1
OpDecorate %111 Location 1
OpDecorate %114 Location 0
OpDecorate %217 Location 0
%3 = OpTypeFloat 32
%2 = OpConstant  %3  0.0
%4 = OpConstant  %3  1.0
%5 = OpConstant  %3  0.5
%6 = OpConstant  %3  -0.5
%7 = OpConstant  %3  0.05
%9 = OpTypeVector %3 3
%8 = OpConstantComposite  %9  %7 %7 %7
%11 = OpTypeInt 32 0
%10 = OpConstant  %11  10
%12 = OpConstant  %11  0
%13 = OpConstant  %11  1
%16 = OpTypeVector %3 4
%18 = OpTypeFunction %3 %11 %16
%20 = OpTypeBool
%26 = OpTypeImage %3 2D 1 1 0 1 Unknown
%28 = OpTypePointer UniformConstant %26
%27 = OpVariable  %28  UniformConstant
%30 = OpTypeSampledImage %26
%31 = OpTypeSampler
%33 = OpTypePointer UniformConstant %31
%32 = OpVariable  %33  UniformConstant
%35 = OpTypeVector %3 2
%49 = OpTypeInt 32 1
%58 = OpConstant  %3  0.0
%60 = OpTypePointer Function %9
%62 = OpTypePointer Function %11
%63 = OpTypeVoid
%65 = OpTypeFunction %63
%74 = OpTypeVector %11 4
%76 = OpTypeStruct %74
%78 = OpTypePointer Uniform %76
%77 = OpVariable  %78  Uniform
%79 = OpTypePointer Uniform %74
%80 = OpConstant  %49  0
%81 = OpTypePointer Uniform %11
%82 = OpConstant  %49  0
%95 = OpTypeMatrix %16 4
%97 = OpTypeStruct %95 %16 %16
%99 = OpTypeRuntimeArray %97
%101 = OpTypeStruct %99
%103 = OpTypePointer Uniform %101
%102 = OpVariable  %103  Uniform
%104 = OpTypePointer Uniform %99
%105 = OpConstant  %49  0
%107 = OpTypePointer Uniform %97
%108 = OpTypePointer Uniform %95
%109 = OpConstant  %49  0
%112 = OpTypePointer Input %16
%111 = OpVariable  %112  Input
%115 = OpTypePointer Input %9
%114 = OpVariable  %115  Input
%123 = OpTypePointer Uniform %99
%124 = OpConstant  %49  0
%126 = OpTypePointer Uniform %97
%127 = OpTypePointer Uniform %16
%128 = OpConstant  %49  1
%129 = OpTypePointer Uniform %3
%130 = OpConstant  %49  0
%136 = OpTypePointer Uniform %99
%137 = OpConstant  %49  0
%139 = OpTypePointer Uniform %97
%140 = OpTypePointer Uniform %16
%141 = OpConstant  %49  1
%142 = OpTypePointer Uniform %3
%143 = OpConstant  %49  1
%149 = OpTypePointer Uniform %99
%150 = OpConstant  %49  0
%152 = OpTypePointer Uniform %97
%153 = OpTypePointer Uniform %16
%154 = OpConstant  %49  1
%155 = OpTypePointer Uniform %3
%156 = OpConstant  %49  2
%160 = OpTypePointer Input %3
%161 = OpConstant  %49  0
%164 = OpTypePointer Input %3
%165 = OpConstant  %49  1
%168 = OpTypePointer Input %3
%169 = OpConstant  %49  2
%179 = OpTypePointer Uniform %99
%180 = OpConstant  %49  0
%182 = OpTypePointer Uniform %97
%183 = OpTypePointer Uniform %16
%184 = OpConstant  %49  2
%185 = OpTypePointer Uniform %3
%186 = OpConstant  %49  0
%192 = OpTypePointer Uniform %99
%193 = OpConstant  %49  0
%195 = OpTypePointer Uniform %97
%196 = OpTypePointer Uniform %16
%197 = OpConstant  %49  2
%198 = OpTypePointer Uniform %3
%199 = OpConstant  %49  1
%205 = OpTypePointer Uniform %99
%206 = OpConstant  %49  0
%208 = OpTypePointer Uniform %97
%209 = OpTypePointer Uniform %16
%210 = OpConstant  %49  2
%211 = OpTypePointer Uniform %3
%212 = OpConstant  %49  2
%218 = OpTypePointer Output %16
%217 = OpVariable  %218  Output
%17 = OpFunction  %3  None %18
%14 = OpFunctionParameter  %11
%15 = OpFunctionParameter  %16
%19 = OpLabel
%22 = OpCompositeExtract  %3  %15 3
%21 = OpFOrdLessThanEqual  %20  %22 %2
OpSelectionMerge %23 None
OpBranchConditional %21 %24 %25
%24 = OpLabel
OpReturnValue %4
%25 = OpLabel
OpBranch %23
%23 = OpLabel
%29 = OpLoad  %26  %27
%34 = OpLoad  %31  %32
%39 = OpCompositeExtract  %3  %15 0
%40 = OpCompositeExtract  %3  %15 1
%41 = OpCompositeConstruct  %35  %39 %40
%42 = OpCompositeConstruct  %35  %5 %6
%38 = OpFMul  %35  %41 %42
%44 = OpCompositeExtract  %3  %15 3
%43 = OpFDiv  %3  %4 %44
%37 = OpVectorTimesScalar  %35  %38 %43
%45 = OpCompositeConstruct  %35  %5 %5
%36 = OpFAdd  %35  %37 %45
%46 = OpCompositeExtract  %3  %36 0
%47 = OpCompositeExtract  %3  %36 1
%50 = OpBitcast  %49  %14
%48 = OpConvertUToF  %3  %50
%51 = OpCompositeConstruct  %9  %46 %47 %48
%52 = OpSampledImage  %30  %29 %34
%55 = OpCompositeExtract  %3  %15 2
%57 = OpCompositeExtract  %3  %15 3
%56 = OpFDiv  %3  %4 %57
%54 = OpFMul  %3  %55 %56
%53 = OpImageSampleDrefExplicitLod  %3  %52 %51 %54 Lod %58
OpReturnValue %53
OpFunctionEnd
%64 = OpFunction  %63  None %65
%66 = OpLabel
%59 = OpVariable  %60  Function %8
%61 = OpVariable  %62  Function %12
OpBranch %67
%67 = OpLabel
OpLoopMerge %68 %70 None
OpBranch %69
%69 = OpLabel
%72 = OpLoad  %11  %61
%75 = OpAccessChain  %79  %77 %80
%73 = OpAccessChain  %81  %75 %82
%83 = OpLoad  %11  %73
%84 = OpExtInst  %11  %1 UMin %83 %10
%71 = OpUGreaterThanEqual  %20  %72 %84
OpSelectionMerge %85 None
OpBranchConditional %71 %86 %87
%86 = OpLabel
OpBranch %68
%87 = OpLabel
OpBranch %85
%85 = OpLabel
%89 = OpLoad  %9  %59
%93 = OpLoad  %11  %61
%100 = OpAccessChain  %104  %102 %105
%106 = OpLoad  %11  %61
%98 = OpAccessChain  %107  %100 %106
%96 = OpAccessChain  %108  %98 %109
%110 = OpLoad  %95  %96
%113 = OpLoad  %16  %111
%94 = OpMatrixTimesVector  %16  %110 %113
%92 = OpFunctionCall  %3  %17 %93 %94
%116 = OpLoad  %9  %114
%117 = OpExtInst  %9  %1 Normalize %116
%122 = OpAccessChain  %123  %102 %124
%125 = OpLoad  %11  %61
%121 = OpAccessChain  %126  %122 %125
%120 = OpAccessChain  %127  %121 %128
%119 = OpAccessChain  %129  %120 %130
%131 = OpLoad  %3  %119
%135 = OpAccessChain  %136  %102 %137
%138 = OpLoad  %11  %61
%134 = OpAccessChain  %139  %135 %138
%133 = OpAccessChain  %140  %134 %141
%132 = OpAccessChain  %142  %133 %143
%144 = OpLoad  %3  %132
%148 = OpAccessChain  %149  %102 %150
%151 = OpLoad  %11  %61
%147 = OpAccessChain  %152  %148 %151
%146 = OpAccessChain  %153  %147 %154
%145 = OpAccessChain  %155  %146 %156
%157 = OpLoad  %3  %145
%158 = OpCompositeConstruct  %9  %131 %144 %157
%159 = OpAccessChain  %160  %111 %161
%162 = OpLoad  %3  %159
%163 = OpAccessChain  %164  %111 %165
%166 = OpLoad  %3  %163
%167 = OpAccessChain  %168  %111 %169
%170 = OpLoad  %3  %167
%171 = OpCompositeConstruct  %9  %162 %166 %170
%118 = OpFSub  %9  %158 %171
%172 = OpExtInst  %9  %1 Normalize %118
%173 = OpDot  %3  %117 %172
%174 = OpExtInst  %3  %1 FMax %2 %173
%91 = OpFMul  %3  %92 %174
%178 = OpAccessChain  %179  %102 %180
%181 = OpLoad  %11  %61
%177 = OpAccessChain  %182  %178 %181
%176 = OpAccessChain  %183  %177 %184
%175 = OpAccessChain  %185  %176 %186
%187 = OpLoad  %3  %175
%191 = OpAccessChain  %192  %102 %193
%194 = OpLoad  %11  %61
%190 = OpAccessChain  %195  %191 %194
%189 = OpAccessChain  %196  %190 %197
%188 = OpAccessChain  %198  %189 %199
%200 = OpLoad  %3  %188
%204 = OpAccessChain  %205  %102 %206
%207 = OpLoad  %11  %61
%203 = OpAccessChain  %208  %204 %207
%202 = OpAccessChain  %209  %203 %210
%201 = OpAccessChain  %211  %202 %212
%213 = OpLoad  %3  %201
%214 = OpCompositeConstruct  %9  %187 %200 %213
%90 = OpVectorTimesScalar  %9  %214 %91
%88 = OpFAdd  %9  %89 %90
OpStore %59 %88
OpBranch %70
%70 = OpLabel
%216 = OpLoad  %11  %61
%215 = OpIAdd  %11  %216 %13
OpStore %61 %215
OpBranch %67
%68 = OpLabel
%219 = OpLoad  %9  %59
%220 = OpCompositeConstruct  %16  %219 %4
OpStore %217 %220
OpReturn
OpFunctionEnd
