---
source: tests/snapshots.rs
expression: dis
---
; SPIR-V
; Version: 1.0
; Generator: rspirv
; Bound: 39
OpCapability Shader
%1 = OpExtInstImport "GLSL.std.450"
OpMemoryModel Logical GLSL450
OpEntryPoint Vertex %7 "main" %20 %13 %10 %16
OpEntryPoint Fragment %23 "main" %35 %25
OpExecutionMode %23 OriginUpperLeft
OpDecorate %10 Location 0
OpDecorate %13 Location 1
OpDecorate %16 BuiltIn Position
OpDecorate %20 Location 0
OpDecorate %25 Location 0
OpDecorate %26 DescriptorSet 0
OpDecorate %26 Binding 0
OpDecorate %31 DescriptorSet 0
OpDecorate %31 Binding 1
OpDecorate %35 Location 0
%3 = OpTypeFloat 32
%2 = OpConstant  %3  1.2
%4 = OpConstant  %3  0.0
%5 = OpConstant  %3  1.0
%6 = OpTypeVoid
%8 = OpTypeFunction %6
%11 = OpTypeVector %3 2
%12 = OpTypePointer Output %11
%10 = OpVariable  %12  Output
%14 = OpTypePointer Input %11
%13 = OpVariable  %14  Input
%17 = OpTypeVector %3 4
%18 = OpTypePointer Output %17
%16 = OpVariable  %18  Output
%20 = OpVariable  %14  Input
%25 = OpVariable  %18  Output
%27 = OpTypeImage %3 2D 0 0 0 1 Unknown
%28 = OpTypePointer UniformConstant %27
%26 = OpVariable  %28  UniformConstant
%30 = OpTypeSampledImage %27
%32 = OpTypeSampler
%33 = OpTypePointer UniformConstant %32
%31 = OpVariable  %33  UniformConstant
%35 = OpVariable  %14  Input
%7 = OpFunction  %6  None %8
%9 = OpLabel
%15 = OpLoad  %11  %13
OpStore %10 %15
%21 = OpLoad  %11  %20
%19 = OpVectorTimesScalar  %11  %21 %2
%22 = OpCompositeConstruct  %17  %19 %4 %5
OpStore %16 %22
OpReturn
OpFunctionEnd
%23 = OpFunction  %6  None %8
%24 = OpLabel
%29 = OpLoad  %27  %26
%34 = OpLoad  %32  %31
%36 = OpLoad  %11  %35
%37 = OpSampledImage  %30  %29 %34
%38 = OpImageSampleImplicitLod  %17  %37 %36
OpStore %25 %38
OpReturn
OpFunctionEnd
